Archive member included because of file (symbol)

d:/programmes/atmel/studio/7.0/toolchain/avr32/avr32-gnu-toolchain/bin/../lib/gcc/avr32/4.4.7/../../../../avr32/lib/ucr3fp\libm.a(lib_a-s_cos.o)
                              Library/communication/mavlink_waypoint_handler.o (cos)
d:/programmes/atmel/studio/7.0/toolchain/avr32/avr32-gnu-toolchain/bin/../lib/gcc/avr32/4.4.7/../../../../avr32/lib/ucr3fp\libm.a(lib_a-s_floor.o)
                              Library/communication/data_logging.o (floor)
d:/programmes/atmel/studio/7.0/toolchain/avr32/avr32-gnu-toolchain/bin/../lib/gcc/avr32/4.4.7/../../../../avr32/lib/ucr3fp\libm.a(lib_a-s_sin.o)
                              Library/communication/mavlink_waypoint_handler.o (sin)
d:/programmes/atmel/studio/7.0/toolchain/avr32/avr32-gnu-toolchain/bin/../lib/gcc/avr32/4.4.7/../../../../avr32/lib/ucr3fp\libm.a(lib_a-w_asin.o)
                              Library/util/coord_conventions.o (asin)
d:/programmes/atmel/studio/7.0/toolchain/avr32/avr32-gnu-toolchain/bin/../lib/gcc/avr32/4.4.7/../../../../avr32/lib/ucr3fp\libm.a(lib_a-w_atan2.o)
                              Library/communication/mavlink_waypoint_handler.o (atan2)
d:/programmes/atmel/studio/7.0/toolchain/avr32/avr32-gnu-toolchain/bin/../lib/gcc/avr32/4.4.7/../../../../avr32/lib/ucr3fp\libm.a(lib_a-w_fmod.o)
                              Library/util/quick_trig.o (fmod)
d:/programmes/atmel/studio/7.0/toolchain/avr32/avr32-gnu-toolchain/bin/../lib/gcc/avr32/4.4.7/../../../../avr32/lib/ucr3fp\libm.a(lib_a-w_pow.o)
                              Library/hal/bmp085.o (pow)
d:/programmes/atmel/studio/7.0/toolchain/avr32/avr32-gnu-toolchain/bin/../lib/gcc/avr32/4.4.7/../../../../avr32/lib/ucr3fp\libm.a(lib_a-w_sqrt.o)
                              Library/communication/hud_telemetry.o (sqrt)
d:/programmes/atmel/studio/7.0/toolchain/avr32/avr32-gnu-toolchain/bin/../lib/gcc/avr32/4.4.7/../../../../avr32/lib/ucr3fp\libm.a(lib_a-wf_sqrt.o)
                              Library/util/matrixlib_float.o (sqrtf)
d:/programmes/atmel/studio/7.0/toolchain/avr32/avr32-gnu-toolchain/bin/../lib/gcc/avr32/4.4.7/../../../../avr32/lib/ucr3fp\libm.a(lib_a-e_asin.o)
                              d:/programmes/atmel/studio/7.0/toolchain/avr32/avr32-gnu-toolchain/bin/../lib/gcc/avr32/4.4.7/../../../../avr32/lib/ucr3fp\libm.a(lib_a-w_asin.o) (__ieee754_asin)
d:/programmes/atmel/studio/7.0/toolchain/avr32/avr32-gnu-toolchain/bin/../lib/gcc/avr32/4.4.7/../../../../avr32/lib/ucr3fp\libm.a(lib_a-e_atan2.o)
                              d:/programmes/atmel/studio/7.0/toolchain/avr32/avr32-gnu-toolchain/bin/../lib/gcc/avr32/4.4.7/../../../../avr32/lib/ucr3fp\libm.a(lib_a-w_atan2.o) (__ieee754_atan2)
d:/programmes/atmel/studio/7.0/toolchain/avr32/avr32-gnu-toolchain/bin/../lib/gcc/avr32/4.4.7/../../../../avr32/lib/ucr3fp\libm.a(lib_a-e_fmod.o)
                              d:/programmes/atmel/studio/7.0/toolchain/avr32/avr32-gnu-toolchain/bin/../lib/gcc/avr32/4.4.7/../../../../avr32/lib/ucr3fp\libm.a(lib_a-w_fmod.o) (__ieee754_fmod)
d:/programmes/atmel/studio/7.0/toolchain/avr32/avr32-gnu-toolchain/bin/../lib/gcc/avr32/4.4.7/../../../../avr32/lib/ucr3fp\libm.a(lib_a-e_pow.o)
                              d:/programmes/atmel/studio/7.0/toolchain/avr32/avr32-gnu-toolchain/bin/../lib/gcc/avr32/4.4.7/../../../../avr32/lib/ucr3fp\libm.a(lib_a-w_pow.o) (__ieee754_pow)
d:/programmes/atmel/studio/7.0/toolchain/avr32/avr32-gnu-toolchain/bin/../lib/gcc/avr32/4.4.7/../../../../avr32/lib/ucr3fp\libm.a(lib_a-e_rem_pio2.o)
                              d:/programmes/atmel/studio/7.0/toolchain/avr32/avr32-gnu-toolchain/bin/../lib/gcc/avr32/4.4.7/../../../../avr32/lib/ucr3fp\libm.a(lib_a-s_cos.o) (__ieee754_rem_pio2)
d:/programmes/atmel/studio/7.0/toolchain/avr32/avr32-gnu-toolchain/bin/../lib/gcc/avr32/4.4.7/../../../../avr32/lib/ucr3fp\libm.a(lib_a-e_sqrt.o)
                              d:/programmes/atmel/studio/7.0/toolchain/avr32/avr32-gnu-toolchain/bin/../lib/gcc/avr32/4.4.7/../../../../avr32/lib/ucr3fp\libm.a(lib_a-w_sqrt.o) (__ieee754_sqrt)
d:/programmes/atmel/studio/7.0/toolchain/avr32/avr32-gnu-toolchain/bin/../lib/gcc/avr32/4.4.7/../../../../avr32/lib/ucr3fp\libm.a(lib_a-ef_sqrt.o)
                              d:/programmes/atmel/studio/7.0/toolchain/avr32/avr32-gnu-toolchain/bin/../lib/gcc/avr32/4.4.7/../../../../avr32/lib/ucr3fp\libm.a(lib_a-wf_sqrt.o) (__ieee754_sqrtf)
d:/programmes/atmel/studio/7.0/toolchain/avr32/avr32-gnu-toolchain/bin/../lib/gcc/avr32/4.4.7/../../../../avr32/lib/ucr3fp\libm.a(lib_a-k_cos.o)
                              d:/programmes/atmel/studio/7.0/toolchain/avr32/avr32-gnu-toolchain/bin/../lib/gcc/avr32/4.4.7/../../../../avr32/lib/ucr3fp\libm.a(lib_a-s_cos.o) (__kernel_cos)
d:/programmes/atmel/studio/7.0/toolchain/avr32/avr32-gnu-toolchain/bin/../lib/gcc/avr32/4.4.7/../../../../avr32/lib/ucr3fp\libm.a(lib_a-k_rem_pio2.o)
[...]
Memory Configuration

Name             Origin             Length             Attributes
FLASH            0x80000000         0x00080000         axrl !w
CPUSRAM          0x00000004         0x0000fffc         axw !rl
USERPAGE         0x80800000         0x00000200
FACTORYPAGE      0x80800200         0x00000200
FLASHVAULT_FLASH_SIZE 0x80800400         0x00000008         r
FLASHVAULT_RAM_SIZE 0x80800408         0x00000008         r
*default*        0x00000000         0xffffffff

Linker script and memory map

                0x00001000                _stack_size = 0x1000
LOAD Library/communication/console.o
LOAD Library/communication/data_logging.o
LOAD Library/communication/data_logging_telemetry.o
LOAD Library/communication/hud_telemetry.o
LOAD Library/communication/mavlink_communication.o
LOAD Library/communication/mavlink_message_handler.o
LOAD Library/communication/mavlink_waypoint_handler.o
LOAD Library/communication/remote.o
LOAD Library/communication/remote_telemetry.o
LOAD Library/communication/state.o
LOAD Library/communication/state_machine.o
LOAD Library/communication/state_telemetry.o
LOAD Library/control/adaptive_parameter.o
LOAD Library/control/altitude_controller.o
LOAD Library/control/attitude_controller.o
LOAD Library/control/attitude_controller_p2.o
LOAD Library/control/attitude_error_estimator.o
LOAD Library/control/joystick_parsing.o
LOAD Library/control/joystick_parsing_telemetry.o
LOAD Library/control/pid_controller.o
LOAD Library/control/servos_mix_quadcopter_cross.o
LOAD Library/control/servos_mix_quadcopter_diag.o
LOAD Library/control/stabilisation_copter.o
LOAD Library/control/stabilisation_telemetry.o
LOAD Library/control/vector_field_waypoint.o
LOAD Library/control/velocity_controller_copter.o
LOAD Library/hal/analog_monitor_telemetry.o
LOAD Library/hal/analog_monitor.o
LOAD Library/hal/bmp085_telemetry.o
LOAD Library/hal/fat_fs/diskio.o
LOAD Library/hal/fat_fs/ff.o
LOAD Library/hal/fat_fs/option/ccsbcs.o
LOAD Library/hal/fat_fs/option/syscall.o
LOAD Library/hal/fat_fs/option/unicode.o
LOAD Library/hal/gps_ublox.o
LOAD Library/hal/gps_ublox_telemetry.o
LOAD Library/hal/hmc5883l.o
LOAD Library/hal/i2c_driver_int.o
LOAD Library/hal/lsm330dlc.o
LOAD Library/hal/piezo_speaker.o
LOAD Library/hal/pwm_servos.o
LOAD Library/hal/sd_spi.o
LOAD Library/hal/servos.o
LOAD Library/hal/servos_telemetry.o
LOAD Library/hal/sonar_i2cxl.o
LOAD Library/hal/sonar_telemetry.o
LOAD Library/hal/spektrum_satellite.o
LOAD Library/hal/time_keeper.o
LOAD Library/hal/usb_int.o
LOAD Library/hal/xbee.o
LOAD Library/runtime/scheduler_telemetry.o
LOAD Library/sensing/ahrs.o
LOAD Library/sensing/ahrs_telemetry.o
LOAD Library/sensing/altitude_estimation.o
LOAD Library/sensing/imu_telemetry.o
LOAD Library/sensing/position_estimation.o
LOAD Library/sensing/position_estimation_telemetry.o
LOAD Library/sensing/qfilter.o
LOAD Library/sensing/simulation_telemetry.o
LOAD Library/util/linear_algebra.o
LOAD Library/util/matrixlib_float.o
LOAD Library/util/quick_trig.o
LOAD src/central_data.o
LOAD src/mavlink_telemetry.o
LOAD src/tasks.o
LOAD Library/communication/mavlink_stream.o
LOAD Library/communication/onboard_parameters.o
LOAD Library/control/navigation.o
LOAD Library/control/stabilisation.o
LOAD Library/hal/adc_int.o
LOAD Library/hal/ads1274.o
LOAD Library/hal/bmp085.o
LOAD Library/hal/dac_dma.o
LOAD Library/hal/led.o
LOAD Library/hal/spi_buffered.o
LOAD Library/hal/uart_int.o
LOAD Library/runtime/scheduler.o
LOAD Library/sensing/imu.o
LOAD Library/sensing/simulation.o
LOAD Library/util/buffer.o
LOAD Library/util/coord_conventions.o
LOAD Library/util/generator.o
LOAD Library/util/print_util.o
LOAD Library/util/sinus.o
LOAD src/asf/avr32/drivers/adcifa/adcifa.o
LOAD src/asf/avr32/drivers/ast/ast.o
LOAD src/asf/avr32/drivers/dacifb/dacifb.o
LOAD src/asf/avr32/drivers/eic/eic.o
LOAD src/asf/avr32/drivers/flashc/flashc.o
LOAD src/asf/avr32/drivers/gpio/gpio.o
LOAD src/asf/avr32/drivers/intc/exception.o
LOAD src/asf/avr32/drivers/intc/intc.o
LOAD src/asf/avr32/drivers/pdca/pdca.o
LOAD src/asf/avr32/drivers/pevc/pevc.o
LOAD src/asf/avr32/drivers/pm/pm_uc3c.o
LOAD src/asf/avr32/drivers/pm/power_clocks_lib.o
LOAD src/asf/avr32/drivers/pwm/pwm4.o
LOAD src/asf/avr32/drivers/scif/scif_uc3c.o
LOAD src/asf/avr32/drivers/spi/spi.o
LOAD src/asf/avr32/drivers/tc/tc.o
LOAD src/asf/avr32/drivers/twim/twim.o
LOAD src/asf/avr32/drivers/usart/usart.o
LOAD src/asf/avr32/drivers/usbc/usbc_device.o
LOAD src/asf/avr32/services/delay/delay.o
LOAD src/asf/avr32/utils/startup/startup_uc3.o
LOAD src/asf/avr32/utils/startup/trampoline_uc3.o
LOAD src/asf/common/boards/user_board/init.o
LOAD src/asf/common/services/clock/uc3c/osc.o
LOAD src/asf/common/services/clock/uc3c/pll.o
LOAD src/asf/common/services/clock/uc3c/sysclk.o
LOAD src/asf/common/services/sleepmgr/uc3/sleepmgr.o
LOAD src/asf/common/services/spi/uc3_spi/spi_master.o
LOAD src/asf/common/services/usb/class/cdc/device/udi_cdc.o
LOAD src/asf/common/services/usb/class/cdc/device/udi_cdc_desc.o
LOAD src/asf/common/services/usb/udc/udc.o
LOAD src/asf/common/utils/stdio/read.o
LOAD src/asf/common/utils/stdio/stdio_usb/stdio_usb.o
LOAD src/asf/common/utils/stdio/write.o
LOAD src/boardsupport.o
LOAD src/main.o
START GROUP
END GROUP
LOAD d:/programmes/atmel/studio/7.0/toolchain/avr32/avr32-gnu-toolchain/bin/../lib/gcc/avr32/4.4.7/ucr3fp\libstdc++.a
LOAD d:/programmes/atmel/studio/7.0/toolchain/avr32/avr32-gnu-toolchain/bin/../lib/gcc/avr32/4.4.7/../../../../avr32/lib/ucr3fp\libm.a
LOAD d:/programmes/atmel/studio/7.0/toolchain/avr32/avr32-gnu-toolchain/bin/../lib/gcc/avr32/4.4.7/ucr3fp\libgcc.a
LOAD d:/programmes/atmel/studio/7.0/toolchain/avr32/avr32-gnu-toolchain/bin/../lib/gcc/avr32/4.4.7/../../../../avr32/lib/ucr3fp\libc.a
LOAD d:/programmes/atmel/studio/7.0/toolchain/avr32/avr32-gnu-toolchain/bin/../lib/gcc/avr32/4.4.7/ucr3fp\libgcc.a
                0x80000000                PROVIDE (__executable_start, 0x80000000)
                0x80000000                . = 0x80000000

.interp
 *(.interp)

.reset          0x80000000     0x2010
 *(.reset)
 .reset         0x80000000        0x8 src/asf/avr32/utils/startup/startup_uc3.o
                0x80000000                _start
 .reset         0x80000008     0x2008 src/asf/avr32/utils/startup/trampoline_uc3.o
                0x80000008                _trampoline

.hash
 *(.hash)

.dynsym
 *(.dynsym)

.dynstr
 *(.dynstr)

.gnu.version
 *(.gnu.version)

.gnu.version_d
 *(.gnu.version_d)

.gnu.version_r
 *(.gnu.version_r)

.rel.init
 *(.rel.init)

.rela.init
 *(.rela.init)

.rel.text
 *(.rel.text .rel.text.* .rel.gnu.linkonce.t.*)

.rela.text
 *(.rela.text .rela.text.* .rela.gnu.linkonce.t.*)

.rel.fini
 *(.rel.fini)

.rela.fini
 *(.rela.fini)

.rel.rodata
 *(.rel.rodata .rel.rodata.* .rel.gnu.linkonce.r.*)

.rela.rodata
 *(.rela.rodata .rela.rodata.* .rela.gnu.linkonce.r.*)

.rel.data.rel.ro
 *(.rel.data.rel.ro*)

.rela.data.rel.ro
 *(.rel.data.rel.ro*)

.rel.data
 *(.rel.data .rel.data.* .rel.gnu.linkonce.d.*)

.rela.data
 *(.rela.data .rela.data.* .rela.gnu.linkonce.d.*)

.rel.tdata
 *(.rel.tdata .rel.tdata.* .rel.gnu.linkonce.td.*)

.rela.tdata
 *(.rela.tdata .rela.tdata.* .rela.gnu.linkonce.td.*)

.rel.tbss
 *(.rel.tbss .rel.tbss.* .rel.gnu.linkonce.tb.*)

.rela.tbss
 *(.rela.tbss .rela.tbss.* .rela.gnu.linkonce.tb.*)

.rel.ctors
 *(.rel.ctors)

.rela.ctors
 *(.rela.ctors)

.rel.dtors
 *(.rel.dtors)

.rela.dtors
 *(.rela.dtors)

.rel.got
 *(.rel.got)

.rela.got       0x80002010        0x0
 *(.rela.got)
 .rela.got      0x80002010        0x0 Library/communication/console.o

.rel.bss
 *(.rel.bss .rel.bss.* .rel.gnu.linkonce.b.*)

.rela.bss
 *(.rela.bss .rela.bss.* .rela.gnu.linkonce.b.*)

.rel.plt
 *(.rel.plt)

.rela.plt
 *(.rela.plt)

.init
 *(.init)

.plt
 *(.plt)

.text           0x80002010    0x3e2a0
 *(.text .stub .text.* .gnu.linkonce.t.*)
 .text          0x80002010      0x13c Library/communication/console.o
                0x80002010                console_get_in_stream
                0x8000202c                console_get_out_stream
                0x80002048                console_init
 .text          0x8000214c     0x19cc Library/communication/data_logging.o
                0x80002390                data_logging_add_parameter_double
                0x8000240c                data_logging_add_parameter_float
                0x80002488                data_logging_add_parameter_int64
                0x80002504                data_logging_add_parameter_uint64
                0x80002580                data_logging_add_parameter_int32
                0x800025fc                data_logging_add_parameter_uint32
                0x80002678                data_logging_add_parameter_int16
                0x800026f4                data_logging_add_parameter_uint16
                0x80002770                data_logging_add_parameter_int8
                0x800027ec                data_logging_add_parameter_uint8
                0x80002868                data_logging_init
                0x800029c0                data_logging_create_new_log_file
                0x80002c64                data_logging_update
 .text          0x80003b18       0xa4 Library/communication/data_logging_telemetry.o
                0x80003b18                data_logging_telemetry_init
 .text          0x80003bbc      0x318 Library/communication/hud_telemetry.o
                0x80003bbc                hud_telemetry_send_message
                0x80003ea8                hud_telemetry_init
 .text          0x80003ed4      0x3fc Library/communication/mavlink_communication.o
                0x80003ed4                mavlink_communication_send_message
                0x80003f0c                mavlink_communication_add_msg_send
                0x80003fa0                mavlink_communication_suspend_downstream
                0x80003fe8                mavlink_communication_update
                0x80004048                mavlink_communication_init
 .text          0x800042d0      0x8b4 Library/communication/mavlink_message_handler.o
                0x800042d0                mavlink_message_handler_add_cmd_callback
                0x80004334                mavlink_message_handler_add_msg_callback
                0x8000439c                mavlink_message_handler_cmd_default_dbg
                0x800044e8                mavlink_message_handler_msg_default_dbg
                0x80004588                mavlink_message_handler_receive
                0x80004ae4                mavlink_message_handler_init
 .text          0x80004b84     0x37b8 Library/communication/mavlink_waypoint_handler.o
                0x80004ce4                waypoint_handler_init_homing_waypoint
                0x80004d2c                waypoint_handler_control_time_out_waypoint_msg
                0x80004e14                waypoint_handler_init_waypoint_list
                0x80004f74                waypoint_handler_set_waypoint_from_frame
                0x8000554c                waypoint_handler_nav_plan_init
                0x80005750                waypoint_handler_init
 .text          0x8000833c      0xa34 Library/communication/remote.o
                0x8000833c                remote_calibrate
                0x8000835e                remote_get_throttle
                0x8000836c                remote_get_roll
                0x8000837a                remote_get_pitch
                0x80008388                remote_get_yaw
                0x80008396                remote_mode_init
                0x800083e4                remote_init
                0x800084cc                remote_mode_get
                0x800084da                remote_get_rate_command
                0x80008518                remote_get_thrust_command
                0x80008538                remote_get_velocity_command
                0x80008590                remote_get_attitude_command_integrate_yaw
                0x80008684                remote_get_attitude_command
                0x80008738                remote_update
                0x80008a28                remote_get_velocity_vector_from_remote
                0x80008a98                remote_get_command_from_remote
                0x80008af0                remote_mode_update
                0x80008d4c                remote_check
 .text          0x80008d70      0x644 Library/communication/remote_telemetry.o
                0x80008ddc                remote_telemetry_init
                0x80008e2c                remote_telemetry_send_raw
                0x800090dc                remote_telemetry_send_scaled
 .text          0x800093b4       0xa4 Library/communication/state.o
                0x800093b4                state_switch_to_active_mode
                0x800093e8                state_init
 .text          0x80009458      0x214 Library/communication/state_machine.o
                0x80009458                state_machine_init
                0x8000948c                state_machine_update
 .text          0x8000966c      0x81c Library/communication/state_telemetry.o
                0x8000966c                state_telemetry_send_status
                0x800098e0                state_telemetry_init
                0x80009bac                state_telemetry_send_heartbeat
 .text          0x80009e88      0x244 Library/control/adaptive_parameter.o
                0x80009e88                adaptive_parameter_get_param_set
                0x80009ea4                adaptive_parameter_init
                0x80009ec4                adaptive_parameter_add
                0x80009f6c                adaptive_parameter_update
                0x8000a038                adaptive_parameter_update_all
 .text          0x8000a0cc       0x54 Library/control/altitude_controller.o
                0x8000a0cc                altitude_controller_init
                0x8000a0e4                altitude_controller_update
 .text          0x8000a120      0x248 Library/control/attitude_controller.o
                0x8000a120                attitude_controller_init
                0x8000a1c4                attitude_controller_update
 .text          0x8000a368       0xe8 Library/control/attitude_controller_p2.o
                0x8000a368                attitude_controller_p2_update
                0x8000a40c                attitude_controller_p2_init
 .text          0x8000a450      0x2dc Library/control/attitude_error_estimator.o
                0x8000a450                attitude_error_estimator_init
                0x8000a470                attitude_error_estimator_set_quat_ref
                0x8000a48e                attitude_error_estimator_set_quat_ref_from_rpy
                0x8000a4ec                attitude_error_estimator_set_quat_ref_from_aero
                0x8000a538                attitude_error_estimator_update
 .text          0x8000a72c      0x56c Library/control/joystick_parsing.o
                0x8000a72c                joystick_parsing_button
                0x8000a748                joystick_parsing_get_throttle
                0x8000a754                joystick_parsing_get_roll
                0x8000a760                joystick_parsing_get_pitch
                0x8000a76c                joystick_parsing_get_yaw
                0x8000a778                joystick_parsing_get_velocity_vector_from_joystick
                0x8000a840                joystick_parsing_get_attitude_command_from_joystick
                0x8000a8f0                joystick_parsing_get_rate_command
                0x8000a930                joystick_parsing_get_thrust_command
                0x8000a950                joystick_parsing_get_velocity_command
                0x8000a9a8                joystick_parsing_get_attitude_command_integrate_yaw
                0x8000aa9c                joystick_parsing_get_attitude_command
                0x8000ab50                joystick_parsing_init
                0x8000ab88                joystick_parsing_button_1
                0x8000ac24                joystick_parsing_button_mask
 .text          0x8000ac98      0x49c Library/control/joystick_parsing_telemetry.o
                0x8000ac98                joystick_parsing_telemetry_send_manual_ctrl_msg
                0x8000b010                joystick_parsing_telemetry_init
                0x8000b058                joystick_parsing_telemetry_parse_msg
 .text          0x8000b134      0x2f0 Library/control/pid_controller.o
                0x8000b134                pid_controller_reset_integrator
                0x8000b142                pid_controller_update_dt
                0x8000b234                pid_controller_init_pass_through
                0x8000b288                pid_controller_init
                0x8000b2f0                pid_controller_update
 .text          0x8000b424      0x184 Library/control/servos_mix_quadcopter_cross.o
                0x8000b424                servo_mix_quadcotper_cross_init
                0x8000b45c                servos_mix_quadcopter_cross_update
 .text          0x8000b5a8      0x18c Library/control/servos_mix_quadcopter_diag.o
                0x8000b5a8                servo_mix_quadcotper_diag_init
                0x8000b5e0                servos_mix_quadcopter_diag_update
 .text          0x8000b734      0xa68 Library/control/stabilisation_copter.o
                0x8000b734                stabilisation_copter_mix_to_servos_cross_quad
                0x8000b870                stabilisation_copter_mix_to_servos_diag_quad
                0x8000b9c0                stabilisation_copter_init
                0x8000ba54                stabilisation_copter_position_hold
                0x8000bc00                stabilisation_copter_cascade_stabilise
 .text          0x8000c19c      0x908 Library/control/stabilisation_telemetry.o
                0x8000c19c                stabilisation_telemetry_send_rpy_rates_error
                0x8000c3d4                stabilisation_telemetry_send_rpy_speed_thrust_setpoint
                0x8000c610                stabilisation_send_command
                0x8000c86c                stabilisation_telemetry_send_rpy_thrust_setpoint
 .text          0x8000caa4      0x5d8 Library/control/vector_field_waypoint.o
                0x8000caa4                vector_field_waypoint_init
                0x8000cab4                vector_field_waypoint_update
 .text          0x8000d07c      0x2cc Library/control/velocity_controller_copter.o
                0x8000d07c                velocity_controller_copter_init
                0x8000d0e4                velocity_controller_copter_update
 .text          0x8000d348      0x200 Library/hal/analog_monitor_telemetry.o
                0x8000d348                analog_monitor_telemetry_send_sonar
 .text          0x8000d548      0x64c Library/hal/analog_monitor.o
                0x8000d548                analog_compute_avg
                0x8000d5ec                analog_monitor_init
                0x8000d97c                trigger_analog_monitor
                0x8000d9a4                analog_monitor_update
 .text          0x8000db94      0x410 Library/hal/bmp085_telemetry.o
                0x8000db94                bmp085_telemetry_send_pressure
 .text          0x8000dfa4      0x290 Library/hal/fat_fs/diskio.o
                0x8000dfa4                get_fattime
                0x8000e08c                disk_ioctl
                0x8000e114                disk_write
                0x8000e16c                disk_read
                0x8000e1b8                disk_status
                0x8000e1fc                disk_initialize
 .text          0x8000e234     0x60f8 Library/hal/fat_fs/ff.o
                0x8000e234                clust2sect
                0x8000e6e4                f_closedir
                0x8000f134                f_mount
                0x8000f220                f_sync
                0x8000f3b4                f_close
                0x8000f414                get_fat
                0x8000f76c                f_getfree
                0x8000f930                f_read
                0x8000fc30                f_gets
                0x8000fcb0                put_fat
                0x800111cc                f_readdir
                0x800115a4                f_lseek
                0x80011790                f_write
                0x80011ac0                f_puts
                0x80011b78                f_putc
                0x80011bcc                f_printf
                0x80012324                f_truncate
                0x800125bc                f_opendir
                0x800126a4                f_utime
                0x8001274c                f_chmod
                0x800127f4                f_unlink
                0x800134c4                f_rename
                0x800137a4                f_mkdir
                0x80013b20                f_open
                0x80013e40                f_stat
 .text          0x8001432c      0x588 Library/hal/fat_fs/option/ccsbcs.o
                0x8001432c                ff_convert
                0x800143a4                ff_wtoupper
 .text          0x800148b4       0x38 Library/hal/fat_fs/option/syscall.o
                0x800148b4                ff_memfree
                0x800148d0                ff_memalloc
 .text          0x800148ec        0x0 Library/hal/fat_fs/option/unicode.o
 .text          0x800148ec     0x252c Library/hal/gps_ublox.o
                0x80014970                gps_ublox_init
                0x80014e18                gps_ublox_configure_gps
                0x80014f34                gps_ublox_update
 .text          0x80016e18      0x570 Library/hal/gps_ublox_telemetry.o
                0x80016e18                gps_ublox_telemetry_send_raw
 .text          0x80017388       0xd4 Library/hal/hmc5883l.o
                0x80017388                hmc5883l_update
                0x800173f0                hmc5883l_init_slow
 .text          0x8001745c      0x2fc Library/hal/i2c_driver_int.o
                0x8001753c                i2c_driver_trigger_request
                0x80017600                i2c_driver_reset
                0x8001766a                i2c_driver_init
 .text          0x80017758      0x3c8 Library/hal/lsm330dlc.o
                0x80017758                lsm330dlc_init
                0x8001787c                lsm330dlc_acc_update
                0x800179b4                lsm330dlc_gyro_update
 .text          0x80017b20      0x63c Library/hal/piezo_speaker.o
                0x80017b20                piezo_speaker_init_binary
                0x80017b68                piezo_speaker_init
                0x80017bd4                piezo_speaker_beep
                0x80017ca4                piezo_speaker_mario_melody
                0x80017d78                piezo_speaker_star_wars
                0x80017fac                piezo_speaker_critical_error_melody
                0x80017ff4                piezo_speaker_startup_bb
                0x80018044                piezo_speaker_quick_startup
                0x80018084                piezo_speaker_startup_melody
 .text          0x8001815c      0x378 Library/hal/pwm_servos.o
                0x8001815c                write_channels
                0x800181a6                pwm_servos_write_to_hardware
                0x80018338                pwm_servos_calibrate_esc
                0x800183b4                pwm_servos_init
                0x800184cc                servo_timer_freq
                0x800184d0                servo_center_pulse_us
                0x800184d2                servo_magnitude
 .text          0x800184d4     0x30ac Library/hal/sd_spi.o
                0x800184d4                sd_spi_get_sector_count
                0x800184fc                sd_spi_get_sector_size
                0x8001850c                sd_spi_get_block_size
                0x80018580                sd_spi_get_capacity
                0x80018a40                sd_spi_reset_card
                0x80018b20                sd_spi_wait_not_busy
                0x80018bc0                sd_spi_write_given_sector_from_ram
                0x80018e64                sd_mmc_spi_read_open_PDCA
                0x80018f98                sd_spi_read_sector_to_ram_pcda
                0x80019124                sd_spi_status
                0x80019484                sd_spi_read_given_sector_to_ram
                0x8001962c                sd_mmc_spi_read_sector_to_ram
                0x800197ac                sd_spi_write_sector_from_ram
                0x800199b0                is_sd_spi_write_pwd_locked
                0x80019d44                sd_spi_init
                0x8001ab30                sd_spi_mem_check
                0x8001aed4                sd_spi_test
                0x8001b17c                dummy_data
 .text          0x8001b580       0xf4 Library/hal/servos.o
                0x8001b580                servos_set_value
                0x8001b5dc                servos_set_value_failsafe
                0x8001b608                servos_init
 .text          0x8001b674      0x2b8 Library/hal/servos_telemetry.o
                0x8001b674                servos_telemetry_mavlink_send
 .text          0x8001b92c      0x164 Library/hal/sonar_i2cxl.o
                0x8001b92c                sonar_i2cxl_init
                0x8001b9a0                sonar_i2cxl_get_last_measure
                0x8001ba30                sonar_i2cxl_send_range_command
                0x8001ba60                sonar_i2cxl_update
                0x8001ba8c                SONAR_I2CXL_DEFAULT_ADDRESS
                0x8001ba8d                SONAR_I2CXL_RANGE_COMMAND
                0x8001ba8e                SONAR_I2CXL_CHANGE_ADDRESS_COMMAND_1
                0x8001ba8f                SONAR_I2CXL_CHANGE_ADDRESS_COMMAND_2
 .text          0x8001ba90      0x414 Library/hal/sonar_telemetry.o
                0x8001ba90                sonar_telemetry_send
 .text          0x8001bea4      0x5c8 Library/hal/spektrum_satellite.o
                0x8001bea4                spektrum_satellite_get_channel
                0x8001bec8                spektrum_satellite_get_neutral
                0x8001c174                spektrum_satellite_switch_off
                0x8001c1a0                spektrum_satellite_switch_on
                0x8001c1cc                spektrum_satellite_bind
                0x8001c348                spektrum_satellite_init
 .text          0x8001c46c      0x15c Library/hal/time_keeper.o
                0x8001c46c                time_keeper_ticks_to_seconds
                0x8001c4a8                time_keeper_get_time_ticks
                0x8001c4c8                time_keeper_get_micros
                0x8001c4e4                time_keeper_delay_until
                0x8001c508                time_keeper_delay_micros
                0x8001c538                time_keeper_get_millis
                0x8001c564                time_keeper_get_time
                0x8001c594                time_keeper_init
 .text          0x8001c5c8       0xec Library/hal/usb_int.o
                0x8001c5c8                usb_int_set_usb_conf
                0x8001c5f0                usb_int_get_usb_handle
                0x8001c60c                usb_int_register_write_stream
                0x8001c634                usb_int_register_read_stream
                0x8001c640                usb_int_send_byte
                0x8001c68c                usb_int_init
 .text          0x8001c6b4       0xb8 Library/hal/xbee.o
                0x8001c6b4                xbee_get_in_stream
                0x8001c6d0                xbee_get_out_stream
                0x8001c6ec                xbee_init
 .text          0x8001c76c      0xb28 Library/runtime/scheduler_telemetry.o
                0x8001c76c                scheduler_telemetry_send_rt_stats
 .text          0x8001d294       0x62 Library/sensing/ahrs.o
                0x8001d294                ahrs_init
 *fill*         0x8001d2f6        0x2 d703d703
 .text          0x8001d2f8      0x580 Library/sensing/ahrs_telemetry.o
                0x8001d2f8                ahrs_telemetry_send_attitude_quaternion
                0x8001d5c0                ahrs_telemetry_send_attitude
 .text          0x8001d878       0x30 Library/sensing/altitude_estimation.o
                0x8001d878                altitude_estimation_init
                0x8001d88c                altitude_estimation_update
 .text          0x8001d8a8      0x7b8 Library/sensing/imu_telemetry.o
                0x8001d8a8                imu_telemetry_send_raw
                0x8001db78                imu_telemetry_init
                0x8001dd80                imu_telemetry_send_scaled
 .text          0x8001e060      0xb44 Library/sensing/position_estimation.o
                0x8001e060                position_estimation_reset_home_altitude
                0x8001e1d4                position_estimation_init
                0x8001e744                position_estimation_update
 .text          0x8001eba4      0x7f4 Library/sensing/position_estimation_telemetry.o
                0x8001eba4                position_estimation_telemetry_init
                0x8001eda4                position_estimation_telemetry_send_position
                0x8001f038                position_estimation_telemetry_send_global_position
 .text          0x8001f398      0xb28 Library/sensing/qfilter.o
                0x8001f398                qfilter_init
                0x8001f3d8                qfilter_update
 .text          0x8001fec0      0xc9c Library/sensing/simulation_telemetry.o
                0x8001fec0                simulation_telemetry_send_state
                0x80020398                simulation_telemetry_init
                0x8002059c                simulation_telemetry_send_quaternions
 .text          0x80020b5c      0x920 Library/util/linear_algebra.o
                0x80020b5c                inv4
                0x8002128c                inv3
                0x800213ec                inv2
 .text          0x8002147c      0x470 Library/util/matrixlib_float.o
                0x8002147c                matf_zeros
                0x800214a8                matf_diag
                0x800214e2                matf_copy
                0x80021504                matf_cross
                0x80021558                matf_copy_part
                0x800215b6                matf_sum
                0x800215dc                matf_add
                0x8002160c                matf_multiply_factor
                0x80021632                matf_sub
                0x80021662                matf_tr
                0x800216a2                matf_multiply
                0x8002178c                matf_multiply_Bt
                0x80021868                matf_norm
                0x800218a0                matf_std
 .text          0x800218ec      0x7ec Library/util/quick_trig.o
                0x800218ec                quick_trig_atan
                0x80021a24                quick_trig_acos
                0x80021b04                quick_trig_asin
                0x80021b2c                quick_trig_tan
                0x80021c34                quick_trig_sin
                0x80021d60                quick_trig_cos
                0x80021d88                acos_x_min
                0x80021d8c                acos_x_max
                0x80021d90                acos_x_step
                0x80021d94                acos_y
                0x80021e5c                sin_x_min
                0x80021e60                sin_x_max
                0x80021e64                sin_x_step
                0x80021e68                sin_y
                0x80021f30                tan_x_min
                0x80021f34                tan_x_max
                0x80021f38                tan_x_step
                0x80021f3c                tan_y
                0x80022004                atan_x_min
                0x80022008                atan_x_max
                0x8002200c                atan_x_step
                0x80022010                atan_y
 .text          0x800220d8      0x46c src/central_data.o
                0x800220d8                central_data_get_pointer_to_struct
                0x800220f4                central_data_init
 .text          0x80022544      0xa80 src/mavlink_telemetry.o
                0x80022544                mavlink_telemetry_add_data_logging_parameters
                0x8002262c                mavlink_telemetry_add_onboard_parameters
                0x80022b40                mavlink_telemetry_init_communication_module
                0x80022ba8                mavlink_telemetry_init
 .text          0x80022fc4      0x564 src/tasks.o
                0x80022fc4                tasks_get_main_taskset
                0x80022ff0                tasks_create_tasks
                0x800231c0                tasks_led_toggle
                0x800231e0                tasks_run_sonar_update
                0x80023224                tasks_run_barometer_update
                0x80023268                tasks_run_gps_update
                0x800232ac                tasks_run_imu_update
                0x8002334c                tasks_run_stabilisation
 .text          0x80023528      0x508 Library/communication/mavlink_stream.o
                0x80023528                mavlink_stream_init
                0x8002354c                mavlink_stream_flush
                0x80023562                mavlink_stream_receive
                0x800238c8                mavlink_stream_send
 .text          0x80023a30      0xaf4 Library/communication/onboard_parameters.o
                0x80023a6a                onboard_parameters_read_parameters_from_flashc
                0x80023b40                onboard_parameters_write_parameters_to_flashc
                0x80023c1c                onboard_parameters_preflight_storage
                0x80023c90                onboard_parameters_add_parameter_float
                0x80023d38                onboard_parameters_add_parameter_int32
                0x80023de0                onboard_parameters_add_parameter_uint32
                0x80023e70                onboard_parameters_init
 .text          0x80024524     0x1c50 Library/control/navigation.o
                0x800245c0                navigation_waypoint_hold_init
                0x80024d60                navigation_init
                0x800255e8                navigation_update
 .text          0x80026174       0xb0 Library/control/stabilisation.o
                0x80026174                stabilisation_run
                0x800261e0                stabilisation_init
 .text          0x80026224      0x484 Library/hal/adc_int.o
                0x80026224                adc_int_clear_sequencer
                0x80026250                adc_int_sequencer_add
                0x800262c8                adc_int_sampling_complete
                0x800262f4                adc_int_get_sample
                0x80026318                adc_int_get_buffer
                0x80026334                adc_int_get_sampling_status
                0x80026350                adc_int_get_period
                0x8002636c                adc_int_stop_sampling
                0x80026394                adc_int_start_sampling
                0x80026448                adc_int_init
 .text          0x800266a8      0x388 Library/hal/ads1274.o
                0x800266a8                get_interrupt_counter
                0x800266c4                ads1274_set_DAC_generator_function
                0x800266e0                get_sample
                0x80026708                get_sampling_status
                0x80026728                ads1274_ADC_start_oneshot
                0x80026748                eic_nmi_handler
                0x80026780                ads1274_ADC_switch_clock
                0x800267d8                ads1274_init_DAC
                0x80026920                process_data
 .text          0x80026a30      0x830 Library/hal/bmp085.o
                0x80026a30                bmp085_reset_origin_altitude
                0x80026a4c                bmp085_update
                0x80026e84                bmp085_init_slow
                0x80027230                bmp085_init
 .text          0x80027260      0x300 Library/hal/dac_dma.o
                0x80027260                DAC_pause
                0x8002726a                DAC_resume
                0x80027274                DAC_is_finished
                0x8002727e                dac_dma_set_value
                0x8002729c                dac_dma_play
                0x8002735c                dac_dma_init
                0x8002743c                init_gclk
                0x8002746c                init_pevc
                0x800274b0                dac_dma_load_buffer
 .text          0x80027560      0x34c Library/hal/led.o
                0x80027560                LED_Read_Display
                0x8002757c                LED_Display
                0x80027628                LED_Read_Display_Mask
                0x80027648                LED_Test
                0x8002766c                LED_Get_Intensity
                0x80027676                LED_Set_Intensity
                0x80027680                LED_Read_Display_Field
                0x800276ac                LED_Toggle
                0x8002770c                LED_Off
                0x8002776c                LED_On
                0x800277d0                LED_Display_Mask
                0x80027854                LED_Display_Field
 .text          0x800278ac      0x71c Library/hal/spi_buffered.o
                0x800278ac                spi_buffered_get_spi_in_buffer
                0x800278d0                spi_buffered_set_callback
                0x800278f4                spi_buffered_pause
                0x8002791c                spi_buffered_activate_receive
                0x80027944                spi_buffered_deactivate_receive
                0x8002796c                spi_buffered_clear_read_buffer
                0x80027994                spi_buffered_get_traffic
                0x800279b8                spi_buffered_read
                0x800279f8                spi_buffered_is_transfered_finished
                0x80027a24                spi_buffered_bytes_available
                0x80027a50                spi_buffered_transmit
                0x80027ac4                spi_handler
                0x80027b58                spi1_int_handler
                0x80027b78                spi0_int_handler
                0x80027b98                spi_buffered_start
                0x80027bfc                spi_buffered_write
                0x80027c50                spi_buffered_resume
                0x80027c84                spi_buffered_flush_buffer
                0x80027cc0                spi_buffered_disable
                0x80027cf0                spi_buffered_enable
                0x80027d20                spi_buffered_trigger_DMA
                0x80027db4                spi_buffered_init_DMA
                0x80027e9c                spi_buffered_init
 .text          0x80027fc8      0x6b0 Library/hal/uart_int.o
                0x80027fc8                uart_int_set_usart_conf
                0x80028054                uart_int_get_uart_handle
                0x80028078                uart_int_register_write_stream
                0x800280b0                uart_int_register_read_stream
                0x800280be                uart_int_flush
                0x800280ec                uart_out_buffer_empty
                0x8002810c                uart_int_send_byte
                0x80028148                uart_int_bytes_available
                0x80028168                uart_int_get_byte
                0x8002818c                register_UART_handler
                0x80028264                uart_int_init
 .text          0x80028678      0x518 Library/runtime/scheduler.o
                0x80028678                scheduler_sort_tasks
                0x800287bc                scheduler_get_task_by_id
                0x80028800                scheduler_get_task_by_index
                0x80028822                scheduler_change_run_mode
                0x8002882e                scheduler_run_task_now
                0x8002885c                scheduler_change_task_period
                0x8002888c                scheduler_suspend_task
                0x800288b0                scheduler_update
                0x80028a54                scheduler_add_task
                0x80028b20                scheduler_init
 .text          0x80028b90      0x4c4 Library/sensing/imu.o
                0x80028b90                imu_update
                0x80028e5c                imu_init
 .text          0x80029054     0x1de8 Library/sensing/simulation.o
                0x80029054                simulation_calib_set
                0x800291b4                simulation_switch_from_simulation_to_reality
                0x800293e8                simulation_switch_from_reality_to_simulation
                0x80029428                simulation_simulate_sonar
                0x800294a4                simulation_simulate_barometer
                0x800294e4                simulation_fake_gps_fix
                0x800295c8                simulation_simulate_gps
                0x80029668                simulation_init
                0x800297f4                forces_from_servos_diag_quad
                0x80029fd4                simulation_update
 .text          0x8002ae3c      0x1bc Library/util/buffer.o
                0x8002ae3c                buffer_full
                0x8002ae58                buffer_put_lossy
                0x8002aea4                buffer_put
                0x8002aef4                buffer_get
                0x8002af24                buffer_empty
                0x8002af3c                buffer_bytes_available
                0x8002af58                buffer_init
                0x8002af70                buffer_clear
                0x8002af88                buffer_make_buffered_stream
                0x8002afc0                buffer_make_buffered_stream_lossy
 .text          0x8002aff8      0x554 Library/util/coord_conventions.o
                0x8002aff8                coord_conventions_get_yaw
                0x8002b070                coord_conventions_quaternion_from_aero
                0x8002b158                coord_conventions_quat_to_aero
                0x8002b2a8                coord_conventions_local_to_global_position
                0x8002b3b0                coord_conventions_global_to_local_position
 .text          0x8002b54c      0x154 Library/util/generator.o
                0x8002b54c                generator_init_dac_buffer_triangle
                0x8002b5b0                generator_ramp_generator
                0x8002b5be                generator_arbitrary_generator
                0x8002b5e4                generator_init_dac_buffer_sine
 .text          0x8002b6a0      0x6ec Library/util/print_util.o
                0x8002b6a0                print_util_get_debug_stream
                0x8002b6bc                print_util_dbg_print_init
                0x8002b6d8                print_util_putstring
                0x8002b710                print_util_putstring_length
                0x8002b742                print_util_putdigit
                0x8002b77c                putnum_tight
                0x8002b800                print_util_putnum
                0x8002b88c                print_util_putlong
                0x8002b968                print_util_putfloat
                0x8002ba30                print_util_print_vector
                0x8002bac4                print_util_print_quaternion
                0x8002bb38                print_util_print_matrix
                0x8002bc1c                print_util_dbg_print
                0x8002bc44                print_util_dbg_print_num
                0x8002bc70                print_util_dbg_putfloat
                0x8002bc9c                print_util_dbg_print_vector
                0x8002bcc8                print_util_dbg_print_quaternion
                0x8002bcf4                print_util_dbg_log_value
                0x8002bd40                print_util_dbg_print_long
 .text          0x8002bd8c        0x0 Library/util/sinus.o
 .text          0x8002bd8c      0x594 src/asf/avr32/drivers/adcifa/adcifa.o
                0x8002bd8c                adcifa_get_calibration_data
                0x8002bdc8                adcifa_configure
                0x8002be7c                adcifa_configure_sequencer
                0x8002c130                adcifa_configure_window_monitor
                0x8002c1ae                adcifa_start_sequencer
                0x8002c1ea                adcifa_check_eoc
                0x8002c21c                adcifa_check_eos
                0x8002c24e                adcifa_get_values_from_sequencer
                0x8002c2d8                adcifa_start_itimer
                0x8002c2ea                adcifa_stop_itimer
                0x8002c2f8                adcifa_enable_interrupt
                0x8002c306                adcifa_disable_interrupt
                0x8002c314                adcifa_clear_interrupt
 .text          0x8002c320      0x21c src/asf/avr32/drivers/ast/ast.o
                0x8002c320                ast_enable
                0x8002c340                ast_set_calendar_value
                0x8002c35e                ast_init_calendar
                0x8002c39c                ast_set_counter_value
                0x8002c3b8                ast_init_counter
                0x8002c3e4                ast_get_calendar_value
                0x8002c3f0                ast_get_counter_value
                0x8002c3fc                ast_set_alarm0_value
                0x8002c408                ast_set_alarm1_value
                0x8002c414                ast_enable_alarm0
                0x8002c436                ast_disable_alarm0
                0x8002c458                ast_enable_alarm1
                0x8002c47a                ast_disable_alarm1
                0x8002c49c                ast_set_periodic0_value
                0x8002c4a8                ast_set_periodic1_value
                0x8002c4b4                ast_enable_periodic0
                0x8002c4d6                ast_disable_periodic0
                0x8002c4f8                ast_enable_periodic1
                0x8002c51a                ast_disable_periodic1
 .text          0x8002c53c      0x444 src/asf/avr32/drivers/dacifb/dacifb.o
                0x8002c53c                dacifb_get_calibration_data
                0x8002c56a                dacifb_check_eoc
                0x8002c576                dacifb_set_value
                0x8002c5b2                dacifb_reload_timer
                0x8002c60a                dacifb_start_channel
                0x8002c6b4                dacifb_configure_channel
                0x8002c8da                dacifb_configure
 .text          0x8002c980      0x1c8 src/asf/avr32/drivers/eic/eic.o
                0x8002c980                eic_init
                0x8002ca3a                eic_enable_lines
                0x8002ca46                eic_enable_line
                0x8002ca58                eic_disable_lines
                0x8002ca64                eic_disable_line
                0x8002ca76                eic_is_line_enabled
                0x8002ca8e                eic_enable_interrupt_lines
                0x8002ca9a                eic_enable_interrupt_line
                0x8002caac                eic_is_interrupt_line_enabled
                0x8002cac4                eic_is_interrupt_line_pending
                0x8002cadc                eic_clear_interrupt_line
                0x8002cafa                eic_clear_interrupt_lines
                0x8002cb12                eic_disable_interrupt_line
                0x8002cb30                eic_disable_interrupt_lines
 .text          0x8002cb48     0x18f4 src/asf/avr32/drivers/flashc/flashc.o
                0x8002cb48                flashc_get_flash_size
                0x8002cb70                flashc_get_page_count
                0x8002cb90                flashc_get_page_count_per_region
                0x8002cbb0                flashc_get_region_first_page_number
                0x8002cbd0                flashc_get_wait_state
                0x8002cbe4                flashc_set_wait_state
                0x8002cbfa                flashc_set_bus_freq
                0x8002cc38                flashc_is_ready_int_enabled
                0x8002cc4c                flashc_enable_ready_int
                0x8002cc62                flashc_is_lock_error_int_enabled
                0x8002cc76                flashc_enable_lock_error_int
                0x8002cc8c                flashc_is_prog_error_int_enabled
                0x8002cca0                flashc_enable_prog_error_int
                0x8002ccb6                flashc_is_ready
                0x8002ccca                flashc_default_wait_until_ready
                0x8002cce8                flashc_is_lock_error
                0x8002cd08                flashc_is_programming_error
                0x8002cd28                flashc_get_command
                0x8002cd3c                flashc_get_page_number
                0x8002cd50                flashc_get_page_region
                0x8002cd84                flashc_issue_command
                0x8002cdd8                flashc_no_operation
                0x8002cdf8                flashc_erase_all
                0x8002ce18                flashc_is_security_bit_active
                0x8002ce2c                flashc_activate_security_bit
                0x8002ce4c                flashc_is_region_locked
                0x8002ce6c                flashc_is_page_region_locked
                0x8002ce94                flashc_lock_page_region
                0x8002cec0                flashc_lock_region
                0x8002cef4                flashc_lock_all_regions
                0x8002d098                flashc_read_all_gp_fuses
                0x8002d0be                flashc_read_gp_fuse_byte
                0x8002d108                flashc_read_gp_fuse_bitfield
                0x8002d188                flashc_get_bootloader_protected_size
                0x8002d1bc                flashc_read_gp_fuse_bit
                0x8002d204                flashc_is_external_privileged_fetch_locked
                0x8002d228                flashc_erase_gp_fuse_bit
                0x8002d264                flashc_erase_gp_fuse_bitfield
                0x8002d318                flashc_erase_all_gp_fuses
                0x8002d354                flashc_write_gp_fuse_bit
                0x8002d37c                flashc_write_gp_fuse_bitfield
                0x8002d3e8                flashc_write_gp_fuse_byte
                0x8002d410                flashc_erase_gp_fuse_byte
                0x8002d60c                flashc_write_all_gp_fuses
                0x8002d718                flashc_set_gp_fuse_bit
                0x8002d748                flashc_lock_external_privileged_fetch
                0x8002d770                flashc_set_gp_fuse_bitfield
                0x8002d7dc                flashc_set_gp_fuse_byte
                0x8002d84c                flashc_set_all_gp_fuses
                0x8002d8c0                flashc_clear_page_buffer
                0x8002d8e0                flashc_is_page_erased
                0x8002d8f4                flashc_quick_page_read
                0x8002d920                flashc_erase_page
                0x8002d968                flashc_erase_all_pages
                0x8002d9c4                flashc_write_page
                0x8002d9e4                flashc_quick_user_page_read
                0x8002da10                flashc_erase_user_page
                0x8002da44                flashc_write_user_page
                0x8002da64                flashc_memset64
                0x8002dd90                flashc_memset32
                0x8002ddbc                flashc_memset16
                0x8002dddc                flashc_memset8
                0x8002de00                flashc_memcpy
                0x8002e32c                flashc_set_flash_waitstate_and_readmode
                0x8002e398                flashc_set_bootloader_protected_size
 .text          0x8002e43c      0x64c src/asf/avr32/drivers/gpio/gpio.o
                0x8002e43c                gpio_enable_module_pin
                0x8002e51c                gpio_enable_module
                0x8002e55c                gpio_enable_gpio_pin
                0x8002e57a                gpio_enable_gpio
                0x8002e5ac                gpio_enable_pin_pull_up
                0x8002e5cc                gpio_disable_pin_pull_up
                0x8002e5e8                gpio_enable_pin_pull_down
                0x8002e608                gpio_disable_pin_pull_down
                0x8002e624                gpio_enable_pin_buskeeper
                0x8002e644                gpio_disable_pin_buskeeper
                0x8002e664                gpio_configure_pin
                0x8002e72e                gpio_configure_group
                0x8002e7e6                gpio_get_pin_value
                0x8002e804                gpio_get_gpio_pin_output_value
                0x8002e822                gpio_get_gpio_open_drain_pin_output_value
                0x8002e844                gpio_set_gpio_pin
                0x8002e866                gpio_set_pin_high
                0x8002e882                gpio_set_group_high
                0x8002e896                gpio_set_pin_low
                0x8002e8b2                gpio_clr_gpio_pin
                0x8002e8d4                gpio_set_group_low
                0x8002e8e8                gpio_tgl_gpio_pin
                0x8002e90a                gpio_toggle_pin
                0x8002e926                gpio_toggle_group
                0x8002e93a                gpio_set_gpio_open_drain_pin
                0x8002e958                gpio_clr_gpio_open_drain_pin
                0x8002e97a                gpio_tgl_gpio_open_drain_pin
                0x8002e99c                gpio_enable_pin_glitch_filter
                0x8002e9b8                gpio_disable_pin_glitch_filter
                0x8002e9d4                gpio_enable_pin_interrupt
                0x8002ea2e                gpio_disable_pin_interrupt
                0x8002ea4a                gpio_get_pin_interrupt_flag
                0x8002ea6a                gpio_clear_pin_interrupt_flag
 .text          0x8002ea88        0x0 src/asf/avr32/drivers/intc/exception.o
 .text          0x8002ea88       0xf4 src/asf/avr32/drivers/intc/intc.o
                0x8002ea90                INTC_register_interrupt
                0x8002ead4                INTC_init_interrupts
                0x8002eb34                _get_interrupt_handler
 .text          0x8002eb7c      0x394 src/asf/avr32/drivers/pdca/pdca.o
                0x8002eb7c                pdca_get_handler
                0x8002eb96                pdca_get_channel_status
                0x8002ebb8                pdca_disable
                0x8002ebd8                pdca_enable
                0x8002ebf8                pdca_get_load_size
                0x8002ec18                pdca_get_reload_size
                0x8002ec38                pdca_set_peripheral_select
                0x8002ec58                pdca_set_transfer_size
                0x8002ec80                pdca_disable_event_trigger
                0x8002eca4                pdca_enable_event_trigger
                0x8002ecc8                pdca_enable_interrupt_transfer_error
                0x8002ece8                pdca_enable_interrupt_transfer_complete
                0x8002ed08                pdca_enable_interrupt_reload_counter_zero
                0x8002ed28                pdca_get_transfer_status
                0x8002ed48                pdca_disable_interrupt_reload_counter_zero
                0x8002ed84                pdca_disable_interrupt_transfer_complete
                0x8002edc0                pdca_disable_interrupt_transfer_error
                0x8002edfc                pdca_reload_channel
                0x8002ee48                pdca_load_channel
                0x8002ee94                pdca_init_channel
 .text          0x8002ef10      0x376 src/asf/avr32/drivers/pevc/pevc.o
                0x8002ef10                pevc_channel_configure
                0x8002ef94                pevc_igfd_set
                0x8002efa4                pevc_channels_enable
                0x8002efc2                pevc_channels_disable
                0x8002efe0                pevc_get_channel_status
                0x8002f01e                pevc_get_channel_state
                0x8002f05c                pevc_channel_sev_enable
                0x8002f078                pevc_channels_trigger_sev
                0x8002f096                pevc_channel_sev_disable
                0x8002f0b2                pevc_channels_enable_trigger_interrupt
                0x8002f0d0                pevc_channels_disable_trigger_interrupt
                0x8002f0ee                pevc_channel_is_trigger_interrupt_enabled
                0x8002f130                pevc_channel_is_trigger_interrupt_raised
                0x8002f16e                pevc_channel_clear_trigger_interrupt
                0x8002f19a                pevc_channels_enable_overrun_interrupt
                0x8002f1b8                pevc_channels_disable_overrun_interrupt
                0x8002f1d6                pevc_channel_is_overrun_interrupt_enabled
                0x8002f218                pevc_channel_is_overrun_interrupt_raised
                0x8002f25a                pevc_channel_clear_overrun_interrupt
 .text          0x8002f286      0x1b6 src/asf/avr32/drivers/pm/pm_uc3c.o
                0x8002f286                pm_wait_for_clk_ready
                0x8002f2ae                pm_disable_module
                0x8002f2ee                pm_enable_module
                0x8002f32e                pm_disable_clk_domain_div
                0x8002f380                pm_set_clk_domain_div
                0x8002f3d2                pm_config_mainclk_safety
                0x8002f416                pm_set_mclk_source
 .text          0x8002f43c      0x370 src/asf/avr32/drivers/pm/power_clocks_lib.o
                0x8002f43c                pcl_read_gplp
                0x8002f458                pcl_write_gplp
                0x8002f474                pcl_configure_usb_clock
                0x8002f4ec                pcl_switch_to_osc
                0x8002f550                pcl_configure_clocks
 .text          0x8002f7ac      0x8ec src/asf/avr32/drivers/pwm/pwm4.o
                0x8002f7ac                pwm_write_protect_hw_lock
                0x8002f87a                pwm_write_protect_sw_lock
                0x8002f93e                pwm_write_protect_sw_unlock
                0x8002fa00                pwm_write_protect_status
                0x8002fa1e                pwm_channel_init
                0x8002fa64                pwm_start_channels
                0x8002fa82                pwm_stop_channels
                0x8002faa0                pwm_update_channel
                0x8002faea                pwm_interrupt_update_channel
                0x8002fb20                pwm_output_override_setup
                0x8002fb84                pwm_output_override_write
                0x8002fc48                pwm_update_period_value
                0x8002fc58                pwm_synchronous_prepare_update
                0x8002fc96                pwm_update_manual_write_manual_update
                0x8002fcaa                pwm_update_manual_write_auto_update
                0x8002fcc0                pwm_update_auto_write_auto_update_check_ready
                0x8002fcd6                pwm_update_auto_write_auto_update_check_eot
                0x8002fcec                pwm_fault_lines_polarity_setup
                0x8002fdb0                pwm_fault_lines_level_setup
                0x8002fe34                pwm_fault_lines_enable
                0x8002fe80                pwm_get_fault_status
                0x8002fe90                pwm_clr_fault_status
                0x8002fea6                pwm_compare_match_setup
                0x8002feee                pwm_compare_match_reload_setup
                0x8002ff36                pwm_compare_event_enable
                0x8002ff58                pwm_compare_event_disable
                0x8002ff82                pwm_init
 .text          0x80030098      0x850 src/asf/avr32/drivers/scif/scif_uc3c.o
                0x80030098                scif_read_gplp
                0x800300ac                scif_write_gplp
                0x800300ca                scif_is_osc_ready
                0x800300f0                scif_wait_for_pll_locked
                0x8003011a                scif_start_gclk
                0x80030160                scif_stop_gclk
                0x80030198                scif_gc_setup
                0x80030238                scif_gc_enable
                0x8003025c                scif_bod18_enable_irq
                0x8003026e                scif_bod18_clear_irq
                0x80030280                scif_bod18_get_irq_status
                0x80030294                scif_bod18_get_irq_enable_bit
                0x800302a8                scif_bod18_get_level
                0x800302bc                scif_bod33_enable_irq
                0x800302d0                scif_bod33_clear_irq
                0x800302e4                scif_bod33_get_irq_status
                0x800302f8                scif_bod33_get_irq_enable_bit
                0x8003030c                scif_bod33_get_level
                0x80030320                scif_bod50_enable_irq
                0x80030334                scif_bod50_clear_irq
                0x80030348                scif_bod50_get_irq_status
                0x8003035c                scif_bod50_get_irq_enable_bit
                0x80030370                scif_bod50_get_level
                0x80030384                scif_bod50_disable_irq
                0x800303b8                scif_bod33_disable_irq
                0x800303ec                scif_bod18_disable_irq
                0x8003041c                scif_stop_rc120M
                0x80030448                scif_start_rc120M
                0x80030472                scif_stop_rc8M
                0x8003049e                scif_start_rc8M
                0x800304d2                scif_stop_osc32
                0x800304fe                scif_start_osc32
                0x8003055c                scif_pll_disable
                0x800305a4                scif_pll_enable
                0x800305ec                scif_pll_setup
                0x8003065e                scif_enable_extosc
                0x800306a6                scif_enable_osc
                0x80030718                scif_configure_osc_extmode
                0x80030760                scif_configure_osc_crystalmode
                0x80030824                scif_stop_osc
                0x80030856                scif_start_osc
 .text          0x800308e8      0x3c0 src/asf/avr32/drivers/spi/spi.o
                0x800308e8                getBaudDiv
                0x8003090c                spi_initSlave
                0x80030970                spi_initTest
                0x8003098c                spi_initMaster
                0x800309ce                spi_selectionMode
                0x80030a0e                spi_selectChip
                0x80030a6a                spi_unselectChip
                0x80030a9a                spi_setupChipReg
                0x80030b64                spi_enable
                0x80030b72                spi_disable
                0x80030b80                spi_is_enabled
                0x80030b90                spi_writeRegisterEmptyCheck
                0x80030ba0                spi_write
                0x80030bc6                spi_variableSlaveWrite
                0x80030c1c                spi_writeEndCheck
                0x80030c2c                spi_readRegisterFullCheck
                0x80030c3c                spi_read
                0x80030c68                spi_getStatus
 .text          0x80030ca8      0x472 src/asf/avr32/drivers/tc/tc.o
                0x80030ca8                tc_get_interrupt_settings
                0x80030cc4                tc_select_external_clock
                0x80030d0c                tc_init_capture
                0x80030d34                tc_init_waveform
                0x80030dda                tc_start
                0x80030dfe                tc_stop
                0x80030e22                tc_software_trigger
                0x80030e46                tc_sync_trigger
                0x80030e56                tc_sync_start
                0x80030e70                tc_read_sr
                0x80030e8c                tc_read_tc
                0x80030eac                tc_read_ra
                0x80030ecc                tc_read_rb
                0x80030eec                tc_read_rc
                0x80030f0c                tc_write_ra
                0x80030f50                tc_write_rb
                0x80030f94                tc_write_rc
                0x80030fd8                tc_configure_interrupts
 *fill*         0x8003111a        0x2 d703d703
 .text          0x8003111c      0x8cc src/asf/avr32/drivers/twim/twim.o
                0x80031294                twim_set_speed
                0x80031312                twim_status
                0x80031334                twim_disable_interrupt
                0x80031350                twim_chained_transfer
                0x8003154c                twim_write
                0x80031618                twim_probe
                0x80031648                twim_write_packet
                0x80031754                twim_read
                0x80031820                twim_read_packet
                0x80031908                twim_master_init
 .text          0x800319e8      0x9c8 src/asf/avr32/drivers/usart/usart.o
                0x800319e8                usart_spi_selectChip
                0x800319f8                usart_spi_unselectChip
                0x80031a20                usart_write_char
                0x80031a40                usart_send_address
                0x80031a80                usart_putchar
                0x80031ab8                usart_read_char
                0x80031ae8                usart_getchar
                0x80031b24                usart_write_line
                0x80031b54                usart_get_echo_line
                0x80031bbc                usart_reset
                0x80031bf0                usart_init_spi_slave
                0x80031c90                usart_init_spi_master
                0x80031d50                usart_init_iso7816
                0x80031e04                usart_init_sync_slave
                0x80031ed0                usart_init_sync_master
                0x80031fc0                usart_init_rs232_tx_only
                0x800320ac                usart_init_rs232
                0x800321c8                usart_init_IrDA
                0x80032208                usart_init_rs485
                0x80032238                usart_init_modem
                0x80032268                usart_init_hw_handshaking
                0x80032298                usart_init_lin_master
                0x80032324                usart_init_lin_slave
 .text          0x800323b0     0x1210 src/asf/avr32/drivers/usbc/usbc_device.o
                0x800323b0                udd_include_vbus_monitoring
                0x800323ba                udd_is_high_speed
                0x800323c4                udd_set_address
                0x800323ee                udd_getaddress
                0x80032402                udd_get_frame_number
                0x80032416                udd_get_micro_frame_number
                0x80032420                udd_set_setup_payload
                0x80032440                udd_ep_is_halted
                0x8003245a                udd_ep_clear_halt
                0x800324c8                udd_ep_wait_stall_clear
                0x80032538                udd_ep_alloc
                0x80032778                udd_ep_abort
                0x800327a0                udd_ep_set_halt
                0x800327e0                udd_ep_free
                0x80032810                udd_ep_run
                0x80032c18                udd_enable
                0x8003333c                udd_detach
                0x800333a0                udd_attach
                0x800334d8                udd_disable
                0x80033564                udd_send_wake_up
 .text          0x800335c0       0x8c src/asf/avr32/services/delay/delay.o
                0x800335c0                delay_init
                0x800335dc                delay_ms
 .text          0x8003364c        0x0 src/asf/avr32/utils/startup/startup_uc3.o
 .text._stext   0x8003364c       0x50 src/asf/avr32/utils/startup/startup_uc3.o
                0x8003364c                _stext
 .text          0x8003369c        0x0 src/asf/avr32/utils/startup/trampoline_uc3.o
 .text          0x8003369c       0x30 src/asf/common/boards/user_board/init.o
                0x8003369c                board_init
 .text          0x800336cc      0x154 src/asf/common/services/clock/uc3c/osc.o
                0x800336cc                osc_priv_disable_rc120m
                0x800336f2                osc_priv_enable_rc120m
                0x80033718                osc_priv_disable_rc8m
                0x80033746                osc_priv_enable_rc8m
                0x80033788                osc_priv_disable_osc32
                0x800337ae                osc_priv_enable_osc32
                0x800337d6                osc_priv_disable_osc0
                0x800337fa                osc_priv_enable_osc0
 .text          0x80033820       0x80 src/asf/common/services/clock/uc3c/pll.o
                0x80033820                pll_disable
                0x8003384a                pll_enable
                0x80033876                pll_config_write
 .text          0x800338a0      0x220 src/asf/common/services/clock/uc3c/sysclk.o
                0x800338a0                sysclk_disable_usb
                0x800338b4                sysclk_set_source
                0x800338d6                sysclk_set_prescalers
                0x80033946                sysclk_priv_disable_module
                0x80033980                sysclk_priv_enable_module
                0x800339b8                sysclk_enable_usb
                0x80033a14                sysclk_init
 .text          0x80033ac0        0x0 src/asf/common/services/sleepmgr/uc3/sleepmgr.o
 .text          0x80033ac0      0x284 src/asf/common/services/spi/uc3_spi/spi_master.o
                0x80033ac0                spi_read_packet
                0x80033b18                spi_write_packet
                0x80033b48                spi_master_setup_device
 .text          0x80033d44      0xab4 src/asf/common/services/usb/class/cdc/device/udi_cdc.o
                0x80033d44                udi_cdc_data_disable
                0x80033d4e                udi_cdc_comm_setup
                0x80033de4                udi_cdc_data_setup
                0x80033dee                udi_cdc_getsetting
                0x80033df8                udi_cdc_line_coding_received
                0x80033e02                udi_cdc_is_rx_ready
                0x80033e34                udi_cdc_is_tx_ready
                0x80033ea8                udi_cdc_write_buf
                0x80033f60                udi_cdc_putc
                0x80033fd8                udi_cdc_data_recevied
                0x80034078                udi_cdc_signal_parity_error
                0x800340ec                udi_cdc_serial_state_msg_sent
                0x80034274                udi_cdc_data_sent
                0x800342b0                udi_cdc_data_sof_notify
                0x800342c4                udi_cdc_comm_disable
                0x800342f0                udi_cdc_comm_enable
                0x80034338                udi_cdc_getc
                0x80034420                udi_cdc_read_buf
                0x8003452c                udi_cdc_ctrl_signal_dcd
                0x800345c0                udi_cdc_signal_framing_error
                0x80034634                udi_cdc_ctrl_signal_dsr
                0x800346c8                udi_cdc_signal_overrun
                0x8003473c                udi_cdc_data_enable
 .text          0x800347f8        0x0 src/asf/common/services/usb/class/cdc/device/udi_cdc_desc.o
 .text          0x800347f8      0x88c src/asf/common/services/usb/udc/udc.o
                0x800347f8                udc_get_interface_desc
                0x80034814                udc_sof_notify
                0x80034ac8                udc_reset
                0x80034b1c                udc_process_setup
 .text          0x80035084       0x74 src/asf/common/utils/stdio/read.o
                0x80035084                _read
 .text          0x800350f8      0x154 src/asf/common/utils/stdio/stdio_usb/stdio_usb.o
                0x800350f8                stdio_usb_enable
                0x80035118                stdio_usb_disable
                0x80035138                stdio_usb_vbus_event
                0x80035168                stdio_usb_init
                0x800351cc                stdio_usb_getchar
                0x80035214                stdio_usb_putchar
 .text          0x8003524c       0x50 src/asf/common/utils/stdio/write.o
                0x8003524c                _write
 .text          0x8003529c      0xbb4 src/boardsupport.o
                0x8003529c                boardsupport_init
 .text          0x80035e50       0xc0 src/main.o
                0x80035e50                initialisation()
                0x80035ed8                main
 .text          0x80035f10        0x0 d:/programmes/atmel/studio/7.0/toolchain/avr32/avr32-gnu-toolchain/bin/../lib/gcc/avr32/4.4.7/../../../../avr32/lib/ucr3fp\libm.a(lib_a-s_cos.o)
 .text.cos      0x80035f10       0x9c d:/programmes/atmel/studio/7.0/toolchain/avr32/avr32-gnu-toolchain/bin/../lib/gcc/avr32/4.4.7/../../../../avr32/lib/ucr3fp\libm.a(lib_a-s_cos.o)
                0x80035f10                cos
 .text          0x80035fac        0x0 d:/programmes/atmel/studio/7.0/toolchain/avr32/avr32-gnu-toolchain/bin/../lib/gcc/avr32/4.4.7/../../../../avr32/lib/ucr3fp\libm.a(lib_a-s_floor.o)
 .text.floor    0x80035fac      0x128 d:/programmes/atmel/studio/7.0/toolchain/avr32/avr32-gnu-toolchain/bin/../lib/gcc/avr32/4.4.7/../../../../avr32/lib/ucr3fp\libm.a(lib_a-s_floor.o)
                0x80035fac                floor
 .text          0x800360d4        0x0 d:/programmes/atmel/studio/7.0/toolchain/avr32/avr32-gnu-toolchain/bin/../lib/gcc/avr32/4.4.7/../../../../avr32/lib/ucr3fp\libm.a(lib_a-s_sin.o)
 .text.sin      0x800360d4       0xa0 d:/programmes/atmel/studio/7.0/toolchain/avr32/avr32-gnu-toolchain/bin/../lib/gcc/avr32/4.4.7/../../../../avr32/lib/ucr3fp\libm.a(lib_a-s_sin.o)
                0x800360d4                sin
 .text          0x80036174        0x0 d:/programmes/atmel/studio/7.0/toolchain/avr32/avr32-gnu-toolchain/bin/../lib/gcc/avr32/4.4.7/../../../../avr32/lib/ucr3fp\libm.a(lib_a-w_asin.o)
 .text.asin     0x80036174       0xb0 d:/programmes/atmel/studio/7.0/toolchain/avr32/avr32-gnu-toolchain/bin/../lib/gcc/avr32/4.4.7/../../../../avr32/lib/ucr3fp\libm.a(lib_a-w_asin.o)
                0x80036174                asin
 .text          0x80036224        0x0 d:/programmes/atmel/studio/7.0/toolchain/avr32/avr32-gnu-toolchain/bin/../lib/gcc/avr32/4.4.7/../../../../avr32/lib/ucr3fp\libm.a(lib_a-w_atan2.o)
 .text.atan2    0x80036224        0xc d:/programmes/atmel/studio/7.0/toolchain/avr32/avr32-gnu-toolchain/bin/../lib/gcc/avr32/4.4.7/../../../../avr32/lib/ucr3fp\libm.a(lib_a-w_atan2.o)
                0x80036224                atan2
 .text          0x80036230        0x0 d:/programmes/atmel/studio/7.0/toolchain/avr32/avr32-gnu-toolchain/bin/../lib/gcc/avr32/4.4.7/../../../../avr32/lib/ucr3fp\libm.a(lib_a-w_fmod.o)
 .text.fmod     0x80036230       0xbc d:/programmes/atmel/studio/7.0/toolchain/avr32/avr32-gnu-toolchain/bin/../lib/gcc/avr32/4.4.7/../../../../avr32/lib/ucr3fp\libm.a(lib_a-w_fmod.o)
                0x80036230                fmod
 .text          0x800362ec        0x0 d:/programmes/atmel/studio/7.0/toolchain/avr32/avr32-gnu-toolchain/bin/../lib/gcc/avr32/4.4.7/../../../../avr32/lib/ucr3fp\libm.a(lib_a-w_pow.o)
 .text.pow      0x800362ec      0x300 d:/programmes/atmel/studio/7.0/toolchain/avr32/avr32-gnu-toolchain/bin/../lib/gcc/avr32/4.4.7/../../../../avr32/lib/ucr3fp\libm.a(lib_a-w_pow.o)
                0x800362ec                pow
 .text          0x800365ec        0x0 d:/programmes/atmel/studio/7.0/toolchain/avr32/avr32-gnu-toolchain/bin/../lib/gcc/avr32/4.4.7/../../../../avr32/lib/ucr3fp\libm.a(lib_a-w_sqrt.o)
 .text.sqrt     0x800365ec       0xb4 d:/programmes/atmel/studio/7.0/toolchain/avr32/avr32-gnu-toolchain/bin/../lib/gcc/avr32/4.4.7/../../../../avr32/lib/ucr3fp\libm.a(lib_a-w_sqrt.o)
                0x800365ec                sqrt
 .text          0x800366a0        0x0 d:/programmes/atmel/studio/7.0/toolchain/avr32/avr32-gnu-toolchain/bin/../lib/gcc/avr32/4.4.7/../../../../avr32/lib/ucr3fp\libm.a(lib_a-wf_sqrt.o)
 .text.sqrtf    0x800366a0       0xbc d:/programmes/atmel/studio/7.0/toolchain/avr32/avr32-gnu-toolchain/bin/../lib/gcc/avr32/4.4.7/../../../../avr32/lib/ucr3fp\libm.a(lib_a-wf_sqrt.o)
                0x800366a0                sqrtf
 .text          0x8003675c        0x0 d:/programmes/atmel/studio/7.0/toolchain/avr32/avr32-gnu-toolchain/bin/../lib/gcc/avr32/4.4.7/../../../../avr32/lib/ucr3fp\libm.a(lib_a-e_asin.o)
 .text.__ieee754_asin
                0x8003675c      0x50c d:/programmes/atmel/studio/7.0/toolchain/avr32/avr32-gnu-toolchain/bin/../lib/gcc/avr32/4.4.7/../../../../avr32/lib/ucr3fp\libm.a(lib_a-e_asin.o)
                0x8003675c                __ieee754_asin
 .text          0x80036c68        0x0 d:/programmes/atmel/studio/7.0/toolchain/avr32/avr32-gnu-toolchain/bin/../lib/gcc/avr32/4.4.7/../../../../avr32/lib/ucr3fp\libm.a(lib_a-e_atan2.o)
 .text.__ieee754_atan2
                0x80036c68      0x240 d:/programmes/atmel/studio/7.0/toolchain/avr32/avr32-gnu-toolchain/bin/../lib/gcc/avr32/4.4.7/../../../../avr32/lib/ucr3fp\libm.a(lib_a-e_atan2.o)
                0x80036c68                __ieee754_atan2
 .text          0x80036ea8        0x0 d:/programmes/atmel/studio/7.0/toolchain/avr32/avr32-gnu-toolchain/bin/../lib/gcc/avr32/4.4.7/../../../../avr32/lib/ucr3fp\libm.a(lib_a-e_fmod.o)
 .text.__ieee754_fmod
                0x80036ea8      0x240 d:/programmes/atmel/studio/7.0/toolchain/avr32/avr32-gnu-toolchain/bin/../lib/gcc/avr32/4.4.7/../../../../avr32/lib/ucr3fp\libm.a(lib_a-e_fmod.o)
                0x80036ea8                __ieee754_fmod
 .text          0x800370e8        0x0 d:/programmes/atmel/studio/7.0/toolchain/avr32/avr32-gnu-toolchain/bin/../lib/gcc/avr32/4.4.7/../../../../avr32/lib/ucr3fp\libm.a(lib_a-e_pow.o)
 .text.__ieee754_pow
                0x800370e8      0xaf0 d:/programmes/atmel/studio/7.0/toolchain/avr32/avr32-gnu-toolchain/bin/../lib/gcc/avr32/4.4.7/../../../../avr32/lib/ucr3fp\libm.a(lib_a-e_pow.o)
                0x800370e8                __ieee754_pow
 .text          0x80037bd8        0x0 d:/programmes/atmel/studio/7.0/toolchain/avr32/avr32-gnu-toolchain/bin/../lib/gcc/avr32/4.4.7/../../../../avr32/lib/ucr3fp\libm.a(lib_a-e_rem_pio2.o)
 .text.__ieee754_rem_pio2
                0x80037bd8      0x4a0 d:/programmes/atmel/studio/7.0/toolchain/avr32/avr32-gnu-toolchain/bin/../lib/gcc/avr32/4.4.7/../../../../avr32/lib/ucr3fp\libm.a(lib_a-e_rem_pio2.o)
                0x80037bd8                __ieee754_rem_pio2
 .text          0x80038078        0x0 d:/programmes/atmel/studio/7.0/toolchain/avr32/avr32-gnu-toolchain/bin/../lib/gcc/avr32/4.4.7/../../../../avr32/lib/ucr3fp\libm.a(lib_a-e_sqrt.o)
 .text.__ieee754_sqrt
                0x80038078      0x19c d:/programmes/atmel/studio/7.0/toolchain/avr32/avr32-gnu-toolchain/bin/../lib/gcc/avr32/4.4.7/../../../../avr32/lib/ucr3fp\libm.a(lib_a-e_sqrt.o)
                0x80038078                __ieee754_sqrt
 .text          0x80038214        0x0 d:/programmes/atmel/studio/7.0/toolchain/avr32/avr32-gnu-toolchain/bin/../lib/gcc/avr32/4.4.7/../../../../avr32/lib/ucr3fp\libm.a(lib_a-ef_sqrt.o)
 .text.__ieee754_sqrtf
                0x80038214       0xd4 d:/programmes/atmel/studio/7.0/toolchain/avr32/avr32-gnu-toolchain/bin/../lib/gcc/avr32/4.4.7/../../../../avr32/lib/ucr3fp\libm.a(lib_a-ef_sqrt.o)
                0x80038214                __ieee754_sqrtf
 .text          0x800382e8        0x0 d:/programmes/atmel/studio/7.0/toolchain/avr32/avr32-gnu-toolchain/bin/../lib/gcc/avr32/4.4.7/../../../../avr32/lib/ucr3fp\libm.a(lib_a-k_cos.o)
 .text.__kernel_cos
                0x800382e8      0x1f8 d:/programmes/atmel/studio/7.0/toolchain/avr32/avr32-gnu-toolchain/bin/../lib/gcc/avr32/4.4.7/../../../../avr32/lib/ucr3fp\libm.a(lib_a-k_cos.o)
                0x800382e8                __kernel_cos
 .text          0x800384e0        0x0 d:/programmes/atmel/studio/7.0/toolchain/avr32/avr32-gnu-toolchain/bin/../lib/gcc/avr32/4.4.7/../../../../avr32/lib/ucr3fp\libm.a(lib_a-k_rem_pio2.o)
 .text.__kernel_rem_pio2
                0x800384e0      0x718 d:/programmes/atmel/studio/7.0/toolchain/avr32/avr32-gnu-toolchain/bin/../lib/gcc/avr32/4.4.7/../../../../avr32/lib/ucr3fp\libm.a(lib_a-k_rem_pio2.o)
                0x800384e0                __kernel_rem_pio2
 .text          0x80038bf8        0x0 d:/programmes/atmel/studio/7.0/toolchain/avr32/avr32-gnu-toolchain/bin/../lib/gcc/avr32/4.4.7/../../../../avr32/lib/ucr3fp\libm.a(lib_a-k_sin.o)
 .text.__kernel_sin
                0x80038bf8      0x1a4 d:/programmes/atmel/studio/7.0/toolchain/avr32/avr32-gnu-toolchain/bin/../lib/gcc/avr32/4.4.7/../../../../avr32/lib/ucr3fp\libm.a(lib_a-k_sin.o)
                0x80038bf8                __kernel_sin
 .text          0x80038d9c        0x0 d:/programmes/atmel/studio/7.0/toolchain/avr32/avr32-gnu-toolchain/bin/../lib/gcc/avr32/4.4.7/../../../../avr32/lib/ucr3fp\libm.a(lib_a-s_atan.o)
 .text.atan     0x80038d9c      0x368 d:/programmes/atmel/studio/7.0/toolchain/avr32/avr32-gnu-toolchain/bin/../lib/gcc/avr32/4.4.7/../../../../avr32/lib/ucr3fp\libm.a(lib_a-s_atan.o)
                0x80038d9c                atan
 .text          0x80039104        0x0 d:/programmes/atmel/studio/7.0/toolchain/avr32/avr32-gnu-toolchain/bin/../lib/gcc/avr32/4.4.7/../../../../avr32/lib/ucr3fp\libm.a(lib_a-s_fabs.o)
 .text.fabs     0x80039104        0x8 d:/programmes/atmel/studio/7.0/toolchain/avr32/avr32-gnu-toolchain/bin/../lib/gcc/avr32/4.4.7/../../../../avr32/lib/ucr3fp\libm.a(lib_a-s_fabs.o)
                0x80039104                fabs
 .text          0x8003910c        0x0 d:/programmes/atmel/studio/7.0/toolchain/avr32/avr32-gnu-toolchain/bin/../lib/gcc/avr32/4.4.7/../../../../avr32/lib/ucr3fp\libm.a(lib_a-s_finite.o)
 .text.finite   0x8003910c       0x10 d:/programmes/atmel/studio/7.0/toolchain/avr32/avr32-gnu-toolchain/bin/../lib/gcc/avr32/4.4.7/../../../../avr32/lib/ucr3fp\libm.a(lib_a-s_finite.o)
                0x8003910c                finite
 .text          0x8003911c        0x0 d:/programmes/atmel/studio/7.0/toolchain/avr32/avr32-gnu-toolchain/bin/../lib/gcc/avr32/4.4.7/../../../../avr32/lib/ucr3fp\libm.a(lib_a-s_isnand.o)
 .text.__isnand
                0x8003911c       0x1c d:/programmes/atmel/studio/7.0/toolchain/avr32/avr32-gnu-toolchain/bin/../lib/gcc/avr32/4.4.7/../../../../avr32/lib/ucr3fp\libm.a(lib_a-s_isnand.o)
                0x8003911c                __isnand
 .text          0x80039138        0x0 d:/programmes/atmel/studio/7.0/toolchain/avr32/avr32-gnu-toolchain/bin/../lib/gcc/avr32/4.4.7/../../../../avr32/lib/ucr3fp\libm.a(lib_a-s_lib_ver.o)
 .text          0x80039138        0x0 d:/programmes/atmel/studio/7.0/toolchain/avr32/avr32-gnu-toolchain/bin/../lib/gcc/avr32/4.4.7/../../../../avr32/lib/ucr3fp\libm.a(lib_a-s_matherr.o)
 .text.matherr  0x80039138        0x2 d:/programmes/atmel/studio/7.0/toolchain/avr32/avr32-gnu-toolchain/bin/../lib/gcc/avr32/4.4.7/../../../../avr32/lib/ucr3fp\libm.a(lib_a-s_matherr.o)
                0x80039138                matherr
 .text          0x8003913a        0x0 d:/programmes/atmel/studio/7.0/toolchain/avr32/avr32-gnu-toolchain/bin/../lib/gcc/avr32/4.4.7/../../../../avr32/lib/ucr3fp\libm.a(lib_a-s_nan.o)
 .text.nan      0x8003913a        0x8 d:/programmes/atmel/studio/7.0/toolchain/avr32/avr32-gnu-toolchain/bin/../lib/gcc/avr32/4.4.7/../../../../avr32/lib/ucr3fp\libm.a(lib_a-s_nan.o)
                0x8003913a                nan
 .text          0x80039142        0x0 d:/programmes/atmel/studio/7.0/toolchain/avr32/avr32-gnu-toolchain/bin/../lib/gcc/avr32/4.4.7/../../../../avr32/lib/ucr3fp\libm.a(lib_a-s_rint.o)
 *fill*         0x80039142        0x2 d703d703
 .text.rint     0x80039144      0x124 d:/programmes/atmel/studio/7.0/toolchain/avr32/avr32-gnu-toolchain/bin/../lib/gcc/avr32/4.4.7/../../../../avr32/lib/ucr3fp\libm.a(lib_a-s_rint.o)
                0x80039144                rint
 .text          0x80039268        0x0 d:/programmes/atmel/studio/7.0/toolchain/avr32/avr32-gnu-toolchain/bin/../lib/gcc/avr32/4.4.7/../../../../avr32/lib/ucr3fp\libm.a(lib_a-s_scalbn.o)
 .text.scalbn   0x80039268       0xf0 d:/programmes/atmel/studio/7.0/toolchain/avr32/avr32-gnu-toolchain/bin/../lib/gcc/avr32/4.4.7/../../../../avr32/lib/ucr3fp\libm.a(lib_a-s_scalbn.o)
                0x80039268                scalbn
 .text          0x80039358        0x0 d:/programmes/atmel/studio/7.0/toolchain/avr32/avr32-gnu-toolchain/bin/../lib/gcc/avr32/4.4.7/../../../../avr32/lib/ucr3fp\libm.a(lib_a-sf_isnan.o)
 .text.isnanf   0x80039358        0xe d:/programmes/atmel/studio/7.0/toolchain/avr32/avr32-gnu-toolchain/bin/../lib/gcc/avr32/4.4.7/../../../../avr32/lib/ucr3fp\libm.a(lib_a-sf_isnan.o)
                0x80039358                isnanf
 .text          0x80039366        0x0 d:/programmes/atmel/studio/7.0/toolchain/avr32/avr32-gnu-toolchain/bin/../lib/gcc/avr32/4.4.7/../../../../avr32/lib/ucr3fp\libm.a(lib_a-s_copysign.o)
 .text.copysign
                0x80039366       0x18 d:/programmes/atmel/studio/7.0/toolchain/avr32/avr32-gnu-toolchain/bin/../lib/gcc/avr32/4.4.7/../../../../avr32/lib/ucr3fp\libm.a(lib_a-s_copysign.o)
                0x80039366                copysign
 *fill*         0x8003937e        0x2 d703d703
 .text          0x80039380      0x1d4 d:/programmes/atmel/studio/7.0/toolchain/avr32/avr32-gnu-toolchain/bin/../lib/gcc/avr32/4.4.7/ucr3fp\libgcc.a(_avr32_f64_mul.o)
                0x80039380                __avr32_f64_mul
 .text          0x80039554      0x2b0 d:/programmes/atmel/studio/7.0/toolchain/avr32/avr32-gnu-toolchain/bin/../lib/gcc/avr32/4.4.7/ucr3fp\libgcc.a(_avr32_f64_addsub.o)
                0x80039558                __avr32_f64_sub
                0x800396f4                __avr32_f64_add
 .text          0x80039804       0x2a d:/programmes/atmel/studio/7.0/toolchain/avr32/avr32-gnu-toolchain/bin/../lib/gcc/avr32/4.4.7/ucr3fp\libgcc.a(_avr32_f64_to_s32.o)
                0x80039804                __avr32_f64_to_u32
                0x80039808                __avr32_f64_to_s32
 .text          0x8003982e       0x60 d:/programmes/atmel/studio/7.0/toolchain/avr32/avr32-gnu-toolchain/bin/../lib/gcc/avr32/4.4.7/ucr3fp\libgcc.a(_avr32_f64_to_s64.o)
                0x8003982e                __avr32_f64_to_u64
                0x8003983a                __avr32_f64_to_s64
 .text          0x8003988e       0xe8 d:/programmes/atmel/studio/7.0/toolchain/avr32/avr32-gnu-toolchain/bin/../lib/gcc/avr32/4.4.7/ucr3fp\libgcc.a(_avr32_s32_to_f64.o)
                0x8003988e                __avr32_u32_to_f64
                0x80039896                __avr32_s32_to_f64
 .text          0x80039976       0x26 d:/programmes/atmel/studio/7.0/toolchain/avr32/avr32-gnu-toolchain/bin/../lib/gcc/avr32/4.4.7/ucr3fp\libgcc.a(_avr32_f64_cmp_eq.o)
                0x80039976                __avr32_f64_cmp_eq
 .text          0x8003999c       0x68 d:/programmes/atmel/studio/7.0/toolchain/avr32/avr32-gnu-toolchain/bin/../lib/gcc/avr32/4.4.7/ucr3fp\libgcc.a(_avr32_f64_cmp_ge.o)
                0x8003999c                __avr32_f64_cmp_ge
 .text          0x80039a04       0x68 d:/programmes/atmel/studio/7.0/toolchain/avr32/avr32-gnu-toolchain/bin/../lib/gcc/avr32/4.4.7/ucr3fp\libgcc.a(_avr32_f64_cmp_lt.o)
                0x80039a04                __avr32_f64_cmp_lt
 .text          0x80039a6c       0x34 d:/programmes/atmel/studio/7.0/toolchain/avr32/avr32-gnu-toolchain/bin/../lib/gcc/avr32/4.4.7/ucr3fp\libgcc.a(_avr32_f32_cmp_lt.o)
                0x80039a6c                __avr32_f32_cmp_lt
 .text          0x80039aa0      0x318 d:/programmes/atmel/studio/7.0/toolchain/avr32/avr32-gnu-toolchain/bin/../lib/gcc/avr32/4.4.7/ucr3fp\libgcc.a(_avr32_f64_div.o)
                0x80039aa0                __avr32_f64_div
 .text          0x80039db8      0x160 d:/programmes/atmel/studio/7.0/toolchain/avr32/avr32-gnu-toolchain/bin/../lib/gcc/avr32/4.4.7/ucr3fp\libgcc.a(_avr32_f32_div.o)
                0x80039db8                __avr32_f32_div
 .text          0x80039f18      0x180 d:/programmes/atmel/studio/7.0/toolchain/avr32/avr32-gnu-toolchain/bin/../lib/gcc/avr32/4.4.7/ucr3fp\libgcc.a(_avr32_f32_addsub.o)
                0x80039f1c                __avr32_f32_sub
                0x80039fec                __avr32_f32_add
 .text          0x8003a098       0xe2 d:/programmes/atmel/studio/7.0/toolchain/avr32/avr32-gnu-toolchain/bin/../lib/gcc/avr32/4.4.7/ucr3fp\libgcc.a(_avr32_f32_mul.o)
                0x8003a098                __avr32_f32_mul
 .text          0x8003a17a       0x60 d:/programmes/atmel/studio/7.0/toolchain/avr32/avr32-gnu-toolchain/bin/../lib/gcc/avr32/4.4.7/ucr3fp\libgcc.a(_avr32_f32_to_f64.o)
                0x8003a17a                __avr32_f32_to_f64
 .text          0x8003a1da       0x8a d:/programmes/atmel/studio/7.0/toolchain/avr32/avr32-gnu-toolchain/bin/../lib/gcc/avr32/4.4.7/ucr3fp\libgcc.a(_avr32_f64_to_f32.o)
                0x8003a1da                __avr32_f64_to_f32
 .text          0x8003a264       0x3c d:/programmes/atmel/studio/7.0/toolchain/avr32/avr32-gnu-toolchain/bin/../lib/gcc/avr32/4.4.7/ucr3fp\libgcc.a(_floatdidf.o)
                0x8003a264                __avr32_s64_to_f64
                0x8003a264                __floatdidf
 .text          0x8003a2a0      0x2b4 d:/programmes/atmel/studio/7.0/toolchain/avr32/avr32-gnu-toolchain/bin/../lib/gcc/avr32/4.4.7/ucr3fp\libgcc.a(_divdi3.o)
                0x8003a2a0                __avr32_sdiv64
                0x8003a2a0                __divdi3
 .text          0x8003a554      0x280 d:/programmes/atmel/studio/7.0/toolchain/avr32/avr32-gnu-toolchain/bin/../lib/gcc/avr32/4.4.7/ucr3fp\libgcc.a(_moddi3.o)
                0x8003a554                __moddi3
                0x8003a554                __avr32_smod64
 .text          0x8003a7d4      0x264 d:/programmes/atmel/studio/7.0/toolchain/avr32/avr32-gnu-toolchain/bin/../lib/gcc/avr32/4.4.7/ucr3fp\libgcc.a(_udivdi3.o)
                0x8003a7d4                __avr32_udiv64
                0x8003a7d4                __udivdi3
 .text          0x8003aa38      0x20c d:/programmes/atmel/studio/7.0/toolchain/avr32/avr32-gnu-toolchain/bin/../lib/gcc/avr32/4.4.7/ucr3fp\libgcc.a(_umoddi3.o)
                0x8003aa38                __avr32_umod64
                0x8003aa38                __umoddi3
 .text          0x8003ac44        0x0 d:/programmes/atmel/studio/7.0/toolchain/avr32/avr32-gnu-toolchain/bin/../lib/gcc/avr32/4.4.7/../../../../avr32/lib/ucr3fp\libc.a(lib_a-errno.o)
 .text.__errno  0x8003ac44        0xc d:/programmes/atmel/studio/7.0/toolchain/avr32/avr32-gnu-toolchain/bin/../lib/gcc/avr32/4.4.7/../../../../avr32/lib/ucr3fp\libc.a(lib_a-errno.o)
                0x8003ac44                __errno
 .text          0x8003ac50        0x0 d:/programmes/atmel/studio/7.0/toolchain/avr32/avr32-gnu-toolchain/bin/../lib/gcc/avr32/4.4.7/../../../../avr32/lib/ucr3fp\libc.a(lib_a-impure.o)
 .text          0x8003ac50        0x0 d:/programmes/atmel/studio/7.0/toolchain/avr32/avr32-gnu-toolchain/bin/../lib/gcc/avr32/4.4.7/../../../../avr32/lib/ucr3fp\libc.a(lib_a-malloc.o)
 .text.free     0x8003ac50       0x18 d:/programmes/atmel/studio/7.0/toolchain/avr32/avr32-gnu-toolchain/bin/../lib/gcc/avr32/4.4.7/../../../../avr32/lib/ucr3fp\libc.a(lib_a-malloc.o)
                0x8003ac50                free
 .text.malloc   0x8003ac68       0x18 d:/programmes/atmel/studio/7.0/toolchain/avr32/avr32-gnu-toolchain/bin/../lib/gcc/avr32/4.4.7/../../../../avr32/lib/ucr3fp\libc.a(lib_a-malloc.o)
                0x8003ac68                malloc
 .text          0x8003ac80        0x0 d:/programmes/atmel/studio/7.0/toolchain/avr32/avr32-gnu-toolchain/bin/../lib/gcc/avr32/4.4.7/../../../../avr32/lib/ucr3fp\libc.a(lib_a-mallocr.o)
 .text._malloc_r