Archive member included because of file (symbol)

d:/programmes/atmel/studio/7.0/toolchain/avr32/avr32-gnu-toolchain/bin/../lib/gcc/avr32/4.4.7/../../../../avr32/lib/ucr3fp\libm.a(lib_a-s_cos.o)
                              Library/communication/mavlink_waypoint_handler.o (cos)
d:/programmes/atmel/studio/7.0/toolchain/avr32/avr32-gnu-toolchain/bin/../lib/gcc/avr32/4.4.7/../../../../avr32/lib/ucr3fp\libm.a(lib_a-s_floor.o)
                              Library/communication/data_logging.o (floor)
d:/programmes/atmel/studio/7.0/toolchain/avr32/avr32-gnu-toolchain/bin/../lib/gcc/avr32/4.4.7/../../../../avr32/lib/ucr3fp\libm.a(lib_a-s_sin.o)
                              Library/communication/mavlink_waypoint_handler.o (sin)
d:/programmes/atmel/studio/7.0/toolchain/avr32/avr32-gnu-toolchain/bin/../lib/gcc/avr32/4.4.7/../../../../avr32/lib/ucr3fp\libm.a(lib_a-w_asin.o)
                              Library/util/coord_conventions.o (asin)
d:/programmes/atmel/studio/7.0/toolchain/avr32/avr32-gnu-toolchain/bin/../lib/gcc/avr32/4.4.7/../../../../avr32/lib/ucr3fp\libm.a(lib_a-w_atan2.o)
                              Library/communication/mavlink_waypoint_handler.o (atan2)
d:/programmes/atmel/studio/7.0/toolchain/avr32/avr32-gnu-toolchain/bin/../lib/gcc/avr32/4.4.7/../../../../avr32/lib/ucr3fp\libm.a(lib_a-w_fmod.o)
                              Library/util/quick_trig.o (fmod)
d:/programmes/atmel/studio/7.0/toolchain/avr32/avr32-gnu-toolchain/bin/../lib/gcc/avr32/4.4.7/../../../../avr32/lib/ucr3fp\libm.a(lib_a-w_pow.o)
                              Library/hal/bmp085.o (pow)
d:/programmes/atmel/studio/7.0/toolchain/avr32/avr32-gnu-toolchain/bin/../lib/gcc/avr32/4.4.7/../../../../avr32/lib/ucr3fp\libm.a(lib_a-w_sqrt.o)
                              Library/communication/hud_telemetry.o (sqrt)
d:/programmes/atmel/studio/7.0/toolchain/avr32/avr32-gnu-toolchain/bin/../lib/gcc/avr32/4.4.7/../../../../avr32/lib/ucr3fp\libm.a(lib_a-wf_sqrt.o)
                              Library/util/matrixlib_float.o (sqrtf)
d:/programmes/atmel/studio/7.0/toolchain/avr32/avr32-gnu-toolchain/bin/../lib/gcc/avr32/4.4.7/../../../../avr32/lib/ucr3fp\libm.a(lib_a-e_asin.o)
                              d:/programmes/atmel/studio/7.0/toolchain/avr32/avr32-gnu-toolchain/bin/../lib/gcc/avr32/4.4.7/../../../../avr32/lib/ucr3fp\libm.a(lib_a-w_asin.o) (__ieee754_asin)
d:/programmes/atmel/studio/7.0/toolchain/avr32/avr32-gnu-toolchain/bin/../lib/gcc/avr32/4.4.7/../../../../avr32/lib/ucr3fp\libm.a(lib_a-e_atan2.o)
                              d:/programmes/atmel/studio/7.0/toolchain/avr32/avr32-gnu-toolchain/bin/../lib/gcc/avr32/4.4.7/../../../../avr32/lib/ucr3fp\libm.a(lib_a-w_atan2.o) (__ieee754_atan2)
d:/programmes/atmel/studio/7.0/toolchain/avr32/avr32-gnu-toolchain/bin/../lib/gcc/avr32/4.4.7/../../../../avr32/lib/ucr3fp\libm.a(lib_a-e_fmod.o)
                              d:/programmes/atmel/studio/7.0/toolchain/avr32/avr32-gnu-toolchain/bin/../lib/gcc/avr32/4.4.7/../../../../avr32/lib/ucr3fp\libm.a(lib_a-w_fmod.o) (__ieee754_fmod)
d:/programmes/atmel/studio/7.0/toolchain/avr32/avr32-gnu-toolchain/bin/../lib/gcc/avr32/4.4.7/../../../../avr32/lib/ucr3fp\libm.a(lib_a-e_pow.o)
                              d:/programmes/atmel/studio/7.0/toolchain/avr32/avr32-gnu-toolchain/bin/../lib/gcc/avr32/4.4.7/../../../../avr32/lib/ucr3fp\libm.a(lib_a-w_pow.o) (__ieee754_pow)
d:/programmes/atmel/studio/7.0/toolchain/avr32/avr32-gnu-toolchain/bin/../lib/gcc/avr32/4.4.7/../../../../avr32/lib/ucr3fp\libm.a(lib_a-e_rem_pio2.o)
                              d:/programmes/atmel/studio/7.0/toolchain/avr32/avr32-gnu-toolchain/bin/../lib/gcc/avr32/4.4.7/../../../../avr32/lib/ucr3fp\libm.a(lib_a-s_cos.o) (__ieee754_rem_pio2)
d:/programmes/atmel/studio/7.0/toolchain/avr32/avr32-gnu-toolchain/bin/../lib/gcc/avr32/4.4.7/../../../../avr32/lib/ucr3fp\libm.a(lib_a-e_sqrt.o)
                              d:/programmes/atmel/studio/7.0/toolchain/avr32/avr32-gnu-toolchain/bin/../lib/gcc/avr32/4.4.7/../../../../avr32/lib/ucr3fp\libm.a(lib_a-w_sqrt.o) (__ieee754_sqrt)
d:/programmes/atmel/studio/7.0/toolchain/avr32/avr32-gnu-toolchain/bin/../lib/gcc/avr32/4.4.7/../../../../avr32/lib/ucr3fp\libm.a(lib_a-ef_sqrt.o)
                              d:/programmes/atmel/studio/7.0/toolchain/avr32/avr32-gnu-toolchain/bin/../lib/gcc/avr32/4.4.7/../../../../avr32/lib/ucr3fp\libm.a(lib_a-wf_sqrt.o) (__ieee754_sqrtf)
d:/programmes/atmel/studio/7.0/toolchain/avr32/avr32-gnu-toolchain/bin/../lib/gcc/avr32/4.4.7/../../../../avr32/lib/ucr3fp\libm.a(lib_a-k_cos.o)
                              d:/programmes/atmel/studio/7.0/toolchain/avr32/avr32-gnu-toolchain/bin/../lib/gcc/avr32/4.4.7/../../../../avr32/lib/ucr3fp\libm.a(lib_a-s_cos.o) (__kernel_cos)
d:/programmes/atmel/studio/7.0/toolchain/avr32/avr32-gnu-toolchain/bin/../lib/gcc/avr32/4.4.7/../../../../avr32/lib/ucr3fp\libm.a(lib_a-k_rem_pio2.o)
[...]
Memory Configuration

Name             Origin             Length             Attributes
FLASH            0x80000000         0x00080000         axrl !w
CPUSRAM          0x00000004         0x0000fffc         axw !rl
USERPAGE         0x80800000         0x00000200
FACTORYPAGE      0x80800200         0x00000200
FLASHVAULT_FLASH_SIZE 0x80800400         0x00000008         r
FLASHVAULT_RAM_SIZE 0x80800408         0x00000008         r
*default*        0x00000000         0xffffffff

Linker script and memory map

                0x00001000                _stack_size = 0x1000
LOAD Library/communication/console.o
LOAD Library/communication/data_logging.o
LOAD Library/communication/data_logging_telemetry.o
LOAD Library/communication/hud_telemetry.o
LOAD Library/communication/mavlink_communication.o
LOAD Library/communication/mavlink_message_handler.o
LOAD Library/communication/mavlink_waypoint_handler.o
LOAD Library/communication/remote.o
LOAD Library/communication/remote_telemetry.o
LOAD Library/communication/state.o
LOAD Library/communication/state_machine.o
LOAD Library/communication/state_telemetry.o
LOAD Library/control/adaptive_parameter.o
LOAD Library/control/altitude_controller.o
LOAD Library/control/attitude_controller.o
LOAD Library/control/attitude_controller_p2.o
LOAD Library/control/attitude_error_estimator.o
LOAD Library/control/joystick_parsing.o
LOAD Library/control/joystick_parsing_telemetry.o
LOAD Library/control/pid_controller.o
LOAD Library/control/servos_mix_quadcopter_cross.o
LOAD Library/control/servos_mix_quadcopter_diag.o
LOAD Library/control/stabilisation_copter.o
LOAD Library/control/stabilisation_telemetry.o
LOAD Library/control/vector_field_waypoint.o
LOAD Library/control/velocity_controller_copter.o
LOAD Library/hal/analog_monitor_telemetry.o
LOAD Library/hal/analog_monitor.o
LOAD Library/hal/bmp085_telemetry.o
LOAD Library/hal/fat_fs/diskio.o
LOAD Library/hal/fat_fs/ff.o
LOAD Library/hal/fat_fs/option/ccsbcs.o
LOAD Library/hal/fat_fs/option/syscall.o
LOAD Library/hal/fat_fs/option/unicode.o
LOAD Library/hal/gps_ublox.o
LOAD Library/hal/gps_ublox_telemetry.o
LOAD Library/hal/hmc5883l.o
LOAD Library/hal/i2c_driver_int.o
LOAD Library/hal/lsm330dlc.o
LOAD Library/hal/piezo_speaker.o
LOAD Library/hal/pwm_servos.o
LOAD Library/hal/sd_spi.o
LOAD Library/hal/servos.o
LOAD Library/hal/servos_telemetry.o
LOAD Library/hal/sonar_i2cxl.o
LOAD Library/hal/sonar_telemetry.o
LOAD Library/hal/spektrum_satellite.o
LOAD Library/hal/time_keeper.o
LOAD Library/hal/usb_int.o
LOAD Library/hal/xbee.o
LOAD Library/runtime/scheduler_telemetry.o
LOAD Library/sensing/ahrs.o
LOAD Library/sensing/ahrs_telemetry.o
LOAD Library/sensing/altitude_estimation.o
LOAD Library/sensing/altitude_estimation_telemetry.o
LOAD Library/sensing/imu_telemetry.o
LOAD Library/sensing/position_estimation.o
LOAD Library/sensing/position_estimation_telemetry.o
LOAD Library/sensing/qfilter.o
LOAD Library/sensing/simulation_telemetry.o
LOAD Library/util/linear_algebra.o
LOAD Library/util/matrixlib_float.o
LOAD Library/util/quick_trig.o
LOAD src/central_data.o
LOAD src/mavlink_telemetry.o
LOAD src/tasks.o
LOAD Library/communication/mavlink_stream.o
LOAD Library/communication/onboard_parameters.o
LOAD Library/control/navigation.o
LOAD Library/control/stabilisation.o
LOAD Library/hal/adc_int.o
LOAD Library/hal/ads1274.o
LOAD Library/hal/bmp085.o
LOAD Library/hal/dac_dma.o
LOAD Library/hal/led.o
LOAD Library/hal/spi_buffered.o
LOAD Library/hal/uart_int.o
LOAD Library/runtime/scheduler.o
LOAD Library/sensing/imu.o
LOAD Library/sensing/simulation.o
LOAD Library/util/buffer.o
LOAD Library/util/coord_conventions.o
LOAD Library/util/generator.o
LOAD Library/util/print_util.o
LOAD Library/util/sinus.o
LOAD src/asf/avr32/drivers/adcifa/adcifa.o
LOAD src/asf/avr32/drivers/ast/ast.o
LOAD src/asf/avr32/drivers/dacifb/dacifb.o
LOAD src/asf/avr32/drivers/eic/eic.o
LOAD src/asf/avr32/drivers/flashc/flashc.o
LOAD src/asf/avr32/drivers/gpio/gpio.o
LOAD src/asf/avr32/drivers/intc/exception.o
LOAD src/asf/avr32/drivers/intc/intc.o
LOAD src/asf/avr32/drivers/pdca/pdca.o
LOAD src/asf/avr32/drivers/pevc/pevc.o
LOAD src/asf/avr32/drivers/pm/pm_uc3c.o
LOAD src/asf/avr32/drivers/pm/power_clocks_lib.o
LOAD src/asf/avr32/drivers/pwm/pwm4.o
LOAD src/asf/avr32/drivers/scif/scif_uc3c.o
LOAD src/asf/avr32/drivers/spi/spi.o
LOAD src/asf/avr32/drivers/tc/tc.o
LOAD src/asf/avr32/drivers/twim/twim.o
LOAD src/asf/avr32/drivers/usart/usart.o
LOAD src/asf/avr32/drivers/usbc/usbc_device.o
LOAD src/asf/avr32/services/delay/delay.o
LOAD src/asf/avr32/utils/startup/startup_uc3.o
LOAD src/asf/avr32/utils/startup/trampoline_uc3.o
LOAD src/asf/common/boards/user_board/init.o
LOAD src/asf/common/services/clock/uc3c/osc.o
LOAD src/asf/common/services/clock/uc3c/pll.o
LOAD src/asf/common/services/clock/uc3c/sysclk.o
LOAD src/asf/common/services/sleepmgr/uc3/sleepmgr.o
LOAD src/asf/common/services/spi/uc3_spi/spi_master.o
LOAD src/asf/common/services/usb/class/cdc/device/udi_cdc.o
LOAD src/asf/common/services/usb/class/cdc/device/udi_cdc_desc.o
LOAD src/asf/common/services/usb/udc/udc.o
LOAD src/asf/common/utils/stdio/read.o
LOAD src/asf/common/utils/stdio/stdio_usb/stdio_usb.o
LOAD src/asf/common/utils/stdio/write.o
LOAD src/boardsupport.o
LOAD src/main.o
START GROUP
END GROUP
LOAD d:/programmes/atmel/studio/7.0/toolchain/avr32/avr32-gnu-toolchain/bin/../lib/gcc/avr32/4.4.7/ucr3fp\libstdc++.a
LOAD d:/programmes/atmel/studio/7.0/toolchain/avr32/avr32-gnu-toolchain/bin/../lib/gcc/avr32/4.4.7/../../../../avr32/lib/ucr3fp\libm.a
LOAD d:/programmes/atmel/studio/7.0/toolchain/avr32/avr32-gnu-toolchain/bin/../lib/gcc/avr32/4.4.7/ucr3fp\libgcc.a
LOAD d:/programmes/atmel/studio/7.0/toolchain/avr32/avr32-gnu-toolchain/bin/../lib/gcc/avr32/4.4.7/../../../../avr32/lib/ucr3fp\libc.a
LOAD d:/programmes/atmel/studio/7.0/toolchain/avr32/avr32-gnu-toolchain/bin/../lib/gcc/avr32/4.4.7/ucr3fp\libgcc.a
                0x80000000                PROVIDE (__executable_start, 0x80000000)
                0x80000000                . = 0x80000000

.interp
 *(.interp)

.reset          0x80000000     0x2010
 *(.reset)
 .reset         0x80000000        0x8 src/asf/avr32/utils/startup/startup_uc3.o
                0x80000000                _start
 .reset         0x80000008     0x2008 src/asf/avr32/utils/startup/trampoline_uc3.o
                0x80000008                _trampoline

.hash
 *(.hash)

.dynsym
 *(.dynsym)

.dynstr
 *(.dynstr)

.gnu.version
 *(.gnu.version)

.gnu.version_d
 *(.gnu.version_d)

.gnu.version_r
 *(.gnu.version_r)

.rel.init
 *(.rel.init)

.rela.init
 *(.rela.init)

.rel.text
 *(.rel.text .rel.text.* .rel.gnu.linkonce.t.*)

.rela.text
 *(.rela.text .rela.text.* .rela.gnu.linkonce.t.*)

.rel.fini
 *(.rel.fini)

.rela.fini
 *(.rela.fini)

.rel.rodata
 *(.rel.rodata .rel.rodata.* .rel.gnu.linkonce.r.*)

.rela.rodata
 *(.rela.rodata .rela.rodata.* .rela.gnu.linkonce.r.*)

.rel.data.rel.ro
 *(.rel.data.rel.ro*)

.rela.data.rel.ro
 *(.rel.data.rel.ro*)

.rel.data
 *(.rel.data .rel.data.* .rel.gnu.linkonce.d.*)

.rela.data
 *(.rela.data .rela.data.* .rela.gnu.linkonce.d.*)

.rel.tdata
 *(.rel.tdata .rel.tdata.* .rel.gnu.linkonce.td.*)

.rela.tdata
 *(.rela.tdata .rela.tdata.* .rela.gnu.linkonce.td.*)

.rel.tbss
 *(.rel.tbss .rel.tbss.* .rel.gnu.linkonce.tb.*)

.rela.tbss
 *(.rela.tbss .rela.tbss.* .rela.gnu.linkonce.tb.*)

.rel.ctors
 *(.rel.ctors)

.rela.ctors
 *(.rela.ctors)

.rel.dtors
 *(.rel.dtors)

.rela.dtors
 *(.rela.dtors)

.rel.got
 *(.rel.got)

.rela.got       0x80002010        0x0
 *(.rela.got)
 .rela.got      0x80002010        0x0 Library/communication/console.o

.rel.bss
 *(.rel.bss .rel.bss.* .rel.gnu.linkonce.b.*)

.rela.bss
 *(.rela.bss .rela.bss.* .rela.gnu.linkonce.b.*)

.rel.plt
 *(.rel.plt)

.rela.plt
 *(.rela.plt)

.init
 *(.init)

.plt
 *(.plt)

.text           0x80002010    0x3e8b0
 *(.text .stub .text.* .gnu.linkonce.t.*)
 .text          0x80002010      0x13c Library/communication/console.o
                0x80002010                console_get_in_stream
                0x8000202c                console_get_out_stream
                0x80002048                console_init
 .text          0x8000214c     0x19cc Library/communication/data_logging.o
                0x80002390                data_logging_add_parameter_double
                0x8000240c                data_logging_add_parameter_float
                0x80002488                data_logging_add_parameter_int64
                0x80002504                data_logging_add_parameter_uint64
                0x80002580                data_logging_add_parameter_int32
                0x800025fc                data_logging_add_parameter_uint32
                0x80002678                data_logging_add_parameter_int16
                0x800026f4                data_logging_add_parameter_uint16
                0x80002770                data_logging_add_parameter_int8
                0x800027ec                data_logging_add_parameter_uint8
                0x80002868                data_logging_init
                0x800029c0                data_logging_create_new_log_file
                0x80002c64                data_logging_update
 .text          0x80003b18       0xa4 Library/communication/data_logging_telemetry.o
                0x80003b18                data_logging_telemetry_init
 .text          0x80003bbc      0x318 Library/communication/hud_telemetry.o
                0x80003bbc                hud_telemetry_send_message
                0x80003ea8                hud_telemetry_init
 .text          0x80003ed4      0x3fc Library/communication/mavlink_communication.o
                0x80003ed4                mavlink_communication_send_message
                0x80003f0c                mavlink_communication_add_msg_send
                0x80003fa0                mavlink_communication_suspend_downstream
                0x80003fe8                mavlink_communication_update
                0x80004048                mavlink_communication_init
 .text          0x800042d0      0x8b4 Library/communication/mavlink_message_handler.o
                0x800042d0                mavlink_message_handler_add_cmd_callback
                0x80004334                mavlink_message_handler_add_msg_callback
                0x8000439c                mavlink_message_handler_cmd_default_dbg
                0x800044e8                mavlink_message_handler_msg_default_dbg
                0x80004588                mavlink_message_handler_receive
                0x80004ae4                mavlink_message_handler_init
 .text          0x80004b84     0x37b8 Library/communication/mavlink_waypoint_handler.o
                0x80004ce4                waypoint_handler_init_homing_waypoint
                0x80004d2c                waypoint_handler_control_time_out_waypoint_msg
                0x80004e14                waypoint_handler_init_waypoint_list
                0x80004f74                waypoint_handler_set_waypoint_from_frame
                0x8000554c                waypoint_handler_nav_plan_init
                0x80005750                waypoint_handler_init
 .text          0x8000833c      0xa34 Library/communication/remote.o
                0x8000833c                remote_calibrate
                0x8000835e                remote_get_throttle
                0x8000836c                remote_get_roll
                0x8000837a                remote_get_pitch
                0x80008388                remote_get_yaw
                0x80008396                remote_mode_init
                0x800083e4                remote_init
                0x800084cc                remote_mode_get
                0x800084da                remote_get_rate_command
                0x80008518                remote_get_thrust_command
                0x80008538                remote_get_velocity_command
                0x80008590                remote_get_attitude_command_integrate_yaw
                0x80008684                remote_get_attitude_command
                0x80008738                remote_update
                0x80008a28                remote_get_velocity_vector_from_remote
                0x80008a98                remote_get_command_from_remote
                0x80008af0                remote_mode_update
                0x80008d4c                remote_check
 .text          0x80008d70      0x644 Library/communication/remote_telemetry.o
                0x80008ddc                remote_telemetry_init
                0x80008e2c                remote_telemetry_send_raw
                0x800090dc                remote_telemetry_send_scaled
 .text          0x800093b4       0xa4 Library/communication/state.o
                0x800093b4                state_switch_to_active_mode
                0x800093e8                state_init
 .text          0x80009458      0x214 Library/communication/state_machine.o
                0x80009458                state_machine_init
                0x8000948c                state_machine_update
 .text          0x8000966c      0x81c Library/communication/state_telemetry.o
                0x8000966c                state_telemetry_send_status
                0x800098e0                state_telemetry_init
                0x80009bac                state_telemetry_send_heartbeat
 .text          0x80009e88      0x244 Library/control/adaptive_parameter.o
                0x80009e88                adaptive_parameter_get_param_set
                0x80009ea4                adaptive_parameter_init
                0x80009ec4                adaptive_parameter_add
                0x80009f6c                adaptive_parameter_update
                0x8000a038                adaptive_parameter_update_all
 .text          0x8000a0cc       0xc0 Library/control/altitude_controller.o
                0x8000a0cc                altitude_controller_update
                0x8000a144                altitude_controller_init
 .text          0x8000a18c      0x248 Library/control/attitude_controller.o
                0x8000a18c                attitude_controller_init
                0x8000a230                attitude_controller_update
 .text          0x8000a3d4       0xe8 Library/control/attitude_controller_p2.o
                0x8000a3d4                attitude_controller_p2_update
                0x8000a478                attitude_controller_p2_init
 .text          0x8000a4bc      0x2dc Library/control/attitude_error_estimator.o
                0x8000a4bc                attitude_error_estimator_init
                0x8000a4dc                attitude_error_estimator_set_quat_ref
                0x8000a4fa                attitude_error_estimator_set_quat_ref_from_rpy
                0x8000a558                attitude_error_estimator_set_quat_ref_from_aero
                0x8000a5a4                attitude_error_estimator_update
 .text          0x8000a798      0x56c Library/control/joystick_parsing.o
                0x8000a798                joystick_parsing_button
                0x8000a7b4                joystick_parsing_get_throttle
                0x8000a7c0                joystick_parsing_get_roll
                0x8000a7cc                joystick_parsing_get_pitch
                0x8000a7d8                joystick_parsing_get_yaw
                0x8000a7e4                joystick_parsing_get_velocity_vector_from_joystick
                0x8000a8ac                joystick_parsing_get_attitude_command_from_joystick
                0x8000a95c                joystick_parsing_get_rate_command
                0x8000a99c                joystick_parsing_get_thrust_command
                0x8000a9bc                joystick_parsing_get_velocity_command
                0x8000aa14                joystick_parsing_get_attitude_command_integrate_yaw
                0x8000ab08                joystick_parsing_get_attitude_command
                0x8000abbc                joystick_parsing_init
                0x8000abf4                joystick_parsing_button_1
                0x8000ac90                joystick_parsing_button_mask
 .text          0x8000ad04      0x49c Library/control/joystick_parsing_telemetry.o
                0x8000ad04                joystick_parsing_telemetry_send_manual_ctrl_msg
                0x8000b07c                joystick_parsing_telemetry_init
                0x8000b0c4                joystick_parsing_telemetry_parse_msg
 .text          0x8000b1a0      0x2f0 Library/control/pid_controller.o
                0x8000b1a0                pid_controller_reset_integrator
                0x8000b1ae                pid_controller_update_dt
                0x8000b2a0                pid_controller_init_pass_through
                0x8000b2f4                pid_controller_init
                0x8000b35c                pid_controller_update
 .text          0x8000b490      0x184 Library/control/servos_mix_quadcopter_cross.o
                0x8000b490                servo_mix_quadcotper_cross_init
                0x8000b4c8                servos_mix_quadcopter_cross_update
 .text          0x8000b614      0x18c Library/control/servos_mix_quadcopter_diag.o
                0x8000b614                servo_mix_quadcotper_diag_init
                0x8000b64c                servos_mix_quadcopter_diag_update
 .text          0x8000b7a0      0xa68 Library/control/stabilisation_copter.o
                0x8000b7a0                stabilisation_copter_mix_to_servos_cross_quad
                0x8000b8dc                stabilisation_copter_mix_to_servos_diag_quad
                0x8000ba2c                stabilisation_copter_init
                0x8000bac0                stabilisation_copter_position_hold
                0x8000bc6c                stabilisation_copter_cascade_stabilise
 .text          0x8000c208      0x908 Library/control/stabilisation_telemetry.o
                0x8000c208                stabilisation_telemetry_send_rpy_rates_error
                0x8000c440                stabilisation_telemetry_send_rpy_speed_thrust_setpoint
                0x8000c67c                stabilisation_send_command
                0x8000c8d8                stabilisation_telemetry_send_rpy_thrust_setpoint
 .text          0x8000cb10      0x5d8 Library/control/vector_field_waypoint.o
                0x8000cb10                vector_field_waypoint_init
                0x8000cb20                vector_field_waypoint_update
 .text          0x8000d0e8      0x2cc Library/control/velocity_controller_copter.o
                0x8000d0e8                velocity_controller_copter_init
                0x8000d150                velocity_controller_copter_update
 .text          0x8000d3b4      0x200 Library/hal/analog_monitor_telemetry.o
                0x8000d3b4                analog_monitor_telemetry_send_sonar
 .text          0x8000d5b4      0x64c Library/hal/analog_monitor.o
                0x8000d5b4                analog_compute_avg
                0x8000d658                analog_monitor_init
                0x8000d9e8                trigger_analog_monitor
                0x8000da10                analog_monitor_update
 .text          0x8000dc00      0x410 Library/hal/bmp085_telemetry.o
                0x8000dc00                bmp085_telemetry_send_pressure
 .text          0x8000e010      0x290 Library/hal/fat_fs/diskio.o
                0x8000e010                get_fattime
                0x8000e0f8                disk_ioctl
                0x8000e180                disk_write
                0x8000e1d8                disk_read
                0x8000e224                disk_status
                0x8000e268                disk_initialize
 .text          0x8000e2a0     0x60f8 Library/hal/fat_fs/ff.o
                0x8000e2a0                clust2sect
                0x8000e750                f_closedir
                0x8000f1a0                f_mount
                0x8000f28c                f_sync
                0x8000f420                f_close
                0x8000f480                get_fat
                0x8000f7d8                f_getfree
                0x8000f99c                f_read
                0x8000fc9c                f_gets
                0x8000fd1c                put_fat
                0x80011238                f_readdir
                0x80011610                f_lseek
                0x800117fc                f_write
                0x80011b2c                f_puts
                0x80011be4                f_putc
                0x80011c38                f_printf
                0x80012390                f_truncate
                0x80012628                f_opendir
                0x80012710                f_utime
                0x800127b8                f_chmod
                0x80012860                f_unlink
                0x80013530                f_rename
                0x80013810                f_mkdir
                0x80013b8c                f_open
                0x80013eac                f_stat
 .text          0x80014398      0x588 Library/hal/fat_fs/option/ccsbcs.o
                0x80014398                ff_convert
                0x80014410                ff_wtoupper
 .text          0x80014920       0x38 Library/hal/fat_fs/option/syscall.o
                0x80014920                ff_memfree
                0x8001493c                ff_memalloc
 .text          0x80014958        0x0 Library/hal/fat_fs/option/unicode.o
 .text          0x80014958     0x252c Library/hal/gps_ublox.o
                0x800149dc                gps_ublox_init
                0x80014e84                gps_ublox_configure_gps
                0x80014fa0                gps_ublox_update
 .text          0x80016e84      0x570 Library/hal/gps_ublox_telemetry.o
                0x80016e84                gps_ublox_telemetry_send_raw
 .text          0x800173f4       0xd4 Library/hal/hmc5883l.o
                0x800173f4                hmc5883l_update
                0x8001745c                hmc5883l_init_slow
 .text          0x800174c8      0x2fc Library/hal/i2c_driver_int.o
                0x800175a8                i2c_driver_trigger_request
                0x8001766c                i2c_driver_reset
                0x800176d6                i2c_driver_init
 .text          0x800177c4      0x3c8 Library/hal/lsm330dlc.o
                0x800177c4                lsm330dlc_init
                0x800178e8                lsm330dlc_acc_update
                0x80017a20                lsm330dlc_gyro_update
 .text          0x80017b8c      0x63c Library/hal/piezo_speaker.o
                0x80017b8c                piezo_speaker_init_binary
                0x80017bd4                piezo_speaker_init
                0x80017c40                piezo_speaker_beep
                0x80017d10                piezo_speaker_mario_melody
                0x80017de4                piezo_speaker_star_wars
                0x80018018                piezo_speaker_critical_error_melody
                0x80018060                piezo_speaker_startup_bb
                0x800180b0                piezo_speaker_quick_startup
                0x800180f0                piezo_speaker_startup_melody
 .text          0x800181c8      0x378 Library/hal/pwm_servos.o
                0x800181c8                write_channels
                0x80018212                pwm_servos_write_to_hardware
                0x800183a4                pwm_servos_calibrate_esc
                0x80018420                pwm_servos_init
                0x80018538                servo_timer_freq
                0x8001853c                servo_center_pulse_us
                0x8001853e                servo_magnitude
 .text          0x80018540     0x30ac Library/hal/sd_spi.o
                0x80018540                sd_spi_get_sector_count
                0x80018568                sd_spi_get_sector_size
                0x80018578                sd_spi_get_block_size
                0x800185ec                sd_spi_get_capacity
                0x80018aac                sd_spi_reset_card
                0x80018b8c                sd_spi_wait_not_busy
                0x80018c2c                sd_spi_write_given_sector_from_ram
                0x80018ed0                sd_mmc_spi_read_open_PDCA
                0x80019004                sd_spi_read_sector_to_ram_pcda
                0x80019190                sd_spi_status
                0x800194f0                sd_spi_read_given_sector_to_ram
                0x80019698                sd_mmc_spi_read_sector_to_ram
                0x80019818                sd_spi_write_sector_from_ram
                0x80019a1c                is_sd_spi_write_pwd_locked
                0x80019db0                sd_spi_init
                0x8001ab9c                sd_spi_mem_check
                0x8001af40                sd_spi_test
                0x8001b1e8                dummy_data
 .text          0x8001b5ec       0xf4 Library/hal/servos.o
                0x8001b5ec                servos_set_value
                0x8001b648                servos_set_value_failsafe
                0x8001b674                servos_init
 .text          0x8001b6e0      0x2b8 Library/hal/servos_telemetry.o
                0x8001b6e0                servos_telemetry_mavlink_send
 .text          0x8001b998      0x164 Library/hal/sonar_i2cxl.o
                0x8001b998                sonar_i2cxl_init
                0x8001ba0c                sonar_i2cxl_get_last_measure
                0x8001ba9c                sonar_i2cxl_send_range_command
                0x8001bacc                sonar_i2cxl_update
                0x8001baf8                SONAR_I2CXL_DEFAULT_ADDRESS
                0x8001baf9                SONAR_I2CXL_RANGE_COMMAND
                0x8001bafa                SONAR_I2CXL_CHANGE_ADDRESS_COMMAND_1
                0x8001bafb                SONAR_I2CXL_CHANGE_ADDRESS_COMMAND_2
 .text          0x8001bafc      0x414 Library/hal/sonar_telemetry.o
                0x8001bafc                sonar_telemetry_send
 .text          0x8001bf10      0x5c8 Library/hal/spektrum_satellite.o
                0x8001bf10                spektrum_satellite_get_channel
                0x8001bf34                spektrum_satellite_get_neutral
                0x8001c1e0                spektrum_satellite_switch_off
                0x8001c20c                spektrum_satellite_switch_on
                0x8001c238                spektrum_satellite_bind
                0x8001c3b4                spektrum_satellite_init
 .text          0x8001c4d8      0x15c Library/hal/time_keeper.o
                0x8001c4d8                time_keeper_ticks_to_seconds
                0x8001c514                time_keeper_get_time_ticks
                0x8001c534                time_keeper_get_micros
                0x8001c550                time_keeper_delay_until
                0x8001c574                time_keeper_delay_micros
                0x8001c5a4                time_keeper_get_millis
                0x8001c5d0                time_keeper_get_time
                0x8001c600                time_keeper_init
 .text          0x8001c634       0xec Library/hal/usb_int.o
                0x8001c634                usb_int_set_usb_conf
                0x8001c65c                usb_int_get_usb_handle
                0x8001c678                usb_int_register_write_stream
                0x8001c6a0                usb_int_register_read_stream
                0x8001c6ac                usb_int_send_byte
                0x8001c6f8                usb_int_init
 .text          0x8001c720       0xb8 Library/hal/xbee.o
                0x8001c720                xbee_get_in_stream
                0x8001c73c                xbee_get_out_stream
                0x8001c758                xbee_init
 .text          0x8001c7d8      0xb28 Library/runtime/scheduler_telemetry.o
                0x8001c7d8                scheduler_telemetry_send_rt_stats
 .text          0x8001d300       0x62 Library/sensing/ahrs.o
                0x8001d300                ahrs_init
 *fill*         0x8001d362        0x2 d703d703
 .text          0x8001d364      0x580 Library/sensing/ahrs_telemetry.o
                0x8001d364                ahrs_telemetry_send_attitude_quaternion
                0x8001d62c                ahrs_telemetry_send_attitude
 .text          0x8001d8e4      0x168 Library/sensing/altitude_estimation.o
                0x8001d8e4                altitude_estimation_init
                0x8001d8f8                altitude_estimation_update
 .text          0x8001da4c      0x3bc Library/sensing/altitude_estimation_telemetry.o
                0x8001da4c                altitude_estimation_telemetry_send
 .text          0x8001de08      0x7b8 Library/sensing/imu_telemetry.o
                0x8001de08                imu_telemetry_send_raw
                0x8001e0d8                imu_telemetry_init
                0x8001e2e0                imu_telemetry_send_scaled
 .text          0x8001e5c0      0xb44 Library/sensing/position_estimation.o
                0x8001e5c0                position_estimation_reset_home_altitude
                0x8001e734                position_estimation_init
                0x8001eca4                position_estimation_update
 .text          0x8001f104      0x7f4 Library/sensing/position_estimation_telemetry.o
                0x8001f104                position_estimation_telemetry_init
                0x8001f304                position_estimation_telemetry_send_position
                0x8001f598                position_estimation_telemetry_send_global_position
 .text          0x8001f8f8      0xb28 Library/sensing/qfilter.o
                0x8001f8f8                qfilter_init
                0x8001f938                qfilter_update
 .text          0x80020420      0xc9c Library/sensing/simulation_telemetry.o
                0x80020420                simulation_telemetry_send_state
                0x800208f8                simulation_telemetry_init
                0x80020afc                simulation_telemetry_send_quaternions
 .text          0x800210bc      0x920 Library/util/linear_algebra.o
                0x800210bc                inv4
                0x800217ec                inv3
                0x8002194c                inv2
 .text          0x800219dc      0x470 Library/util/matrixlib_float.o
                0x800219dc                matf_zeros
                0x80021a08                matf_diag
                0x80021a42                matf_copy
                0x80021a64                matf_cross
                0x80021ab8                matf_copy_part
                0x80021b16                matf_sum
                0x80021b3c                matf_add
                0x80021b6c                matf_multiply_factor
                0x80021b92                matf_sub
                0x80021bc2                matf_tr
                0x80021c02                matf_multiply
                0x80021cec                matf_multiply_Bt
                0x80021dc8                matf_norm
                0x80021e00                matf_std
 .text          0x80021e4c      0x7ec Library/util/quick_trig.o
                0x80021e4c                quick_trig_atan
                0x80021f84                quick_trig_acos
                0x80022064                quick_trig_asin
                0x8002208c                quick_trig_tan
                0x80022194                quick_trig_sin
                0x800222c0                quick_trig_cos
                0x800222e8                acos_x_min
                0x800222ec                acos_x_max
                0x800222f0                acos_x_step
                0x800222f4                acos_y
                0x800223bc                sin_x_min
                0x800223c0                sin_x_max
                0x800223c4                sin_x_step
                0x800223c8                sin_y
                0x80022490                tan_x_min
                0x80022494                tan_x_max
                0x80022498                tan_x_step
                0x8002249c                tan_y
                0x80022564                atan_x_min
                0x80022568                atan_x_max
                0x8002256c                atan_x_step
                0x80022570                atan_y
 .text          0x80022638      0x46c src/central_data.o
                0x80022638                central_data_get_pointer_to_struct
                0x80022654                central_data_init
 .text          0x80022aa4      0xb38 src/mavlink_telemetry.o
                0x80022aa4                mavlink_telemetry_add_data_logging_parameters
                0x80022b8c                mavlink_telemetry_add_onboard_parameters
                0x80023158                mavlink_telemetry_init_communication_module
                0x800231c0                mavlink_telemetry_init
 .text          0x800235dc      0x56c src/tasks.o
                0x800235dc                tasks_get_main_taskset
                0x80023608                tasks_create_tasks
                0x800237d8                tasks_led_toggle
                0x800237f8                tasks_run_sonar_update
                0x8002383c                tasks_run_barometer_update
                0x80023880                tasks_run_gps_update
                0x800238c4                tasks_run_imu_update
                0x80023964                tasks_run_stabilisation
 .text          0x80023b48      0x508 Library/communication/mavlink_stream.o
                0x80023b48                mavlink_stream_init
                0x80023b6c                mavlink_stream_flush
                0x80023b82                mavlink_stream_receive
                0x80023ee8                mavlink_stream_send
 .text          0x80024050      0xaf4 Library/communication/onboard_parameters.o
                0x8002408a                onboard_parameters_read_parameters_from_flashc
                0x80024160                onboard_parameters_write_parameters_to_flashc
                0x8002423c                onboard_parameters_preflight_storage
                0x800242b0                onboard_parameters_add_parameter_float
                0x80024358                onboard_parameters_add_parameter_int32
                0x80024400                onboard_parameters_add_parameter_uint32
                0x80024490                onboard_parameters_init
 .text          0x80024b44     0x1c50 Library/control/navigation.o
                0x80024be0                navigation_waypoint_hold_init
                0x80025380                navigation_init
                0x80025c08                navigation_update
 .text          0x80026794       0xb0 Library/control/stabilisation.o
                0x80026794                stabilisation_run
                0x80026800                stabilisation_init
 .text          0x80026844      0x484 Library/hal/adc_int.o
                0x80026844                adc_int_clear_sequencer
                0x80026870                adc_int_sequencer_add
                0x800268e8                adc_int_sampling_complete
                0x80026914                adc_int_get_sample
                0x80026938                adc_int_get_buffer
                0x80026954                adc_int_get_sampling_status
                0x80026970                adc_int_get_period
                0x8002698c                adc_int_stop_sampling
                0x800269b4                adc_int_start_sampling
                0x80026a68                adc_int_init
 .text          0x80026cc8      0x388 Library/hal/ads1274.o
                0x80026cc8                get_interrupt_counter
                0x80026ce4                ads1274_set_DAC_generator_function
                0x80026d00                get_sample
                0x80026d28                get_sampling_status
                0x80026d48                ads1274_ADC_start_oneshot
                0x80026d68                eic_nmi_handler
                0x80026da0                ads1274_ADC_switch_clock
                0x80026df8                ads1274_init_DAC
                0x80026f40                process_data
 .text          0x80027050      0x830 Library/hal/bmp085.o
                0x80027050                bmp085_reset_origin_altitude
                0x8002706c                bmp085_update
                0x800274a4                bmp085_init_slow
                0x80027850                bmp085_init
 .text          0x80027880      0x300 Library/hal/dac_dma.o
                0x80027880                DAC_pause
                0x8002788a                DAC_resume
                0x80027894                DAC_is_finished
                0x8002789e                dac_dma_set_value
                0x800278bc                dac_dma_play
                0x8002797c                dac_dma_init
                0x80027a5c                init_gclk
                0x80027a8c                init_pevc
                0x80027ad0                dac_dma_load_buffer
 .text          0x80027b80      0x34c Library/hal/led.o
                0x80027b80                LED_Read_Display
                0x80027b9c                LED_Display
                0x80027c48                LED_Read_Display_Mask
                0x80027c68                LED_Test
                0x80027c8c                LED_Get_Intensity
                0x80027c96                LED_Set_Intensity
                0x80027ca0                LED_Read_Display_Field
                0x80027ccc                LED_Toggle
                0x80027d2c                LED_Off
                0x80027d8c                LED_On
                0x80027df0                LED_Display_Mask
                0x80027e74                LED_Display_Field
 .text          0x80027ecc      0x71c Library/hal/spi_buffered.o
                0x80027ecc                spi_buffered_get_spi_in_buffer
                0x80027ef0                spi_buffered_set_callback
                0x80027f14                spi_buffered_pause
                0x80027f3c                spi_buffered_activate_receive
                0x80027f64                spi_buffered_deactivate_receive
                0x80027f8c                spi_buffered_clear_read_buffer
                0x80027fb4                spi_buffered_get_traffic
                0x80027fd8                spi_buffered_read
                0x80028018                spi_buffered_is_transfered_finished
                0x80028044                spi_buffered_bytes_available
                0x80028070                spi_buffered_transmit
                0x800280e4                spi_handler
                0x80028178                spi1_int_handler
                0x80028198                spi0_int_handler
                0x800281b8                spi_buffered_start
                0x8002821c                spi_buffered_write
                0x80028270                spi_buffered_resume
                0x800282a4                spi_buffered_flush_buffer
                0x800282e0                spi_buffered_disable
                0x80028310                spi_buffered_enable
                0x80028340                spi_buffered_trigger_DMA
                0x800283d4                spi_buffered_init_DMA
                0x800284bc                spi_buffered_init
 .text          0x800285e8      0x6b0 Library/hal/uart_int.o
                0x800285e8                uart_int_set_usart_conf
                0x80028674                uart_int_get_uart_handle
                0x80028698                uart_int_register_write_stream
                0x800286d0                uart_int_register_read_stream
                0x800286de                uart_int_flush
                0x8002870c                uart_out_buffer_empty
                0x8002872c                uart_int_send_byte
                0x80028768                uart_int_bytes_available
                0x80028788                uart_int_get_byte
                0x800287ac                register_UART_handler
                0x80028884                uart_int_init
 .text          0x80028c98      0x518 Library/runtime/scheduler.o
                0x80028c98                scheduler_sort_tasks
                0x80028ddc                scheduler_get_task_by_id
                0x80028e20                scheduler_get_task_by_index
                0x80028e42                scheduler_change_run_mode
                0x80028e4e                scheduler_run_task_now
                0x80028e7c                scheduler_change_task_period
                0x80028eac                scheduler_suspend_task
                0x80028ed0                scheduler_update
                0x80029074                scheduler_add_task
                0x80029140                scheduler_init
 .text          0x800291b0      0x4c4 Library/sensing/imu.o
                0x800291b0                imu_update
                0x8002947c                imu_init
 .text          0x80029674     0x1de8 Library/sensing/simulation.o
                0x80029674                simulation_calib_set
                0x800297d4                simulation_switch_from_simulation_to_reality
                0x80029a08                simulation_switch_from_reality_to_simulation
                0x80029a48                simulation_simulate_sonar
                0x80029ac4                simulation_simulate_barometer
                0x80029b04                simulation_fake_gps_fix
                0x80029be8                simulation_simulate_gps
                0x80029c88                simulation_init
                0x80029e14                forces_from_servos_diag_quad
                0x8002a5f4                simulation_update
 .text          0x8002b45c      0x1bc Library/util/buffer.o
                0x8002b45c                buffer_full
                0x8002b478                buffer_put_lossy
                0x8002b4c4                buffer_put
                0x8002b514                buffer_get
                0x8002b544                buffer_empty
                0x8002b55c                buffer_bytes_available
                0x8002b578                buffer_init
                0x8002b590                buffer_clear
                0x8002b5a8                buffer_make_buffered_stream
                0x8002b5e0                buffer_make_buffered_stream_lossy
 .text          0x8002b618      0x554 Library/util/coord_conventions.o
                0x8002b618                coord_conventions_get_yaw
                0x8002b690                coord_conventions_quaternion_from_aero
                0x8002b778                coord_conventions_quat_to_aero
                0x8002b8c8                coord_conventions_local_to_global_position
                0x8002b9d0                coord_conventions_global_to_local_position
 .text          0x8002bb6c      0x154 Library/util/generator.o
                0x8002bb6c                generator_init_dac_buffer_triangle
                0x8002bbd0                generator_ramp_generator
                0x8002bbde                generator_arbitrary_generator
                0x8002bc04                generator_init_dac_buffer_sine
 .text          0x8002bcc0      0x6ec Library/util/print_util.o
                0x8002bcc0                print_util_get_debug_stream
                0x8002bcdc                print_util_dbg_print_init
                0x8002bcf8                print_util_putstring
                0x8002bd30                print_util_putstring_length
                0x8002bd62                print_util_putdigit
                0x8002bd9c                putnum_tight
                0x8002be20                print_util_putnum
                0x8002beac                print_util_putlong
                0x8002bf88                print_util_putfloat
                0x8002c050                print_util_print_vector
                0x8002c0e4                print_util_print_quaternion
                0x8002c158                print_util_print_matrix
                0x8002c23c                print_util_dbg_print
                0x8002c264                print_util_dbg_print_num
                0x8002c290                print_util_dbg_putfloat
                0x8002c2bc                print_util_dbg_print_vector
                0x8002c2e8                print_util_dbg_print_quaternion
                0x8002c314                print_util_dbg_log_value
                0x8002c360                print_util_dbg_print_long
 .text          0x8002c3ac        0x0 Library/util/sinus.o
 .text          0x8002c3ac      0x594 src/asf/avr32/drivers/adcifa/adcifa.o
                0x8002c3ac                adcifa_get_calibration_data
                0x8002c3e8                adcifa_configure
                0x8002c49c                adcifa_configure_sequencer
                0x8002c750                adcifa_configure_window_monitor
                0x8002c7ce                adcifa_start_sequencer
                0x8002c80a                adcifa_check_eoc
                0x8002c83c                adcifa_check_eos
                0x8002c86e                adcifa_get_values_from_sequencer
                0x8002c8f8                adcifa_start_itimer
                0x8002c90a                adcifa_stop_itimer
                0x8002c918                adcifa_enable_interrupt
                0x8002c926                adcifa_disable_interrupt
                0x8002c934                adcifa_clear_interrupt
 .text          0x8002c940      0x21c src/asf/avr32/drivers/ast/ast.o
                0x8002c940                ast_enable
                0x8002c960                ast_set_calendar_value
                0x8002c97e                ast_init_calendar
                0x8002c9bc                ast_set_counter_value
                0x8002c9d8                ast_init_counter
                0x8002ca04                ast_get_calendar_value
                0x8002ca10                ast_get_counter_value
                0x8002ca1c                ast_set_alarm0_value
                0x8002ca28                ast_set_alarm1_value
                0x8002ca34                ast_enable_alarm0
                0x8002ca56                ast_disable_alarm0
                0x8002ca78                ast_enable_alarm1
                0x8002ca9a                ast_disable_alarm1
                0x8002cabc                ast_set_periodic0_value
                0x8002cac8                ast_set_periodic1_value
                0x8002cad4                ast_enable_periodic0
                0x8002caf6                ast_disable_periodic0
                0x8002cb18                ast_enable_periodic1
                0x8002cb3a                ast_disable_periodic1
 .text          0x8002cb5c      0x444 src/asf/avr32/drivers/dacifb/dacifb.o
                0x8002cb5c                dacifb_get_calibration_data
                0x8002cb8a                dacifb_check_eoc
                0x8002cb96                dacifb_set_value
                0x8002cbd2                dacifb_reload_timer
                0x8002cc2a                dacifb_start_channel
                0x8002ccd4                dacifb_configure_channel
                0x8002cefa                dacifb_configure
 .text          0x8002cfa0      0x1c8 src/asf/avr32/drivers/eic/eic.o
                0x8002cfa0                eic_init
                0x8002d05a                eic_enable_lines
                0x8002d066                eic_enable_line
                0x8002d078                eic_disable_lines
                0x8002d084                eic_disable_line
                0x8002d096                eic_is_line_enabled
                0x8002d0ae                eic_enable_interrupt_lines
                0x8002d0ba                eic_enable_interrupt_line
                0x8002d0cc                eic_is_interrupt_line_enabled
                0x8002d0e4                eic_is_interrupt_line_pending
                0x8002d0fc                eic_clear_interrupt_line
                0x8002d11a                eic_clear_interrupt_lines
                0x8002d132                eic_disable_interrupt_line
                0x8002d150                eic_disable_interrupt_lines
 .text          0x8002d168     0x18f4 src/asf/avr32/drivers/flashc/flashc.o
                0x8002d168                flashc_get_flash_size
                0x8002d190                flashc_get_page_count
                0x8002d1b0                flashc_get_page_count_per_region
                0x8002d1d0                flashc_get_region_first_page_number
                0x8002d1f0                flashc_get_wait_state
                0x8002d204                flashc_set_wait_state
                0x8002d21a                flashc_set_bus_freq
                0x8002d258                flashc_is_ready_int_enabled
                0x8002d26c                flashc_enable_ready_int
                0x8002d282                flashc_is_lock_error_int_enabled
                0x8002d296                flashc_enable_lock_error_int
                0x8002d2ac                flashc_is_prog_error_int_enabled
                0x8002d2c0                flashc_enable_prog_error_int
                0x8002d2d6                flashc_is_ready
                0x8002d2ea                flashc_default_wait_until_ready
                0x8002d308                flashc_is_lock_error
                0x8002d328                flashc_is_programming_error
                0x8002d348                flashc_get_command
                0x8002d35c                flashc_get_page_number
                0x8002d370                flashc_get_page_region
                0x8002d3a4                flashc_issue_command
                0x8002d3f8                flashc_no_operation
                0x8002d418                flashc_erase_all
                0x8002d438                flashc_is_security_bit_active
                0x8002d44c                flashc_activate_security_bit
                0x8002d46c                flashc_is_region_locked
                0x8002d48c                flashc_is_page_region_locked
                0x8002d4b4                flashc_lock_page_region
                0x8002d4e0                flashc_lock_region
                0x8002d514                flashc_lock_all_regions
                0x8002d6b8                flashc_read_all_gp_fuses
                0x8002d6de                flashc_read_gp_fuse_byte
                0x8002d728                flashc_read_gp_fuse_bitfield
                0x8002d7a8                flashc_get_bootloader_protected_size
                0x8002d7dc                flashc_read_gp_fuse_bit
                0x8002d824                flashc_is_external_privileged_fetch_locked
                0x8002d848                flashc_erase_gp_fuse_bit
                0x8002d884                flashc_erase_gp_fuse_bitfield
                0x8002d938                flashc_erase_all_gp_fuses
                0x8002d974                flashc_write_gp_fuse_bit
                0x8002d99c                flashc_write_gp_fuse_bitfield
                0x8002da08                flashc_write_gp_fuse_byte
                0x8002da30                flashc_erase_gp_fuse_byte
                0x8002dc2c                flashc_write_all_gp_fuses
                0x8002dd38                flashc_set_gp_fuse_bit
                0x8002dd68                flashc_lock_external_privileged_fetch
                0x8002dd90                flashc_set_gp_fuse_bitfield
                0x8002ddfc                flashc_set_gp_fuse_byte
                0x8002de6c                flashc_set_all_gp_fuses
                0x8002dee0                flashc_clear_page_buffer
                0x8002df00                flashc_is_page_erased
                0x8002df14                flashc_quick_page_read
                0x8002df40                flashc_erase_page
                0x8002df88                flashc_erase_all_pages
                0x8002dfe4                flashc_write_page
                0x8002e004                flashc_quick_user_page_read
                0x8002e030                flashc_erase_user_page
                0x8002e064                flashc_write_user_page
                0x8002e084                flashc_memset64
                0x8002e3b0                flashc_memset32
                0x8002e3dc                flashc_memset16
                0x8002e3fc                flashc_memset8
                0x8002e420                flashc_memcpy
                0x8002e94c                flashc_set_flash_waitstate_and_readmode
                0x8002e9b8                flashc_set_bootloader_protected_size
 .text          0x8002ea5c      0x64c src/asf/avr32/drivers/gpio/gpio.o
                0x8002ea5c                gpio_enable_module_pin
                0x8002eb3c                gpio_enable_module
                0x8002eb7c                gpio_enable_gpio_pin
                0x8002eb9a                gpio_enable_gpio
                0x8002ebcc                gpio_enable_pin_pull_up
                0x8002ebec                gpio_disable_pin_pull_up
                0x8002ec08                gpio_enable_pin_pull_down
                0x8002ec28                gpio_disable_pin_pull_down
                0x8002ec44                gpio_enable_pin_buskeeper
                0x8002ec64                gpio_disable_pin_buskeeper
                0x8002ec84                gpio_configure_pin
                0x8002ed4e                gpio_configure_group
                0x8002ee06                gpio_get_pin_value
                0x8002ee24                gpio_get_gpio_pin_output_value
                0x8002ee42                gpio_get_gpio_open_drain_pin_output_value
                0x8002ee64                gpio_set_gpio_pin
                0x8002ee86                gpio_set_pin_high
                0x8002eea2                gpio_set_group_high
                0x8002eeb6                gpio_set_pin_low
                0x8002eed2                gpio_clr_gpio_pin
                0x8002eef4                gpio_set_group_low
                0x8002ef08                gpio_tgl_gpio_pin
                0x8002ef2a                gpio_toggle_pin
                0x8002ef46                gpio_toggle_group
                0x8002ef5a                gpio_set_gpio_open_drain_pin
                0x8002ef78                gpio_clr_gpio_open_drain_pin
                0x8002ef9a                gpio_tgl_gpio_open_drain_pin
                0x8002efbc                gpio_enable_pin_glitch_filter
                0x8002efd8                gpio_disable_pin_glitch_filter
                0x8002eff4                gpio_enable_pin_interrupt
                0x8002f04e                gpio_disable_pin_interrupt
                0x8002f06a                gpio_get_pin_interrupt_flag
                0x8002f08a                gpio_clear_pin_interrupt_flag
 .text          0x8002f0a8        0x0 src/asf/avr32/drivers/intc/exception.o
 .text          0x8002f0a8       0xf4 src/asf/avr32/drivers/intc/intc.o
                0x8002f0b0                INTC_register_interrupt
                0x8002f0f4                INTC_init_interrupts
                0x8002f154                _get_interrupt_handler
 .text          0x8002f19c      0x394 src/asf/avr32/drivers/pdca/pdca.o
                0x8002f19c                pdca_get_handler
                0x8002f1b6                pdca_get_channel_status
                0x8002f1d8                pdca_disable
                0x8002f1f8                pdca_enable
                0x8002f218                pdca_get_load_size
                0x8002f238                pdca_get_reload_size
                0x8002f258                pdca_set_peripheral_select
                0x8002f278                pdca_set_transfer_size
                0x8002f2a0                pdca_disable_event_trigger
                0x8002f2c4                pdca_enable_event_trigger
                0x8002f2e8                pdca_enable_interrupt_transfer_error
                0x8002f308                pdca_enable_interrupt_transfer_complete
                0x8002f328                pdca_enable_interrupt_reload_counter_zero
                0x8002f348                pdca_get_transfer_status
                0x8002f368                pdca_disable_interrupt_reload_counter_zero
                0x8002f3a4                pdca_disable_interrupt_transfer_complete
                0x8002f3e0                pdca_disable_interrupt_transfer_error
                0x8002f41c                pdca_reload_channel
                0x8002f468                pdca_load_channel
                0x8002f4b4                pdca_init_channel
 .text          0x8002f530      0x376 src/asf/avr32/drivers/pevc/pevc.o
                0x8002f530                pevc_channel_configure
                0x8002f5b4                pevc_igfd_set
                0x8002f5c4                pevc_channels_enable
                0x8002f5e2                pevc_channels_disable
                0x8002f600                pevc_get_channel_status
                0x8002f63e                pevc_get_channel_state
                0x8002f67c                pevc_channel_sev_enable
                0x8002f698                pevc_channels_trigger_sev
                0x8002f6b6                pevc_channel_sev_disable
                0x8002f6d2                pevc_channels_enable_trigger_interrupt
                0x8002f6f0                pevc_channels_disable_trigger_interrupt
                0x8002f70e                pevc_channel_is_trigger_interrupt_enabled
                0x8002f750                pevc_channel_is_trigger_interrupt_raised
                0x8002f78e                pevc_channel_clear_trigger_interrupt
                0x8002f7ba                pevc_channels_enable_overrun_interrupt
                0x8002f7d8                pevc_channels_disable_overrun_interrupt
                0x8002f7f6                pevc_channel_is_overrun_interrupt_enabled
                0x8002f838                pevc_channel_is_overrun_interrupt_raised
                0x8002f87a                pevc_channel_clear_overrun_interrupt
 .text          0x8002f8a6      0x1b6 src/asf/avr32/drivers/pm/pm_uc3c.o
                0x8002f8a6                pm_wait_for_clk_ready
                0x8002f8ce                pm_disable_module
                0x8002f90e                pm_enable_module
                0x8002f94e                pm_disable_clk_domain_div
                0x8002f9a0                pm_set_clk_domain_div
                0x8002f9f2                pm_config_mainclk_safety
                0x8002fa36                pm_set_mclk_source
 .text          0x8002fa5c      0x370 src/asf/avr32/drivers/pm/power_clocks_lib.o
                0x8002fa5c                pcl_read_gplp
                0x8002fa78                pcl_write_gplp
                0x8002fa94                pcl_configure_usb_clock
                0x8002fb0c                pcl_switch_to_osc
                0x8002fb70                pcl_configure_clocks
 .text          0x8002fdcc      0x8ec src/asf/avr32/drivers/pwm/pwm4.o
                0x8002fdcc                pwm_write_protect_hw_lock
                0x8002fe9a                pwm_write_protect_sw_lock
                0x8002ff5e                pwm_write_protect_sw_unlock
                0x80030020                pwm_write_protect_status
                0x8003003e                pwm_channel_init
                0x80030084                pwm_start_channels
                0x800300a2                pwm_stop_channels
                0x800300c0                pwm_update_channel
                0x8003010a                pwm_interrupt_update_channel
                0x80030140                pwm_output_override_setup
                0x800301a4                pwm_output_override_write
                0x80030268                pwm_update_period_value
                0x80030278                pwm_synchronous_prepare_update
                0x800302b6                pwm_update_manual_write_manual_update
                0x800302ca                pwm_update_manual_write_auto_update
                0x800302e0                pwm_update_auto_write_auto_update_check_ready
                0x800302f6                pwm_update_auto_write_auto_update_check_eot
                0x8003030c                pwm_fault_lines_polarity_setup
                0x800303d0                pwm_fault_lines_level_setup
                0x80030454                pwm_fault_lines_enable
                0x800304a0                pwm_get_fault_status
                0x800304b0                pwm_clr_fault_status
                0x800304c6                pwm_compare_match_setup
                0x8003050e                pwm_compare_match_reload_setup
                0x80030556                pwm_compare_event_enable
                0x80030578                pwm_compare_event_disable
                0x800305a2                pwm_init
 .text          0x800306b8      0x850 src/asf/avr32/drivers/scif/scif_uc3c.o
                0x800306b8                scif_read_gplp
                0x800306cc                scif_write_gplp
                0x800306ea                scif_is_osc_ready
                0x80030710                scif_wait_for_pll_locked
                0x8003073a                scif_start_gclk
                0x80030780                scif_stop_gclk
                0x800307b8                scif_gc_setup
                0x80030858                scif_gc_enable
                0x8003087c                scif_bod18_enable_irq
                0x8003088e                scif_bod18_clear_irq
                0x800308a0                scif_bod18_get_irq_status
                0x800308b4                scif_bod18_get_irq_enable_bit
                0x800308c8                scif_bod18_get_level
                0x800308dc                scif_bod33_enable_irq
                0x800308f0                scif_bod33_clear_irq
                0x80030904                scif_bod33_get_irq_status
                0x80030918                scif_bod33_get_irq_enable_bit
                0x8003092c                scif_bod33_get_level
                0x80030940                scif_bod50_enable_irq
                0x80030954                scif_bod50_clear_irq
                0x80030968                scif_bod50_get_irq_status
                0x8003097c                scif_bod50_get_irq_enable_bit
                0x80030990                scif_bod50_get_level
                0x800309a4                scif_bod50_disable_irq
                0x800309d8                scif_bod33_disable_irq
                0x80030a0c                scif_bod18_disable_irq
                0x80030a3c                scif_stop_rc120M
                0x80030a68                scif_start_rc120M
                0x80030a92                scif_stop_rc8M
                0x80030abe                scif_start_rc8M
                0x80030af2                scif_stop_osc32
                0x80030b1e                scif_start_osc32
                0x80030b7c                scif_pll_disable
                0x80030bc4                scif_pll_enable
                0x80030c0c                scif_pll_setup
                0x80030c7e                scif_enable_extosc
                0x80030cc6                scif_enable_osc
                0x80030d38                scif_configure_osc_extmode
                0x80030d80                scif_configure_osc_crystalmode
                0x80030e44                scif_stop_osc
                0x80030e76                scif_start_osc
 .text          0x80030f08      0x3c0 src/asf/avr32/drivers/spi/spi.o
                0x80030f08                getBaudDiv
                0x80030f2c                spi_initSlave
                0x80030f90                spi_initTest
                0x80030fac                spi_initMaster
                0x80030fee                spi_selectionMode
                0x8003102e                spi_selectChip
                0x8003108a                spi_unselectChip
                0x800310ba                spi_setupChipReg
                0x80031184                spi_enable
                0x80031192                spi_disable
                0x800311a0                spi_is_enabled
                0x800311b0                spi_writeRegisterEmptyCheck
                0x800311c0                spi_write
                0x800311e6                spi_variableSlaveWrite
                0x8003123c                spi_writeEndCheck
                0x8003124c                spi_readRegisterFullCheck
                0x8003125c                spi_read
                0x80031288                spi_getStatus
 .text          0x800312c8      0x472 src/asf/avr32/drivers/tc/tc.o
                0x800312c8                tc_get_interrupt_settings
                0x800312e4                tc_select_external_clock
                0x8003132c                tc_init_capture
                0x80031354                tc_init_waveform
                0x800313fa                tc_start
                0x8003141e                tc_stop
                0x80031442                tc_software_trigger
                0x80031466                tc_sync_trigger
                0x80031476                tc_sync_start
                0x80031490                tc_read_sr
                0x800314ac                tc_read_tc
                0x800314cc                tc_read_ra
                0x800314ec                tc_read_rb
                0x8003150c                tc_read_rc
                0x8003152c                tc_write_ra
                0x80031570                tc_write_rb
                0x800315b4                tc_write_rc
                0x800315f8                tc_configure_interrupts
 *fill*         0x8003173a        0x2 d703d703
 .text          0x8003173c      0x8cc src/asf/avr32/drivers/twim/twim.o
                0x800318b4                twim_set_speed
                0x80031932                twim_status
                0x80031954                twim_disable_interrupt
                0x80031970                twim_chained_transfer
                0x80031b6c                twim_write
                0x80031c38                twim_probe
                0x80031c68                twim_write_packet
                0x80031d74                twim_read
                0x80031e40                twim_read_packet
                0x80031f28                twim_master_init
 .text          0x80032008      0x9c8 src/asf/avr32/drivers/usart/usart.o
                0x80032008                usart_spi_selectChip
                0x80032018                usart_spi_unselectChip
                0x80032040                usart_write_char
                0x80032060                usart_send_address
                0x800320a0                usart_putchar
                0x800320d8                usart_read_char
                0x80032108                usart_getchar
                0x80032144                usart_write_line
                0x80032174                usart_get_echo_line
                0x800321dc                usart_reset
                0x80032210                usart_init_spi_slave
                0x800322b0                usart_init_spi_master
                0x80032370                usart_init_iso7816
                0x80032424                usart_init_sync_slave
                0x800324f0                usart_init_sync_master
                0x800325e0                usart_init_rs232_tx_only
                0x800326cc                usart_init_rs232
                0x800327e8                usart_init_IrDA
                0x80032828                usart_init_rs485
                0x80032858                usart_init_modem
                0x80032888                usart_init_hw_handshaking
                0x800328b8                usart_init_lin_master
                0x80032944                usart_init_lin_slave
 .text          0x800329d0     0x1210 src/asf/avr32/drivers/usbc/usbc_device.o
                0x800329d0                udd_include_vbus_monitoring
                0x800329da                udd_is_high_speed
                0x800329e4                udd_set_address
                0x80032a0e                udd_getaddress
                0x80032a22                udd_get_frame_number
                0x80032a36                udd_get_micro_frame_number
                0x80032a40                udd_set_setup_payload
                0x80032a60                udd_ep_is_halted
                0x80032a7a                udd_ep_clear_halt
                0x80032ae8                udd_ep_wait_stall_clear
                0x80032b58                udd_ep_alloc
                0x80032d98                udd_ep_abort
                0x80032dc0                udd_ep_set_halt
                0x80032e00                udd_ep_free
                0x80032e30                udd_ep_run
                0x80033238                udd_enable
                0x8003395c                udd_detach
                0x800339c0                udd_attach
                0x80033af8                udd_disable
                0x80033b84                udd_send_wake_up
 .text          0x80033be0       0x8c src/asf/avr32/services/delay/delay.o
                0x80033be0                delay_init
                0x80033bfc                delay_ms
 .text          0x80033c6c        0x0 src/asf/avr32/utils/startup/startup_uc3.o
 .text._stext   0x80033c6c       0x50 src/asf/avr32/utils/startup/startup_uc3.o
                0x80033c6c                _stext
 .text          0x80033cbc        0x0 src/asf/avr32/utils/startup/trampoline_uc3.o
 .text          0x80033cbc       0x30 src/asf/common/boards/user_board/init.o
                0x80033cbc                board_init
 .text          0x80033cec      0x154 src/asf/common/services/clock/uc3c/osc.o
                0x80033cec                osc_priv_disable_rc120m
                0x80033d12                osc_priv_enable_rc120m
                0x80033d38                osc_priv_disable_rc8m
                0x80033d66                osc_priv_enable_rc8m
                0x80033da8                osc_priv_disable_osc32
                0x80033dce                osc_priv_enable_osc32
                0x80033df6                osc_priv_disable_osc0
                0x80033e1a                osc_priv_enable_osc0
 .text          0x80033e40       0x80 src/asf/common/services/clock/uc3c/pll.o
                0x80033e40                pll_disable
                0x80033e6a                pll_enable
                0x80033e96                pll_config_write
 .text          0x80033ec0      0x220 src/asf/common/services/clock/uc3c/sysclk.o
                0x80033ec0                sysclk_disable_usb
                0x80033ed4                sysclk_set_source
                0x80033ef6                sysclk_set_prescalers
                0x80033f66                sysclk_priv_disable_module
                0x80033fa0                sysclk_priv_enable_module
                0x80033fd8                sysclk_enable_usb
                0x80034034                sysclk_init
 .text          0x800340e0        0x0 src/asf/common/services/sleepmgr/uc3/sleepmgr.o
 .text          0x800340e0      0x284 src/asf/common/services/spi/uc3_spi/spi_master.o
                0x800340e0                spi_read_packet
                0x80034138                spi_write_packet
                0x80034168                spi_master_setup_device
 .text          0x80034364      0xab4 src/asf/common/services/usb/class/cdc/device/udi_cdc.o
                0x80034364                udi_cdc_data_disable
                0x8003436e                udi_cdc_comm_setup
                0x80034404                udi_cdc_data_setup
                0x8003440e                udi_cdc_getsetting
                0x80034418                udi_cdc_line_coding_received
                0x80034422                udi_cdc_is_rx_ready
                0x80034454                udi_cdc_is_tx_ready
                0x800344c8                udi_cdc_write_buf
                0x80034580                udi_cdc_putc
                0x800345f8                udi_cdc_data_recevied
                0x80034698                udi_cdc_signal_parity_error
                0x8003470c                udi_cdc_serial_state_msg_sent
                0x80034894                udi_cdc_data_sent
                0x800348d0                udi_cdc_data_sof_notify
                0x800348e4                udi_cdc_comm_disable
                0x80034910                udi_cdc_comm_enable
                0x80034958                udi_cdc_getc
                0x80034a40                udi_cdc_read_buf
                0x80034b4c                udi_cdc_ctrl_signal_dcd
                0x80034be0                udi_cdc_signal_framing_error
                0x80034c54                udi_cdc_ctrl_signal_dsr
                0x80034ce8                udi_cdc_signal_overrun
                0x80034d5c                udi_cdc_data_enable
 .text          0x80034e18        0x0 src/asf/common/services/usb/class/cdc/device/udi_cdc_desc.o
 .text          0x80034e18      0x88c src/asf/common/services/usb/udc/udc.o
                0x80034e18                udc_get_interface_desc
                0x80034e34                udc_sof_notify
                0x800350e8                udc_reset
                0x8003513c                udc_process_setup
 .text          0x800356a4       0x74 src/asf/common/utils/stdio/read.o
                0x800356a4                _read
 .text          0x80035718      0x154 src/asf/common/utils/stdio/stdio_usb/stdio_usb.o
                0x80035718                stdio_usb_enable
                0x80035738                stdio_usb_disable
                0x80035758                stdio_usb_vbus_event
                0x80035788                stdio_usb_init
                0x800357ec                stdio_usb_getchar
                0x80035834                stdio_usb_putchar
 .text          0x8003586c       0x50 src/asf/common/utils/stdio/write.o
                0x8003586c                _write
 .text          0x800358bc      0xbb4 src/boardsupport.o
                0x800358bc                boardsupport_init
 .text          0x80036470       0xb0 src/main.o
                0x80036470                initialisation()
                0x800364e8                main
 .text          0x80036520        0x0 d:/programmes/atmel/studio/7.0/toolchain/avr32/avr32-gnu-toolchain/bin/../lib/gcc/avr32/4.4.7/../../../../avr32/lib/ucr3fp\libm.a(lib_a-s_cos.o)
 .text.cos      0x80036520       0x9c d:/programmes/atmel/studio/7.0/toolchain/avr32/avr32-gnu-toolchain/bin/../lib/gcc/avr32/4.4.7/../../../../avr32/lib/ucr3fp\libm.a(lib_a-s_cos.o)
                0x80036520                cos
 .text          0x800365bc        0x0 d:/programmes/atmel/studio/7.0/toolchain/avr32/avr32-gnu-toolchain/bin/../lib/gcc/avr32/4.4.7/../../../../avr32/lib/ucr3fp\libm.a(lib_a-s_floor.o)
 .text.floor    0x800365bc      0x128 d:/programmes/atmel/studio/7.0/toolchain/avr32/avr32-gnu-toolchain/bin/../lib/gcc/avr32/4.4.7/../../../../avr32/lib/ucr3fp\libm.a(lib_a-s_floor.o)
                0x800365bc                floor
 .text          0x800366e4        0x0 d:/programmes/atmel/studio/7.0/toolchain/avr32/avr32-gnu-toolchain/bin/../lib/gcc/avr32/4.4.7/../../../../avr32/lib/ucr3fp\libm.a(lib_a-s_sin.o)
 .text.sin      0x800366e4       0xa0 d:/programmes/atmel/studio/7.0/toolchain/avr32/avr32-gnu-toolchain/bin/../lib/gcc/avr32/4.4.7/../../../../avr32/lib/ucr3fp\libm.a(lib_a-s_sin.o)
                0x800366e4                sin
 .text          0x80036784        0x0 d:/programmes/atmel/studio/7.0/toolchain/avr32/avr32-gnu-toolchain/bin/../lib/gcc/avr32/4.4.7/../../../../avr32/lib/ucr3fp\libm.a(lib_a-w_asin.o)
 .text.asin     0x80036784       0xb0 d:/programmes/atmel/studio/7.0/toolchain/avr32/avr32-gnu-toolchain/bin/../lib/gcc/avr32/4.4.7/../../../../avr32/lib/ucr3fp\libm.a(lib_a-w_asin.o)
                0x80036784                asin
 .text          0x80036834        0x0 d:/programmes/atmel/studio/7.0/toolchain/avr32/avr32-gnu-toolchain/bin/../lib/gcc/avr32/4.4.7/../../../../avr32/lib/ucr3fp\libm.a(lib_a-w_atan2.o)
 .text.atan2    0x80036834        0xc d:/programmes/atmel/studio/7.0/toolchain/avr32/avr32-gnu-toolchain/bin/../lib/gcc/avr32/4.4.7/../../../../avr32/lib/ucr3fp\libm.a(lib_a-w_atan2.o)
                0x80036834                atan2
 .text          0x80036840        0x0 d:/programmes/atmel/studio/7.0/toolchain/avr32/avr32-gnu-toolchain/bin/../lib/gcc/avr32/4.4.7/../../../../avr32/lib/ucr3fp\libm.a(lib_a-w_fmod.o)
 .text.fmod     0x80036840       0xbc d:/programmes/atmel/studio/7.0/toolchain/avr32/avr32-gnu-toolchain/bin/../lib/gcc/avr32/4.4.7/../../../../avr32/lib/ucr3fp\libm.a(lib_a-w_fmod.o)
                0x80036840                fmod
 .text          0x800368fc        0x0 d:/programmes/atmel/studio/7.0/toolchain/avr32/avr32-gnu-toolchain/bin/../lib/gcc/avr32/4.4.7/../../../../avr32/lib/ucr3fp\libm.a(lib_a-w_pow.o)
 .text.pow      0x800368fc      0x300 d:/programmes/atmel/studio/7.0/toolchain/avr32/avr32-gnu-toolchain/bin/../lib/gcc/avr32/4.4.7/../../../../avr32/lib/ucr3fp\libm.a(lib_a-w_pow.o)
                0x800368fc                pow
 .text          0x80036bfc        0x0 d:/programmes/atmel/studio/7.0/toolchain/avr32/avr32-gnu-toolchain/bin/../lib/gcc/avr32/4.4.7/../../../../avr32/lib/ucr3fp\libm.a(lib_a-w_sqrt.o)
 .text.sqrt     0x80036bfc       0xb4 d:/programmes/atmel/studio/7.0/toolchain/avr32/avr32-gnu-toolchain/bin/../lib/gcc/avr32/4.4.7/../../../../avr32/lib/ucr3fp\libm.a(lib_a-w_sqrt.o)
                0x80036bfc                sqrt
 .text          0x80036cb0        0x0 d:/programmes/atmel/studio/7.0/toolchain/avr32/avr32-gnu-toolchain/bin/../lib/gcc/avr32/4.4.7/../../../../avr32/lib/ucr3fp\libm.a(lib_a-wf_sqrt.o)
 .text.sqrtf    0x80036cb0       0xbc d:/programmes/atmel/studio/7.0/toolchain/avr32/avr32-gnu-toolchain/bin/../lib/gcc/avr32/4.4.7/../../../../avr32/lib/ucr3fp\libm.a(lib_a-wf_sqrt.o)
                0x80036cb0                sqrtf
 .text          0x80036d6c        0x0 d:/programmes/atmel/studio/7.0/toolchain/avr32/avr32-gnu-toolchain/bin/../lib/gcc/avr32/4.4.7/../../../../avr32/lib/ucr3fp\libm.a(lib_a-e_asin.o)
 .text.__ieee754_asin
                0x80036d6c      0x50c d:/programmes/atmel/studio/7.0/toolchain/avr32/avr32-gnu-toolchain/bin/../lib/gcc/avr32/4.4.7/../../../../avr32/lib/ucr3fp\libm.a(lib_a-e_asin.o)
                0x80036d6c                __ieee754_asin
 .text          0x80037278        0x0 d:/programmes/atmel/studio/7.0/toolchain/avr32/avr32-gnu-toolchain/bin/../lib/gcc/avr32/4.4.7/../../../../avr32/lib/ucr3fp\libm.a(lib_a-e_atan2.o)
 .text.__ieee754_atan2
                0x80037278      0x240 d:/programmes/atmel/studio/7.0/toolchain/avr32/avr32-gnu-toolchain/bin/../lib/gcc/avr32/4.4.7/../../../../avr32/lib/ucr3fp\libm.a(lib_a-e_atan2.o)
                0x80037278                __ieee754_atan2
 .text          0x800374b8        0x0 d:/programmes/atmel/studio/7.0/toolchain/avr32/avr32-gnu-toolchain/bin/../lib/gcc/avr32/4.4.7/../../../../avr32/lib/ucr3fp\libm.a(lib_a-e_fmod.o)
 .text.__ieee754_fmod
                0x800374b8      0x240 d:/programmes/atmel/studio/7.0/toolchain/avr32/avr32-gnu-toolchain/bin/../lib/gcc/avr32/4.4.7/../../../../avr32/lib/ucr3fp\libm.a(lib_a-e_fmod.o)
                0x800374b8                __ieee754_fmod
 .text          0x800376f8        0x0 d:/programmes/atmel/studio/7.0/toolchain/avr32/avr32-gnu-toolchain/bin/../lib/gcc/avr32/4.4.7/../../../../avr32/lib/ucr3fp\libm.a(lib_a-e_pow.o)
 .text.__ieee754_pow
                0x800376f8      0xaf0 d:/programmes/atmel/studio/7.0/toolchain/avr32/avr32-gnu-toolchain/bin/../lib/gcc/avr32/4.4.7/../../../../avr32/lib/ucr3fp\libm.a(lib_a-e_pow.o)
                0x800376f8                __ieee754_pow
 .text          0x800381e8        0x0 d:/programmes/atmel/studio/7.0/toolchain/avr32/avr32-gnu-toolchain/bin/../lib/gcc/avr32/4.4.7/../../../../avr32/lib/ucr3fp\libm.a(lib_a-e_rem_pio2.o)
 .text.__ieee754_rem_pio2
                0x800381e8      0x4a0 d:/programmes/atmel/studio/7.0/toolchain/avr32/avr32-gnu-toolchain/bin/../lib/gcc/avr32/4.4.7/../../../../avr32/lib/ucr3fp\libm.a(lib_a-e_rem_pio2.o)
                0x800381e8                __ieee754_rem_pio2
 .text          0x80038688        0x0 d:/programmes/atmel/studio/7.0/toolchain/avr32/avr32-gnu-toolchain/bin/../lib/gcc/avr32/4.4.7/../../../../avr32/lib/ucr3fp\libm.a(lib_a-e_sqrt.o)
 .text.__ieee754_sqrt
                0x80038688      0x19c d:/programmes/atmel/studio/7.0/toolchain/avr32/avr32-gnu-toolchain/bin/../lib/gcc/avr32/4.4.7/../../../../avr32/lib/ucr3fp\libm.a(lib_a-e_sqrt.o)
                0x80038688                __ieee754_sqrt
 .text          0x80038824        0x0 d:/programmes/atmel/studio/7.0/toolchain/avr32/avr32-gnu-toolchain/bin/../lib/gcc/avr32/4.4.7/../../../../avr32/lib/ucr3fp\libm.a(lib_a-ef_sqrt.o)
 .text.__ieee754_sqrtf
                0x80038824       0xd4 d:/programmes/atmel/studio/7.0/toolchain/avr32/avr32-gnu-toolchain/bin/../lib/gcc/avr32/4.4.7/../../../../avr32/lib/ucr3fp\libm.a(lib_a-ef_sqrt.o)
                0x80038824                __ieee754_sqrtf
 .text          0x800388f8        0x0 d:/programmes/atmel/studio/7.0/toolchain/avr32/avr32-gnu-toolchain/bin/../lib/gcc/avr32/4.4.7/../../../../avr32/lib/ucr3fp\libm.a(lib_a-k_cos.o)
 .text.__kernel_cos
                0x800388f8      0x1f8 d:/programmes/atmel/studio/7.0/toolchain/avr32/avr32-gnu-toolchain/bin/../lib/gcc/avr32/4.4.7/../../../../avr32/lib/ucr3fp\libm.a(lib_a-k_cos.o)
                0x800388f8                __kernel_cos
 .text          0x80038af0        0x0 d:/programmes/atmel/studio/7.0/toolchain/avr32/avr32-gnu-toolchain/bin/../lib/gcc/avr32/4.4.7/../../../../avr32/lib/ucr3fp\libm.a(lib_a-k_rem_pio2.o)
 .text.__kernel_rem_pio2
                0x80038af0      0x718 d:/programmes/atmel/studio/7.0/toolchain/avr32/avr32-gnu-toolchain/bin/../lib/gcc/avr32/4.4.7/../../../../avr32/lib/ucr3fp\libm.a(lib_a-k_rem_pio2.o)
                0x80038af0                __kernel_rem_pio2
 .text          0x80039208        0x0 d:/programmes/atmel/studio/7.0/toolchain/avr32/avr32-gnu-toolchain/bin/../lib/gcc/avr32/4.4.7/../../../../avr32/lib/ucr3fp\libm.a(lib_a-k_sin.o)
 .text.__kernel_sin
                0x80039208      0x1a4 d:/programmes/atmel/studio/7.0/toolchain/avr32/avr32-gnu-toolchain/bin/../lib/gcc/avr32/4.4.7/../../../../avr32/lib/ucr3fp\libm.a(lib_a-k_sin.o)
                0x80039208                __kernel_sin
 .text          0x800393ac        0x0 d:/programmes/atmel/studio/7.0/toolchain/avr32/avr32-gnu-toolchain/bin/../lib/gcc/avr32/4.4.7/../../../../avr32/lib/ucr3fp\libm.a(lib_a-s_atan.o)
 .text.atan     0x800393ac      0x368 d:/programmes/atmel/studio/7.0/toolchain/avr32/avr32-gnu-toolchain/bin/../lib/gcc/avr32/4.4.7/../../../../avr32/lib/ucr3fp\libm.a(lib_a-s_atan.o)
                0x800393ac                atan
 .text          0x80039714        0x0 d:/programmes/atmel/studio/7.0/toolchain/avr32/avr32-gnu-toolchain/bin/../lib/gcc/avr32/4.4.7/../../../../avr32/lib/ucr3fp\libm.a(lib_a-s_fabs.o)
 .text.fabs     0x80039714        0x8 d:/programmes/atmel/studio/7.0/toolchain/avr32/avr32-gnu-toolchain/bin/../lib/gcc/avr32/4.4.7/../../../../avr32/lib/ucr3fp\libm.a(lib_a-s_fabs.o)
                0x80039714                fabs
 .text          0x8003971c        0x0 d:/programmes/atmel/studio/7.0/toolchain/avr32/avr32-gnu-toolchain/bin/../lib/gcc/avr32/4.4.7/../../../../avr32/lib/ucr3fp\libm.a(lib_a-s_finite.o)
 .text.finite   0x8003971c       0x10 d:/programmes/atmel/studio/7.0/toolchain/avr32/avr32-gnu-toolchain/bin/../lib/gcc/avr32/4.4.7/../../../../avr32/lib/ucr3fp\libm.a(lib_a-s_finite.o)
                0x8003971c                finite
 .text          0x8003972c        0x0 d:/programmes/atmel/studio/7.0/toolchain/avr32/avr32-gnu-toolchain/bin/../lib/gcc/avr32/4.4.7/../../../../avr32/lib/ucr3fp\libm.a(lib_a-s_isnand.o)
 .text.__isnand
                0x8003972c       0x1c d:/programmes/atmel/studio/7.0/toolchain/avr32/avr32-gnu-toolchain/bin/../lib/gcc/avr32/4.4.7/../../../../avr32/lib/ucr3fp\libm.a(lib_a-s_isnand.o)
                0x8003972c                __isnand
 .text          0x80039748        0x0 d:/programmes/atmel/studio/7.0/toolchain/avr32/avr32-gnu-toolchain/bin/../lib/gcc/avr32/4.4.7/../../../../avr32/lib/ucr3fp\libm.a(lib_a-s_lib_ver.o)
 .text          0x80039748        0x0 d:/programmes/atmel/studio/7.0/toolchain/avr32/avr32-gnu-toolchain/bin/../lib/gcc/avr32/4.4.7/../../../../avr32/lib/ucr3fp\libm.a(lib_a-s_matherr.o)
 .text.matherr  0x80039748        0x2 d:/programmes/atmel/studio/7.0/toolchain/avr32/avr32-gnu-toolchain/bin/../lib/gcc/avr32/4.4.7/../../../../avr32/lib/ucr3fp\libm.a(lib_a-s_matherr.o)
                0x80039748                matherr
 .text          0x8003974a        0x0 d:/programmes/atmel/studio/7.0/toolchain/avr32/avr32-gnu-toolchain/bin/../lib/gcc/avr32/4.4.7/../../../../avr32/lib/ucr3fp\libm.a(lib_a-s_nan.o)
 .text.nan      0x8003974a        0x8 d:/programmes/atmel/studio/7.0/toolchain/avr32/avr32-gnu-toolchain/bin/../lib/gcc/avr32/4.4.7/../../../../avr32/lib/ucr3fp\libm.a(lib_a-s_nan.o)
                0x8003974a                nan
 .text          0x80039752        0x0 d:/programmes/atmel/studio/7.0/toolchain/avr32/avr32-gnu-toolchain/bin/../lib/gcc/avr32/4.4.7/../../../../avr32/lib/ucr3fp\libm.a(lib_a-s_rint.o)
 *fill*         0x80039752        0x2 d703d703
 .text.rint     0x80039754      0x124 d:/programmes/atmel/studio/7.0/toolchain/avr32/avr32-gnu-toolchain/bin/../lib/gcc/avr32/4.4.7/../../../../avr32/lib/ucr3fp\libm.a(lib_a-s_rint.o)
                0x80039754                rint
 .text          0x80039878        0x0 d:/programmes/atmel/studio/7.0/toolchain/avr32/avr32-gnu-toolchain/bin/../lib/gcc/avr32/4.4.7/../../../../avr32/lib/ucr3fp\libm.a(lib_a-s_scalbn.o)
 .text.scalbn   0x80039878       0xf0 d:/programmes/atmel/studio/7.0/toolchain/avr32/avr32-gnu-toolchain/bin/../lib/gcc/avr32/4.4.7/../../../../avr32/lib/ucr3fp\libm.a(lib_a-s_scalbn.o)
                0x80039878                scalbn
 .text          0x80039968        0x0 d:/programmes/atmel/studio/7.0/toolchain/avr32/avr32-gnu-toolchain/bin/../lib/gcc/avr32/4.4.7/../../../../avr32/lib/ucr3fp\libm.a(lib_a-sf_isnan.o)
 .text.isnanf   0x80039968        0xe d:/programmes/atmel/studio/7.0/toolchain/avr32/avr32-gnu-toolchain/bin/../lib/gcc/avr32/4.4.7/../../../../avr32/lib/ucr3fp\libm.a(lib_a-sf_isnan.o)
                0x80039968                isnanf
 .text          0x80039976        0x0 d:/programmes/atmel/studio/7.0/toolchain/avr32/avr32-gnu-toolchain/bin/../lib/gcc/avr32/4.4.7/../../../../avr32/lib/ucr3fp\libm.a(lib_a-s_copysign.o)
 .text.copysign
                0x80039976       0x18 d:/programmes/atmel/studio/7.0/toolchain/avr32/avr32-gnu-toolchain/bin/../lib/gcc/avr32/4.4.7/../../../../avr32/lib/ucr3fp\libm.a(lib_a-s_copysign.o)
                0x80039976                copysign
 *fill*         0x8003998e        0x2 d703d703
 .text          0x80039990      0x1d4 d:/programmes/atmel/studio/7.0/toolchain/avr32/avr32-gnu-toolchain/bin/../lib/gcc/avr32/4.4.7/ucr3fp\libgcc.a(_avr32_f64_mul.o)
                0x80039990                __avr32_f64_mul
 .text          0x80039b64      0x2b0 d:/programmes/atmel/studio/7.0/toolchain/avr32/avr32-gnu-toolchain/bin/../lib/gcc/avr32/4.4.7/ucr3fp\libgcc.a(_avr32_f64_addsub.o)
                0x80039b68                __avr32_f64_sub
                0x80039d04                __avr32_f64_add
 .text          0x80039e14       0x2a d:/programmes/atmel/studio/7.0/toolchain/avr32/avr32-gnu-toolchain/bin/../lib/gcc/avr32/4.4.7/ucr3fp\libgcc.a(_avr32_f64_to_s32.o)
                0x80039e14                __avr32_f64_to_u32
                0x80039e18                __avr32_f64_to_s32
 .text          0x80039e3e       0x60 d:/programmes/atmel/studio/7.0/toolchain/avr32/avr32-gnu-toolchain/bin/../lib/gcc/avr32/4.4.7/ucr3fp\libgcc.a(_avr32_f64_to_s64.o)
                0x80039e3e                __avr32_f64_to_u64
                0x80039e4a                __avr32_f64_to_s64
 .text          0x80039e9e       0xe8 d:/programmes/atmel/studio/7.0/toolchain/avr32/avr32-gnu-toolchain/bin/../lib/gcc/avr32/4.4.7/ucr3fp\libgcc.a(_avr32_s32_to_f64.o)
                0x80039e9e                __avr32_u32_to_f64
                0x80039ea6                __avr32_s32_to_f64
 .text          0x80039f86       0x26 d:/programmes/atmel/studio/7.0/toolchain/avr32/avr32-gnu-toolchain/bin/../lib/gcc/avr32/4.4.7/ucr3fp\libgcc.a(_avr32_f64_cmp_eq.o)
                0x80039f86                __avr32_f64_cmp_eq
 .text          0x80039fac       0x68 d:/programmes/atmel/studio/7.0/toolchain/avr32/avr32-gnu-toolchain/bin/../lib/gcc/avr32/4.4.7/ucr3fp\libgcc.a(_avr32_f64_cmp_ge.o)
                0x80039fac                __avr32_f64_cmp_ge
 .text          0x8003a014       0x68 d:/programmes/atmel/studio/7.0/toolchain/avr32/avr32-gnu-toolchain/bin/../lib/gcc/avr32/4.4.7/ucr3fp\libgcc.a(_avr32_f64_cmp_lt.o)
                0x8003a014                __avr32_f64_cmp_lt
 .text          0x8003a07c       0x34 d:/programmes/atmel/studio/7.0/toolchain/avr32/avr32-gnu-toolchain/bin/../lib/gcc/avr32/4.4.7/ucr3fp\libgcc.a(_avr32_f32_cmp_lt.o)
                0x8003a07c                __avr32_f32_cmp_lt
 .text          0x8003a0b0      0x318 d:/programmes/atmel/studio/7.0/toolchain/avr32/avr32-gnu-toolchain/bin/../lib/gcc/avr32/4.4.7/ucr3fp\libgcc.a(_avr32_f64_div.o)
                0x8003a0b0                __avr32_f64_div
 .text          0x8003a3c8      0x160 d:/programmes/atmel/studio/7.0/toolchain/avr32/avr32-gnu-toolchain/bin/../lib/gcc/avr32/4.4.7/ucr3fp\libgcc.a(_avr32_f32_div.o)
                0x8003a3c8                __avr32_f32_div
 .text          0x8003a528      0x180 d:/programmes/atmel/studio/7.0/toolchain/avr32/avr32-gnu-toolchain/bin/../lib/gcc/avr32/4.4.7/ucr3fp\libgcc.a(_avr32_f32_addsub.o)
                0x8003a52c                __avr32_f32_sub
                0x8003a5fc                __avr32_f32_add
 .text          0x8003a6a8       0xe2 d:/programmes/atmel/studio/7.0/toolchain/avr32/avr32-gnu-toolchain/bin/../lib/gcc/avr32/4.4.7/ucr3fp\libgcc.a(_avr32_f32_mul.o)
                0x8003a6a8                __avr32_f32_mul
 .text          0x8003a78a       0x60 d:/programmes/atmel/studio/7.0/toolchain/avr32/avr32-gnu-toolchain/bin/../lib/gcc/avr32/4.4.7/ucr3fp\libgcc.a(_avr32_f32_to_f64.o)
                0x8003a78a                __avr32_f32_to_f64
 .text          0x8003a7ea       0x8a d:/programmes/atmel/studio/7.0/toolchain/avr32/avr32-gnu-toolchain/bin/../lib/gcc/avr32/4.4.7/ucr3fp\libgcc.a(_avr32_f64_to_f32.o)
                0x8003a7ea                __avr32_f64_to_f32
 .text          0x8003a874       0x3c d:/programmes/atmel/studio/7.0/toolchain/avr32/avr32-gnu-toolchain/bin/../lib/gcc/avr32/4.4.7/ucr3fp\libgcc.a(_floatdidf.o)
                0x8003a874                __avr32_s64_to_f64
                0x8003a874                __floatdidf
 .text          0x8003a8b0      0x2b4 d:/programmes/atmel/studio/7.0/toolchain/avr32/avr32-gnu-toolchain/bin/../lib/gcc/avr32/4.4.7/ucr3fp\libgcc.a(_divdi3.o)
                0x8003a8b0                __avr32_sdiv64
                0x8003a8b0                __divdi3
 .text          0x8003ab64      0x280 d:/programmes/atmel/studio/7.0/toolchain/avr32/avr32-gnu-toolchain/bin/../lib/gcc/avr32/4.4.7/ucr3fp\libgcc.a(_moddi3.o)
                0x8003ab64                __moddi3
                0x8003ab64                __avr32_smod64
 .text          0x8003ade4      0x264 d:/programmes/atmel/studio/7.0/toolchain/avr32/avr32-gnu-toolchain/bin/../lib/gcc/avr32/4.4.7/ucr3fp\libgcc.a(_udivdi3.o)
                0x8003ade4                __avr32_udiv64
                0x8003ade4                __udivdi3
 .text          0x8003b048      0x20c d:/programmes/atmel/studio/7.0/toolchain/avr32/avr32-gnu-toolchain/bin/../lib/gcc/avr32/4.4.7/ucr3fp\libgcc.a(_umoddi3.o)
                0x8003b048                __avr32_umod64
                0x8003b048                __umoddi3
 .text          0x8003b254        0x0 d:/programmes/atmel/studio/7.0/toolchain/avr32/avr32-gnu-toolchain/bin/../lib/gcc/avr32/4.4.7/../../../../avr32/lib/ucr3fp\libc.a(lib_a-errno.o)
 .text.__errno  0x8003b254        0xc d:/programmes/atmel/studio/7.0/toolchain/avr32/avr32-gnu-toolchain/bin/../lib/gcc/avr32/4.4.7/../../../../avr32/lib/ucr3fp\libc.a(lib_a-errno.o)
                0x8003b254                __errno
 .text          0x8003b260        0x0 d:/programmes/atmel/studio/7.0/toolchain/avr32/avr32-gnu-toolchain/bin/../lib/gcc/avr32/4.4.7/../../../../avr32/lib/ucr3fp\libc.a(lib_a-impure.o)
 .text          0x8003b260        0x0 d:/programmes/atmel/studio/7.0/toolchain/avr32/avr32-gnu-toolchain/bin/../lib/gcc/avr32/4.4.7/../../../../avr32/lib/ucr3fp\libc.a(lib_a-malloc.o)
 .text.free     0x8003b260       0x18 d:/programmes/atmel/studio/7.0/toolchain/avr32/avr32-gnu-toolchain/bin/../lib/gcc/avr32/4.4.7/../../../../avr32/lib/ucr3fp\libc.a(lib_a-malloc.o)
                0x8003b260                free
 .text.malloc   0x8003b278       0x18 d:/programmes/atmel/studio/7.0/toolchain/avr32/avr32-gnu-toolchain/bin/../lib/gcc/avr32/4.4.7/../../../../avr32/lib/ucr3fp\libc.a(lib_a-malloc.o)