Archive member included because of file (symbol)

d:/programmes/atmel/studio/7.0/toolchain/avr32/avr32-gnu-toolchain/bin/../lib/gcc/avr32/4.4.7/../../../../avr32/lib/ucr3fp\libm.a(lib_a-s_cos.o)
                              Library/communication/mavlink_waypoint_handler.o (cos)
d:/programmes/atmel/studio/7.0/toolchain/avr32/avr32-gnu-toolchain/bin/../lib/gcc/avr32/4.4.7/../../../../avr32/lib/ucr3fp\libm.a(lib_a-s_floor.o)
                              Library/communication/data_logging.o (floor)
d:/programmes/atmel/studio/7.0/toolchain/avr32/avr32-gnu-toolchain/bin/../lib/gcc/avr32/4.4.7/../../../../avr32/lib/ucr3fp\libm.a(lib_a-s_sin.o)
                              Library/communication/mavlink_waypoint_handler.o (sin)
d:/programmes/atmel/studio/7.0/toolchain/avr32/avr32-gnu-toolchain/bin/../lib/gcc/avr32/4.4.7/../../../../avr32/lib/ucr3fp\libm.a(lib_a-w_asin.o)
                              Library/util/coord_conventions.o (asin)
d:/programmes/atmel/studio/7.0/toolchain/avr32/avr32-gnu-toolchain/bin/../lib/gcc/avr32/4.4.7/../../../../avr32/lib/ucr3fp\libm.a(lib_a-w_atan2.o)
                              Library/communication/mavlink_waypoint_handler.o (atan2)
d:/programmes/atmel/studio/7.0/toolchain/avr32/avr32-gnu-toolchain/bin/../lib/gcc/avr32/4.4.7/../../../../avr32/lib/ucr3fp\libm.a(lib_a-w_fmod.o)
                              Library/util/quick_trig.o (fmod)
d:/programmes/atmel/studio/7.0/toolchain/avr32/avr32-gnu-toolchain/bin/../lib/gcc/avr32/4.4.7/../../../../avr32/lib/ucr3fp\libm.a(lib_a-w_pow.o)
                              Library/hal/bmp085.o (pow)
d:/programmes/atmel/studio/7.0/toolchain/avr32/avr32-gnu-toolchain/bin/../lib/gcc/avr32/4.4.7/../../../../avr32/lib/ucr3fp\libm.a(lib_a-w_sqrt.o)
                              Library/communication/hud_telemetry.o (sqrt)
d:/programmes/atmel/studio/7.0/toolchain/avr32/avr32-gnu-toolchain/bin/../lib/gcc/avr32/4.4.7/../../../../avr32/lib/ucr3fp\libm.a(lib_a-wf_sqrt.o)
                              Library/util/matrixlib_float.o (sqrtf)
d:/programmes/atmel/studio/7.0/toolchain/avr32/avr32-gnu-toolchain/bin/../lib/gcc/avr32/4.4.7/../../../../avr32/lib/ucr3fp\libm.a(lib_a-e_asin.o)
                              d:/programmes/atmel/studio/7.0/toolchain/avr32/avr32-gnu-toolchain/bin/../lib/gcc/avr32/4.4.7/../../../../avr32/lib/ucr3fp\libm.a(lib_a-w_asin.o) (__ieee754_asin)
d:/programmes/atmel/studio/7.0/toolchain/avr32/avr32-gnu-toolchain/bin/../lib/gcc/avr32/4.4.7/../../../../avr32/lib/ucr3fp\libm.a(lib_a-e_atan2.o)
                              d:/programmes/atmel/studio/7.0/toolchain/avr32/avr32-gnu-toolchain/bin/../lib/gcc/avr32/4.4.7/../../../../avr32/lib/ucr3fp\libm.a(lib_a-w_atan2.o) (__ieee754_atan2)
d:/programmes/atmel/studio/7.0/toolchain/avr32/avr32-gnu-toolchain/bin/../lib/gcc/avr32/4.4.7/../../../../avr32/lib/ucr3fp\libm.a(lib_a-e_fmod.o)
                              d:/programmes/atmel/studio/7.0/toolchain/avr32/avr32-gnu-toolchain/bin/../lib/gcc/avr32/4.4.7/../../../../avr32/lib/ucr3fp\libm.a(lib_a-w_fmod.o) (__ieee754_fmod)
d:/programmes/atmel/studio/7.0/toolchain/avr32/avr32-gnu-toolchain/bin/../lib/gcc/avr32/4.4.7/../../../../avr32/lib/ucr3fp\libm.a(lib_a-e_pow.o)
                              d:/programmes/atmel/studio/7.0/toolchain/avr32/avr32-gnu-toolchain/bin/../lib/gcc/avr32/4.4.7/../../../../avr32/lib/ucr3fp\libm.a(lib_a-w_pow.o) (__ieee754_pow)
d:/programmes/atmel/studio/7.0/toolchain/avr32/avr32-gnu-toolchain/bin/../lib/gcc/avr32/4.4.7/../../../../avr32/lib/ucr3fp\libm.a(lib_a-e_rem_pio2.o)
                              d:/programmes/atmel/studio/7.0/toolchain/avr32/avr32-gnu-toolchain/bin/../lib/gcc/avr32/4.4.7/../../../../avr32/lib/ucr3fp\libm.a(lib_a-s_cos.o) (__ieee754_rem_pio2)
d:/programmes/atmel/studio/7.0/toolchain/avr32/avr32-gnu-toolchain/bin/../lib/gcc/avr32/4.4.7/../../../../avr32/lib/ucr3fp\libm.a(lib_a-e_sqrt.o)
                              d:/programmes/atmel/studio/7.0/toolchain/avr32/avr32-gnu-toolchain/bin/../lib/gcc/avr32/4.4.7/../../../../avr32/lib/ucr3fp\libm.a(lib_a-w_sqrt.o) (__ieee754_sqrt)
d:/programmes/atmel/studio/7.0/toolchain/avr32/avr32-gnu-toolchain/bin/../lib/gcc/avr32/4.4.7/../../../../avr32/lib/ucr3fp\libm.a(lib_a-ef_sqrt.o)
                              d:/programmes/atmel/studio/7.0/toolchain/avr32/avr32-gnu-toolchain/bin/../lib/gcc/avr32/4.4.7/../../../../avr32/lib/ucr3fp\libm.a(lib_a-wf_sqrt.o) (__ieee754_sqrtf)
d:/programmes/atmel/studio/7.0/toolchain/avr32/avr32-gnu-toolchain/bin/../lib/gcc/avr32/4.4.7/../../../../avr32/lib/ucr3fp\libm.a(lib_a-k_cos.o)
                              d:/programmes/atmel/studio/7.0/toolchain/avr32/avr32-gnu-toolchain/bin/../lib/gcc/avr32/4.4.7/../../../../avr32/lib/ucr3fp\libm.a(lib_a-s_cos.o) (__kernel_cos)
d:/programmes/atmel/studio/7.0/toolchain/avr32/avr32-gnu-toolchain/bin/../lib/gcc/avr32/4.4.7/../../../../avr32/lib/ucr3fp\libm.a(lib_a-k_rem_pio2.o)
[...]
Memory Configuration

Name             Origin             Length             Attributes
FLASH            0x80000000         0x00080000         axrl !w
CPUSRAM          0x00000004         0x0000fffc         axw !rl
USERPAGE         0x80800000         0x00000200
FACTORYPAGE      0x80800200         0x00000200
FLASHVAULT_FLASH_SIZE 0x80800400         0x00000008         r
FLASHVAULT_RAM_SIZE 0x80800408         0x00000008         r
*default*        0x00000000         0xffffffff

Linker script and memory map

                0x00001000                _stack_size = 0x1000
LOAD Library/communication/console.o
LOAD Library/communication/data_logging.o
LOAD Library/communication/data_logging_telemetry.o
LOAD Library/communication/hud_telemetry.o
LOAD Library/communication/mavlink_communication.o
LOAD Library/communication/mavlink_message_handler.o
LOAD Library/communication/mavlink_waypoint_handler.o
LOAD Library/communication/remote.o
LOAD Library/communication/remote_telemetry.o
LOAD Library/communication/state.o
LOAD Library/communication/state_machine.o
LOAD Library/communication/state_telemetry.o
LOAD Library/control/adaptive_parameter.o
LOAD Library/control/altitude_controller.o
LOAD Library/control/attitude_controller.o
LOAD Library/control/attitude_controller_p2.o
LOAD Library/control/attitude_error_estimator.o
LOAD Library/control/joystick_parsing.o
LOAD Library/control/joystick_parsing_telemetry.o
LOAD Library/control/pid_controller.o
LOAD Library/control/servos_mix_quadcopter_cross.o
LOAD Library/control/servos_mix_quadcopter_diag.o
LOAD Library/control/stabilisation_copter.o
LOAD Library/control/stabilisation_telemetry.o
LOAD Library/control/vector_field_waypoint.o
LOAD Library/control/velocity_controller_copter.o
LOAD Library/hal/analog_monitor_telemetry.o
LOAD Library/hal/analog_monitor.o
LOAD Library/hal/bmp085_telemetry.o
LOAD Library/hal/fat_fs/diskio.o
LOAD Library/hal/fat_fs/ff.o
LOAD Library/hal/fat_fs/option/ccsbcs.o
LOAD Library/hal/fat_fs/option/syscall.o
LOAD Library/hal/fat_fs/option/unicode.o
LOAD Library/hal/gps_ublox.o
LOAD Library/hal/gps_ublox_telemetry.o
LOAD Library/hal/hmc5883l.o
LOAD Library/hal/i2c_driver_int.o
LOAD Library/hal/lsm330dlc.o
LOAD Library/hal/piezo_speaker.o
LOAD Library/hal/pwm_servos.o
LOAD Library/hal/sd_spi.o
LOAD Library/hal/servos.o
LOAD Library/hal/servos_telemetry.o
LOAD Library/hal/sonar_i2cxl.o
LOAD Library/hal/sonar_telemetry.o
LOAD Library/hal/spektrum_satellite.o
LOAD Library/hal/time_keeper.o
LOAD Library/hal/usb_int.o
LOAD Library/hal/xbee.o
LOAD Library/runtime/scheduler_telemetry.o
LOAD Library/sensing/ahrs.o
LOAD Library/sensing/ahrs_telemetry.o
LOAD Library/sensing/altitude_estimation.o
LOAD Library/sensing/altitude_estimation_telemetry.o
LOAD Library/sensing/imu_telemetry.o
LOAD Library/sensing/position_estimation.o
LOAD Library/sensing/position_estimation_telemetry.o
LOAD Library/sensing/qfilter.o
LOAD Library/sensing/simulation_telemetry.o
LOAD Library/util/linear_algebra.o
LOAD Library/util/matrixlib_float.o
LOAD Library/util/quick_trig.o
LOAD src/central_data.o
LOAD src/mavlink_telemetry.o
LOAD src/tasks.o
LOAD Library/communication/mavlink_stream.o
LOAD Library/communication/onboard_parameters.o
LOAD Library/control/navigation.o
LOAD Library/control/stabilisation.o
LOAD Library/hal/adc_int.o
LOAD Library/hal/ads1274.o
LOAD Library/hal/bmp085.o
LOAD Library/hal/dac_dma.o
LOAD Library/hal/led.o
LOAD Library/hal/spi_buffered.o
LOAD Library/hal/uart_int.o
LOAD Library/runtime/scheduler.o
LOAD Library/sensing/imu.o
LOAD Library/sensing/simulation.o
LOAD Library/util/buffer.o
LOAD Library/util/coord_conventions.o
LOAD Library/util/generator.o
LOAD Library/util/print_util.o
LOAD Library/util/sinus.o
LOAD src/asf/avr32/drivers/adcifa/adcifa.o
LOAD src/asf/avr32/drivers/ast/ast.o
LOAD src/asf/avr32/drivers/dacifb/dacifb.o
LOAD src/asf/avr32/drivers/eic/eic.o
LOAD src/asf/avr32/drivers/flashc/flashc.o
LOAD src/asf/avr32/drivers/gpio/gpio.o
LOAD src/asf/avr32/drivers/intc/exception.o
LOAD src/asf/avr32/drivers/intc/intc.o
LOAD src/asf/avr32/drivers/pdca/pdca.o
LOAD src/asf/avr32/drivers/pevc/pevc.o
LOAD src/asf/avr32/drivers/pm/pm_uc3c.o
LOAD src/asf/avr32/drivers/pm/power_clocks_lib.o
LOAD src/asf/avr32/drivers/pwm/pwm4.o
LOAD src/asf/avr32/drivers/scif/scif_uc3c.o
LOAD src/asf/avr32/drivers/spi/spi.o
LOAD src/asf/avr32/drivers/tc/tc.o
LOAD src/asf/avr32/drivers/twim/twim.o
LOAD src/asf/avr32/drivers/usart/usart.o
LOAD src/asf/avr32/drivers/usbc/usbc_device.o
LOAD src/asf/avr32/services/delay/delay.o
LOAD src/asf/avr32/utils/startup/startup_uc3.o
LOAD src/asf/avr32/utils/startup/trampoline_uc3.o
LOAD src/asf/common/boards/user_board/init.o
LOAD src/asf/common/services/clock/uc3c/osc.o
LOAD src/asf/common/services/clock/uc3c/pll.o
LOAD src/asf/common/services/clock/uc3c/sysclk.o
LOAD src/asf/common/services/sleepmgr/uc3/sleepmgr.o
LOAD src/asf/common/services/spi/uc3_spi/spi_master.o
LOAD src/asf/common/services/usb/class/cdc/device/udi_cdc.o
LOAD src/asf/common/services/usb/class/cdc/device/udi_cdc_desc.o
LOAD src/asf/common/services/usb/udc/udc.o
LOAD src/asf/common/utils/stdio/read.o
LOAD src/asf/common/utils/stdio/stdio_usb/stdio_usb.o
LOAD src/asf/common/utils/stdio/write.o
LOAD src/boardsupport.o
LOAD src/main.o
START GROUP
END GROUP
LOAD d:/programmes/atmel/studio/7.0/toolchain/avr32/avr32-gnu-toolchain/bin/../lib/gcc/avr32/4.4.7/ucr3fp\libstdc++.a
LOAD d:/programmes/atmel/studio/7.0/toolchain/avr32/avr32-gnu-toolchain/bin/../lib/gcc/avr32/4.4.7/../../../../avr32/lib/ucr3fp\libm.a
LOAD d:/programmes/atmel/studio/7.0/toolchain/avr32/avr32-gnu-toolchain/bin/../lib/gcc/avr32/4.4.7/ucr3fp\libgcc.a
LOAD d:/programmes/atmel/studio/7.0/toolchain/avr32/avr32-gnu-toolchain/bin/../lib/gcc/avr32/4.4.7/../../../../avr32/lib/ucr3fp\libc.a
LOAD d:/programmes/atmel/studio/7.0/toolchain/avr32/avr32-gnu-toolchain/bin/../lib/gcc/avr32/4.4.7/ucr3fp\libgcc.a
                0x80000000                PROVIDE (__executable_start, 0x80000000)
                0x80000000                . = 0x80000000

.interp
 *(.interp)

.reset          0x80000000     0x2010
 *(.reset)
 .reset         0x80000000        0x8 src/asf/avr32/utils/startup/startup_uc3.o
                0x80000000                _start
 .reset         0x80000008     0x2008 src/asf/avr32/utils/startup/trampoline_uc3.o
                0x80000008                _trampoline

.hash
 *(.hash)

.dynsym
 *(.dynsym)

.dynstr
 *(.dynstr)

.gnu.version
 *(.gnu.version)

.gnu.version_d
 *(.gnu.version_d)

.gnu.version_r
 *(.gnu.version_r)

.rel.init
 *(.rel.init)

.rela.init
 *(.rela.init)

.rel.text
 *(.rel.text .rel.text.* .rel.gnu.linkonce.t.*)

.rela.text
 *(.rela.text .rela.text.* .rela.gnu.linkonce.t.*)

.rel.fini
 *(.rel.fini)

.rela.fini
 *(.rela.fini)

.rel.rodata
 *(.rel.rodata .rel.rodata.* .rel.gnu.linkonce.r.*)

.rela.rodata
 *(.rela.rodata .rela.rodata.* .rela.gnu.linkonce.r.*)

.rel.data.rel.ro
 *(.rel.data.rel.ro*)

.rela.data.rel.ro
 *(.rel.data.rel.ro*)

.rel.data
 *(.rel.data .rel.data.* .rel.gnu.linkonce.d.*)

.rela.data
 *(.rela.data .rela.data.* .rela.gnu.linkonce.d.*)

.rel.tdata
 *(.rel.tdata .rel.tdata.* .rel.gnu.linkonce.td.*)

.rela.tdata
 *(.rela.tdata .rela.tdata.* .rela.gnu.linkonce.td.*)

.rel.tbss
 *(.rel.tbss .rel.tbss.* .rel.gnu.linkonce.tb.*)

.rela.tbss
 *(.rela.tbss .rela.tbss.* .rela.gnu.linkonce.tb.*)

.rel.ctors
 *(.rel.ctors)

.rela.ctors
 *(.rela.ctors)

.rel.dtors
 *(.rel.dtors)

.rela.dtors
 *(.rela.dtors)

.rel.got
 *(.rel.got)

.rela.got       0x80002010        0x0
 *(.rela.got)
 .rela.got      0x80002010        0x0 Library/communication/console.o

.rel.bss
 *(.rel.bss .rel.bss.* .rel.gnu.linkonce.b.*)

.rela.bss
 *(.rela.bss .rela.bss.* .rela.gnu.linkonce.b.*)

.rel.plt
 *(.rel.plt)

.rela.plt
 *(.rela.plt)

.init
 *(.init)

.plt
 *(.plt)

.text           0x80002010    0x3e644
 *(.text .stub .text.* .gnu.linkonce.t.*)
 .text          0x80002010      0x13c Library/communication/console.o
                0x80002010                console_get_in_stream
                0x8000202c                console_get_out_stream
                0x80002048                console_init
 .text          0x8000214c     0x19cc Library/communication/data_logging.o
                0x80002390                data_logging_add_parameter_double
                0x8000240c                data_logging_add_parameter_float
                0x80002488                data_logging_add_parameter_int64
                0x80002504                data_logging_add_parameter_uint64
                0x80002580                data_logging_add_parameter_int32
                0x800025fc                data_logging_add_parameter_uint32
                0x80002678                data_logging_add_parameter_int16
                0x800026f4                data_logging_add_parameter_uint16
                0x80002770                data_logging_add_parameter_int8
                0x800027ec                data_logging_add_parameter_uint8
                0x80002868                data_logging_init
                0x800029c0                data_logging_create_new_log_file
                0x80002c64                data_logging_update
 .text          0x80003b18       0xa4 Library/communication/data_logging_telemetry.o
                0x80003b18                data_logging_telemetry_init
 .text          0x80003bbc      0x318 Library/communication/hud_telemetry.o
                0x80003bbc                hud_telemetry_send_message
                0x80003ea8                hud_telemetry_init
 .text          0x80003ed4      0x3fc Library/communication/mavlink_communication.o
                0x80003ed4                mavlink_communication_send_message
                0x80003f0c                mavlink_communication_add_msg_send
                0x80003fa0                mavlink_communication_suspend_downstream
                0x80003fe8                mavlink_communication_update
                0x80004048                mavlink_communication_init
 .text          0x800042d0      0x8b4 Library/communication/mavlink_message_handler.o
                0x800042d0                mavlink_message_handler_add_cmd_callback
                0x80004334                mavlink_message_handler_add_msg_callback
                0x8000439c                mavlink_message_handler_cmd_default_dbg
                0x800044e8                mavlink_message_handler_msg_default_dbg
                0x80004588                mavlink_message_handler_receive
                0x80004ae4                mavlink_message_handler_init
 .text          0x80004b84     0x37b8 Library/communication/mavlink_waypoint_handler.o
                0x80004ce4                waypoint_handler_init_homing_waypoint
                0x80004d2c                waypoint_handler_control_time_out_waypoint_msg
                0x80004e14                waypoint_handler_init_waypoint_list
                0x80004f74                waypoint_handler_set_waypoint_from_frame
                0x8000554c                waypoint_handler_nav_plan_init
                0x80005750                waypoint_handler_init
 .text          0x8000833c      0xa34 Library/communication/remote.o
                0x8000833c                remote_calibrate
                0x8000835e                remote_get_throttle
                0x8000836c                remote_get_roll
                0x8000837a                remote_get_pitch
                0x80008388                remote_get_yaw
                0x80008396                remote_mode_init
                0x800083e4                remote_init
                0x800084cc                remote_mode_get
                0x800084da                remote_get_rate_command
                0x80008518                remote_get_thrust_command
                0x80008538                remote_get_velocity_command
                0x80008590                remote_get_attitude_command_integrate_yaw
                0x80008684                remote_get_attitude_command
                0x80008738                remote_update
                0x80008a28                remote_get_velocity_vector_from_remote
                0x80008a98                remote_get_command_from_remote
                0x80008af0                remote_mode_update
                0x80008d4c                remote_check
 .text          0x80008d70      0x644 Library/communication/remote_telemetry.o
                0x80008ddc                remote_telemetry_init
                0x80008e2c                remote_telemetry_send_raw
                0x800090dc                remote_telemetry_send_scaled
 .text          0x800093b4       0xa4 Library/communication/state.o
                0x800093b4                state_switch_to_active_mode
                0x800093e8                state_init
 .text          0x80009458      0x214 Library/communication/state_machine.o
                0x80009458                state_machine_init
                0x8000948c                state_machine_update
 .text          0x8000966c      0x81c Library/communication/state_telemetry.o
                0x8000966c                state_telemetry_send_status
                0x800098e0                state_telemetry_init
                0x80009bac                state_telemetry_send_heartbeat
 .text          0x80009e88      0x244 Library/control/adaptive_parameter.o
                0x80009e88                adaptive_parameter_get_param_set
                0x80009ea4                adaptive_parameter_init
                0x80009ec4                adaptive_parameter_add
                0x80009f6c                adaptive_parameter_update
                0x8000a038                adaptive_parameter_update_all
 .text          0x8000a0cc       0x54 Library/control/altitude_controller.o
                0x8000a0cc                altitude_controller_init
                0x8000a0e4                altitude_controller_update
 .text          0x8000a120      0x248 Library/control/attitude_controller.o
                0x8000a120                attitude_controller_init
                0x8000a1c4                attitude_controller_update
 .text          0x8000a368       0xe8 Library/control/attitude_controller_p2.o
                0x8000a368                attitude_controller_p2_update
                0x8000a40c                attitude_controller_p2_init
 .text          0x8000a450      0x2dc Library/control/attitude_error_estimator.o
                0x8000a450                attitude_error_estimator_init
                0x8000a470                attitude_error_estimator_set_quat_ref
                0x8000a48e                attitude_error_estimator_set_quat_ref_from_rpy
                0x8000a4ec                attitude_error_estimator_set_quat_ref_from_aero
                0x8000a538                attitude_error_estimator_update
 .text          0x8000a72c      0x56c Library/control/joystick_parsing.o
                0x8000a72c                joystick_parsing_button
                0x8000a748                joystick_parsing_get_throttle
                0x8000a754                joystick_parsing_get_roll
                0x8000a760                joystick_parsing_get_pitch
                0x8000a76c                joystick_parsing_get_yaw
                0x8000a778                joystick_parsing_get_velocity_vector_from_joystick
                0x8000a840                joystick_parsing_get_attitude_command_from_joystick
                0x8000a8f0                joystick_parsing_get_rate_command
                0x8000a930                joystick_parsing_get_thrust_command
                0x8000a950                joystick_parsing_get_velocity_command
                0x8000a9a8                joystick_parsing_get_attitude_command_integrate_yaw
                0x8000aa9c                joystick_parsing_get_attitude_command
                0x8000ab50                joystick_parsing_init
                0x8000ab88                joystick_parsing_button_1
                0x8000ac24                joystick_parsing_button_mask
 .text          0x8000ac98      0x49c Library/control/joystick_parsing_telemetry.o
                0x8000ac98                joystick_parsing_telemetry_send_manual_ctrl_msg
                0x8000b010                joystick_parsing_telemetry_init
                0x8000b058                joystick_parsing_telemetry_parse_msg
 .text          0x8000b134      0x2f0 Library/control/pid_controller.o
                0x8000b134                pid_controller_reset_integrator
                0x8000b142                pid_controller_update_dt
                0x8000b234                pid_controller_init_pass_through
                0x8000b288                pid_controller_init
                0x8000b2f0                pid_controller_update
 .text          0x8000b424      0x184 Library/control/servos_mix_quadcopter_cross.o
                0x8000b424                servo_mix_quadcotper_cross_init
                0x8000b45c                servos_mix_quadcopter_cross_update
 .text          0x8000b5a8      0x18c Library/control/servos_mix_quadcopter_diag.o
                0x8000b5a8                servo_mix_quadcotper_diag_init
                0x8000b5e0                servos_mix_quadcopter_diag_update
 .text          0x8000b734      0xa68 Library/control/stabilisation_copter.o
                0x8000b734                stabilisation_copter_mix_to_servos_cross_quad
                0x8000b870                stabilisation_copter_mix_to_servos_diag_quad
                0x8000b9c0                stabilisation_copter_init
                0x8000ba54                stabilisation_copter_position_hold
                0x8000bc00                stabilisation_copter_cascade_stabilise
 .text          0x8000c19c      0x908 Library/control/stabilisation_telemetry.o
                0x8000c19c                stabilisation_telemetry_send_rpy_rates_error
                0x8000c3d4                stabilisation_telemetry_send_rpy_speed_thrust_setpoint
                0x8000c610                stabilisation_send_command
                0x8000c86c                stabilisation_telemetry_send_rpy_thrust_setpoint
 .text          0x8000caa4      0x5d8 Library/control/vector_field_waypoint.o
                0x8000caa4                vector_field_waypoint_init
                0x8000cab4                vector_field_waypoint_update
 .text          0x8000d07c      0x2cc Library/control/velocity_controller_copter.o
                0x8000d07c                velocity_controller_copter_init
                0x8000d0e4                velocity_controller_copter_update
 .text          0x8000d348      0x200 Library/hal/analog_monitor_telemetry.o
                0x8000d348                analog_monitor_telemetry_send_sonar
 .text          0x8000d548      0x64c Library/hal/analog_monitor.o
                0x8000d548                analog_compute_avg
                0x8000d5ec                analog_monitor_init
                0x8000d97c                trigger_analog_monitor
                0x8000d9a4                analog_monitor_update
 .text          0x8000db94      0x410 Library/hal/bmp085_telemetry.o
                0x8000db94                bmp085_telemetry_send_pressure
 .text          0x8000dfa4      0x290 Library/hal/fat_fs/diskio.o
                0x8000dfa4                get_fattime
                0x8000e08c                disk_ioctl
                0x8000e114                disk_write
                0x8000e16c                disk_read
                0x8000e1b8                disk_status
                0x8000e1fc                disk_initialize
 .text          0x8000e234     0x60f8 Library/hal/fat_fs/ff.o
                0x8000e234                clust2sect
                0x8000e6e4                f_closedir
                0x8000f134                f_mount
                0x8000f220                f_sync
                0x8000f3b4                f_close
                0x8000f414                get_fat
                0x8000f76c                f_getfree
                0x8000f930                f_read
                0x8000fc30                f_gets
                0x8000fcb0                put_fat
                0x800111cc                f_readdir
                0x800115a4                f_lseek
                0x80011790                f_write
                0x80011ac0                f_puts
                0x80011b78                f_putc
                0x80011bcc                f_printf
                0x80012324                f_truncate
                0x800125bc                f_opendir
                0x800126a4                f_utime
                0x8001274c                f_chmod
                0x800127f4                f_unlink
                0x800134c4                f_rename
                0x800137a4                f_mkdir
                0x80013b20                f_open
                0x80013e40                f_stat
 .text          0x8001432c      0x588 Library/hal/fat_fs/option/ccsbcs.o
                0x8001432c                ff_convert
                0x800143a4                ff_wtoupper
 .text          0x800148b4       0x38 Library/hal/fat_fs/option/syscall.o
                0x800148b4                ff_memfree
                0x800148d0                ff_memalloc
 .text          0x800148ec        0x0 Library/hal/fat_fs/option/unicode.o
 .text          0x800148ec     0x252c Library/hal/gps_ublox.o
                0x80014970                gps_ublox_init
                0x80014e18                gps_ublox_configure_gps
                0x80014f34                gps_ublox_update
 .text          0x80016e18      0x570 Library/hal/gps_ublox_telemetry.o
                0x80016e18                gps_ublox_telemetry_send_raw
 .text          0x80017388       0xd4 Library/hal/hmc5883l.o
                0x80017388                hmc5883l_update
                0x800173f0                hmc5883l_init_slow
 .text          0x8001745c      0x2fc Library/hal/i2c_driver_int.o
                0x8001753c                i2c_driver_trigger_request
                0x80017600                i2c_driver_reset
                0x8001766a                i2c_driver_init
 .text          0x80017758      0x3c8 Library/hal/lsm330dlc.o
                0x80017758                lsm330dlc_init
                0x8001787c                lsm330dlc_acc_update
                0x800179b4                lsm330dlc_gyro_update
 .text          0x80017b20      0x63c Library/hal/piezo_speaker.o
                0x80017b20                piezo_speaker_init_binary
                0x80017b68                piezo_speaker_init
                0x80017bd4                piezo_speaker_beep
                0x80017ca4                piezo_speaker_mario_melody
                0x80017d78                piezo_speaker_star_wars
                0x80017fac                piezo_speaker_critical_error_melody
                0x80017ff4                piezo_speaker_startup_bb
                0x80018044                piezo_speaker_quick_startup
                0x80018084                piezo_speaker_startup_melody
 .text          0x8001815c      0x378 Library/hal/pwm_servos.o
                0x8001815c                write_channels
                0x800181a6                pwm_servos_write_to_hardware
                0x80018338                pwm_servos_calibrate_esc
                0x800183b4                pwm_servos_init
                0x800184cc                servo_timer_freq
                0x800184d0                servo_center_pulse_us
                0x800184d2                servo_magnitude
 .text          0x800184d4     0x30ac Library/hal/sd_spi.o
                0x800184d4                sd_spi_get_sector_count
                0x800184fc                sd_spi_get_sector_size
                0x8001850c                sd_spi_get_block_size
                0x80018580                sd_spi_get_capacity
                0x80018a40                sd_spi_reset_card
                0x80018b20                sd_spi_wait_not_busy
                0x80018bc0                sd_spi_write_given_sector_from_ram
                0x80018e64                sd_mmc_spi_read_open_PDCA
                0x80018f98                sd_spi_read_sector_to_ram_pcda
                0x80019124                sd_spi_status
                0x80019484                sd_spi_read_given_sector_to_ram
                0x8001962c                sd_mmc_spi_read_sector_to_ram
                0x800197ac                sd_spi_write_sector_from_ram
                0x800199b0                is_sd_spi_write_pwd_locked
                0x80019d44                sd_spi_init
                0x8001ab30                sd_spi_mem_check
                0x8001aed4                sd_spi_test
                0x8001b17c                dummy_data
 .text          0x8001b580       0xf4 Library/hal/servos.o
                0x8001b580                servos_set_value
                0x8001b5dc                servos_set_value_failsafe
                0x8001b608                servos_init
 .text          0x8001b674      0x2b8 Library/hal/servos_telemetry.o
                0x8001b674                servos_telemetry_mavlink_send
 .text          0x8001b92c      0x164 Library/hal/sonar_i2cxl.o
                0x8001b92c                sonar_i2cxl_init
                0x8001b9a0                sonar_i2cxl_get_last_measure
                0x8001ba30                sonar_i2cxl_send_range_command
                0x8001ba60                sonar_i2cxl_update
                0x8001ba8c                SONAR_I2CXL_DEFAULT_ADDRESS
                0x8001ba8d                SONAR_I2CXL_RANGE_COMMAND
                0x8001ba8e                SONAR_I2CXL_CHANGE_ADDRESS_COMMAND_1
                0x8001ba8f                SONAR_I2CXL_CHANGE_ADDRESS_COMMAND_2
 .text          0x8001ba90      0x414 Library/hal/sonar_telemetry.o
                0x8001ba90                sonar_telemetry_send
 .text          0x8001bea4      0x5c8 Library/hal/spektrum_satellite.o
                0x8001bea4                spektrum_satellite_get_channel
                0x8001bec8                spektrum_satellite_get_neutral
                0x8001c174                spektrum_satellite_switch_off
                0x8001c1a0                spektrum_satellite_switch_on
                0x8001c1cc                spektrum_satellite_bind
                0x8001c348                spektrum_satellite_init
 .text          0x8001c46c      0x15c Library/hal/time_keeper.o
                0x8001c46c                time_keeper_ticks_to_seconds
                0x8001c4a8                time_keeper_get_time_ticks
                0x8001c4c8                time_keeper_get_micros
                0x8001c4e4                time_keeper_delay_until
                0x8001c508                time_keeper_delay_micros
                0x8001c538                time_keeper_get_millis
                0x8001c564                time_keeper_get_time
                0x8001c594                time_keeper_init
 .text          0x8001c5c8       0xec Library/hal/usb_int.o
                0x8001c5c8                usb_int_set_usb_conf
                0x8001c5f0                usb_int_get_usb_handle
                0x8001c60c                usb_int_register_write_stream
                0x8001c634                usb_int_register_read_stream
                0x8001c640                usb_int_send_byte
                0x8001c68c                usb_int_init
 .text          0x8001c6b4       0xb8 Library/hal/xbee.o
                0x8001c6b4                xbee_get_in_stream
                0x8001c6d0                xbee_get_out_stream
                0x8001c6ec                xbee_init
 .text          0x8001c76c      0xb28 Library/runtime/scheduler_telemetry.o
                0x8001c76c                scheduler_telemetry_send_rt_stats
 .text          0x8001d294       0x62 Library/sensing/ahrs.o
                0x8001d294                ahrs_init
 *fill*         0x8001d2f6        0x2 d703d703
 .text          0x8001d2f8      0x580 Library/sensing/ahrs_telemetry.o
                0x8001d2f8                ahrs_telemetry_send_attitude_quaternion
                0x8001d5c0                ahrs_telemetry_send_attitude
 .text          0x8001d878       0x30 Library/sensing/altitude_estimation.o
                0x8001d878                altitude_estimation_init
                0x8001d88c                altitude_estimation_update
 .text          0x8001d8a8      0x3a4 Library/sensing/altitude_estimation_telemetry.o
                0x8001d8a8                altitude_estimation_telemetry_send
 .text          0x8001dc4c      0x7b8 Library/sensing/imu_telemetry.o
                0x8001dc4c                imu_telemetry_send_raw
                0x8001df1c                imu_telemetry_init
                0x8001e124                imu_telemetry_send_scaled
 .text          0x8001e404      0xb44 Library/sensing/position_estimation.o
                0x8001e404                position_estimation_reset_home_altitude
                0x8001e578                position_estimation_init
                0x8001eae8                position_estimation_update
 .text          0x8001ef48      0x7f4 Library/sensing/position_estimation_telemetry.o
                0x8001ef48                position_estimation_telemetry_init
                0x8001f148                position_estimation_telemetry_send_position
                0x8001f3dc                position_estimation_telemetry_send_global_position
 .text          0x8001f73c      0xb28 Library/sensing/qfilter.o
                0x8001f73c                qfilter_init
                0x8001f77c                qfilter_update
 .text          0x80020264      0xc9c Library/sensing/simulation_telemetry.o
                0x80020264                simulation_telemetry_send_state
                0x8002073c                simulation_telemetry_init
                0x80020940                simulation_telemetry_send_quaternions
 .text          0x80020f00      0x920 Library/util/linear_algebra.o
                0x80020f00                inv4
                0x80021630                inv3
                0x80021790                inv2
 .text          0x80021820      0x470 Library/util/matrixlib_float.o
                0x80021820                matf_zeros
                0x8002184c                matf_diag
                0x80021886                matf_copy
                0x800218a8                matf_cross
                0x800218fc                matf_copy_part
                0x8002195a                matf_sum
                0x80021980                matf_add
                0x800219b0                matf_multiply_factor
                0x800219d6                matf_sub
                0x80021a06                matf_tr
                0x80021a46                matf_multiply
                0x80021b30                matf_multiply_Bt
                0x80021c0c                matf_norm
                0x80021c44                matf_std
 .text          0x80021c90      0x7ec Library/util/quick_trig.o
                0x80021c90                quick_trig_atan
                0x80021dc8                quick_trig_acos
                0x80021ea8                quick_trig_asin
                0x80021ed0                quick_trig_tan
                0x80021fd8                quick_trig_sin
                0x80022104                quick_trig_cos
                0x8002212c                acos_x_min
                0x80022130                acos_x_max
                0x80022134                acos_x_step
                0x80022138                acos_y
                0x80022200                sin_x_min
                0x80022204                sin_x_max
                0x80022208                sin_x_step
                0x8002220c                sin_y
                0x800222d4                tan_x_min
                0x800222d8                tan_x_max
                0x800222dc                tan_x_step
                0x800222e0                tan_y
                0x800223a8                atan_x_min
                0x800223ac                atan_x_max
                0x800223b0                atan_x_step
                0x800223b4                atan_y
 .text          0x8002247c      0x46c src/central_data.o
                0x8002247c                central_data_get_pointer_to_struct
                0x80022498                central_data_init
 .text          0x800228e8      0xa80 src/mavlink_telemetry.o
                0x800228e8                mavlink_telemetry_add_data_logging_parameters
                0x800229d0                mavlink_telemetry_add_onboard_parameters
                0x80022ee4                mavlink_telemetry_init_communication_module
                0x80022f4c                mavlink_telemetry_init
 .text          0x80023368      0x564 src/tasks.o
                0x80023368                tasks_get_main_taskset
                0x80023394                tasks_create_tasks
                0x80023564                tasks_led_toggle
                0x80023584                tasks_run_sonar_update
                0x800235c8                tasks_run_barometer_update
                0x8002360c                tasks_run_gps_update
                0x80023650                tasks_run_imu_update
                0x800236f0                tasks_run_stabilisation
 .text          0x800238cc      0x508 Library/communication/mavlink_stream.o
                0x800238cc                mavlink_stream_init
                0x800238f0                mavlink_stream_flush
                0x80023906                mavlink_stream_receive
                0x80023c6c                mavlink_stream_send
 .text          0x80023dd4      0xaf4 Library/communication/onboard_parameters.o
                0x80023e0e                onboard_parameters_read_parameters_from_flashc
                0x80023ee4                onboard_parameters_write_parameters_to_flashc
                0x80023fc0                onboard_parameters_preflight_storage
                0x80024034                onboard_parameters_add_parameter_float
                0x800240dc                onboard_parameters_add_parameter_int32
                0x80024184                onboard_parameters_add_parameter_uint32
                0x80024214                onboard_parameters_init
 .text          0x800248c8     0x1c50 Library/control/navigation.o
                0x80024964                navigation_waypoint_hold_init
                0x80025104                navigation_init
                0x8002598c                navigation_update
 .text          0x80026518       0xb0 Library/control/stabilisation.o
                0x80026518                stabilisation_run
                0x80026584                stabilisation_init
 .text          0x800265c8      0x484 Library/hal/adc_int.o
                0x800265c8                adc_int_clear_sequencer
                0x800265f4                adc_int_sequencer_add
                0x8002666c                adc_int_sampling_complete
                0x80026698                adc_int_get_sample
                0x800266bc                adc_int_get_buffer
                0x800266d8                adc_int_get_sampling_status
                0x800266f4                adc_int_get_period
                0x80026710                adc_int_stop_sampling
                0x80026738                adc_int_start_sampling
                0x800267ec                adc_int_init
 .text          0x80026a4c      0x388 Library/hal/ads1274.o
                0x80026a4c                get_interrupt_counter
                0x80026a68                ads1274_set_DAC_generator_function
                0x80026a84                get_sample
                0x80026aac                get_sampling_status
                0x80026acc                ads1274_ADC_start_oneshot
                0x80026aec                eic_nmi_handler
                0x80026b24                ads1274_ADC_switch_clock
                0x80026b7c                ads1274_init_DAC
                0x80026cc4                process_data
 .text          0x80026dd4      0x830 Library/hal/bmp085.o
                0x80026dd4                bmp085_reset_origin_altitude
                0x80026df0                bmp085_update
                0x80027228                bmp085_init_slow
                0x800275d4                bmp085_init
 .text          0x80027604      0x300 Library/hal/dac_dma.o
                0x80027604                DAC_pause
                0x8002760e                DAC_resume
                0x80027618                DAC_is_finished
                0x80027622                dac_dma_set_value
                0x80027640                dac_dma_play
                0x80027700                dac_dma_init
                0x800277e0                init_gclk
                0x80027810                init_pevc
                0x80027854                dac_dma_load_buffer
 .text          0x80027904      0x34c Library/hal/led.o
                0x80027904                LED_Read_Display
                0x80027920                LED_Display
                0x800279cc                LED_Read_Display_Mask
                0x800279ec                LED_Test
                0x80027a10                LED_Get_Intensity
                0x80027a1a                LED_Set_Intensity
                0x80027a24                LED_Read_Display_Field
                0x80027a50                LED_Toggle
                0x80027ab0                LED_Off
                0x80027b10                LED_On
                0x80027b74                LED_Display_Mask
                0x80027bf8                LED_Display_Field
 .text          0x80027c50      0x71c Library/hal/spi_buffered.o
                0x80027c50                spi_buffered_get_spi_in_buffer
                0x80027c74                spi_buffered_set_callback
                0x80027c98                spi_buffered_pause
                0x80027cc0                spi_buffered_activate_receive
                0x80027ce8                spi_buffered_deactivate_receive
                0x80027d10                spi_buffered_clear_read_buffer
                0x80027d38                spi_buffered_get_traffic
                0x80027d5c                spi_buffered_read
                0x80027d9c                spi_buffered_is_transfered_finished
                0x80027dc8                spi_buffered_bytes_available
                0x80027df4                spi_buffered_transmit
                0x80027e68                spi_handler
                0x80027efc                spi1_int_handler
                0x80027f1c                spi0_int_handler
                0x80027f3c                spi_buffered_start
                0x80027fa0                spi_buffered_write
                0x80027ff4                spi_buffered_resume
                0x80028028                spi_buffered_flush_buffer
                0x80028064                spi_buffered_disable
                0x80028094                spi_buffered_enable
                0x800280c4                spi_buffered_trigger_DMA
                0x80028158                spi_buffered_init_DMA
                0x80028240                spi_buffered_init
 .text          0x8002836c      0x6b0 Library/hal/uart_int.o
                0x8002836c                uart_int_set_usart_conf
                0x800283f8                uart_int_get_uart_handle
                0x8002841c                uart_int_register_write_stream
                0x80028454                uart_int_register_read_stream
                0x80028462                uart_int_flush
                0x80028490                uart_out_buffer_empty
                0x800284b0                uart_int_send_byte
                0x800284ec                uart_int_bytes_available
                0x8002850c                uart_int_get_byte
                0x80028530                register_UART_handler
                0x80028608                uart_int_init
 .text          0x80028a1c      0x518 Library/runtime/scheduler.o
                0x80028a1c                scheduler_sort_tasks
                0x80028b60                scheduler_get_task_by_id
                0x80028ba4                scheduler_get_task_by_index
                0x80028bc6                scheduler_change_run_mode
                0x80028bd2                scheduler_run_task_now
                0x80028c00                scheduler_change_task_period
                0x80028c30                scheduler_suspend_task
                0x80028c54                scheduler_update
                0x80028df8                scheduler_add_task
                0x80028ec4                scheduler_init
 .text          0x80028f34      0x4c4 Library/sensing/imu.o
                0x80028f34                imu_update
                0x80029200                imu_init
 .text          0x800293f8     0x1de8 Library/sensing/simulation.o
                0x800293f8                simulation_calib_set
                0x80029558                simulation_switch_from_simulation_to_reality
                0x8002978c                simulation_switch_from_reality_to_simulation
                0x800297cc                simulation_simulate_sonar
                0x80029848                simulation_simulate_barometer
                0x80029888                simulation_fake_gps_fix
                0x8002996c                simulation_simulate_gps
                0x80029a0c                simulation_init
                0x80029b98                forces_from_servos_diag_quad
                0x8002a378                simulation_update
 .text          0x8002b1e0      0x1bc Library/util/buffer.o
                0x8002b1e0                buffer_full
                0x8002b1fc                buffer_put_lossy
                0x8002b248                buffer_put
                0x8002b298                buffer_get
                0x8002b2c8                buffer_empty
                0x8002b2e0                buffer_bytes_available
                0x8002b2fc                buffer_init
                0x8002b314                buffer_clear
                0x8002b32c                buffer_make_buffered_stream
                0x8002b364                buffer_make_buffered_stream_lossy
 .text          0x8002b39c      0x554 Library/util/coord_conventions.o
                0x8002b39c                coord_conventions_get_yaw
                0x8002b414                coord_conventions_quaternion_from_aero
                0x8002b4fc                coord_conventions_quat_to_aero
                0x8002b64c                coord_conventions_local_to_global_position
                0x8002b754                coord_conventions_global_to_local_position
 .text          0x8002b8f0      0x154 Library/util/generator.o
                0x8002b8f0                generator_init_dac_buffer_triangle
                0x8002b954                generator_ramp_generator
                0x8002b962                generator_arbitrary_generator
                0x8002b988                generator_init_dac_buffer_sine
 .text          0x8002ba44      0x6ec Library/util/print_util.o
                0x8002ba44                print_util_get_debug_stream
                0x8002ba60                print_util_dbg_print_init
                0x8002ba7c                print_util_putstring
                0x8002bab4                print_util_putstring_length
                0x8002bae6                print_util_putdigit
                0x8002bb20                putnum_tight
                0x8002bba4                print_util_putnum
                0x8002bc30                print_util_putlong
                0x8002bd0c                print_util_putfloat
                0x8002bdd4                print_util_print_vector
                0x8002be68                print_util_print_quaternion
                0x8002bedc                print_util_print_matrix
                0x8002bfc0                print_util_dbg_print
                0x8002bfe8                print_util_dbg_print_num
                0x8002c014                print_util_dbg_putfloat
                0x8002c040                print_util_dbg_print_vector
                0x8002c06c                print_util_dbg_print_quaternion
                0x8002c098                print_util_dbg_log_value
                0x8002c0e4                print_util_dbg_print_long
 .text          0x8002c130        0x0 Library/util/sinus.o
 .text          0x8002c130      0x594 src/asf/avr32/drivers/adcifa/adcifa.o
                0x8002c130                adcifa_get_calibration_data
                0x8002c16c                adcifa_configure
                0x8002c220                adcifa_configure_sequencer
                0x8002c4d4                adcifa_configure_window_monitor
                0x8002c552                adcifa_start_sequencer
                0x8002c58e                adcifa_check_eoc
                0x8002c5c0                adcifa_check_eos
                0x8002c5f2                adcifa_get_values_from_sequencer
                0x8002c67c                adcifa_start_itimer
                0x8002c68e                adcifa_stop_itimer
                0x8002c69c                adcifa_enable_interrupt
                0x8002c6aa                adcifa_disable_interrupt
                0x8002c6b8                adcifa_clear_interrupt
 .text          0x8002c6c4      0x21c src/asf/avr32/drivers/ast/ast.o
                0x8002c6c4                ast_enable
                0x8002c6e4                ast_set_calendar_value
                0x8002c702                ast_init_calendar
                0x8002c740                ast_set_counter_value
                0x8002c75c                ast_init_counter
                0x8002c788                ast_get_calendar_value
                0x8002c794                ast_get_counter_value
                0x8002c7a0                ast_set_alarm0_value
                0x8002c7ac                ast_set_alarm1_value
                0x8002c7b8                ast_enable_alarm0
                0x8002c7da                ast_disable_alarm0
                0x8002c7fc                ast_enable_alarm1
                0x8002c81e                ast_disable_alarm1
                0x8002c840                ast_set_periodic0_value
                0x8002c84c                ast_set_periodic1_value
                0x8002c858                ast_enable_periodic0
                0x8002c87a                ast_disable_periodic0
                0x8002c89c                ast_enable_periodic1
                0x8002c8be                ast_disable_periodic1
 .text          0x8002c8e0      0x444 src/asf/avr32/drivers/dacifb/dacifb.o
                0x8002c8e0                dacifb_get_calibration_data
                0x8002c90e                dacifb_check_eoc
                0x8002c91a                dacifb_set_value
                0x8002c956                dacifb_reload_timer
                0x8002c9ae                dacifb_start_channel
                0x8002ca58                dacifb_configure_channel
                0x8002cc7e                dacifb_configure
 .text          0x8002cd24      0x1c8 src/asf/avr32/drivers/eic/eic.o
                0x8002cd24                eic_init
                0x8002cdde                eic_enable_lines
                0x8002cdea                eic_enable_line
                0x8002cdfc                eic_disable_lines
                0x8002ce08                eic_disable_line
                0x8002ce1a                eic_is_line_enabled
                0x8002ce32                eic_enable_interrupt_lines
                0x8002ce3e                eic_enable_interrupt_line
                0x8002ce50                eic_is_interrupt_line_enabled
                0x8002ce68                eic_is_interrupt_line_pending
                0x8002ce80                eic_clear_interrupt_line
                0x8002ce9e                eic_clear_interrupt_lines
                0x8002ceb6                eic_disable_interrupt_line
                0x8002ced4                eic_disable_interrupt_lines
 .text          0x8002ceec     0x18f4 src/asf/avr32/drivers/flashc/flashc.o
                0x8002ceec                flashc_get_flash_size
                0x8002cf14                flashc_get_page_count
                0x8002cf34                flashc_get_page_count_per_region
                0x8002cf54                flashc_get_region_first_page_number
                0x8002cf74                flashc_get_wait_state
                0x8002cf88                flashc_set_wait_state
                0x8002cf9e                flashc_set_bus_freq
                0x8002cfdc                flashc_is_ready_int_enabled
                0x8002cff0                flashc_enable_ready_int
                0x8002d006                flashc_is_lock_error_int_enabled
                0x8002d01a                flashc_enable_lock_error_int
                0x8002d030                flashc_is_prog_error_int_enabled
                0x8002d044                flashc_enable_prog_error_int
                0x8002d05a                flashc_is_ready
                0x8002d06e                flashc_default_wait_until_ready
                0x8002d08c                flashc_is_lock_error
                0x8002d0ac                flashc_is_programming_error
                0x8002d0cc                flashc_get_command
                0x8002d0e0                flashc_get_page_number
                0x8002d0f4                flashc_get_page_region
                0x8002d128                flashc_issue_command
                0x8002d17c                flashc_no_operation
                0x8002d19c                flashc_erase_all
                0x8002d1bc                flashc_is_security_bit_active
                0x8002d1d0                flashc_activate_security_bit
                0x8002d1f0                flashc_is_region_locked
                0x8002d210                flashc_is_page_region_locked
                0x8002d238                flashc_lock_page_region
                0x8002d264                flashc_lock_region
                0x8002d298                flashc_lock_all_regions
                0x8002d43c                flashc_read_all_gp_fuses
                0x8002d462                flashc_read_gp_fuse_byte
                0x8002d4ac                flashc_read_gp_fuse_bitfield
                0x8002d52c                flashc_get_bootloader_protected_size
                0x8002d560                flashc_read_gp_fuse_bit
                0x8002d5a8                flashc_is_external_privileged_fetch_locked
                0x8002d5cc                flashc_erase_gp_fuse_bit
                0x8002d608                flashc_erase_gp_fuse_bitfield
                0x8002d6bc                flashc_erase_all_gp_fuses
                0x8002d6f8                flashc_write_gp_fuse_bit
                0x8002d720                flashc_write_gp_fuse_bitfield
                0x8002d78c                flashc_write_gp_fuse_byte
                0x8002d7b4                flashc_erase_gp_fuse_byte
                0x8002d9b0                flashc_write_all_gp_fuses
                0x8002dabc                flashc_set_gp_fuse_bit
                0x8002daec                flashc_lock_external_privileged_fetch
                0x8002db14                flashc_set_gp_fuse_bitfield
                0x8002db80                flashc_set_gp_fuse_byte
                0x8002dbf0                flashc_set_all_gp_fuses
                0x8002dc64                flashc_clear_page_buffer
                0x8002dc84                flashc_is_page_erased
                0x8002dc98                flashc_quick_page_read
                0x8002dcc4                flashc_erase_page
                0x8002dd0c                flashc_erase_all_pages
                0x8002dd68                flashc_write_page
                0x8002dd88                flashc_quick_user_page_read
                0x8002ddb4                flashc_erase_user_page
                0x8002dde8                flashc_write_user_page
                0x8002de08                flashc_memset64
                0x8002e134                flashc_memset32
                0x8002e160                flashc_memset16
                0x8002e180                flashc_memset8
                0x8002e1a4                flashc_memcpy
                0x8002e6d0                flashc_set_flash_waitstate_and_readmode
                0x8002e73c                flashc_set_bootloader_protected_size
 .text          0x8002e7e0      0x64c src/asf/avr32/drivers/gpio/gpio.o
                0x8002e7e0                gpio_enable_module_pin
                0x8002e8c0                gpio_enable_module
                0x8002e900                gpio_enable_gpio_pin
                0x8002e91e                gpio_enable_gpio
                0x8002e950                gpio_enable_pin_pull_up
                0x8002e970                gpio_disable_pin_pull_up
                0x8002e98c                gpio_enable_pin_pull_down
                0x8002e9ac                gpio_disable_pin_pull_down
                0x8002e9c8                gpio_enable_pin_buskeeper
                0x8002e9e8                gpio_disable_pin_buskeeper
                0x8002ea08                gpio_configure_pin
                0x8002ead2                gpio_configure_group
                0x8002eb8a                gpio_get_pin_value
                0x8002eba8                gpio_get_gpio_pin_output_value
                0x8002ebc6                gpio_get_gpio_open_drain_pin_output_value
                0x8002ebe8                gpio_set_gpio_pin
                0x8002ec0a                gpio_set_pin_high
                0x8002ec26                gpio_set_group_high
                0x8002ec3a                gpio_set_pin_low
                0x8002ec56                gpio_clr_gpio_pin
                0x8002ec78                gpio_set_group_low
                0x8002ec8c                gpio_tgl_gpio_pin
                0x8002ecae                gpio_toggle_pin
                0x8002ecca                gpio_toggle_group
                0x8002ecde                gpio_set_gpio_open_drain_pin
                0x8002ecfc                gpio_clr_gpio_open_drain_pin
                0x8002ed1e                gpio_tgl_gpio_open_drain_pin
                0x8002ed40                gpio_enable_pin_glitch_filter
                0x8002ed5c                gpio_disable_pin_glitch_filter
                0x8002ed78                gpio_enable_pin_interrupt
                0x8002edd2                gpio_disable_pin_interrupt
                0x8002edee                gpio_get_pin_interrupt_flag
                0x8002ee0e                gpio_clear_pin_interrupt_flag
 .text          0x8002ee2c        0x0 src/asf/avr32/drivers/intc/exception.o
 .text          0x8002ee2c       0xf4 src/asf/avr32/drivers/intc/intc.o
                0x8002ee34                INTC_register_interrupt
                0x8002ee78                INTC_init_interrupts
                0x8002eed8                _get_interrupt_handler
 .text          0x8002ef20      0x394 src/asf/avr32/drivers/pdca/pdca.o
                0x8002ef20                pdca_get_handler
                0x8002ef3a                pdca_get_channel_status
                0x8002ef5c                pdca_disable
                0x8002ef7c                pdca_enable
                0x8002ef9c                pdca_get_load_size
                0x8002efbc                pdca_get_reload_size
                0x8002efdc                pdca_set_peripheral_select
                0x8002effc                pdca_set_transfer_size
                0x8002f024                pdca_disable_event_trigger
                0x8002f048                pdca_enable_event_trigger
                0x8002f06c                pdca_enable_interrupt_transfer_error
                0x8002f08c                pdca_enable_interrupt_transfer_complete
                0x8002f0ac                pdca_enable_interrupt_reload_counter_zero
                0x8002f0cc                pdca_get_transfer_status
                0x8002f0ec                pdca_disable_interrupt_reload_counter_zero
                0x8002f128                pdca_disable_interrupt_transfer_complete
                0x8002f164                pdca_disable_interrupt_transfer_error
                0x8002f1a0                pdca_reload_channel
                0x8002f1ec                pdca_load_channel
                0x8002f238                pdca_init_channel
 .text          0x8002f2b4      0x376 src/asf/avr32/drivers/pevc/pevc.o
                0x8002f2b4                pevc_channel_configure
                0x8002f338                pevc_igfd_set
                0x8002f348                pevc_channels_enable
                0x8002f366                pevc_channels_disable
                0x8002f384                pevc_get_channel_status
                0x8002f3c2                pevc_get_channel_state
                0x8002f400                pevc_channel_sev_enable
                0x8002f41c                pevc_channels_trigger_sev
                0x8002f43a                pevc_channel_sev_disable
                0x8002f456                pevc_channels_enable_trigger_interrupt
                0x8002f474                pevc_channels_disable_trigger_interrupt
                0x8002f492                pevc_channel_is_trigger_interrupt_enabled
                0x8002f4d4                pevc_channel_is_trigger_interrupt_raised
                0x8002f512                pevc_channel_clear_trigger_interrupt
                0x8002f53e                pevc_channels_enable_overrun_interrupt
                0x8002f55c                pevc_channels_disable_overrun_interrupt
                0x8002f57a                pevc_channel_is_overrun_interrupt_enabled
                0x8002f5bc                pevc_channel_is_overrun_interrupt_raised
                0x8002f5fe                pevc_channel_clear_overrun_interrupt
 .text          0x8002f62a      0x1b6 src/asf/avr32/drivers/pm/pm_uc3c.o
                0x8002f62a                pm_wait_for_clk_ready
                0x8002f652                pm_disable_module
                0x8002f692                pm_enable_module
                0x8002f6d2                pm_disable_clk_domain_div
                0x8002f724                pm_set_clk_domain_div
                0x8002f776                pm_config_mainclk_safety
                0x8002f7ba                pm_set_mclk_source
 .text          0x8002f7e0      0x370 src/asf/avr32/drivers/pm/power_clocks_lib.o
                0x8002f7e0                pcl_read_gplp
                0x8002f7fc                pcl_write_gplp
                0x8002f818                pcl_configure_usb_clock
                0x8002f890                pcl_switch_to_osc
                0x8002f8f4                pcl_configure_clocks
 .text          0x8002fb50      0x8ec src/asf/avr32/drivers/pwm/pwm4.o
                0x8002fb50                pwm_write_protect_hw_lock
                0x8002fc1e                pwm_write_protect_sw_lock
                0x8002fce2                pwm_write_protect_sw_unlock
                0x8002fda4                pwm_write_protect_status
                0x8002fdc2                pwm_channel_init
                0x8002fe08                pwm_start_channels
                0x8002fe26                pwm_stop_channels
                0x8002fe44                pwm_update_channel
                0x8002fe8e                pwm_interrupt_update_channel
                0x8002fec4                pwm_output_override_setup
                0x8002ff28                pwm_output_override_write
                0x8002ffec                pwm_update_period_value
                0x8002fffc                pwm_synchronous_prepare_update
                0x8003003a                pwm_update_manual_write_manual_update
                0x8003004e                pwm_update_manual_write_auto_update
                0x80030064                pwm_update_auto_write_auto_update_check_ready
                0x8003007a                pwm_update_auto_write_auto_update_check_eot
                0x80030090                pwm_fault_lines_polarity_setup
                0x80030154                pwm_fault_lines_level_setup
                0x800301d8                pwm_fault_lines_enable
                0x80030224                pwm_get_fault_status
                0x80030234                pwm_clr_fault_status
                0x8003024a                pwm_compare_match_setup
                0x80030292                pwm_compare_match_reload_setup
                0x800302da                pwm_compare_event_enable
                0x800302fc                pwm_compare_event_disable
                0x80030326                pwm_init
 .text          0x8003043c      0x850 src/asf/avr32/drivers/scif/scif_uc3c.o
                0x8003043c                scif_read_gplp
                0x80030450                scif_write_gplp
                0x8003046e                scif_is_osc_ready
                0x80030494                scif_wait_for_pll_locked
                0x800304be                scif_start_gclk
                0x80030504                scif_stop_gclk
                0x8003053c                scif_gc_setup
                0x800305dc                scif_gc_enable
                0x80030600                scif_bod18_enable_irq
                0x80030612                scif_bod18_clear_irq
                0x80030624                scif_bod18_get_irq_status
                0x80030638                scif_bod18_get_irq_enable_bit
                0x8003064c                scif_bod18_get_level
                0x80030660                scif_bod33_enable_irq
                0x80030674                scif_bod33_clear_irq
                0x80030688                scif_bod33_get_irq_status
                0x8003069c                scif_bod33_get_irq_enable_bit
                0x800306b0                scif_bod33_get_level
                0x800306c4                scif_bod50_enable_irq
                0x800306d8                scif_bod50_clear_irq
                0x800306ec                scif_bod50_get_irq_status
                0x80030700                scif_bod50_get_irq_enable_bit
                0x80030714                scif_bod50_get_level
                0x80030728                scif_bod50_disable_irq
                0x8003075c                scif_bod33_disable_irq
                0x80030790                scif_bod18_disable_irq
                0x800307c0                scif_stop_rc120M
                0x800307ec                scif_start_rc120M
                0x80030816                scif_stop_rc8M
                0x80030842                scif_start_rc8M
                0x80030876                scif_stop_osc32
                0x800308a2                scif_start_osc32
                0x80030900                scif_pll_disable
                0x80030948                scif_pll_enable
                0x80030990                scif_pll_setup
                0x80030a02                scif_enable_extosc
                0x80030a4a                scif_enable_osc
                0x80030abc                scif_configure_osc_extmode
                0x80030b04                scif_configure_osc_crystalmode
                0x80030bc8                scif_stop_osc
                0x80030bfa                scif_start_osc
 .text          0x80030c8c      0x3c0 src/asf/avr32/drivers/spi/spi.o
                0x80030c8c                getBaudDiv
                0x80030cb0                spi_initSlave
                0x80030d14                spi_initTest
                0x80030d30                spi_initMaster
                0x80030d72                spi_selectionMode
                0x80030db2                spi_selectChip
                0x80030e0e                spi_unselectChip
                0x80030e3e                spi_setupChipReg
                0x80030f08                spi_enable
                0x80030f16                spi_disable
                0x80030f24                spi_is_enabled
                0x80030f34                spi_writeRegisterEmptyCheck
                0x80030f44                spi_write
                0x80030f6a                spi_variableSlaveWrite
                0x80030fc0                spi_writeEndCheck
                0x80030fd0                spi_readRegisterFullCheck
                0x80030fe0                spi_read
                0x8003100c                spi_getStatus
 .text          0x8003104c      0x472 src/asf/avr32/drivers/tc/tc.o
                0x8003104c                tc_get_interrupt_settings
                0x80031068                tc_select_external_clock
                0x800310b0                tc_init_capture
                0x800310d8                tc_init_waveform
                0x8003117e                tc_start
                0x800311a2                tc_stop
                0x800311c6                tc_software_trigger
                0x800311ea                tc_sync_trigger
                0x800311fa                tc_sync_start
                0x80031214                tc_read_sr
                0x80031230                tc_read_tc
                0x80031250                tc_read_ra
                0x80031270                tc_read_rb
                0x80031290                tc_read_rc
                0x800312b0                tc_write_ra
                0x800312f4                tc_write_rb
                0x80031338                tc_write_rc
                0x8003137c                tc_configure_interrupts
 *fill*         0x800314be        0x2 d703d703
 .text          0x800314c0      0x8cc src/asf/avr32/drivers/twim/twim.o
                0x80031638                twim_set_speed
                0x800316b6                twim_status
                0x800316d8                twim_disable_interrupt
                0x800316f4                twim_chained_transfer
                0x800318f0                twim_write
                0x800319bc                twim_probe
                0x800319ec                twim_write_packet
                0x80031af8                twim_read
                0x80031bc4                twim_read_packet
                0x80031cac                twim_master_init
 .text          0x80031d8c      0x9c8 src/asf/avr32/drivers/usart/usart.o
                0x80031d8c                usart_spi_selectChip
                0x80031d9c                usart_spi_unselectChip
                0x80031dc4                usart_write_char
                0x80031de4                usart_send_address
                0x80031e24                usart_putchar
                0x80031e5c                usart_read_char
                0x80031e8c                usart_getchar
                0x80031ec8                usart_write_line
                0x80031ef8                usart_get_echo_line
                0x80031f60                usart_reset
                0x80031f94                usart_init_spi_slave
                0x80032034                usart_init_spi_master
                0x800320f4                usart_init_iso7816
                0x800321a8                usart_init_sync_slave
                0x80032274                usart_init_sync_master
                0x80032364                usart_init_rs232_tx_only
                0x80032450                usart_init_rs232
                0x8003256c                usart_init_IrDA
                0x800325ac                usart_init_rs485
                0x800325dc                usart_init_modem
                0x8003260c                usart_init_hw_handshaking
                0x8003263c                usart_init_lin_master
                0x800326c8                usart_init_lin_slave
 .text          0x80032754     0x1210 src/asf/avr32/drivers/usbc/usbc_device.o
                0x80032754                udd_include_vbus_monitoring
                0x8003275e                udd_is_high_speed
                0x80032768                udd_set_address
                0x80032792                udd_getaddress
                0x800327a6                udd_get_frame_number
                0x800327ba                udd_get_micro_frame_number
                0x800327c4                udd_set_setup_payload
                0x800327e4                udd_ep_is_halted
                0x800327fe                udd_ep_clear_halt
                0x8003286c                udd_ep_wait_stall_clear
                0x800328dc                udd_ep_alloc
                0x80032b1c                udd_ep_abort
                0x80032b44                udd_ep_set_halt
                0x80032b84                udd_ep_free
                0x80032bb4                udd_ep_run
                0x80032fbc                udd_enable
                0x800336e0                udd_detach
                0x80033744                udd_attach
                0x8003387c                udd_disable
                0x80033908                udd_send_wake_up
 .text          0x80033964       0x8c src/asf/avr32/services/delay/delay.o
                0x80033964                delay_init
                0x80033980                delay_ms
 .text          0x800339f0        0x0 src/asf/avr32/utils/startup/startup_uc3.o
 .text._stext   0x800339f0       0x50 src/asf/avr32/utils/startup/startup_uc3.o
                0x800339f0                _stext
 .text          0x80033a40        0x0 src/asf/avr32/utils/startup/trampoline_uc3.o
 .text          0x80033a40       0x30 src/asf/common/boards/user_board/init.o
                0x80033a40                board_init
 .text          0x80033a70      0x154 src/asf/common/services/clock/uc3c/osc.o
                0x80033a70                osc_priv_disable_rc120m
                0x80033a96                osc_priv_enable_rc120m
                0x80033abc                osc_priv_disable_rc8m
                0x80033aea                osc_priv_enable_rc8m
                0x80033b2c                osc_priv_disable_osc32
                0x80033b52                osc_priv_enable_osc32
                0x80033b7a                osc_priv_disable_osc0
                0x80033b9e                osc_priv_enable_osc0
 .text          0x80033bc4       0x80 src/asf/common/services/clock/uc3c/pll.o
                0x80033bc4                pll_disable
                0x80033bee                pll_enable
                0x80033c1a                pll_config_write
 .text          0x80033c44      0x220 src/asf/common/services/clock/uc3c/sysclk.o
                0x80033c44                sysclk_disable_usb
                0x80033c58                sysclk_set_source
                0x80033c7a                sysclk_set_prescalers
                0x80033cea                sysclk_priv_disable_module
                0x80033d24                sysclk_priv_enable_module
                0x80033d5c                sysclk_enable_usb
                0x80033db8                sysclk_init
 .text          0x80033e64        0x0 src/asf/common/services/sleepmgr/uc3/sleepmgr.o
 .text          0x80033e64      0x284 src/asf/common/services/spi/uc3_spi/spi_master.o
                0x80033e64                spi_read_packet
                0x80033ebc                spi_write_packet
                0x80033eec                spi_master_setup_device
 .text          0x800340e8      0xab4 src/asf/common/services/usb/class/cdc/device/udi_cdc.o
                0x800340e8                udi_cdc_data_disable
                0x800340f2                udi_cdc_comm_setup
                0x80034188                udi_cdc_data_setup
                0x80034192                udi_cdc_getsetting
                0x8003419c                udi_cdc_line_coding_received
                0x800341a6                udi_cdc_is_rx_ready
                0x800341d8                udi_cdc_is_tx_ready
                0x8003424c                udi_cdc_write_buf
                0x80034304                udi_cdc_putc
                0x8003437c                udi_cdc_data_recevied
                0x8003441c                udi_cdc_signal_parity_error
                0x80034490                udi_cdc_serial_state_msg_sent
                0x80034618                udi_cdc_data_sent
                0x80034654                udi_cdc_data_sof_notify
                0x80034668                udi_cdc_comm_disable
                0x80034694                udi_cdc_comm_enable
                0x800346dc                udi_cdc_getc
                0x800347c4                udi_cdc_read_buf
                0x800348d0                udi_cdc_ctrl_signal_dcd
                0x80034964                udi_cdc_signal_framing_error
                0x800349d8                udi_cdc_ctrl_signal_dsr
                0x80034a6c                udi_cdc_signal_overrun
                0x80034ae0                udi_cdc_data_enable
 .text          0x80034b9c        0x0 src/asf/common/services/usb/class/cdc/device/udi_cdc_desc.o
 .text          0x80034b9c      0x88c src/asf/common/services/usb/udc/udc.o
                0x80034b9c                udc_get_interface_desc
                0x80034bb8                udc_sof_notify
                0x80034e6c                udc_reset
                0x80034ec0                udc_process_setup
 .text          0x80035428       0x74 src/asf/common/utils/stdio/read.o
                0x80035428                _read
 .text          0x8003549c      0x154 src/asf/common/utils/stdio/stdio_usb/stdio_usb.o
                0x8003549c                stdio_usb_enable
                0x800354bc                stdio_usb_disable
                0x800354dc                stdio_usb_vbus_event
                0x8003550c                stdio_usb_init
                0x80035570                stdio_usb_getchar
                0x800355b8                stdio_usb_putchar
 .text          0x800355f0       0x50 src/asf/common/utils/stdio/write.o
                0x800355f0                _write
 .text          0x80035640      0xbb4 src/boardsupport.o
                0x80035640                boardsupport_init
 .text          0x800361f4       0xc0 src/main.o
                0x800361f4                initialisation()
                0x8003627c                main
 .text          0x800362b4        0x0 d:/programmes/atmel/studio/7.0/toolchain/avr32/avr32-gnu-toolchain/bin/../lib/gcc/avr32/4.4.7/../../../../avr32/lib/ucr3fp\libm.a(lib_a-s_cos.o)
 .text.cos      0x800362b4       0x9c d:/programmes/atmel/studio/7.0/toolchain/avr32/avr32-gnu-toolchain/bin/../lib/gcc/avr32/4.4.7/../../../../avr32/lib/ucr3fp\libm.a(lib_a-s_cos.o)
                0x800362b4                cos
 .text          0x80036350        0x0 d:/programmes/atmel/studio/7.0/toolchain/avr32/avr32-gnu-toolchain/bin/../lib/gcc/avr32/4.4.7/../../../../avr32/lib/ucr3fp\libm.a(lib_a-s_floor.o)
 .text.floor    0x80036350      0x128 d:/programmes/atmel/studio/7.0/toolchain/avr32/avr32-gnu-toolchain/bin/../lib/gcc/avr32/4.4.7/../../../../avr32/lib/ucr3fp\libm.a(lib_a-s_floor.o)
                0x80036350                floor
 .text          0x80036478        0x0 d:/programmes/atmel/studio/7.0/toolchain/avr32/avr32-gnu-toolchain/bin/../lib/gcc/avr32/4.4.7/../../../../avr32/lib/ucr3fp\libm.a(lib_a-s_sin.o)
 .text.sin      0x80036478       0xa0 d:/programmes/atmel/studio/7.0/toolchain/avr32/avr32-gnu-toolchain/bin/../lib/gcc/avr32/4.4.7/../../../../avr32/lib/ucr3fp\libm.a(lib_a-s_sin.o)
                0x80036478                sin
 .text          0x80036518        0x0 d:/programmes/atmel/studio/7.0/toolchain/avr32/avr32-gnu-toolchain/bin/../lib/gcc/avr32/4.4.7/../../../../avr32/lib/ucr3fp\libm.a(lib_a-w_asin.o)
 .text.asin     0x80036518       0xb0 d:/programmes/atmel/studio/7.0/toolchain/avr32/avr32-gnu-toolchain/bin/../lib/gcc/avr32/4.4.7/../../../../avr32/lib/ucr3fp\libm.a(lib_a-w_asin.o)
                0x80036518                asin
 .text          0x800365c8        0x0 d:/programmes/atmel/studio/7.0/toolchain/avr32/avr32-gnu-toolchain/bin/../lib/gcc/avr32/4.4.7/../../../../avr32/lib/ucr3fp\libm.a(lib_a-w_atan2.o)
 .text.atan2    0x800365c8        0xc d:/programmes/atmel/studio/7.0/toolchain/avr32/avr32-gnu-toolchain/bin/../lib/gcc/avr32/4.4.7/../../../../avr32/lib/ucr3fp\libm.a(lib_a-w_atan2.o)
                0x800365c8                atan2
 .text          0x800365d4        0x0 d:/programmes/atmel/studio/7.0/toolchain/avr32/avr32-gnu-toolchain/bin/../lib/gcc/avr32/4.4.7/../../../../avr32/lib/ucr3fp\libm.a(lib_a-w_fmod.o)
 .text.fmod     0x800365d4       0xbc d:/programmes/atmel/studio/7.0/toolchain/avr32/avr32-gnu-toolchain/bin/../lib/gcc/avr32/4.4.7/../../../../avr32/lib/ucr3fp\libm.a(lib_a-w_fmod.o)
                0x800365d4                fmod
 .text          0x80036690        0x0 d:/programmes/atmel/studio/7.0/toolchain/avr32/avr32-gnu-toolchain/bin/../lib/gcc/avr32/4.4.7/../../../../avr32/lib/ucr3fp\libm.a(lib_a-w_pow.o)
 .text.pow      0x80036690      0x300 d:/programmes/atmel/studio/7.0/toolchain/avr32/avr32-gnu-toolchain/bin/../lib/gcc/avr32/4.4.7/../../../../avr32/lib/ucr3fp\libm.a(lib_a-w_pow.o)
                0x80036690                pow
 .text          0x80036990        0x0 d:/programmes/atmel/studio/7.0/toolchain/avr32/avr32-gnu-toolchain/bin/../lib/gcc/avr32/4.4.7/../../../../avr32/lib/ucr3fp\libm.a(lib_a-w_sqrt.o)
 .text.sqrt     0x80036990       0xb4 d:/programmes/atmel/studio/7.0/toolchain/avr32/avr32-gnu-toolchain/bin/../lib/gcc/avr32/4.4.7/../../../../avr32/lib/ucr3fp\libm.a(lib_a-w_sqrt.o)
                0x80036990                sqrt
 .text          0x80036a44        0x0 d:/programmes/atmel/studio/7.0/toolchain/avr32/avr32-gnu-toolchain/bin/../lib/gcc/avr32/4.4.7/../../../../avr32/lib/ucr3fp\libm.a(lib_a-wf_sqrt.o)
 .text.sqrtf    0x80036a44       0xbc d:/programmes/atmel/studio/7.0/toolchain/avr32/avr32-gnu-toolchain/bin/../lib/gcc/avr32/4.4.7/../../../../avr32/lib/ucr3fp\libm.a(lib_a-wf_sqrt.o)
                0x80036a44                sqrtf
 .text          0x80036b00        0x0 d:/programmes/atmel/studio/7.0/toolchain/avr32/avr32-gnu-toolchain/bin/../lib/gcc/avr32/4.4.7/../../../../avr32/lib/ucr3fp\libm.a(lib_a-e_asin.o)
 .text.__ieee754_asin
                0x80036b00      0x50c d:/programmes/atmel/studio/7.0/toolchain/avr32/avr32-gnu-toolchain/bin/../lib/gcc/avr32/4.4.7/../../../../avr32/lib/ucr3fp\libm.a(lib_a-e_asin.o)
                0x80036b00                __ieee754_asin
 .text          0x8003700c        0x0 d:/programmes/atmel/studio/7.0/toolchain/avr32/avr32-gnu-toolchain/bin/../lib/gcc/avr32/4.4.7/../../../../avr32/lib/ucr3fp\libm.a(lib_a-e_atan2.o)
 .text.__ieee754_atan2
                0x8003700c      0x240 d:/programmes/atmel/studio/7.0/toolchain/avr32/avr32-gnu-toolchain/bin/../lib/gcc/avr32/4.4.7/../../../../avr32/lib/ucr3fp\libm.a(lib_a-e_atan2.o)
                0x8003700c                __ieee754_atan2
 .text          0x8003724c        0x0 d:/programmes/atmel/studio/7.0/toolchain/avr32/avr32-gnu-toolchain/bin/../lib/gcc/avr32/4.4.7/../../../../avr32/lib/ucr3fp\libm.a(lib_a-e_fmod.o)
 .text.__ieee754_fmod
                0x8003724c      0x240 d:/programmes/atmel/studio/7.0/toolchain/avr32/avr32-gnu-toolchain/bin/../lib/gcc/avr32/4.4.7/../../../../avr32/lib/ucr3fp\libm.a(lib_a-e_fmod.o)
                0x8003724c                __ieee754_fmod
 .text          0x8003748c        0x0 d:/programmes/atmel/studio/7.0/toolchain/avr32/avr32-gnu-toolchain/bin/../lib/gcc/avr32/4.4.7/../../../../avr32/lib/ucr3fp\libm.a(lib_a-e_pow.o)
 .text.__ieee754_pow
                0x8003748c      0xaf0 d:/programmes/atmel/studio/7.0/toolchain/avr32/avr32-gnu-toolchain/bin/../lib/gcc/avr32/4.4.7/../../../../avr32/lib/ucr3fp\libm.a(lib_a-e_pow.o)
                0x8003748c                __ieee754_pow
 .text          0x80037f7c        0x0 d:/programmes/atmel/studio/7.0/toolchain/avr32/avr32-gnu-toolchain/bin/../lib/gcc/avr32/4.4.7/../../../../avr32/lib/ucr3fp\libm.a(lib_a-e_rem_pio2.o)
 .text.__ieee754_rem_pio2
                0x80037f7c      0x4a0 d:/programmes/atmel/studio/7.0/toolchain/avr32/avr32-gnu-toolchain/bin/../lib/gcc/avr32/4.4.7/../../../../avr32/lib/ucr3fp\libm.a(lib_a-e_rem_pio2.o)
                0x80037f7c                __ieee754_rem_pio2
 .text          0x8003841c        0x0 d:/programmes/atmel/studio/7.0/toolchain/avr32/avr32-gnu-toolchain/bin/../lib/gcc/avr32/4.4.7/../../../../avr32/lib/ucr3fp\libm.a(lib_a-e_sqrt.o)
 .text.__ieee754_sqrt
                0x8003841c      0x19c d:/programmes/atmel/studio/7.0/toolchain/avr32/avr32-gnu-toolchain/bin/../lib/gcc/avr32/4.4.7/../../../../avr32/lib/ucr3fp\libm.a(lib_a-e_sqrt.o)
                0x8003841c                __ieee754_sqrt
 .text          0x800385b8        0x0 d:/programmes/atmel/studio/7.0/toolchain/avr32/avr32-gnu-toolchain/bin/../lib/gcc/avr32/4.4.7/../../../../avr32/lib/ucr3fp\libm.a(lib_a-ef_sqrt.o)
 .text.__ieee754_sqrtf
                0x800385b8       0xd4 d:/programmes/atmel/studio/7.0/toolchain/avr32/avr32-gnu-toolchain/bin/../lib/gcc/avr32/4.4.7/../../../../avr32/lib/ucr3fp\libm.a(lib_a-ef_sqrt.o)
                0x800385b8                __ieee754_sqrtf
 .text          0x8003868c        0x0 d:/programmes/atmel/studio/7.0/toolchain/avr32/avr32-gnu-toolchain/bin/../lib/gcc/avr32/4.4.7/../../../../avr32/lib/ucr3fp\libm.a(lib_a-k_cos.o)
 .text.__kernel_cos
                0x8003868c      0x1f8 d:/programmes/atmel/studio/7.0/toolchain/avr32/avr32-gnu-toolchain/bin/../lib/gcc/avr32/4.4.7/../../../../avr32/lib/ucr3fp\libm.a(lib_a-k_cos.o)
                0x8003868c                __kernel_cos
 .text          0x80038884        0x0 d:/programmes/atmel/studio/7.0/toolchain/avr32/avr32-gnu-toolchain/bin/../lib/gcc/avr32/4.4.7/../../../../avr32/lib/ucr3fp\libm.a(lib_a-k_rem_pio2.o)
 .text.__kernel_rem_pio2
                0x80038884      0x718 d:/programmes/atmel/studio/7.0/toolchain/avr32/avr32-gnu-toolchain/bin/../lib/gcc/avr32/4.4.7/../../../../avr32/lib/ucr3fp\libm.a(lib_a-k_rem_pio2.o)
                0x80038884                __kernel_rem_pio2
 .text          0x80038f9c        0x0 d:/programmes/atmel/studio/7.0/toolchain/avr32/avr32-gnu-toolchain/bin/../lib/gcc/avr32/4.4.7/../../../../avr32/lib/ucr3fp\libm.a(lib_a-k_sin.o)
 .text.__kernel_sin
                0x80038f9c      0x1a4 d:/programmes/atmel/studio/7.0/toolchain/avr32/avr32-gnu-toolchain/bin/../lib/gcc/avr32/4.4.7/../../../../avr32/lib/ucr3fp\libm.a(lib_a-k_sin.o)
                0x80038f9c                __kernel_sin
 .text          0x80039140        0x0 d:/programmes/atmel/studio/7.0/toolchain/avr32/avr32-gnu-toolchain/bin/../lib/gcc/avr32/4.4.7/../../../../avr32/lib/ucr3fp\libm.a(lib_a-s_atan.o)
 .text.atan     0x80039140      0x368 d:/programmes/atmel/studio/7.0/toolchain/avr32/avr32-gnu-toolchain/bin/../lib/gcc/avr32/4.4.7/../../../../avr32/lib/ucr3fp\libm.a(lib_a-s_atan.o)
                0x80039140                atan
 .text          0x800394a8        0x0 d:/programmes/atmel/studio/7.0/toolchain/avr32/avr32-gnu-toolchain/bin/../lib/gcc/avr32/4.4.7/../../../../avr32/lib/ucr3fp\libm.a(lib_a-s_fabs.o)
 .text.fabs     0x800394a8        0x8 d:/programmes/atmel/studio/7.0/toolchain/avr32/avr32-gnu-toolchain/bin/../lib/gcc/avr32/4.4.7/../../../../avr32/lib/ucr3fp\libm.a(lib_a-s_fabs.o)
                0x800394a8                fabs
 .text          0x800394b0        0x0 d:/programmes/atmel/studio/7.0/toolchain/avr32/avr32-gnu-toolchain/bin/../lib/gcc/avr32/4.4.7/../../../../avr32/lib/ucr3fp\libm.a(lib_a-s_finite.o)
 .text.finite   0x800394b0       0x10 d:/programmes/atmel/studio/7.0/toolchain/avr32/avr32-gnu-toolchain/bin/../lib/gcc/avr32/4.4.7/../../../../avr32/lib/ucr3fp\libm.a(lib_a-s_finite.o)
                0x800394b0                finite
 .text          0x800394c0        0x0 d:/programmes/atmel/studio/7.0/toolchain/avr32/avr32-gnu-toolchain/bin/../lib/gcc/avr32/4.4.7/../../../../avr32/lib/ucr3fp\libm.a(lib_a-s_isnand.o)
 .text.__isnand
                0x800394c0       0x1c d:/programmes/atmel/studio/7.0/toolchain/avr32/avr32-gnu-toolchain/bin/../lib/gcc/avr32/4.4.7/../../../../avr32/lib/ucr3fp\libm.a(lib_a-s_isnand.o)
                0x800394c0                __isnand
 .text          0x800394dc        0x0 d:/programmes/atmel/studio/7.0/toolchain/avr32/avr32-gnu-toolchain/bin/../lib/gcc/avr32/4.4.7/../../../../avr32/lib/ucr3fp\libm.a(lib_a-s_lib_ver.o)
 .text          0x800394dc        0x0 d:/programmes/atmel/studio/7.0/toolchain/avr32/avr32-gnu-toolchain/bin/../lib/gcc/avr32/4.4.7/../../../../avr32/lib/ucr3fp\libm.a(lib_a-s_matherr.o)
 .text.matherr  0x800394dc        0x2 d:/programmes/atmel/studio/7.0/toolchain/avr32/avr32-gnu-toolchain/bin/../lib/gcc/avr32/4.4.7/../../../../avr32/lib/ucr3fp\libm.a(lib_a-s_matherr.o)
                0x800394dc                matherr
 .text          0x800394de        0x0 d:/programmes/atmel/studio/7.0/toolchain/avr32/avr32-gnu-toolchain/bin/../lib/gcc/avr32/4.4.7/../../../../avr32/lib/ucr3fp\libm.a(lib_a-s_nan.o)
 .text.nan      0x800394de        0x8 d:/programmes/atmel/studio/7.0/toolchain/avr32/avr32-gnu-toolchain/bin/../lib/gcc/avr32/4.4.7/../../../../avr32/lib/ucr3fp\libm.a(lib_a-s_nan.o)
                0x800394de                nan
 .text          0x800394e6        0x0 d:/programmes/atmel/studio/7.0/toolchain/avr32/avr32-gnu-toolchain/bin/../lib/gcc/avr32/4.4.7/../../../../avr32/lib/ucr3fp\libm.a(lib_a-s_rint.o)
 *fill*         0x800394e6        0x2 d703d703
 .text.rint     0x800394e8      0x124 d:/programmes/atmel/studio/7.0/toolchain/avr32/avr32-gnu-toolchain/bin/../lib/gcc/avr32/4.4.7/../../../../avr32/lib/ucr3fp\libm.a(lib_a-s_rint.o)
                0x800394e8                rint
 .text          0x8003960c        0x0 d:/programmes/atmel/studio/7.0/toolchain/avr32/avr32-gnu-toolchain/bin/../lib/gcc/avr32/4.4.7/../../../../avr32/lib/ucr3fp\libm.a(lib_a-s_scalbn.o)
 .text.scalbn   0x8003960c       0xf0 d:/programmes/atmel/studio/7.0/toolchain/avr32/avr32-gnu-toolchain/bin/../lib/gcc/avr32/4.4.7/../../../../avr32/lib/ucr3fp\libm.a(lib_a-s_scalbn.o)
                0x8003960c                scalbn
 .text          0x800396fc        0x0 d:/programmes/atmel/studio/7.0/toolchain/avr32/avr32-gnu-toolchain/bin/../lib/gcc/avr32/4.4.7/../../../../avr32/lib/ucr3fp\libm.a(lib_a-sf_isnan.o)
 .text.isnanf   0x800396fc        0xe d:/programmes/atmel/studio/7.0/toolchain/avr32/avr32-gnu-toolchain/bin/../lib/gcc/avr32/4.4.7/../../../../avr32/lib/ucr3fp\libm.a(lib_a-sf_isnan.o)
                0x800396fc                isnanf
 .text          0x8003970a        0x0 d:/programmes/atmel/studio/7.0/toolchain/avr32/avr32-gnu-toolchain/bin/../lib/gcc/avr32/4.4.7/../../../../avr32/lib/ucr3fp\libm.a(lib_a-s_copysign.o)
 .text.copysign
                0x8003970a       0x18 d:/programmes/atmel/studio/7.0/toolchain/avr32/avr32-gnu-toolchain/bin/../lib/gcc/avr32/4.4.7/../../../../avr32/lib/ucr3fp\libm.a(lib_a-s_copysign.o)
                0x8003970a                copysign
 *fill*         0x80039722        0x2 d703d703
 .text          0x80039724      0x1d4 d:/programmes/atmel/studio/7.0/toolchain/avr32/avr32-gnu-toolchain/bin/../lib/gcc/avr32/4.4.7/ucr3fp\libgcc.a(_avr32_f64_mul.o)
                0x80039724                __avr32_f64_mul
 .text          0x800398f8      0x2b0 d:/programmes/atmel/studio/7.0/toolchain/avr32/avr32-gnu-toolchain/bin/../lib/gcc/avr32/4.4.7/ucr3fp\libgcc.a(_avr32_f64_addsub.o)
                0x800398fc                __avr32_f64_sub
                0x80039a98                __avr32_f64_add
 .text          0x80039ba8       0x2a d:/programmes/atmel/studio/7.0/toolchain/avr32/avr32-gnu-toolchain/bin/../lib/gcc/avr32/4.4.7/ucr3fp\libgcc.a(_avr32_f64_to_s32.o)
                0x80039ba8                __avr32_f64_to_u32
                0x80039bac                __avr32_f64_to_s32
 .text          0x80039bd2       0x60 d:/programmes/atmel/studio/7.0/toolchain/avr32/avr32-gnu-toolchain/bin/../lib/gcc/avr32/4.4.7/ucr3fp\libgcc.a(_avr32_f64_to_s64.o)
                0x80039bd2                __avr32_f64_to_u64
                0x80039bde                __avr32_f64_to_s64
 .text          0x80039c32       0xe8 d:/programmes/atmel/studio/7.0/toolchain/avr32/avr32-gnu-toolchain/bin/../lib/gcc/avr32/4.4.7/ucr3fp\libgcc.a(_avr32_s32_to_f64.o)
                0x80039c32                __avr32_u32_to_f64
                0x80039c3a                __avr32_s32_to_f64
 .text          0x80039d1a       0x26 d:/programmes/atmel/studio/7.0/toolchain/avr32/avr32-gnu-toolchain/bin/../lib/gcc/avr32/4.4.7/ucr3fp\libgcc.a(_avr32_f64_cmp_eq.o)
                0x80039d1a                __avr32_f64_cmp_eq
 .text          0x80039d40       0x68 d:/programmes/atmel/studio/7.0/toolchain/avr32/avr32-gnu-toolchain/bin/../lib/gcc/avr32/4.4.7/ucr3fp\libgcc.a(_avr32_f64_cmp_ge.o)
                0x80039d40                __avr32_f64_cmp_ge
 .text          0x80039da8       0x68 d:/programmes/atmel/studio/7.0/toolchain/avr32/avr32-gnu-toolchain/bin/../lib/gcc/avr32/4.4.7/ucr3fp\libgcc.a(_avr32_f64_cmp_lt.o)
                0x80039da8                __avr32_f64_cmp_lt
 .text          0x80039e10       0x34 d:/programmes/atmel/studio/7.0/toolchain/avr32/avr32-gnu-toolchain/bin/../lib/gcc/avr32/4.4.7/ucr3fp\libgcc.a(_avr32_f32_cmp_lt.o)
                0x80039e10                __avr32_f32_cmp_lt
 .text          0x80039e44      0x318 d:/programmes/atmel/studio/7.0/toolchain/avr32/avr32-gnu-toolchain/bin/../lib/gcc/avr32/4.4.7/ucr3fp\libgcc.a(_avr32_f64_div.o)
                0x80039e44                __avr32_f64_div
 .text          0x8003a15c      0x160 d:/programmes/atmel/studio/7.0/toolchain/avr32/avr32-gnu-toolchain/bin/../lib/gcc/avr32/4.4.7/ucr3fp\libgcc.a(_avr32_f32_div.o)
                0x8003a15c                __avr32_f32_div
 .text          0x8003a2bc      0x180 d:/programmes/atmel/studio/7.0/toolchain/avr32/avr32-gnu-toolchain/bin/../lib/gcc/avr32/4.4.7/ucr3fp\libgcc.a(_avr32_f32_addsub.o)
                0x8003a2c0                __avr32_f32_sub
                0x8003a390                __avr32_f32_add
 .text          0x8003a43c       0xe2 d:/programmes/atmel/studio/7.0/toolchain/avr32/avr32-gnu-toolchain/bin/../lib/gcc/avr32/4.4.7/ucr3fp\libgcc.a(_avr32_f32_mul.o)
                0x8003a43c                __avr32_f32_mul
 .text          0x8003a51e       0x60 d:/programmes/atmel/studio/7.0/toolchain/avr32/avr32-gnu-toolchain/bin/../lib/gcc/avr32/4.4.7/ucr3fp\libgcc.a(_avr32_f32_to_f64.o)
                0x8003a51e                __avr32_f32_to_f64
 .text          0x8003a57e       0x8a d:/programmes/atmel/studio/7.0/toolchain/avr32/avr32-gnu-toolchain/bin/../lib/gcc/avr32/4.4.7/ucr3fp\libgcc.a(_avr32_f64_to_f32.o)
                0x8003a57e                __avr32_f64_to_f32
 .text          0x8003a608       0x3c d:/programmes/atmel/studio/7.0/toolchain/avr32/avr32-gnu-toolchain/bin/../lib/gcc/avr32/4.4.7/ucr3fp\libgcc.a(_floatdidf.o)
                0x8003a608                __avr32_s64_to_f64
                0x8003a608                __floatdidf
 .text          0x8003a644      0x2b4 d:/programmes/atmel/studio/7.0/toolchain/avr32/avr32-gnu-toolchain/bin/../lib/gcc/avr32/4.4.7/ucr3fp\libgcc.a(_divdi3.o)
                0x8003a644                __avr32_sdiv64
                0x8003a644                __divdi3
 .text          0x8003a8f8      0x280 d:/programmes/atmel/studio/7.0/toolchain/avr32/avr32-gnu-toolchain/bin/../lib/gcc/avr32/4.4.7/ucr3fp\libgcc.a(_moddi3.o)
                0x8003a8f8                __moddi3
                0x8003a8f8                __avr32_smod64
 .text          0x8003ab78      0x264 d:/programmes/atmel/studio/7.0/toolchain/avr32/avr32-gnu-toolchain/bin/../lib/gcc/avr32/4.4.7/ucr3fp\libgcc.a(_udivdi3.o)
                0x8003ab78                __avr32_udiv64
                0x8003ab78                __udivdi3
 .text          0x8003addc      0x20c d:/programmes/atmel/studio/7.0/toolchain/avr32/avr32-gnu-toolchain/bin/../lib/gcc/avr32/4.4.7/ucr3fp\libgcc.a(_umoddi3.o)
                0x8003addc                __avr32_umod64
                0x8003addc                __umoddi3
 .text          0x8003afe8        0x0 d:/programmes/atmel/studio/7.0/toolchain/avr32/avr32-gnu-toolchain/bin/../lib/gcc/avr32/4.4.7/../../../../avr32/lib/ucr3fp\libc.a(lib_a-errno.o)
 .text.__errno  0x8003afe8        0xc d:/programmes/atmel/studio/7.0/toolchain/avr32/avr32-gnu-toolchain/bin/../lib/gcc/avr32/4.4.7/../../../../avr32/lib/ucr3fp\libc.a(lib_a-errno.o)
                0x8003afe8                __errno
 .text          0x8003aff4        0x0 d:/programmes/atmel/studio/7.0/toolchain/avr32/avr32-gnu-toolchain/bin/../lib/gcc/avr32/4.4.7/../../../../avr32/lib/ucr3fp\libc.a(lib_a-impure.o)
 .text          0x8003aff4        0x0 d:/programmes/atmel/studio/7.0/toolchain/avr32/avr32-gnu-toolchain/bin/../lib/gcc/avr32/4.4.7/../../../../avr32/lib/ucr3fp\libc.a(lib_a-malloc.o)
 .text.free     0x8003aff4       0x18 d:/programmes/atmel/studio/7.0/toolchain/avr32/avr32-gnu-toolchain/bin/../lib/gcc/avr32/4.4.7/../../../../avr32/lib/ucr3fp\libc.a(lib_a-malloc.o)
                0x8003aff4                free
 .text.malloc   0x8003b00c       0x18 d:/programmes/atmel/studio/7.0/toolchain/avr32/avr32-gnu-toolchain/bin/../lib/gcc/avr32/4.4.7/../../../../avr32/lib/ucr3fp\libc.a(lib_a-malloc.o)