Archive member included because of file (symbol)

d:/programmes/atmel/studio/7.0/toolchain/avr32/avr32-gnu-toolchain/bin/../lib/gcc/avr32/4.4.7/../../../../avr32/lib/ucr3fp\libm.a(lib_a-s_cos.o)
                              Library/communication/mavlink_waypoint_handler.o (cos)
d:/programmes/atmel/studio/7.0/toolchain/avr32/avr32-gnu-toolchain/bin/../lib/gcc/avr32/4.4.7/../../../../avr32/lib/ucr3fp\libm.a(lib_a-s_floor.o)
                              Library/communication/data_logging.o (floor)
d:/programmes/atmel/studio/7.0/toolchain/avr32/avr32-gnu-toolchain/bin/../lib/gcc/avr32/4.4.7/../../../../avr32/lib/ucr3fp\libm.a(lib_a-s_sin.o)
                              Library/communication/mavlink_waypoint_handler.o (sin)
d:/programmes/atmel/studio/7.0/toolchain/avr32/avr32-gnu-toolchain/bin/../lib/gcc/avr32/4.4.7/../../../../avr32/lib/ucr3fp\libm.a(lib_a-w_asin.o)
                              Library/util/coord_conventions.o (asin)
d:/programmes/atmel/studio/7.0/toolchain/avr32/avr32-gnu-toolchain/bin/../lib/gcc/avr32/4.4.7/../../../../avr32/lib/ucr3fp\libm.a(lib_a-w_atan2.o)
                              Library/communication/mavlink_waypoint_handler.o (atan2)
d:/programmes/atmel/studio/7.0/toolchain/avr32/avr32-gnu-toolchain/bin/../lib/gcc/avr32/4.4.7/../../../../avr32/lib/ucr3fp\libm.a(lib_a-w_fmod.o)
                              Library/util/quick_trig.o (fmod)
d:/programmes/atmel/studio/7.0/toolchain/avr32/avr32-gnu-toolchain/bin/../lib/gcc/avr32/4.4.7/../../../../avr32/lib/ucr3fp\libm.a(lib_a-w_pow.o)
                              Library/hal/bmp085.o (pow)
d:/programmes/atmel/studio/7.0/toolchain/avr32/avr32-gnu-toolchain/bin/../lib/gcc/avr32/4.4.7/../../../../avr32/lib/ucr3fp\libm.a(lib_a-w_sqrt.o)
                              Library/communication/hud_telemetry.o (sqrt)
d:/programmes/atmel/studio/7.0/toolchain/avr32/avr32-gnu-toolchain/bin/../lib/gcc/avr32/4.4.7/../../../../avr32/lib/ucr3fp\libm.a(lib_a-wf_sqrt.o)
                              Library/util/matrixlib_float.o (sqrtf)
d:/programmes/atmel/studio/7.0/toolchain/avr32/avr32-gnu-toolchain/bin/../lib/gcc/avr32/4.4.7/../../../../avr32/lib/ucr3fp\libm.a(lib_a-e_asin.o)
                              d:/programmes/atmel/studio/7.0/toolchain/avr32/avr32-gnu-toolchain/bin/../lib/gcc/avr32/4.4.7/../../../../avr32/lib/ucr3fp\libm.a(lib_a-w_asin.o) (__ieee754_asin)
d:/programmes/atmel/studio/7.0/toolchain/avr32/avr32-gnu-toolchain/bin/../lib/gcc/avr32/4.4.7/../../../../avr32/lib/ucr3fp\libm.a(lib_a-e_atan2.o)
                              d:/programmes/atmel/studio/7.0/toolchain/avr32/avr32-gnu-toolchain/bin/../lib/gcc/avr32/4.4.7/../../../../avr32/lib/ucr3fp\libm.a(lib_a-w_atan2.o) (__ieee754_atan2)
d:/programmes/atmel/studio/7.0/toolchain/avr32/avr32-gnu-toolchain/bin/../lib/gcc/avr32/4.4.7/../../../../avr32/lib/ucr3fp\libm.a(lib_a-e_fmod.o)
                              d:/programmes/atmel/studio/7.0/toolchain/avr32/avr32-gnu-toolchain/bin/../lib/gcc/avr32/4.4.7/../../../../avr32/lib/ucr3fp\libm.a(lib_a-w_fmod.o) (__ieee754_fmod)
d:/programmes/atmel/studio/7.0/toolchain/avr32/avr32-gnu-toolchain/bin/../lib/gcc/avr32/4.4.7/../../../../avr32/lib/ucr3fp\libm.a(lib_a-e_pow.o)
                              d:/programmes/atmel/studio/7.0/toolchain/avr32/avr32-gnu-toolchain/bin/../lib/gcc/avr32/4.4.7/../../../../avr32/lib/ucr3fp\libm.a(lib_a-w_pow.o) (__ieee754_pow)
d:/programmes/atmel/studio/7.0/toolchain/avr32/avr32-gnu-toolchain/bin/../lib/gcc/avr32/4.4.7/../../../../avr32/lib/ucr3fp\libm.a(lib_a-e_rem_pio2.o)
                              d:/programmes/atmel/studio/7.0/toolchain/avr32/avr32-gnu-toolchain/bin/../lib/gcc/avr32/4.4.7/../../../../avr32/lib/ucr3fp\libm.a(lib_a-s_cos.o) (__ieee754_rem_pio2)
d:/programmes/atmel/studio/7.0/toolchain/avr32/avr32-gnu-toolchain/bin/../lib/gcc/avr32/4.4.7/../../../../avr32/lib/ucr3fp\libm.a(lib_a-e_sqrt.o)
                              d:/programmes/atmel/studio/7.0/toolchain/avr32/avr32-gnu-toolchain/bin/../lib/gcc/avr32/4.4.7/../../../../avr32/lib/ucr3fp\libm.a(lib_a-w_sqrt.o) (__ieee754_sqrt)
d:/programmes/atmel/studio/7.0/toolchain/avr32/avr32-gnu-toolchain/bin/../lib/gcc/avr32/4.4.7/../../../../avr32/lib/ucr3fp\libm.a(lib_a-ef_sqrt.o)
                              d:/programmes/atmel/studio/7.0/toolchain/avr32/avr32-gnu-toolchain/bin/../lib/gcc/avr32/4.4.7/../../../../avr32/lib/ucr3fp\libm.a(lib_a-wf_sqrt.o) (__ieee754_sqrtf)
d:/programmes/atmel/studio/7.0/toolchain/avr32/avr32-gnu-toolchain/bin/../lib/gcc/avr32/4.4.7/../../../../avr32/lib/ucr3fp\libm.a(lib_a-k_cos.o)
                              d:/programmes/atmel/studio/7.0/toolchain/avr32/avr32-gnu-toolchain/bin/../lib/gcc/avr32/4.4.7/../../../../avr32/lib/ucr3fp\libm.a(lib_a-s_cos.o) (__kernel_cos)
d:/programmes/atmel/studio/7.0/toolchain/avr32/avr32-gnu-toolchain/bin/../lib/gcc/avr32/4.4.7/../../../../avr32/lib/ucr3fp\libm.a(lib_a-k_rem_pio2.o)
[...]
Memory Configuration

Name             Origin             Length             Attributes
FLASH            0x80000000         0x00080000         axrl !w
CPUSRAM          0x00000004         0x0000fffc         axw !rl
USERPAGE         0x80800000         0x00000200
FACTORYPAGE      0x80800200         0x00000200
FLASHVAULT_FLASH_SIZE 0x80800400         0x00000008         r
FLASHVAULT_RAM_SIZE 0x80800408         0x00000008         r
*default*        0x00000000         0xffffffff

Linker script and memory map

                0x00001000                _stack_size = 0x1000
LOAD Library/communication/console.o
LOAD Library/communication/data_logging.o
LOAD Library/communication/data_logging_telemetry.o
LOAD Library/communication/hud_telemetry.o
LOAD Library/communication/mavlink_communication.o
LOAD Library/communication/mavlink_message_handler.o
LOAD Library/communication/mavlink_waypoint_handler.o
LOAD Library/communication/remote.o
LOAD Library/communication/remote_telemetry.o
LOAD Library/communication/state.o
LOAD Library/communication/state_machine.o
LOAD Library/communication/state_telemetry.o
LOAD Library/control/adaptive_parameter.o
LOAD Library/control/altitude_controller.o
LOAD Library/control/attitude_controller.o
LOAD Library/control/attitude_controller_p2.o
LOAD Library/control/attitude_error_estimator.o
LOAD Library/control/joystick_parsing.o
LOAD Library/control/joystick_parsing_telemetry.o
LOAD Library/control/pid_controller.o
LOAD Library/control/servos_mix_quadcopter_cross.o
LOAD Library/control/servos_mix_quadcopter_diag.o
LOAD Library/control/stabilisation_copter.o
LOAD Library/control/stabilisation_telemetry.o
LOAD Library/control/vector_field_waypoint.o
LOAD Library/control/velocity_controller_copter.o
LOAD Library/hal/analog_monitor_telemetry.o
LOAD Library/hal/analog_monitor.o
LOAD Library/hal/bmp085_telemetry.o
LOAD Library/hal/fat_fs/diskio.o
LOAD Library/hal/fat_fs/ff.o
LOAD Library/hal/fat_fs/option/ccsbcs.o
LOAD Library/hal/fat_fs/option/syscall.o
LOAD Library/hal/fat_fs/option/unicode.o
LOAD Library/hal/gps_ublox.o
LOAD Library/hal/gps_ublox_telemetry.o
LOAD Library/hal/hmc5883l.o
LOAD Library/hal/i2c_driver_int.o
LOAD Library/hal/lsm330dlc.o
LOAD Library/hal/piezo_speaker.o
LOAD Library/hal/pwm_servos.o
LOAD Library/hal/sd_spi.o
LOAD Library/hal/servos.o
LOAD Library/hal/servos_telemetry.o
LOAD Library/hal/sonar_i2cxl.o
LOAD Library/hal/sonar_telemetry.o
LOAD Library/hal/spektrum_satellite.o
LOAD Library/hal/time_keeper.o
LOAD Library/hal/usb_int.o
LOAD Library/hal/xbee.o
LOAD Library/runtime/scheduler_telemetry.o
LOAD Library/sensing/ahrs.o
LOAD Library/sensing/ahrs_telemetry.o
LOAD Library/sensing/altitude_estimation.o
LOAD Library/sensing/altitude_estimation_telemetry.o
LOAD Library/sensing/imu_telemetry.o
LOAD Library/sensing/position_estimation.o
LOAD Library/sensing/position_estimation_telemetry.o
LOAD Library/sensing/qfilter.o
LOAD Library/sensing/simulation_telemetry.o
LOAD Library/util/linear_algebra.o
LOAD Library/util/matrixlib_float.o
LOAD Library/util/quick_trig.o
LOAD src/central_data.o
LOAD src/mavlink_telemetry.o
LOAD src/tasks.o
LOAD Library/communication/mavlink_stream.o
LOAD Library/communication/onboard_parameters.o
LOAD Library/control/navigation.o
LOAD Library/control/stabilisation.o
LOAD Library/hal/adc_int.o
LOAD Library/hal/ads1274.o
LOAD Library/hal/bmp085.o
LOAD Library/hal/dac_dma.o
LOAD Library/hal/led.o
LOAD Library/hal/spi_buffered.o
LOAD Library/hal/uart_int.o
LOAD Library/runtime/scheduler.o
LOAD Library/sensing/imu.o
LOAD Library/sensing/simulation.o
LOAD Library/util/buffer.o
LOAD Library/util/coord_conventions.o
LOAD Library/util/generator.o
LOAD Library/util/print_util.o
LOAD Library/util/sinus.o
LOAD src/asf/avr32/drivers/adcifa/adcifa.o
LOAD src/asf/avr32/drivers/ast/ast.o
LOAD src/asf/avr32/drivers/dacifb/dacifb.o
LOAD src/asf/avr32/drivers/eic/eic.o
LOAD src/asf/avr32/drivers/flashc/flashc.o
LOAD src/asf/avr32/drivers/gpio/gpio.o
LOAD src/asf/avr32/drivers/intc/exception.o
LOAD src/asf/avr32/drivers/intc/intc.o
LOAD src/asf/avr32/drivers/pdca/pdca.o
LOAD src/asf/avr32/drivers/pevc/pevc.o
LOAD src/asf/avr32/drivers/pm/pm_uc3c.o
LOAD src/asf/avr32/drivers/pm/power_clocks_lib.o
LOAD src/asf/avr32/drivers/pwm/pwm4.o
LOAD src/asf/avr32/drivers/scif/scif_uc3c.o
LOAD src/asf/avr32/drivers/spi/spi.o
LOAD src/asf/avr32/drivers/tc/tc.o
LOAD src/asf/avr32/drivers/twim/twim.o
LOAD src/asf/avr32/drivers/usart/usart.o
LOAD src/asf/avr32/drivers/usbc/usbc_device.o
LOAD src/asf/avr32/services/delay/delay.o
LOAD src/asf/avr32/utils/startup/startup_uc3.o
LOAD src/asf/avr32/utils/startup/trampoline_uc3.o
LOAD src/asf/common/boards/user_board/init.o
LOAD src/asf/common/services/clock/uc3c/osc.o
LOAD src/asf/common/services/clock/uc3c/pll.o
LOAD src/asf/common/services/clock/uc3c/sysclk.o
LOAD src/asf/common/services/sleepmgr/uc3/sleepmgr.o
LOAD src/asf/common/services/spi/uc3_spi/spi_master.o
LOAD src/asf/common/services/usb/class/cdc/device/udi_cdc.o
LOAD src/asf/common/services/usb/class/cdc/device/udi_cdc_desc.o
LOAD src/asf/common/services/usb/udc/udc.o
LOAD src/asf/common/utils/stdio/read.o
LOAD src/asf/common/utils/stdio/stdio_usb/stdio_usb.o
LOAD src/asf/common/utils/stdio/write.o
LOAD src/boardsupport.o
LOAD src/main.o
START GROUP
END GROUP
LOAD d:/programmes/atmel/studio/7.0/toolchain/avr32/avr32-gnu-toolchain/bin/../lib/gcc/avr32/4.4.7/ucr3fp\libstdc++.a
LOAD d:/programmes/atmel/studio/7.0/toolchain/avr32/avr32-gnu-toolchain/bin/../lib/gcc/avr32/4.4.7/../../../../avr32/lib/ucr3fp\libm.a
LOAD d:/programmes/atmel/studio/7.0/toolchain/avr32/avr32-gnu-toolchain/bin/../lib/gcc/avr32/4.4.7/ucr3fp\libgcc.a
LOAD d:/programmes/atmel/studio/7.0/toolchain/avr32/avr32-gnu-toolchain/bin/../lib/gcc/avr32/4.4.7/../../../../avr32/lib/ucr3fp\libc.a
LOAD d:/programmes/atmel/studio/7.0/toolchain/avr32/avr32-gnu-toolchain/bin/../lib/gcc/avr32/4.4.7/ucr3fp\libgcc.a
                0x80000000                PROVIDE (__executable_start, 0x80000000)
                0x80000000                . = 0x80000000

.interp
 *(.interp)

.reset          0x80000000     0x2010
 *(.reset)
 .reset         0x80000000        0x8 src/asf/avr32/utils/startup/startup_uc3.o
                0x80000000                _start
 .reset         0x80000008     0x2008 src/asf/avr32/utils/startup/trampoline_uc3.o
                0x80000008                _trampoline

.hash
 *(.hash)

.dynsym
 *(.dynsym)

.dynstr
 *(.dynstr)

.gnu.version
 *(.gnu.version)

.gnu.version_d
 *(.gnu.version_d)

.gnu.version_r
 *(.gnu.version_r)

.rel.init
 *(.rel.init)

.rela.init
 *(.rela.init)

.rel.text
 *(.rel.text .rel.text.* .rel.gnu.linkonce.t.*)

.rela.text
 *(.rela.text .rela.text.* .rela.gnu.linkonce.t.*)

.rel.fini
 *(.rel.fini)

.rela.fini
 *(.rela.fini)

.rel.rodata
 *(.rel.rodata .rel.rodata.* .rel.gnu.linkonce.r.*)

.rela.rodata
 *(.rela.rodata .rela.rodata.* .rela.gnu.linkonce.r.*)

.rel.data.rel.ro
 *(.rel.data.rel.ro*)

.rela.data.rel.ro
 *(.rel.data.rel.ro*)

.rel.data
 *(.rel.data .rel.data.* .rel.gnu.linkonce.d.*)

.rela.data
 *(.rela.data .rela.data.* .rela.gnu.linkonce.d.*)

.rel.tdata
 *(.rel.tdata .rel.tdata.* .rel.gnu.linkonce.td.*)

.rela.tdata
 *(.rela.tdata .rela.tdata.* .rela.gnu.linkonce.td.*)

.rel.tbss
 *(.rel.tbss .rel.tbss.* .rel.gnu.linkonce.tb.*)

.rela.tbss
 *(.rela.tbss .rela.tbss.* .rela.gnu.linkonce.tb.*)

.rel.ctors
 *(.rel.ctors)

.rela.ctors
 *(.rela.ctors)

.rel.dtors
 *(.rel.dtors)

.rela.dtors
 *(.rela.dtors)

.rel.got
 *(.rel.got)

.rela.got       0x80002010        0x0
 *(.rela.got)
 .rela.got      0x80002010        0x0 Library/communication/console.o

.rel.bss
 *(.rel.bss .rel.bss.* .rel.gnu.linkonce.b.*)

.rela.bss
 *(.rela.bss .rela.bss.* .rela.gnu.linkonce.b.*)

.rel.plt
 *(.rel.plt)

.rela.plt
 *(.rela.plt)

.init
 *(.init)

.plt
 *(.plt)

.text           0x80002010    0x3e72c
 *(.text .stub .text.* .gnu.linkonce.t.*)
 .text          0x80002010      0x13c Library/communication/console.o
                0x80002010                console_get_in_stream
                0x8000202c                console_get_out_stream
                0x80002048                console_init
 .text          0x8000214c     0x19cc Library/communication/data_logging.o
                0x80002390                data_logging_add_parameter_double
                0x8000240c                data_logging_add_parameter_float
                0x80002488                data_logging_add_parameter_int64
                0x80002504                data_logging_add_parameter_uint64
                0x80002580                data_logging_add_parameter_int32
                0x800025fc                data_logging_add_parameter_uint32
                0x80002678                data_logging_add_parameter_int16
                0x800026f4                data_logging_add_parameter_uint16
                0x80002770                data_logging_add_parameter_int8
                0x800027ec                data_logging_add_parameter_uint8
                0x80002868                data_logging_init
                0x800029c0                data_logging_create_new_log_file
                0x80002c64                data_logging_update
 .text          0x80003b18       0xa4 Library/communication/data_logging_telemetry.o
                0x80003b18                data_logging_telemetry_init
 .text          0x80003bbc      0x318 Library/communication/hud_telemetry.o
                0x80003bbc                hud_telemetry_send_message
                0x80003ea8                hud_telemetry_init
 .text          0x80003ed4      0x3fc Library/communication/mavlink_communication.o
                0x80003ed4                mavlink_communication_send_message
                0x80003f0c                mavlink_communication_add_msg_send
                0x80003fa0                mavlink_communication_suspend_downstream
                0x80003fe8                mavlink_communication_update
                0x80004048                mavlink_communication_init
 .text          0x800042d0      0x8b4 Library/communication/mavlink_message_handler.o
                0x800042d0                mavlink_message_handler_add_cmd_callback
                0x80004334                mavlink_message_handler_add_msg_callback
                0x8000439c                mavlink_message_handler_cmd_default_dbg
                0x800044e8                mavlink_message_handler_msg_default_dbg
                0x80004588                mavlink_message_handler_receive
                0x80004ae4                mavlink_message_handler_init
 .text          0x80004b84     0x37b8 Library/communication/mavlink_waypoint_handler.o
                0x80004ce4                waypoint_handler_init_homing_waypoint
                0x80004d2c                waypoint_handler_control_time_out_waypoint_msg
                0x80004e14                waypoint_handler_init_waypoint_list
                0x80004f74                waypoint_handler_set_waypoint_from_frame
                0x8000554c                waypoint_handler_nav_plan_init
                0x80005750                waypoint_handler_init
 .text          0x8000833c      0xa34 Library/communication/remote.o
                0x8000833c                remote_calibrate
                0x8000835e                remote_get_throttle
                0x8000836c                remote_get_roll
                0x8000837a                remote_get_pitch
                0x80008388                remote_get_yaw
                0x80008396                remote_mode_init
                0x800083e4                remote_init
                0x800084cc                remote_mode_get
                0x800084da                remote_get_rate_command
                0x80008518                remote_get_thrust_command
                0x80008538                remote_get_velocity_command
                0x80008590                remote_get_attitude_command_integrate_yaw
                0x80008684                remote_get_attitude_command
                0x80008738                remote_update
                0x80008a28                remote_get_velocity_vector_from_remote
                0x80008a98                remote_get_command_from_remote
                0x80008af0                remote_mode_update
                0x80008d4c                remote_check
 .text          0x80008d70      0x644 Library/communication/remote_telemetry.o
                0x80008ddc                remote_telemetry_init
                0x80008e2c                remote_telemetry_send_raw
                0x800090dc                remote_telemetry_send_scaled
 .text          0x800093b4       0xa4 Library/communication/state.o
                0x800093b4                state_switch_to_active_mode
                0x800093e8                state_init
 .text          0x80009458      0x214 Library/communication/state_machine.o
                0x80009458                state_machine_init
                0x8000948c                state_machine_update
 .text          0x8000966c      0x81c Library/communication/state_telemetry.o
                0x8000966c                state_telemetry_send_status
                0x800098e0                state_telemetry_init
                0x80009bac                state_telemetry_send_heartbeat
 .text          0x80009e88      0x244 Library/control/adaptive_parameter.o
                0x80009e88                adaptive_parameter_get_param_set
                0x80009ea4                adaptive_parameter_init
                0x80009ec4                adaptive_parameter_add
                0x80009f6c                adaptive_parameter_update
                0x8000a038                adaptive_parameter_update_all
 .text          0x8000a0cc       0x54 Library/control/altitude_controller.o
                0x8000a0cc                altitude_controller_init
                0x8000a0e4                altitude_controller_update
 .text          0x8000a120      0x248 Library/control/attitude_controller.o
                0x8000a120                attitude_controller_init
                0x8000a1c4                attitude_controller_update
 .text          0x8000a368       0xe8 Library/control/attitude_controller_p2.o
                0x8000a368                attitude_controller_p2_update
                0x8000a40c                attitude_controller_p2_init
 .text          0x8000a450      0x2dc Library/control/attitude_error_estimator.o
                0x8000a450                attitude_error_estimator_init
                0x8000a470                attitude_error_estimator_set_quat_ref
                0x8000a48e                attitude_error_estimator_set_quat_ref_from_rpy
                0x8000a4ec                attitude_error_estimator_set_quat_ref_from_aero
                0x8000a538                attitude_error_estimator_update
 .text          0x8000a72c      0x56c Library/control/joystick_parsing.o
                0x8000a72c                joystick_parsing_button
                0x8000a748                joystick_parsing_get_throttle
                0x8000a754                joystick_parsing_get_roll
                0x8000a760                joystick_parsing_get_pitch
                0x8000a76c                joystick_parsing_get_yaw
                0x8000a778                joystick_parsing_get_velocity_vector_from_joystick
                0x8000a840                joystick_parsing_get_attitude_command_from_joystick
                0x8000a8f0                joystick_parsing_get_rate_command
                0x8000a930                joystick_parsing_get_thrust_command
                0x8000a950                joystick_parsing_get_velocity_command
                0x8000a9a8                joystick_parsing_get_attitude_command_integrate_yaw
                0x8000aa9c                joystick_parsing_get_attitude_command
                0x8000ab50                joystick_parsing_init
                0x8000ab88                joystick_parsing_button_1
                0x8000ac24                joystick_parsing_button_mask
 .text          0x8000ac98      0x49c Library/control/joystick_parsing_telemetry.o
                0x8000ac98                joystick_parsing_telemetry_send_manual_ctrl_msg
                0x8000b010                joystick_parsing_telemetry_init
                0x8000b058                joystick_parsing_telemetry_parse_msg
 .text          0x8000b134      0x2f0 Library/control/pid_controller.o
                0x8000b134                pid_controller_reset_integrator
                0x8000b142                pid_controller_update_dt
                0x8000b234                pid_controller_init_pass_through
                0x8000b288                pid_controller_init
                0x8000b2f0                pid_controller_update
 .text          0x8000b424      0x184 Library/control/servos_mix_quadcopter_cross.o
                0x8000b424                servo_mix_quadcotper_cross_init
                0x8000b45c                servos_mix_quadcopter_cross_update
 .text          0x8000b5a8      0x18c Library/control/servos_mix_quadcopter_diag.o
                0x8000b5a8                servo_mix_quadcotper_diag_init
                0x8000b5e0                servos_mix_quadcopter_diag_update
 .text          0x8000b734      0xa68 Library/control/stabilisation_copter.o
                0x8000b734                stabilisation_copter_mix_to_servos_cross_quad
                0x8000b870                stabilisation_copter_mix_to_servos_diag_quad
                0x8000b9c0                stabilisation_copter_init
                0x8000ba54                stabilisation_copter_position_hold
                0x8000bc00                stabilisation_copter_cascade_stabilise
 .text          0x8000c19c      0x908 Library/control/stabilisation_telemetry.o
                0x8000c19c                stabilisation_telemetry_send_rpy_rates_error
                0x8000c3d4                stabilisation_telemetry_send_rpy_speed_thrust_setpoint
                0x8000c610                stabilisation_send_command
                0x8000c86c                stabilisation_telemetry_send_rpy_thrust_setpoint
 .text          0x8000caa4      0x5d8 Library/control/vector_field_waypoint.o
                0x8000caa4                vector_field_waypoint_init
                0x8000cab4                vector_field_waypoint_update
 .text          0x8000d07c      0x2cc Library/control/velocity_controller_copter.o
                0x8000d07c                velocity_controller_copter_init
                0x8000d0e4                velocity_controller_copter_update
 .text          0x8000d348      0x200 Library/hal/analog_monitor_telemetry.o
                0x8000d348                analog_monitor_telemetry_send_sonar
 .text          0x8000d548      0x64c Library/hal/analog_monitor.o
                0x8000d548                analog_compute_avg
                0x8000d5ec                analog_monitor_init
                0x8000d97c                trigger_analog_monitor
                0x8000d9a4                analog_monitor_update
 .text          0x8000db94      0x410 Library/hal/bmp085_telemetry.o
                0x8000db94                bmp085_telemetry_send_pressure
 .text          0x8000dfa4      0x290 Library/hal/fat_fs/diskio.o
                0x8000dfa4                get_fattime
                0x8000e08c                disk_ioctl
                0x8000e114                disk_write
                0x8000e16c                disk_read
                0x8000e1b8                disk_status
                0x8000e1fc                disk_initialize
 .text          0x8000e234     0x60f8 Library/hal/fat_fs/ff.o
                0x8000e234                clust2sect
                0x8000e6e4                f_closedir
                0x8000f134                f_mount
                0x8000f220                f_sync
                0x8000f3b4                f_close
                0x8000f414                get_fat
                0x8000f76c                f_getfree
                0x8000f930                f_read
                0x8000fc30                f_gets
                0x8000fcb0                put_fat
                0x800111cc                f_readdir
                0x800115a4                f_lseek
                0x80011790                f_write
                0x80011ac0                f_puts
                0x80011b78                f_putc
                0x80011bcc                f_printf
                0x80012324                f_truncate
                0x800125bc                f_opendir
                0x800126a4                f_utime
                0x8001274c                f_chmod
                0x800127f4                f_unlink
                0x800134c4                f_rename
                0x800137a4                f_mkdir
                0x80013b20                f_open
                0x80013e40                f_stat
 .text          0x8001432c      0x588 Library/hal/fat_fs/option/ccsbcs.o
                0x8001432c                ff_convert
                0x800143a4                ff_wtoupper
 .text          0x800148b4       0x38 Library/hal/fat_fs/option/syscall.o
                0x800148b4                ff_memfree
                0x800148d0                ff_memalloc
 .text          0x800148ec        0x0 Library/hal/fat_fs/option/unicode.o
 .text          0x800148ec     0x252c Library/hal/gps_ublox.o
                0x80014970                gps_ublox_init
                0x80014e18                gps_ublox_configure_gps
                0x80014f34                gps_ublox_update
 .text          0x80016e18      0x570 Library/hal/gps_ublox_telemetry.o
                0x80016e18                gps_ublox_telemetry_send_raw
 .text          0x80017388       0xd4 Library/hal/hmc5883l.o
                0x80017388                hmc5883l_update
                0x800173f0                hmc5883l_init_slow
 .text          0x8001745c      0x2fc Library/hal/i2c_driver_int.o
                0x8001753c                i2c_driver_trigger_request
                0x80017600                i2c_driver_reset
                0x8001766a                i2c_driver_init
 .text          0x80017758      0x3c8 Library/hal/lsm330dlc.o
                0x80017758                lsm330dlc_init
                0x8001787c                lsm330dlc_acc_update
                0x800179b4                lsm330dlc_gyro_update
 .text          0x80017b20      0x63c Library/hal/piezo_speaker.o
                0x80017b20                piezo_speaker_init_binary
                0x80017b68                piezo_speaker_init
                0x80017bd4                piezo_speaker_beep
                0x80017ca4                piezo_speaker_mario_melody
                0x80017d78                piezo_speaker_star_wars
                0x80017fac                piezo_speaker_critical_error_melody
                0x80017ff4                piezo_speaker_startup_bb
                0x80018044                piezo_speaker_quick_startup
                0x80018084                piezo_speaker_startup_melody
 .text          0x8001815c      0x378 Library/hal/pwm_servos.o
                0x8001815c                write_channels
                0x800181a6                pwm_servos_write_to_hardware
                0x80018338                pwm_servos_calibrate_esc
                0x800183b4                pwm_servos_init
                0x800184cc                servo_timer_freq
                0x800184d0                servo_center_pulse_us
                0x800184d2                servo_magnitude
 .text          0x800184d4     0x30ac Library/hal/sd_spi.o
                0x800184d4                sd_spi_get_sector_count
                0x800184fc                sd_spi_get_sector_size
                0x8001850c                sd_spi_get_block_size
                0x80018580                sd_spi_get_capacity
                0x80018a40                sd_spi_reset_card
                0x80018b20                sd_spi_wait_not_busy
                0x80018bc0                sd_spi_write_given_sector_from_ram
                0x80018e64                sd_mmc_spi_read_open_PDCA
                0x80018f98                sd_spi_read_sector_to_ram_pcda
                0x80019124                sd_spi_status
                0x80019484                sd_spi_read_given_sector_to_ram
                0x8001962c                sd_mmc_spi_read_sector_to_ram
                0x800197ac                sd_spi_write_sector_from_ram
                0x800199b0                is_sd_spi_write_pwd_locked
                0x80019d44                sd_spi_init
                0x8001ab30                sd_spi_mem_check
                0x8001aed4                sd_spi_test
                0x8001b17c                dummy_data
 .text          0x8001b580       0xf4 Library/hal/servos.o
                0x8001b580                servos_set_value
                0x8001b5dc                servos_set_value_failsafe
                0x8001b608                servos_init
 .text          0x8001b674      0x2b8 Library/hal/servos_telemetry.o
                0x8001b674                servos_telemetry_mavlink_send
 .text          0x8001b92c      0x164 Library/hal/sonar_i2cxl.o
                0x8001b92c                sonar_i2cxl_init
                0x8001b9a0                sonar_i2cxl_get_last_measure
                0x8001ba30                sonar_i2cxl_send_range_command
                0x8001ba60                sonar_i2cxl_update
                0x8001ba8c                SONAR_I2CXL_DEFAULT_ADDRESS
                0x8001ba8d                SONAR_I2CXL_RANGE_COMMAND
                0x8001ba8e                SONAR_I2CXL_CHANGE_ADDRESS_COMMAND_1
                0x8001ba8f                SONAR_I2CXL_CHANGE_ADDRESS_COMMAND_2
 .text          0x8001ba90      0x414 Library/hal/sonar_telemetry.o
                0x8001ba90                sonar_telemetry_send
 .text          0x8001bea4      0x5c8 Library/hal/spektrum_satellite.o
                0x8001bea4                spektrum_satellite_get_channel
                0x8001bec8                spektrum_satellite_get_neutral
                0x8001c174                spektrum_satellite_switch_off
                0x8001c1a0                spektrum_satellite_switch_on
                0x8001c1cc                spektrum_satellite_bind
                0x8001c348                spektrum_satellite_init
 .text          0x8001c46c      0x15c Library/hal/time_keeper.o
                0x8001c46c                time_keeper_ticks_to_seconds
                0x8001c4a8                time_keeper_get_time_ticks
                0x8001c4c8                time_keeper_get_micros
                0x8001c4e4                time_keeper_delay_until
                0x8001c508                time_keeper_delay_micros
                0x8001c538                time_keeper_get_millis
                0x8001c564                time_keeper_get_time
                0x8001c594                time_keeper_init
 .text          0x8001c5c8       0xec Library/hal/usb_int.o
                0x8001c5c8                usb_int_set_usb_conf
                0x8001c5f0                usb_int_get_usb_handle
                0x8001c60c                usb_int_register_write_stream
                0x8001c634                usb_int_register_read_stream
                0x8001c640                usb_int_send_byte
                0x8001c68c                usb_int_init
 .text          0x8001c6b4       0xb8 Library/hal/xbee.o
                0x8001c6b4                xbee_get_in_stream
                0x8001c6d0                xbee_get_out_stream
                0x8001c6ec                xbee_init
 .text          0x8001c76c      0xb28 Library/runtime/scheduler_telemetry.o
                0x8001c76c                scheduler_telemetry_send_rt_stats
 .text          0x8001d294       0x62 Library/sensing/ahrs.o
                0x8001d294                ahrs_init
 *fill*         0x8001d2f6        0x2 d703d703
 .text          0x8001d2f8      0x580 Library/sensing/ahrs_telemetry.o
                0x8001d2f8                ahrs_telemetry_send_attitude_quaternion
                0x8001d5c0                ahrs_telemetry_send_attitude
 .text          0x8001d878      0x118 Library/sensing/altitude_estimation.o
                0x8001d878                altitude_estimation_init
                0x8001d88c                altitude_estimation_update
 .text          0x8001d990      0x3a4 Library/sensing/altitude_estimation_telemetry.o
                0x8001d990                altitude_estimation_telemetry_send
 .text          0x8001dd34      0x7b8 Library/sensing/imu_telemetry.o
                0x8001dd34                imu_telemetry_send_raw
                0x8001e004                imu_telemetry_init
                0x8001e20c                imu_telemetry_send_scaled
 .text          0x8001e4ec      0xb44 Library/sensing/position_estimation.o
                0x8001e4ec                position_estimation_reset_home_altitude
                0x8001e660                position_estimation_init
                0x8001ebd0                position_estimation_update
 .text          0x8001f030      0x7f4 Library/sensing/position_estimation_telemetry.o
                0x8001f030                position_estimation_telemetry_init
                0x8001f230                position_estimation_telemetry_send_position
                0x8001f4c4                position_estimation_telemetry_send_global_position
 .text          0x8001f824      0xb28 Library/sensing/qfilter.o
                0x8001f824                qfilter_init
                0x8001f864                qfilter_update
 .text          0x8002034c      0xc9c Library/sensing/simulation_telemetry.o
                0x8002034c                simulation_telemetry_send_state
                0x80020824                simulation_telemetry_init
                0x80020a28                simulation_telemetry_send_quaternions
 .text          0x80020fe8      0x920 Library/util/linear_algebra.o
                0x80020fe8                inv4
                0x80021718                inv3
                0x80021878                inv2
 .text          0x80021908      0x470 Library/util/matrixlib_float.o
                0x80021908                matf_zeros
                0x80021934                matf_diag
                0x8002196e                matf_copy
                0x80021990                matf_cross
                0x800219e4                matf_copy_part
                0x80021a42                matf_sum
                0x80021a68                matf_add
                0x80021a98                matf_multiply_factor
                0x80021abe                matf_sub
                0x80021aee                matf_tr
                0x80021b2e                matf_multiply
                0x80021c18                matf_multiply_Bt
                0x80021cf4                matf_norm
                0x80021d2c                matf_std
 .text          0x80021d78      0x7ec Library/util/quick_trig.o
                0x80021d78                quick_trig_atan
                0x80021eb0                quick_trig_acos
                0x80021f90                quick_trig_asin
                0x80021fb8                quick_trig_tan
                0x800220c0                quick_trig_sin
                0x800221ec                quick_trig_cos
                0x80022214                acos_x_min
                0x80022218                acos_x_max
                0x8002221c                acos_x_step
                0x80022220                acos_y
                0x800222e8                sin_x_min
                0x800222ec                sin_x_max
                0x800222f0                sin_x_step
                0x800222f4                sin_y
                0x800223bc                tan_x_min
                0x800223c0                tan_x_max
                0x800223c4                tan_x_step
                0x800223c8                tan_y
                0x80022490                atan_x_min
                0x80022494                atan_x_max
                0x80022498                atan_x_step
                0x8002249c                atan_y
 .text          0x80022564      0x46c src/central_data.o
                0x80022564                central_data_get_pointer_to_struct
                0x80022580                central_data_init
 .text          0x800229d0      0xa80 src/mavlink_telemetry.o
                0x800229d0                mavlink_telemetry_add_data_logging_parameters
                0x80022ab8                mavlink_telemetry_add_onboard_parameters
                0x80022fcc                mavlink_telemetry_init_communication_module
                0x80023034                mavlink_telemetry_init
 .text          0x80023450      0x564 src/tasks.o
                0x80023450                tasks_get_main_taskset
                0x8002347c                tasks_create_tasks
                0x8002364c                tasks_led_toggle
                0x8002366c                tasks_run_sonar_update
                0x800236b0                tasks_run_barometer_update
                0x800236f4                tasks_run_gps_update
                0x80023738                tasks_run_imu_update
                0x800237d8                tasks_run_stabilisation
 .text          0x800239b4      0x508 Library/communication/mavlink_stream.o
                0x800239b4                mavlink_stream_init
                0x800239d8                mavlink_stream_flush
                0x800239ee                mavlink_stream_receive
                0x80023d54                mavlink_stream_send
 .text          0x80023ebc      0xaf4 Library/communication/onboard_parameters.o
                0x80023ef6                onboard_parameters_read_parameters_from_flashc
                0x80023fcc                onboard_parameters_write_parameters_to_flashc
                0x800240a8                onboard_parameters_preflight_storage
                0x8002411c                onboard_parameters_add_parameter_float
                0x800241c4                onboard_parameters_add_parameter_int32
                0x8002426c                onboard_parameters_add_parameter_uint32
                0x800242fc                onboard_parameters_init
 .text          0x800249b0     0x1c50 Library/control/navigation.o
                0x80024a4c                navigation_waypoint_hold_init
                0x800251ec                navigation_init
                0x80025a74                navigation_update
 .text          0x80026600       0xb0 Library/control/stabilisation.o
                0x80026600                stabilisation_run
                0x8002666c                stabilisation_init
 .text          0x800266b0      0x484 Library/hal/adc_int.o
                0x800266b0                adc_int_clear_sequencer
                0x800266dc                adc_int_sequencer_add
                0x80026754                adc_int_sampling_complete
                0x80026780                adc_int_get_sample
                0x800267a4                adc_int_get_buffer
                0x800267c0                adc_int_get_sampling_status
                0x800267dc                adc_int_get_period
                0x800267f8                adc_int_stop_sampling
                0x80026820                adc_int_start_sampling
                0x800268d4                adc_int_init
 .text          0x80026b34      0x388 Library/hal/ads1274.o
                0x80026b34                get_interrupt_counter
                0x80026b50                ads1274_set_DAC_generator_function
                0x80026b6c                get_sample
                0x80026b94                get_sampling_status
                0x80026bb4                ads1274_ADC_start_oneshot
                0x80026bd4                eic_nmi_handler
                0x80026c0c                ads1274_ADC_switch_clock
                0x80026c64                ads1274_init_DAC
                0x80026dac                process_data
 .text          0x80026ebc      0x830 Library/hal/bmp085.o
                0x80026ebc                bmp085_reset_origin_altitude
                0x80026ed8                bmp085_update
                0x80027310                bmp085_init_slow
                0x800276bc                bmp085_init
 .text          0x800276ec      0x300 Library/hal/dac_dma.o
                0x800276ec                DAC_pause
                0x800276f6                DAC_resume
                0x80027700                DAC_is_finished
                0x8002770a                dac_dma_set_value
                0x80027728                dac_dma_play
                0x800277e8                dac_dma_init
                0x800278c8                init_gclk
                0x800278f8                init_pevc
                0x8002793c                dac_dma_load_buffer
 .text          0x800279ec      0x34c Library/hal/led.o
                0x800279ec                LED_Read_Display
                0x80027a08                LED_Display
                0x80027ab4                LED_Read_Display_Mask
                0x80027ad4                LED_Test
                0x80027af8                LED_Get_Intensity
                0x80027b02                LED_Set_Intensity
                0x80027b0c                LED_Read_Display_Field
                0x80027b38                LED_Toggle
                0x80027b98                LED_Off
                0x80027bf8                LED_On
                0x80027c5c                LED_Display_Mask
                0x80027ce0                LED_Display_Field
 .text          0x80027d38      0x71c Library/hal/spi_buffered.o
                0x80027d38                spi_buffered_get_spi_in_buffer
                0x80027d5c                spi_buffered_set_callback
                0x80027d80                spi_buffered_pause
                0x80027da8                spi_buffered_activate_receive
                0x80027dd0                spi_buffered_deactivate_receive
                0x80027df8                spi_buffered_clear_read_buffer
                0x80027e20                spi_buffered_get_traffic
                0x80027e44                spi_buffered_read
                0x80027e84                spi_buffered_is_transfered_finished
                0x80027eb0                spi_buffered_bytes_available
                0x80027edc                spi_buffered_transmit
                0x80027f50                spi_handler
                0x80027fe4                spi1_int_handler
                0x80028004                spi0_int_handler
                0x80028024                spi_buffered_start
                0x80028088                spi_buffered_write
                0x800280dc                spi_buffered_resume
                0x80028110                spi_buffered_flush_buffer
                0x8002814c                spi_buffered_disable
                0x8002817c                spi_buffered_enable
                0x800281ac                spi_buffered_trigger_DMA
                0x80028240                spi_buffered_init_DMA
                0x80028328                spi_buffered_init
 .text          0x80028454      0x6b0 Library/hal/uart_int.o
                0x80028454                uart_int_set_usart_conf
                0x800284e0                uart_int_get_uart_handle
                0x80028504                uart_int_register_write_stream
                0x8002853c                uart_int_register_read_stream
                0x8002854a                uart_int_flush
                0x80028578                uart_out_buffer_empty
                0x80028598                uart_int_send_byte
                0x800285d4                uart_int_bytes_available
                0x800285f4                uart_int_get_byte
                0x80028618                register_UART_handler
                0x800286f0                uart_int_init
 .text          0x80028b04      0x518 Library/runtime/scheduler.o
                0x80028b04                scheduler_sort_tasks
                0x80028c48                scheduler_get_task_by_id
                0x80028c8c                scheduler_get_task_by_index
                0x80028cae                scheduler_change_run_mode
                0x80028cba                scheduler_run_task_now
                0x80028ce8                scheduler_change_task_period
                0x80028d18                scheduler_suspend_task
                0x80028d3c                scheduler_update
                0x80028ee0                scheduler_add_task
                0x80028fac                scheduler_init
 .text          0x8002901c      0x4c4 Library/sensing/imu.o
                0x8002901c                imu_update
                0x800292e8                imu_init
 .text          0x800294e0     0x1de8 Library/sensing/simulation.o
                0x800294e0                simulation_calib_set
                0x80029640                simulation_switch_from_simulation_to_reality
                0x80029874                simulation_switch_from_reality_to_simulation
                0x800298b4                simulation_simulate_sonar
                0x80029930                simulation_simulate_barometer
                0x80029970                simulation_fake_gps_fix
                0x80029a54                simulation_simulate_gps
                0x80029af4                simulation_init
                0x80029c80                forces_from_servos_diag_quad
                0x8002a460                simulation_update
 .text          0x8002b2c8      0x1bc Library/util/buffer.o
                0x8002b2c8                buffer_full
                0x8002b2e4                buffer_put_lossy
                0x8002b330                buffer_put
                0x8002b380                buffer_get
                0x8002b3b0                buffer_empty
                0x8002b3c8                buffer_bytes_available
                0x8002b3e4                buffer_init
                0x8002b3fc                buffer_clear
                0x8002b414                buffer_make_buffered_stream
                0x8002b44c                buffer_make_buffered_stream_lossy
 .text          0x8002b484      0x554 Library/util/coord_conventions.o
                0x8002b484                coord_conventions_get_yaw
                0x8002b4fc                coord_conventions_quaternion_from_aero
                0x8002b5e4                coord_conventions_quat_to_aero
                0x8002b734                coord_conventions_local_to_global_position
                0x8002b83c                coord_conventions_global_to_local_position
 .text          0x8002b9d8      0x154 Library/util/generator.o
                0x8002b9d8                generator_init_dac_buffer_triangle
                0x8002ba3c                generator_ramp_generator
                0x8002ba4a                generator_arbitrary_generator
                0x8002ba70                generator_init_dac_buffer_sine
 .text          0x8002bb2c      0x6ec Library/util/print_util.o
                0x8002bb2c                print_util_get_debug_stream
                0x8002bb48                print_util_dbg_print_init
                0x8002bb64                print_util_putstring
                0x8002bb9c                print_util_putstring_length
                0x8002bbce                print_util_putdigit
                0x8002bc08                putnum_tight
                0x8002bc8c                print_util_putnum
                0x8002bd18                print_util_putlong
                0x8002bdf4                print_util_putfloat
                0x8002bebc                print_util_print_vector
                0x8002bf50                print_util_print_quaternion
                0x8002bfc4                print_util_print_matrix
                0x8002c0a8                print_util_dbg_print
                0x8002c0d0                print_util_dbg_print_num
                0x8002c0fc                print_util_dbg_putfloat
                0x8002c128                print_util_dbg_print_vector
                0x8002c154                print_util_dbg_print_quaternion
                0x8002c180                print_util_dbg_log_value
                0x8002c1cc                print_util_dbg_print_long
 .text          0x8002c218        0x0 Library/util/sinus.o
 .text          0x8002c218      0x594 src/asf/avr32/drivers/adcifa/adcifa.o
                0x8002c218                adcifa_get_calibration_data
                0x8002c254                adcifa_configure
                0x8002c308                adcifa_configure_sequencer
                0x8002c5bc                adcifa_configure_window_monitor
                0x8002c63a                adcifa_start_sequencer
                0x8002c676                adcifa_check_eoc
                0x8002c6a8                adcifa_check_eos
                0x8002c6da                adcifa_get_values_from_sequencer
                0x8002c764                adcifa_start_itimer
                0x8002c776                adcifa_stop_itimer
                0x8002c784                adcifa_enable_interrupt
                0x8002c792                adcifa_disable_interrupt
                0x8002c7a0                adcifa_clear_interrupt
 .text          0x8002c7ac      0x21c src/asf/avr32/drivers/ast/ast.o
                0x8002c7ac                ast_enable
                0x8002c7cc                ast_set_calendar_value
                0x8002c7ea                ast_init_calendar
                0x8002c828                ast_set_counter_value
                0x8002c844                ast_init_counter
                0x8002c870                ast_get_calendar_value
                0x8002c87c                ast_get_counter_value
                0x8002c888                ast_set_alarm0_value
                0x8002c894                ast_set_alarm1_value
                0x8002c8a0                ast_enable_alarm0
                0x8002c8c2                ast_disable_alarm0
                0x8002c8e4                ast_enable_alarm1
                0x8002c906                ast_disable_alarm1
                0x8002c928                ast_set_periodic0_value
                0x8002c934                ast_set_periodic1_value
                0x8002c940                ast_enable_periodic0
                0x8002c962                ast_disable_periodic0
                0x8002c984                ast_enable_periodic1
                0x8002c9a6                ast_disable_periodic1
 .text          0x8002c9c8      0x444 src/asf/avr32/drivers/dacifb/dacifb.o
                0x8002c9c8                dacifb_get_calibration_data
                0x8002c9f6                dacifb_check_eoc
                0x8002ca02                dacifb_set_value
                0x8002ca3e                dacifb_reload_timer
                0x8002ca96                dacifb_start_channel
                0x8002cb40                dacifb_configure_channel
                0x8002cd66                dacifb_configure
 .text          0x8002ce0c      0x1c8 src/asf/avr32/drivers/eic/eic.o
                0x8002ce0c                eic_init
                0x8002cec6                eic_enable_lines
                0x8002ced2                eic_enable_line
                0x8002cee4                eic_disable_lines
                0x8002cef0                eic_disable_line
                0x8002cf02                eic_is_line_enabled
                0x8002cf1a                eic_enable_interrupt_lines
                0x8002cf26                eic_enable_interrupt_line
                0x8002cf38                eic_is_interrupt_line_enabled
                0x8002cf50                eic_is_interrupt_line_pending
                0x8002cf68                eic_clear_interrupt_line
                0x8002cf86                eic_clear_interrupt_lines
                0x8002cf9e                eic_disable_interrupt_line
                0x8002cfbc                eic_disable_interrupt_lines
 .text          0x8002cfd4     0x18f4 src/asf/avr32/drivers/flashc/flashc.o
                0x8002cfd4                flashc_get_flash_size
                0x8002cffc                flashc_get_page_count
                0x8002d01c                flashc_get_page_count_per_region
                0x8002d03c                flashc_get_region_first_page_number
                0x8002d05c                flashc_get_wait_state
                0x8002d070                flashc_set_wait_state
                0x8002d086                flashc_set_bus_freq
                0x8002d0c4                flashc_is_ready_int_enabled
                0x8002d0d8                flashc_enable_ready_int
                0x8002d0ee                flashc_is_lock_error_int_enabled
                0x8002d102                flashc_enable_lock_error_int
                0x8002d118                flashc_is_prog_error_int_enabled
                0x8002d12c                flashc_enable_prog_error_int
                0x8002d142                flashc_is_ready
                0x8002d156                flashc_default_wait_until_ready
                0x8002d174                flashc_is_lock_error
                0x8002d194                flashc_is_programming_error
                0x8002d1b4                flashc_get_command
                0x8002d1c8                flashc_get_page_number
                0x8002d1dc                flashc_get_page_region
                0x8002d210                flashc_issue_command
                0x8002d264                flashc_no_operation
                0x8002d284                flashc_erase_all
                0x8002d2a4                flashc_is_security_bit_active
                0x8002d2b8                flashc_activate_security_bit
                0x8002d2d8                flashc_is_region_locked
                0x8002d2f8                flashc_is_page_region_locked
                0x8002d320                flashc_lock_page_region
                0x8002d34c                flashc_lock_region
                0x8002d380                flashc_lock_all_regions
                0x8002d524                flashc_read_all_gp_fuses
                0x8002d54a                flashc_read_gp_fuse_byte
                0x8002d594                flashc_read_gp_fuse_bitfield
                0x8002d614                flashc_get_bootloader_protected_size
                0x8002d648                flashc_read_gp_fuse_bit
                0x8002d690                flashc_is_external_privileged_fetch_locked
                0x8002d6b4                flashc_erase_gp_fuse_bit
                0x8002d6f0                flashc_erase_gp_fuse_bitfield
                0x8002d7a4                flashc_erase_all_gp_fuses
                0x8002d7e0                flashc_write_gp_fuse_bit
                0x8002d808                flashc_write_gp_fuse_bitfield
                0x8002d874                flashc_write_gp_fuse_byte
                0x8002d89c                flashc_erase_gp_fuse_byte
                0x8002da98                flashc_write_all_gp_fuses
                0x8002dba4                flashc_set_gp_fuse_bit
                0x8002dbd4                flashc_lock_external_privileged_fetch
                0x8002dbfc                flashc_set_gp_fuse_bitfield
                0x8002dc68                flashc_set_gp_fuse_byte
                0x8002dcd8                flashc_set_all_gp_fuses
                0x8002dd4c                flashc_clear_page_buffer
                0x8002dd6c                flashc_is_page_erased
                0x8002dd80                flashc_quick_page_read
                0x8002ddac                flashc_erase_page
                0x8002ddf4                flashc_erase_all_pages
                0x8002de50                flashc_write_page
                0x8002de70                flashc_quick_user_page_read
                0x8002de9c                flashc_erase_user_page
                0x8002ded0                flashc_write_user_page
                0x8002def0                flashc_memset64
                0x8002e21c                flashc_memset32
                0x8002e248                flashc_memset16
                0x8002e268                flashc_memset8
                0x8002e28c                flashc_memcpy
                0x8002e7b8                flashc_set_flash_waitstate_and_readmode
                0x8002e824                flashc_set_bootloader_protected_size
 .text          0x8002e8c8      0x64c src/asf/avr32/drivers/gpio/gpio.o
                0x8002e8c8                gpio_enable_module_pin
                0x8002e9a8                gpio_enable_module
                0x8002e9e8                gpio_enable_gpio_pin
                0x8002ea06                gpio_enable_gpio
                0x8002ea38                gpio_enable_pin_pull_up
                0x8002ea58                gpio_disable_pin_pull_up
                0x8002ea74                gpio_enable_pin_pull_down
                0x8002ea94                gpio_disable_pin_pull_down
                0x8002eab0                gpio_enable_pin_buskeeper
                0x8002ead0                gpio_disable_pin_buskeeper
                0x8002eaf0                gpio_configure_pin
                0x8002ebba                gpio_configure_group
                0x8002ec72                gpio_get_pin_value
                0x8002ec90                gpio_get_gpio_pin_output_value
                0x8002ecae                gpio_get_gpio_open_drain_pin_output_value
                0x8002ecd0                gpio_set_gpio_pin
                0x8002ecf2                gpio_set_pin_high
                0x8002ed0e                gpio_set_group_high
                0x8002ed22                gpio_set_pin_low
                0x8002ed3e                gpio_clr_gpio_pin
                0x8002ed60                gpio_set_group_low
                0x8002ed74                gpio_tgl_gpio_pin
                0x8002ed96                gpio_toggle_pin
                0x8002edb2                gpio_toggle_group
                0x8002edc6                gpio_set_gpio_open_drain_pin
                0x8002ede4                gpio_clr_gpio_open_drain_pin
                0x8002ee06                gpio_tgl_gpio_open_drain_pin
                0x8002ee28                gpio_enable_pin_glitch_filter
                0x8002ee44                gpio_disable_pin_glitch_filter
                0x8002ee60                gpio_enable_pin_interrupt
                0x8002eeba                gpio_disable_pin_interrupt
                0x8002eed6                gpio_get_pin_interrupt_flag
                0x8002eef6                gpio_clear_pin_interrupt_flag
 .text          0x8002ef14        0x0 src/asf/avr32/drivers/intc/exception.o
 .text          0x8002ef14       0xf4 src/asf/avr32/drivers/intc/intc.o
                0x8002ef1c                INTC_register_interrupt
                0x8002ef60                INTC_init_interrupts
                0x8002efc0                _get_interrupt_handler
 .text          0x8002f008      0x394 src/asf/avr32/drivers/pdca/pdca.o
                0x8002f008                pdca_get_handler
                0x8002f022                pdca_get_channel_status
                0x8002f044                pdca_disable
                0x8002f064                pdca_enable
                0x8002f084                pdca_get_load_size
                0x8002f0a4                pdca_get_reload_size
                0x8002f0c4                pdca_set_peripheral_select
                0x8002f0e4                pdca_set_transfer_size
                0x8002f10c                pdca_disable_event_trigger
                0x8002f130                pdca_enable_event_trigger
                0x8002f154                pdca_enable_interrupt_transfer_error
                0x8002f174                pdca_enable_interrupt_transfer_complete
                0x8002f194                pdca_enable_interrupt_reload_counter_zero
                0x8002f1b4                pdca_get_transfer_status
                0x8002f1d4                pdca_disable_interrupt_reload_counter_zero
                0x8002f210                pdca_disable_interrupt_transfer_complete
                0x8002f24c                pdca_disable_interrupt_transfer_error
                0x8002f288                pdca_reload_channel
                0x8002f2d4                pdca_load_channel
                0x8002f320                pdca_init_channel
 .text          0x8002f39c      0x376 src/asf/avr32/drivers/pevc/pevc.o
                0x8002f39c                pevc_channel_configure
                0x8002f420                pevc_igfd_set
                0x8002f430                pevc_channels_enable
                0x8002f44e                pevc_channels_disable
                0x8002f46c                pevc_get_channel_status
                0x8002f4aa                pevc_get_channel_state
                0x8002f4e8                pevc_channel_sev_enable
                0x8002f504                pevc_channels_trigger_sev
                0x8002f522                pevc_channel_sev_disable
                0x8002f53e                pevc_channels_enable_trigger_interrupt
                0x8002f55c                pevc_channels_disable_trigger_interrupt
                0x8002f57a                pevc_channel_is_trigger_interrupt_enabled
                0x8002f5bc                pevc_channel_is_trigger_interrupt_raised
                0x8002f5fa                pevc_channel_clear_trigger_interrupt
                0x8002f626                pevc_channels_enable_overrun_interrupt
                0x8002f644                pevc_channels_disable_overrun_interrupt
                0x8002f662                pevc_channel_is_overrun_interrupt_enabled
                0x8002f6a4                pevc_channel_is_overrun_interrupt_raised
                0x8002f6e6                pevc_channel_clear_overrun_interrupt
 .text          0x8002f712      0x1b6 src/asf/avr32/drivers/pm/pm_uc3c.o
                0x8002f712                pm_wait_for_clk_ready
                0x8002f73a                pm_disable_module
                0x8002f77a                pm_enable_module
                0x8002f7ba                pm_disable_clk_domain_div
                0x8002f80c                pm_set_clk_domain_div
                0x8002f85e                pm_config_mainclk_safety
                0x8002f8a2                pm_set_mclk_source
 .text          0x8002f8c8      0x370 src/asf/avr32/drivers/pm/power_clocks_lib.o
                0x8002f8c8                pcl_read_gplp
                0x8002f8e4                pcl_write_gplp
                0x8002f900                pcl_configure_usb_clock
                0x8002f978                pcl_switch_to_osc
                0x8002f9dc                pcl_configure_clocks
 .text          0x8002fc38      0x8ec src/asf/avr32/drivers/pwm/pwm4.o
                0x8002fc38                pwm_write_protect_hw_lock
                0x8002fd06                pwm_write_protect_sw_lock
                0x8002fdca                pwm_write_protect_sw_unlock
                0x8002fe8c                pwm_write_protect_status
                0x8002feaa                pwm_channel_init
                0x8002fef0                pwm_start_channels
                0x8002ff0e                pwm_stop_channels
                0x8002ff2c                pwm_update_channel
                0x8002ff76                pwm_interrupt_update_channel
                0x8002ffac                pwm_output_override_setup
                0x80030010                pwm_output_override_write
                0x800300d4                pwm_update_period_value
                0x800300e4                pwm_synchronous_prepare_update
                0x80030122                pwm_update_manual_write_manual_update
                0x80030136                pwm_update_manual_write_auto_update
                0x8003014c                pwm_update_auto_write_auto_update_check_ready
                0x80030162                pwm_update_auto_write_auto_update_check_eot
                0x80030178                pwm_fault_lines_polarity_setup
                0x8003023c                pwm_fault_lines_level_setup
                0x800302c0                pwm_fault_lines_enable
                0x8003030c                pwm_get_fault_status
                0x8003031c                pwm_clr_fault_status
                0x80030332                pwm_compare_match_setup
                0x8003037a                pwm_compare_match_reload_setup
                0x800303c2                pwm_compare_event_enable
                0x800303e4                pwm_compare_event_disable
                0x8003040e                pwm_init
 .text          0x80030524      0x850 src/asf/avr32/drivers/scif/scif_uc3c.o
                0x80030524                scif_read_gplp
                0x80030538                scif_write_gplp
                0x80030556                scif_is_osc_ready
                0x8003057c                scif_wait_for_pll_locked
                0x800305a6                scif_start_gclk
                0x800305ec                scif_stop_gclk
                0x80030624                scif_gc_setup
                0x800306c4                scif_gc_enable
                0x800306e8                scif_bod18_enable_irq
                0x800306fa                scif_bod18_clear_irq
                0x8003070c                scif_bod18_get_irq_status
                0x80030720                scif_bod18_get_irq_enable_bit
                0x80030734                scif_bod18_get_level
                0x80030748                scif_bod33_enable_irq
                0x8003075c                scif_bod33_clear_irq
                0x80030770                scif_bod33_get_irq_status
                0x80030784                scif_bod33_get_irq_enable_bit
                0x80030798                scif_bod33_get_level
                0x800307ac                scif_bod50_enable_irq
                0x800307c0                scif_bod50_clear_irq
                0x800307d4                scif_bod50_get_irq_status
                0x800307e8                scif_bod50_get_irq_enable_bit
                0x800307fc                scif_bod50_get_level
                0x80030810                scif_bod50_disable_irq
                0x80030844                scif_bod33_disable_irq
                0x80030878                scif_bod18_disable_irq
                0x800308a8                scif_stop_rc120M
                0x800308d4                scif_start_rc120M
                0x800308fe                scif_stop_rc8M
                0x8003092a                scif_start_rc8M
                0x8003095e                scif_stop_osc32
                0x8003098a                scif_start_osc32
                0x800309e8                scif_pll_disable
                0x80030a30                scif_pll_enable
                0x80030a78                scif_pll_setup
                0x80030aea                scif_enable_extosc
                0x80030b32                scif_enable_osc
                0x80030ba4                scif_configure_osc_extmode
                0x80030bec                scif_configure_osc_crystalmode
                0x80030cb0                scif_stop_osc
                0x80030ce2                scif_start_osc
 .text          0x80030d74      0x3c0 src/asf/avr32/drivers/spi/spi.o
                0x80030d74                getBaudDiv
                0x80030d98                spi_initSlave
                0x80030dfc                spi_initTest
                0x80030e18                spi_initMaster
                0x80030e5a                spi_selectionMode
                0x80030e9a                spi_selectChip
                0x80030ef6                spi_unselectChip
                0x80030f26                spi_setupChipReg
                0x80030ff0                spi_enable
                0x80030ffe                spi_disable
                0x8003100c                spi_is_enabled
                0x8003101c                spi_writeRegisterEmptyCheck
                0x8003102c                spi_write
                0x80031052                spi_variableSlaveWrite
                0x800310a8                spi_writeEndCheck
                0x800310b8                spi_readRegisterFullCheck
                0x800310c8                spi_read
                0x800310f4                spi_getStatus
 .text          0x80031134      0x472 src/asf/avr32/drivers/tc/tc.o
                0x80031134                tc_get_interrupt_settings
                0x80031150                tc_select_external_clock
                0x80031198                tc_init_capture
                0x800311c0                tc_init_waveform
                0x80031266                tc_start
                0x8003128a                tc_stop
                0x800312ae                tc_software_trigger
                0x800312d2                tc_sync_trigger
                0x800312e2                tc_sync_start
                0x800312fc                tc_read_sr
                0x80031318                tc_read_tc
                0x80031338                tc_read_ra
                0x80031358                tc_read_rb
                0x80031378                tc_read_rc
                0x80031398                tc_write_ra
                0x800313dc                tc_write_rb
                0x80031420                tc_write_rc
                0x80031464                tc_configure_interrupts
 *fill*         0x800315a6        0x2 d703d703
 .text          0x800315a8      0x8cc src/asf/avr32/drivers/twim/twim.o
                0x80031720                twim_set_speed
                0x8003179e                twim_status
                0x800317c0                twim_disable_interrupt
                0x800317dc                twim_chained_transfer
                0x800319d8                twim_write
                0x80031aa4                twim_probe
                0x80031ad4                twim_write_packet
                0x80031be0                twim_read
                0x80031cac                twim_read_packet
                0x80031d94                twim_master_init
 .text          0x80031e74      0x9c8 src/asf/avr32/drivers/usart/usart.o
                0x80031e74                usart_spi_selectChip
                0x80031e84                usart_spi_unselectChip
                0x80031eac                usart_write_char
                0x80031ecc                usart_send_address
                0x80031f0c                usart_putchar
                0x80031f44                usart_read_char
                0x80031f74                usart_getchar
                0x80031fb0                usart_write_line
                0x80031fe0                usart_get_echo_line
                0x80032048                usart_reset
                0x8003207c                usart_init_spi_slave
                0x8003211c                usart_init_spi_master
                0x800321dc                usart_init_iso7816
                0x80032290                usart_init_sync_slave
                0x8003235c                usart_init_sync_master
                0x8003244c                usart_init_rs232_tx_only
                0x80032538                usart_init_rs232
                0x80032654                usart_init_IrDA
                0x80032694                usart_init_rs485
                0x800326c4                usart_init_modem
                0x800326f4                usart_init_hw_handshaking
                0x80032724                usart_init_lin_master
                0x800327b0                usart_init_lin_slave
 .text          0x8003283c     0x1210 src/asf/avr32/drivers/usbc/usbc_device.o
                0x8003283c                udd_include_vbus_monitoring
                0x80032846                udd_is_high_speed
                0x80032850                udd_set_address
                0x8003287a                udd_getaddress
                0x8003288e                udd_get_frame_number
                0x800328a2                udd_get_micro_frame_number
                0x800328ac                udd_set_setup_payload
                0x800328cc                udd_ep_is_halted
                0x800328e6                udd_ep_clear_halt
                0x80032954                udd_ep_wait_stall_clear
                0x800329c4                udd_ep_alloc
                0x80032c04                udd_ep_abort
                0x80032c2c                udd_ep_set_halt
                0x80032c6c                udd_ep_free
                0x80032c9c                udd_ep_run
                0x800330a4                udd_enable
                0x800337c8                udd_detach
                0x8003382c                udd_attach
                0x80033964                udd_disable
                0x800339f0                udd_send_wake_up
 .text          0x80033a4c       0x8c src/asf/avr32/services/delay/delay.o
                0x80033a4c                delay_init
                0x80033a68                delay_ms
 .text          0x80033ad8        0x0 src/asf/avr32/utils/startup/startup_uc3.o
 .text._stext   0x80033ad8       0x50 src/asf/avr32/utils/startup/startup_uc3.o
                0x80033ad8                _stext
 .text          0x80033b28        0x0 src/asf/avr32/utils/startup/trampoline_uc3.o
 .text          0x80033b28       0x30 src/asf/common/boards/user_board/init.o
                0x80033b28                board_init
 .text          0x80033b58      0x154 src/asf/common/services/clock/uc3c/osc.o
                0x80033b58                osc_priv_disable_rc120m
                0x80033b7e                osc_priv_enable_rc120m
                0x80033ba4                osc_priv_disable_rc8m
                0x80033bd2                osc_priv_enable_rc8m
                0x80033c14                osc_priv_disable_osc32
                0x80033c3a                osc_priv_enable_osc32
                0x80033c62                osc_priv_disable_osc0
                0x80033c86                osc_priv_enable_osc0
 .text          0x80033cac       0x80 src/asf/common/services/clock/uc3c/pll.o
                0x80033cac                pll_disable
                0x80033cd6                pll_enable
                0x80033d02                pll_config_write
 .text          0x80033d2c      0x220 src/asf/common/services/clock/uc3c/sysclk.o
                0x80033d2c                sysclk_disable_usb
                0x80033d40                sysclk_set_source
                0x80033d62                sysclk_set_prescalers
                0x80033dd2                sysclk_priv_disable_module
                0x80033e0c                sysclk_priv_enable_module
                0x80033e44                sysclk_enable_usb
                0x80033ea0                sysclk_init
 .text          0x80033f4c        0x0 src/asf/common/services/sleepmgr/uc3/sleepmgr.o
 .text          0x80033f4c      0x284 src/asf/common/services/spi/uc3_spi/spi_master.o
                0x80033f4c                spi_read_packet
                0x80033fa4                spi_write_packet
                0x80033fd4                spi_master_setup_device
 .text          0x800341d0      0xab4 src/asf/common/services/usb/class/cdc/device/udi_cdc.o
                0x800341d0                udi_cdc_data_disable
                0x800341da                udi_cdc_comm_setup
                0x80034270                udi_cdc_data_setup
                0x8003427a                udi_cdc_getsetting
                0x80034284                udi_cdc_line_coding_received
                0x8003428e                udi_cdc_is_rx_ready
                0x800342c0                udi_cdc_is_tx_ready
                0x80034334                udi_cdc_write_buf
                0x800343ec                udi_cdc_putc
                0x80034464                udi_cdc_data_recevied
                0x80034504                udi_cdc_signal_parity_error
                0x80034578                udi_cdc_serial_state_msg_sent
                0x80034700                udi_cdc_data_sent
                0x8003473c                udi_cdc_data_sof_notify
                0x80034750                udi_cdc_comm_disable
                0x8003477c                udi_cdc_comm_enable
                0x800347c4                udi_cdc_getc
                0x800348ac                udi_cdc_read_buf
                0x800349b8                udi_cdc_ctrl_signal_dcd
                0x80034a4c                udi_cdc_signal_framing_error
                0x80034ac0                udi_cdc_ctrl_signal_dsr
                0x80034b54                udi_cdc_signal_overrun
                0x80034bc8                udi_cdc_data_enable
 .text          0x80034c84        0x0 src/asf/common/services/usb/class/cdc/device/udi_cdc_desc.o
 .text          0x80034c84      0x88c src/asf/common/services/usb/udc/udc.o
                0x80034c84                udc_get_interface_desc
                0x80034ca0                udc_sof_notify
                0x80034f54                udc_reset
                0x80034fa8                udc_process_setup
 .text          0x80035510       0x74 src/asf/common/utils/stdio/read.o
                0x80035510                _read
 .text          0x80035584      0x154 src/asf/common/utils/stdio/stdio_usb/stdio_usb.o
                0x80035584                stdio_usb_enable
                0x800355a4                stdio_usb_disable
                0x800355c4                stdio_usb_vbus_event
                0x800355f4                stdio_usb_init
                0x80035658                stdio_usb_getchar
                0x800356a0                stdio_usb_putchar
 .text          0x800356d8       0x50 src/asf/common/utils/stdio/write.o
                0x800356d8                _write
 .text          0x80035728      0xbb4 src/boardsupport.o
                0x80035728                boardsupport_init
 .text          0x800362dc       0xc0 src/main.o
                0x800362dc                initialisation()
                0x80036364                main
 .text          0x8003639c        0x0 d:/programmes/atmel/studio/7.0/toolchain/avr32/avr32-gnu-toolchain/bin/../lib/gcc/avr32/4.4.7/../../../../avr32/lib/ucr3fp\libm.a(lib_a-s_cos.o)
 .text.cos      0x8003639c       0x9c d:/programmes/atmel/studio/7.0/toolchain/avr32/avr32-gnu-toolchain/bin/../lib/gcc/avr32/4.4.7/../../../../avr32/lib/ucr3fp\libm.a(lib_a-s_cos.o)
                0x8003639c                cos
 .text          0x80036438        0x0 d:/programmes/atmel/studio/7.0/toolchain/avr32/avr32-gnu-toolchain/bin/../lib/gcc/avr32/4.4.7/../../../../avr32/lib/ucr3fp\libm.a(lib_a-s_floor.o)
 .text.floor    0x80036438      0x128 d:/programmes/atmel/studio/7.0/toolchain/avr32/avr32-gnu-toolchain/bin/../lib/gcc/avr32/4.4.7/../../../../avr32/lib/ucr3fp\libm.a(lib_a-s_floor.o)
                0x80036438                floor
 .text          0x80036560        0x0 d:/programmes/atmel/studio/7.0/toolchain/avr32/avr32-gnu-toolchain/bin/../lib/gcc/avr32/4.4.7/../../../../avr32/lib/ucr3fp\libm.a(lib_a-s_sin.o)
 .text.sin      0x80036560       0xa0 d:/programmes/atmel/studio/7.0/toolchain/avr32/avr32-gnu-toolchain/bin/../lib/gcc/avr32/4.4.7/../../../../avr32/lib/ucr3fp\libm.a(lib_a-s_sin.o)
                0x80036560                sin
 .text          0x80036600        0x0 d:/programmes/atmel/studio/7.0/toolchain/avr32/avr32-gnu-toolchain/bin/../lib/gcc/avr32/4.4.7/../../../../avr32/lib/ucr3fp\libm.a(lib_a-w_asin.o)
 .text.asin     0x80036600       0xb0 d:/programmes/atmel/studio/7.0/toolchain/avr32/avr32-gnu-toolchain/bin/../lib/gcc/avr32/4.4.7/../../../../avr32/lib/ucr3fp\libm.a(lib_a-w_asin.o)
                0x80036600                asin
 .text          0x800366b0        0x0 d:/programmes/atmel/studio/7.0/toolchain/avr32/avr32-gnu-toolchain/bin/../lib/gcc/avr32/4.4.7/../../../../avr32/lib/ucr3fp\libm.a(lib_a-w_atan2.o)
 .text.atan2    0x800366b0        0xc d:/programmes/atmel/studio/7.0/toolchain/avr32/avr32-gnu-toolchain/bin/../lib/gcc/avr32/4.4.7/../../../../avr32/lib/ucr3fp\libm.a(lib_a-w_atan2.o)
                0x800366b0                atan2
 .text          0x800366bc        0x0 d:/programmes/atmel/studio/7.0/toolchain/avr32/avr32-gnu-toolchain/bin/../lib/gcc/avr32/4.4.7/../../../../avr32/lib/ucr3fp\libm.a(lib_a-w_fmod.o)
 .text.fmod     0x800366bc       0xbc d:/programmes/atmel/studio/7.0/toolchain/avr32/avr32-gnu-toolchain/bin/../lib/gcc/avr32/4.4.7/../../../../avr32/lib/ucr3fp\libm.a(lib_a-w_fmod.o)
                0x800366bc                fmod
 .text          0x80036778        0x0 d:/programmes/atmel/studio/7.0/toolchain/avr32/avr32-gnu-toolchain/bin/../lib/gcc/avr32/4.4.7/../../../../avr32/lib/ucr3fp\libm.a(lib_a-w_pow.o)
 .text.pow      0x80036778      0x300 d:/programmes/atmel/studio/7.0/toolchain/avr32/avr32-gnu-toolchain/bin/../lib/gcc/avr32/4.4.7/../../../../avr32/lib/ucr3fp\libm.a(lib_a-w_pow.o)
                0x80036778                pow
 .text          0x80036a78        0x0 d:/programmes/atmel/studio/7.0/toolchain/avr32/avr32-gnu-toolchain/bin/../lib/gcc/avr32/4.4.7/../../../../avr32/lib/ucr3fp\libm.a(lib_a-w_sqrt.o)
 .text.sqrt     0x80036a78       0xb4 d:/programmes/atmel/studio/7.0/toolchain/avr32/avr32-gnu-toolchain/bin/../lib/gcc/avr32/4.4.7/../../../../avr32/lib/ucr3fp\libm.a(lib_a-w_sqrt.o)
                0x80036a78                sqrt
 .text          0x80036b2c        0x0 d:/programmes/atmel/studio/7.0/toolchain/avr32/avr32-gnu-toolchain/bin/../lib/gcc/avr32/4.4.7/../../../../avr32/lib/ucr3fp\libm.a(lib_a-wf_sqrt.o)
 .text.sqrtf    0x80036b2c       0xbc d:/programmes/atmel/studio/7.0/toolchain/avr32/avr32-gnu-toolchain/bin/../lib/gcc/avr32/4.4.7/../../../../avr32/lib/ucr3fp\libm.a(lib_a-wf_sqrt.o)
                0x80036b2c                sqrtf
 .text          0x80036be8        0x0 d:/programmes/atmel/studio/7.0/toolchain/avr32/avr32-gnu-toolchain/bin/../lib/gcc/avr32/4.4.7/../../../../avr32/lib/ucr3fp\libm.a(lib_a-e_asin.o)
 .text.__ieee754_asin
                0x80036be8      0x50c d:/programmes/atmel/studio/7.0/toolchain/avr32/avr32-gnu-toolchain/bin/../lib/gcc/avr32/4.4.7/../../../../avr32/lib/ucr3fp\libm.a(lib_a-e_asin.o)
                0x80036be8                __ieee754_asin
 .text          0x800370f4        0x0 d:/programmes/atmel/studio/7.0/toolchain/avr32/avr32-gnu-toolchain/bin/../lib/gcc/avr32/4.4.7/../../../../avr32/lib/ucr3fp\libm.a(lib_a-e_atan2.o)
 .text.__ieee754_atan2
                0x800370f4      0x240 d:/programmes/atmel/studio/7.0/toolchain/avr32/avr32-gnu-toolchain/bin/../lib/gcc/avr32/4.4.7/../../../../avr32/lib/ucr3fp\libm.a(lib_a-e_atan2.o)
                0x800370f4                __ieee754_atan2
 .text          0x80037334        0x0 d:/programmes/atmel/studio/7.0/toolchain/avr32/avr32-gnu-toolchain/bin/../lib/gcc/avr32/4.4.7/../../../../avr32/lib/ucr3fp\libm.a(lib_a-e_fmod.o)
 .text.__ieee754_fmod
                0x80037334      0x240 d:/programmes/atmel/studio/7.0/toolchain/avr32/avr32-gnu-toolchain/bin/../lib/gcc/avr32/4.4.7/../../../../avr32/lib/ucr3fp\libm.a(lib_a-e_fmod.o)
                0x80037334                __ieee754_fmod
 .text          0x80037574        0x0 d:/programmes/atmel/studio/7.0/toolchain/avr32/avr32-gnu-toolchain/bin/../lib/gcc/avr32/4.4.7/../../../../avr32/lib/ucr3fp\libm.a(lib_a-e_pow.o)
 .text.__ieee754_pow
                0x80037574      0xaf0 d:/programmes/atmel/studio/7.0/toolchain/avr32/avr32-gnu-toolchain/bin/../lib/gcc/avr32/4.4.7/../../../../avr32/lib/ucr3fp\libm.a(lib_a-e_pow.o)
                0x80037574                __ieee754_pow
 .text          0x80038064        0x0 d:/programmes/atmel/studio/7.0/toolchain/avr32/avr32-gnu-toolchain/bin/../lib/gcc/avr32/4.4.7/../../../../avr32/lib/ucr3fp\libm.a(lib_a-e_rem_pio2.o)
 .text.__ieee754_rem_pio2
                0x80038064      0x4a0 d:/programmes/atmel/studio/7.0/toolchain/avr32/avr32-gnu-toolchain/bin/../lib/gcc/avr32/4.4.7/../../../../avr32/lib/ucr3fp\libm.a(lib_a-e_rem_pio2.o)
                0x80038064                __ieee754_rem_pio2
 .text          0x80038504        0x0 d:/programmes/atmel/studio/7.0/toolchain/avr32/avr32-gnu-toolchain/bin/../lib/gcc/avr32/4.4.7/../../../../avr32/lib/ucr3fp\libm.a(lib_a-e_sqrt.o)
 .text.__ieee754_sqrt
                0x80038504      0x19c d:/programmes/atmel/studio/7.0/toolchain/avr32/avr32-gnu-toolchain/bin/../lib/gcc/avr32/4.4.7/../../../../avr32/lib/ucr3fp\libm.a(lib_a-e_sqrt.o)
                0x80038504                __ieee754_sqrt
 .text          0x800386a0        0x0 d:/programmes/atmel/studio/7.0/toolchain/avr32/avr32-gnu-toolchain/bin/../lib/gcc/avr32/4.4.7/../../../../avr32/lib/ucr3fp\libm.a(lib_a-ef_sqrt.o)
 .text.__ieee754_sqrtf
                0x800386a0       0xd4 d:/programmes/atmel/studio/7.0/toolchain/avr32/avr32-gnu-toolchain/bin/../lib/gcc/avr32/4.4.7/../../../../avr32/lib/ucr3fp\libm.a(lib_a-ef_sqrt.o)
                0x800386a0                __ieee754_sqrtf
 .text          0x80038774        0x0 d:/programmes/atmel/studio/7.0/toolchain/avr32/avr32-gnu-toolchain/bin/../lib/gcc/avr32/4.4.7/../../../../avr32/lib/ucr3fp\libm.a(lib_a-k_cos.o)
 .text.__kernel_cos
                0x80038774      0x1f8 d:/programmes/atmel/studio/7.0/toolchain/avr32/avr32-gnu-toolchain/bin/../lib/gcc/avr32/4.4.7/../../../../avr32/lib/ucr3fp\libm.a(lib_a-k_cos.o)
                0x80038774                __kernel_cos
 .text          0x8003896c        0x0 d:/programmes/atmel/studio/7.0/toolchain/avr32/avr32-gnu-toolchain/bin/../lib/gcc/avr32/4.4.7/../../../../avr32/lib/ucr3fp\libm.a(lib_a-k_rem_pio2.o)
 .text.__kernel_rem_pio2
                0x8003896c      0x718 d:/programmes/atmel/studio/7.0/toolchain/avr32/avr32-gnu-toolchain/bin/../lib/gcc/avr32/4.4.7/../../../../avr32/lib/ucr3fp\libm.a(lib_a-k_rem_pio2.o)
                0x8003896c                __kernel_rem_pio2
 .text          0x80039084        0x0 d:/programmes/atmel/studio/7.0/toolchain/avr32/avr32-gnu-toolchain/bin/../lib/gcc/avr32/4.4.7/../../../../avr32/lib/ucr3fp\libm.a(lib_a-k_sin.o)
 .text.__kernel_sin
                0x80039084      0x1a4 d:/programmes/atmel/studio/7.0/toolchain/avr32/avr32-gnu-toolchain/bin/../lib/gcc/avr32/4.4.7/../../../../avr32/lib/ucr3fp\libm.a(lib_a-k_sin.o)
                0x80039084                __kernel_sin
 .text          0x80039228        0x0 d:/programmes/atmel/studio/7.0/toolchain/avr32/avr32-gnu-toolchain/bin/../lib/gcc/avr32/4.4.7/../../../../avr32/lib/ucr3fp\libm.a(lib_a-s_atan.o)
 .text.atan     0x80039228      0x368 d:/programmes/atmel/studio/7.0/toolchain/avr32/avr32-gnu-toolchain/bin/../lib/gcc/avr32/4.4.7/../../../../avr32/lib/ucr3fp\libm.a(lib_a-s_atan.o)
                0x80039228                atan
 .text          0x80039590        0x0 d:/programmes/atmel/studio/7.0/toolchain/avr32/avr32-gnu-toolchain/bin/../lib/gcc/avr32/4.4.7/../../../../avr32/lib/ucr3fp\libm.a(lib_a-s_fabs.o)
 .text.fabs     0x80039590        0x8 d:/programmes/atmel/studio/7.0/toolchain/avr32/avr32-gnu-toolchain/bin/../lib/gcc/avr32/4.4.7/../../../../avr32/lib/ucr3fp\libm.a(lib_a-s_fabs.o)
                0x80039590                fabs
 .text          0x80039598        0x0 d:/programmes/atmel/studio/7.0/toolchain/avr32/avr32-gnu-toolchain/bin/../lib/gcc/avr32/4.4.7/../../../../avr32/lib/ucr3fp\libm.a(lib_a-s_finite.o)
 .text.finite   0x80039598       0x10 d:/programmes/atmel/studio/7.0/toolchain/avr32/avr32-gnu-toolchain/bin/../lib/gcc/avr32/4.4.7/../../../../avr32/lib/ucr3fp\libm.a(lib_a-s_finite.o)
                0x80039598                finite
 .text          0x800395a8        0x0 d:/programmes/atmel/studio/7.0/toolchain/avr32/avr32-gnu-toolchain/bin/../lib/gcc/avr32/4.4.7/../../../../avr32/lib/ucr3fp\libm.a(lib_a-s_isnand.o)
 .text.__isnand
                0x800395a8       0x1c d:/programmes/atmel/studio/7.0/toolchain/avr32/avr32-gnu-toolchain/bin/../lib/gcc/avr32/4.4.7/../../../../avr32/lib/ucr3fp\libm.a(lib_a-s_isnand.o)
                0x800395a8                __isnand
 .text          0x800395c4        0x0 d:/programmes/atmel/studio/7.0/toolchain/avr32/avr32-gnu-toolchain/bin/../lib/gcc/avr32/4.4.7/../../../../avr32/lib/ucr3fp\libm.a(lib_a-s_lib_ver.o)
 .text          0x800395c4        0x0 d:/programmes/atmel/studio/7.0/toolchain/avr32/avr32-gnu-toolchain/bin/../lib/gcc/avr32/4.4.7/../../../../avr32/lib/ucr3fp\libm.a(lib_a-s_matherr.o)
 .text.matherr  0x800395c4        0x2 d:/programmes/atmel/studio/7.0/toolchain/avr32/avr32-gnu-toolchain/bin/../lib/gcc/avr32/4.4.7/../../../../avr32/lib/ucr3fp\libm.a(lib_a-s_matherr.o)
                0x800395c4                matherr
 .text          0x800395c6        0x0 d:/programmes/atmel/studio/7.0/toolchain/avr32/avr32-gnu-toolchain/bin/../lib/gcc/avr32/4.4.7/../../../../avr32/lib/ucr3fp\libm.a(lib_a-s_nan.o)
 .text.nan      0x800395c6        0x8 d:/programmes/atmel/studio/7.0/toolchain/avr32/avr32-gnu-toolchain/bin/../lib/gcc/avr32/4.4.7/../../../../avr32/lib/ucr3fp\libm.a(lib_a-s_nan.o)
                0x800395c6                nan
 .text          0x800395ce        0x0 d:/programmes/atmel/studio/7.0/toolchain/avr32/avr32-gnu-toolchain/bin/../lib/gcc/avr32/4.4.7/../../../../avr32/lib/ucr3fp\libm.a(lib_a-s_rint.o)
 *fill*         0x800395ce        0x2 d703d703
 .text.rint     0x800395d0      0x124 d:/programmes/atmel/studio/7.0/toolchain/avr32/avr32-gnu-toolchain/bin/../lib/gcc/avr32/4.4.7/../../../../avr32/lib/ucr3fp\libm.a(lib_a-s_rint.o)
                0x800395d0                rint
 .text          0x800396f4        0x0 d:/programmes/atmel/studio/7.0/toolchain/avr32/avr32-gnu-toolchain/bin/../lib/gcc/avr32/4.4.7/../../../../avr32/lib/ucr3fp\libm.a(lib_a-s_scalbn.o)
 .text.scalbn   0x800396f4       0xf0 d:/programmes/atmel/studio/7.0/toolchain/avr32/avr32-gnu-toolchain/bin/../lib/gcc/avr32/4.4.7/../../../../avr32/lib/ucr3fp\libm.a(lib_a-s_scalbn.o)
                0x800396f4                scalbn
 .text          0x800397e4        0x0 d:/programmes/atmel/studio/7.0/toolchain/avr32/avr32-gnu-toolchain/bin/../lib/gcc/avr32/4.4.7/../../../../avr32/lib/ucr3fp\libm.a(lib_a-sf_isnan.o)
 .text.isnanf   0x800397e4        0xe d:/programmes/atmel/studio/7.0/toolchain/avr32/avr32-gnu-toolchain/bin/../lib/gcc/avr32/4.4.7/../../../../avr32/lib/ucr3fp\libm.a(lib_a-sf_isnan.o)
                0x800397e4                isnanf
 .text          0x800397f2        0x0 d:/programmes/atmel/studio/7.0/toolchain/avr32/avr32-gnu-toolchain/bin/../lib/gcc/avr32/4.4.7/../../../../avr32/lib/ucr3fp\libm.a(lib_a-s_copysign.o)
 .text.copysign
                0x800397f2       0x18 d:/programmes/atmel/studio/7.0/toolchain/avr32/avr32-gnu-toolchain/bin/../lib/gcc/avr32/4.4.7/../../../../avr32/lib/ucr3fp\libm.a(lib_a-s_copysign.o)
                0x800397f2                copysign
 *fill*         0x8003980a        0x2 d703d703
 .text          0x8003980c      0x1d4 d:/programmes/atmel/studio/7.0/toolchain/avr32/avr32-gnu-toolchain/bin/../lib/gcc/avr32/4.4.7/ucr3fp\libgcc.a(_avr32_f64_mul.o)
                0x8003980c                __avr32_f64_mul
 .text          0x800399e0      0x2b0 d:/programmes/atmel/studio/7.0/toolchain/avr32/avr32-gnu-toolchain/bin/../lib/gcc/avr32/4.4.7/ucr3fp\libgcc.a(_avr32_f64_addsub.o)
                0x800399e4                __avr32_f64_sub
                0x80039b80                __avr32_f64_add
 .text          0x80039c90       0x2a d:/programmes/atmel/studio/7.0/toolchain/avr32/avr32-gnu-toolchain/bin/../lib/gcc/avr32/4.4.7/ucr3fp\libgcc.a(_avr32_f64_to_s32.o)
                0x80039c90                __avr32_f64_to_u32
                0x80039c94                __avr32_f64_to_s32
 .text          0x80039cba       0x60 d:/programmes/atmel/studio/7.0/toolchain/avr32/avr32-gnu-toolchain/bin/../lib/gcc/avr32/4.4.7/ucr3fp\libgcc.a(_avr32_f64_to_s64.o)
                0x80039cba                __avr32_f64_to_u64
                0x80039cc6                __avr32_f64_to_s64
 .text          0x80039d1a       0xe8 d:/programmes/atmel/studio/7.0/toolchain/avr32/avr32-gnu-toolchain/bin/../lib/gcc/avr32/4.4.7/ucr3fp\libgcc.a(_avr32_s32_to_f64.o)
                0x80039d1a                __avr32_u32_to_f64
                0x80039d22                __avr32_s32_to_f64
 .text          0x80039e02       0x26 d:/programmes/atmel/studio/7.0/toolchain/avr32/avr32-gnu-toolchain/bin/../lib/gcc/avr32/4.4.7/ucr3fp\libgcc.a(_avr32_f64_cmp_eq.o)
                0x80039e02                __avr32_f64_cmp_eq
 .text          0x80039e28       0x68 d:/programmes/atmel/studio/7.0/toolchain/avr32/avr32-gnu-toolchain/bin/../lib/gcc/avr32/4.4.7/ucr3fp\libgcc.a(_avr32_f64_cmp_ge.o)
                0x80039e28                __avr32_f64_cmp_ge
 .text          0x80039e90       0x68 d:/programmes/atmel/studio/7.0/toolchain/avr32/avr32-gnu-toolchain/bin/../lib/gcc/avr32/4.4.7/ucr3fp\libgcc.a(_avr32_f64_cmp_lt.o)
                0x80039e90                __avr32_f64_cmp_lt
 .text          0x80039ef8       0x34 d:/programmes/atmel/studio/7.0/toolchain/avr32/avr32-gnu-toolchain/bin/../lib/gcc/avr32/4.4.7/ucr3fp\libgcc.a(_avr32_f32_cmp_lt.o)
                0x80039ef8                __avr32_f32_cmp_lt
 .text          0x80039f2c      0x318 d:/programmes/atmel/studio/7.0/toolchain/avr32/avr32-gnu-toolchain/bin/../lib/gcc/avr32/4.4.7/ucr3fp\libgcc.a(_avr32_f64_div.o)
                0x80039f2c                __avr32_f64_div
 .text          0x8003a244      0x160 d:/programmes/atmel/studio/7.0/toolchain/avr32/avr32-gnu-toolchain/bin/../lib/gcc/avr32/4.4.7/ucr3fp\libgcc.a(_avr32_f32_div.o)
                0x8003a244                __avr32_f32_div
 .text          0x8003a3a4      0x180 d:/programmes/atmel/studio/7.0/toolchain/avr32/avr32-gnu-toolchain/bin/../lib/gcc/avr32/4.4.7/ucr3fp\libgcc.a(_avr32_f32_addsub.o)
                0x8003a3a8                __avr32_f32_sub
                0x8003a478                __avr32_f32_add
 .text          0x8003a524       0xe2 d:/programmes/atmel/studio/7.0/toolchain/avr32/avr32-gnu-toolchain/bin/../lib/gcc/avr32/4.4.7/ucr3fp\libgcc.a(_avr32_f32_mul.o)
                0x8003a524                __avr32_f32_mul
 .text          0x8003a606       0x60 d:/programmes/atmel/studio/7.0/toolchain/avr32/avr32-gnu-toolchain/bin/../lib/gcc/avr32/4.4.7/ucr3fp\libgcc.a(_avr32_f32_to_f64.o)
                0x8003a606                __avr32_f32_to_f64
 .text          0x8003a666       0x8a d:/programmes/atmel/studio/7.0/toolchain/avr32/avr32-gnu-toolchain/bin/../lib/gcc/avr32/4.4.7/ucr3fp\libgcc.a(_avr32_f64_to_f32.o)
                0x8003a666                __avr32_f64_to_f32
 .text          0x8003a6f0       0x3c d:/programmes/atmel/studio/7.0/toolchain/avr32/avr32-gnu-toolchain/bin/../lib/gcc/avr32/4.4.7/ucr3fp\libgcc.a(_floatdidf.o)
                0x8003a6f0                __avr32_s64_to_f64
                0x8003a6f0                __floatdidf
 .text          0x8003a72c      0x2b4 d:/programmes/atmel/studio/7.0/toolchain/avr32/avr32-gnu-toolchain/bin/../lib/gcc/avr32/4.4.7/ucr3fp\libgcc.a(_divdi3.o)
                0x8003a72c                __avr32_sdiv64
                0x8003a72c                __divdi3
 .text          0x8003a9e0      0x280 d:/programmes/atmel/studio/7.0/toolchain/avr32/avr32-gnu-toolchain/bin/../lib/gcc/avr32/4.4.7/ucr3fp\libgcc.a(_moddi3.o)
                0x8003a9e0                __moddi3
                0x8003a9e0                __avr32_smod64
 .text          0x8003ac60      0x264 d:/programmes/atmel/studio/7.0/toolchain/avr32/avr32-gnu-toolchain/bin/../lib/gcc/avr32/4.4.7/ucr3fp\libgcc.a(_udivdi3.o)
                0x8003ac60                __avr32_udiv64
                0x8003ac60                __udivdi3
 .text          0x8003aec4      0x20c d:/programmes/atmel/studio/7.0/toolchain/avr32/avr32-gnu-toolchain/bin/../lib/gcc/avr32/4.4.7/ucr3fp\libgcc.a(_umoddi3.o)
                0x8003aec4                __avr32_umod64
                0x8003aec4                __umoddi3
 .text          0x8003b0d0        0x0 d:/programmes/atmel/studio/7.0/toolchain/avr32/avr32-gnu-toolchain/bin/../lib/gcc/avr32/4.4.7/../../../../avr32/lib/ucr3fp\libc.a(lib_a-errno.o)
 .text.__errno  0x8003b0d0        0xc d:/programmes/atmel/studio/7.0/toolchain/avr32/avr32-gnu-toolchain/bin/../lib/gcc/avr32/4.4.7/../../../../avr32/lib/ucr3fp\libc.a(lib_a-errno.o)
                0x8003b0d0                __errno
 .text          0x8003b0dc        0x0 d:/programmes/atmel/studio/7.0/toolchain/avr32/avr32-gnu-toolchain/bin/../lib/gcc/avr32/4.4.7/../../../../avr32/lib/ucr3fp\libc.a(lib_a-impure.o)
 .text          0x8003b0dc        0x0 d:/programmes/atmel/studio/7.0/toolchain/avr32/avr32-gnu-toolchain/bin/../lib/gcc/avr32/4.4.7/../../../../avr32/lib/ucr3fp\libc.a(lib_a-malloc.o)
 .text.free     0x8003b0dc       0x18 d:/programmes/atmel/studio/7.0/toolchain/avr32/avr32-gnu-toolchain/bin/../lib/gcc/avr32/4.4.7/../../../../avr32/lib/ucr3fp\libc.a(lib_a-malloc.o)
                0x8003b0dc                free
 .text.malloc   0x8003b0f4       0x18 d:/programmes/atmel/studio/7.0/toolchain/avr32/avr32-gnu-toolchain/bin/../lib/gcc/avr32/4.4.7/../../../../avr32/lib/ucr3fp\libc.a(lib_a-malloc.o)