Archive member included because of file (symbol)

d:/programmes/atmel/studio/7.0/toolchain/avr32/avr32-gnu-toolchain/bin/../lib/gcc/avr32/4.4.7/../../../../avr32/lib/ucr3fp\libm.a(lib_a-s_cos.o)
                              Library/communication/mavlink_waypoint_handler.o (cos)
d:/programmes/atmel/studio/7.0/toolchain/avr32/avr32-gnu-toolchain/bin/../lib/gcc/avr32/4.4.7/../../../../avr32/lib/ucr3fp\libm.a(lib_a-s_floor.o)
                              Library/communication/data_logging.o (floor)
d:/programmes/atmel/studio/7.0/toolchain/avr32/avr32-gnu-toolchain/bin/../lib/gcc/avr32/4.4.7/../../../../avr32/lib/ucr3fp\libm.a(lib_a-s_sin.o)
                              Library/communication/mavlink_waypoint_handler.o (sin)
d:/programmes/atmel/studio/7.0/toolchain/avr32/avr32-gnu-toolchain/bin/../lib/gcc/avr32/4.4.7/../../../../avr32/lib/ucr3fp\libm.a(lib_a-w_asin.o)
                              Library/util/coord_conventions.o (asin)
d:/programmes/atmel/studio/7.0/toolchain/avr32/avr32-gnu-toolchain/bin/../lib/gcc/avr32/4.4.7/../../../../avr32/lib/ucr3fp\libm.a(lib_a-w_atan2.o)
                              Library/communication/mavlink_waypoint_handler.o (atan2)
d:/programmes/atmel/studio/7.0/toolchain/avr32/avr32-gnu-toolchain/bin/../lib/gcc/avr32/4.4.7/../../../../avr32/lib/ucr3fp\libm.a(lib_a-w_fmod.o)
                              Library/util/quick_trig.o (fmod)
d:/programmes/atmel/studio/7.0/toolchain/avr32/avr32-gnu-toolchain/bin/../lib/gcc/avr32/4.4.7/../../../../avr32/lib/ucr3fp\libm.a(lib_a-w_pow.o)
                              Library/hal/bmp085.o (pow)
d:/programmes/atmel/studio/7.0/toolchain/avr32/avr32-gnu-toolchain/bin/../lib/gcc/avr32/4.4.7/../../../../avr32/lib/ucr3fp\libm.a(lib_a-w_sqrt.o)
                              Library/communication/hud_telemetry.o (sqrt)
d:/programmes/atmel/studio/7.0/toolchain/avr32/avr32-gnu-toolchain/bin/../lib/gcc/avr32/4.4.7/../../../../avr32/lib/ucr3fp\libm.a(lib_a-wf_sqrt.o)
                              Library/util/matrixlib_float.o (sqrtf)
d:/programmes/atmel/studio/7.0/toolchain/avr32/avr32-gnu-toolchain/bin/../lib/gcc/avr32/4.4.7/../../../../avr32/lib/ucr3fp\libm.a(lib_a-e_asin.o)
                              d:/programmes/atmel/studio/7.0/toolchain/avr32/avr32-gnu-toolchain/bin/../lib/gcc/avr32/4.4.7/../../../../avr32/lib/ucr3fp\libm.a(lib_a-w_asin.o) (__ieee754_asin)
d:/programmes/atmel/studio/7.0/toolchain/avr32/avr32-gnu-toolchain/bin/../lib/gcc/avr32/4.4.7/../../../../avr32/lib/ucr3fp\libm.a(lib_a-e_atan2.o)
                              d:/programmes/atmel/studio/7.0/toolchain/avr32/avr32-gnu-toolchain/bin/../lib/gcc/avr32/4.4.7/../../../../avr32/lib/ucr3fp\libm.a(lib_a-w_atan2.o) (__ieee754_atan2)
d:/programmes/atmel/studio/7.0/toolchain/avr32/avr32-gnu-toolchain/bin/../lib/gcc/avr32/4.4.7/../../../../avr32/lib/ucr3fp\libm.a(lib_a-e_fmod.o)
                              d:/programmes/atmel/studio/7.0/toolchain/avr32/avr32-gnu-toolchain/bin/../lib/gcc/avr32/4.4.7/../../../../avr32/lib/ucr3fp\libm.a(lib_a-w_fmod.o) (__ieee754_fmod)
d:/programmes/atmel/studio/7.0/toolchain/avr32/avr32-gnu-toolchain/bin/../lib/gcc/avr32/4.4.7/../../../../avr32/lib/ucr3fp\libm.a(lib_a-e_pow.o)
                              d:/programmes/atmel/studio/7.0/toolchain/avr32/avr32-gnu-toolchain/bin/../lib/gcc/avr32/4.4.7/../../../../avr32/lib/ucr3fp\libm.a(lib_a-w_pow.o) (__ieee754_pow)
d:/programmes/atmel/studio/7.0/toolchain/avr32/avr32-gnu-toolchain/bin/../lib/gcc/avr32/4.4.7/../../../../avr32/lib/ucr3fp\libm.a(lib_a-e_rem_pio2.o)
                              d:/programmes/atmel/studio/7.0/toolchain/avr32/avr32-gnu-toolchain/bin/../lib/gcc/avr32/4.4.7/../../../../avr32/lib/ucr3fp\libm.a(lib_a-s_cos.o) (__ieee754_rem_pio2)
d:/programmes/atmel/studio/7.0/toolchain/avr32/avr32-gnu-toolchain/bin/../lib/gcc/avr32/4.4.7/../../../../avr32/lib/ucr3fp\libm.a(lib_a-e_sqrt.o)
                              d:/programmes/atmel/studio/7.0/toolchain/avr32/avr32-gnu-toolchain/bin/../lib/gcc/avr32/4.4.7/../../../../avr32/lib/ucr3fp\libm.a(lib_a-w_sqrt.o) (__ieee754_sqrt)
d:/programmes/atmel/studio/7.0/toolchain/avr32/avr32-gnu-toolchain/bin/../lib/gcc/avr32/4.4.7/../../../../avr32/lib/ucr3fp\libm.a(lib_a-ef_sqrt.o)
                              d:/programmes/atmel/studio/7.0/toolchain/avr32/avr32-gnu-toolchain/bin/../lib/gcc/avr32/4.4.7/../../../../avr32/lib/ucr3fp\libm.a(lib_a-wf_sqrt.o) (__ieee754_sqrtf)
d:/programmes/atmel/studio/7.0/toolchain/avr32/avr32-gnu-toolchain/bin/../lib/gcc/avr32/4.4.7/../../../../avr32/lib/ucr3fp\libm.a(lib_a-k_cos.o)
                              d:/programmes/atmel/studio/7.0/toolchain/avr32/avr32-gnu-toolchain/bin/../lib/gcc/avr32/4.4.7/../../../../avr32/lib/ucr3fp\libm.a(lib_a-s_cos.o) (__kernel_cos)
d:/programmes/atmel/studio/7.0/toolchain/avr32/avr32-gnu-toolchain/bin/../lib/gcc/avr32/4.4.7/../../../../avr32/lib/ucr3fp\libm.a(lib_a-k_rem_pio2.o)
[...]
Memory Configuration

Name             Origin             Length             Attributes
FLASH            0x80000000         0x00080000         axrl !w
CPUSRAM          0x00000004         0x0000fffc         axw !rl
USERPAGE         0x80800000         0x00000200
FACTORYPAGE      0x80800200         0x00000200
FLASHVAULT_FLASH_SIZE 0x80800400         0x00000008         r
FLASHVAULT_RAM_SIZE 0x80800408         0x00000008         r
*default*        0x00000000         0xffffffff

Linker script and memory map

                0x00001000                _stack_size = 0x1000
LOAD Library/communication/console.o
LOAD Library/communication/data_logging.o
LOAD Library/communication/data_logging_telemetry.o
LOAD Library/communication/hud_telemetry.o
LOAD Library/communication/mavlink_communication.o
LOAD Library/communication/mavlink_message_handler.o
LOAD Library/communication/mavlink_waypoint_handler.o
LOAD Library/communication/remote.o
LOAD Library/communication/remote_telemetry.o
LOAD Library/communication/state.o
LOAD Library/communication/state_machine.o
LOAD Library/communication/state_telemetry.o
LOAD Library/control/adaptive_parameter.o
LOAD Library/control/altitude_controller.o
LOAD Library/control/attitude_controller.o
LOAD Library/control/attitude_controller_p2.o
LOAD Library/control/attitude_error_estimator.o
LOAD Library/control/joystick_parsing.o
LOAD Library/control/joystick_parsing_telemetry.o
LOAD Library/control/pid_controller.o
LOAD Library/control/servos_mix_quadcopter_cross.o
LOAD Library/control/servos_mix_quadcopter_diag.o
LOAD Library/control/stabilisation_copter.o
LOAD Library/control/stabilisation_telemetry.o
LOAD Library/control/vector_field_waypoint.o
LOAD Library/control/velocity_controller_copter.o
LOAD Library/hal/analog_monitor_telemetry.o
LOAD Library/hal/analog_monitor.o
LOAD Library/hal/bmp085_telemetry.o
LOAD Library/hal/fat_fs/diskio.o
LOAD Library/hal/fat_fs/ff.o
LOAD Library/hal/fat_fs/option/ccsbcs.o
LOAD Library/hal/fat_fs/option/syscall.o
LOAD Library/hal/fat_fs/option/unicode.o
LOAD Library/hal/gps_ublox.o
LOAD Library/hal/gps_ublox_telemetry.o
LOAD Library/hal/hmc5883l.o
LOAD Library/hal/i2c_driver_int.o
LOAD Library/hal/lsm330dlc.o
LOAD Library/hal/piezo_speaker.o
LOAD Library/hal/pwm_servos.o
LOAD Library/hal/sd_spi.o
LOAD Library/hal/servos.o
LOAD Library/hal/servos_telemetry.o
LOAD Library/hal/sonar_i2cxl.o
LOAD Library/hal/sonar_telemetry.o
LOAD Library/hal/spektrum_satellite.o
LOAD Library/hal/time_keeper.o
LOAD Library/hal/usb_int.o
LOAD Library/hal/xbee.o
LOAD Library/runtime/scheduler_telemetry.o
LOAD Library/sensing/ahrs.o
LOAD Library/sensing/ahrs_telemetry.o
LOAD Library/sensing/altitude_estimation.o
LOAD Library/sensing/altitude_estimation_telemetry.o
LOAD Library/sensing/imu_telemetry.o
LOAD Library/sensing/position_estimation.o
LOAD Library/sensing/position_estimation_telemetry.o
LOAD Library/sensing/qfilter.o
LOAD Library/sensing/simulation_telemetry.o
LOAD Library/util/linear_algebra.o
LOAD Library/util/matrixlib_float.o
LOAD Library/util/quick_trig.o
LOAD src/central_data.o
LOAD src/mavlink_telemetry.o
LOAD src/tasks.o
LOAD Library/communication/mavlink_stream.o
LOAD Library/communication/onboard_parameters.o
LOAD Library/control/navigation.o
LOAD Library/control/stabilisation.o
LOAD Library/hal/adc_int.o
LOAD Library/hal/ads1274.o
LOAD Library/hal/bmp085.o
LOAD Library/hal/dac_dma.o
LOAD Library/hal/led.o
LOAD Library/hal/spi_buffered.o
LOAD Library/hal/uart_int.o
LOAD Library/runtime/scheduler.o
LOAD Library/sensing/imu.o
LOAD Library/sensing/simulation.o
LOAD Library/util/buffer.o
LOAD Library/util/coord_conventions.o
LOAD Library/util/generator.o
LOAD Library/util/print_util.o
LOAD Library/util/sinus.o
LOAD src/asf/avr32/drivers/adcifa/adcifa.o
LOAD src/asf/avr32/drivers/ast/ast.o
LOAD src/asf/avr32/drivers/dacifb/dacifb.o
LOAD src/asf/avr32/drivers/eic/eic.o
LOAD src/asf/avr32/drivers/flashc/flashc.o
LOAD src/asf/avr32/drivers/gpio/gpio.o
LOAD src/asf/avr32/drivers/intc/exception.o
LOAD src/asf/avr32/drivers/intc/intc.o
LOAD src/asf/avr32/drivers/pdca/pdca.o
LOAD src/asf/avr32/drivers/pevc/pevc.o
LOAD src/asf/avr32/drivers/pm/pm_uc3c.o
LOAD src/asf/avr32/drivers/pm/power_clocks_lib.o
LOAD src/asf/avr32/drivers/pwm/pwm4.o
LOAD src/asf/avr32/drivers/scif/scif_uc3c.o
LOAD src/asf/avr32/drivers/spi/spi.o
LOAD src/asf/avr32/drivers/tc/tc.o
LOAD src/asf/avr32/drivers/twim/twim.o
LOAD src/asf/avr32/drivers/usart/usart.o
LOAD src/asf/avr32/drivers/usbc/usbc_device.o
LOAD src/asf/avr32/services/delay/delay.o
LOAD src/asf/avr32/utils/startup/startup_uc3.o
LOAD src/asf/avr32/utils/startup/trampoline_uc3.o
LOAD src/asf/common/boards/user_board/init.o
LOAD src/asf/common/services/clock/uc3c/osc.o
LOAD src/asf/common/services/clock/uc3c/pll.o
LOAD src/asf/common/services/clock/uc3c/sysclk.o
LOAD src/asf/common/services/sleepmgr/uc3/sleepmgr.o
LOAD src/asf/common/services/spi/uc3_spi/spi_master.o
LOAD src/asf/common/services/usb/class/cdc/device/udi_cdc.o
LOAD src/asf/common/services/usb/class/cdc/device/udi_cdc_desc.o
LOAD src/asf/common/services/usb/udc/udc.o
LOAD src/asf/common/utils/stdio/read.o
LOAD src/asf/common/utils/stdio/stdio_usb/stdio_usb.o
LOAD src/asf/common/utils/stdio/write.o
LOAD src/boardsupport.o
LOAD src/main.o
START GROUP
END GROUP
LOAD d:/programmes/atmel/studio/7.0/toolchain/avr32/avr32-gnu-toolchain/bin/../lib/gcc/avr32/4.4.7/ucr3fp\libstdc++.a
LOAD d:/programmes/atmel/studio/7.0/toolchain/avr32/avr32-gnu-toolchain/bin/../lib/gcc/avr32/4.4.7/../../../../avr32/lib/ucr3fp\libm.a
LOAD d:/programmes/atmel/studio/7.0/toolchain/avr32/avr32-gnu-toolchain/bin/../lib/gcc/avr32/4.4.7/ucr3fp\libgcc.a
LOAD d:/programmes/atmel/studio/7.0/toolchain/avr32/avr32-gnu-toolchain/bin/../lib/gcc/avr32/4.4.7/../../../../avr32/lib/ucr3fp\libc.a
LOAD d:/programmes/atmel/studio/7.0/toolchain/avr32/avr32-gnu-toolchain/bin/../lib/gcc/avr32/4.4.7/ucr3fp\libgcc.a
                0x80000000                PROVIDE (__executable_start, 0x80000000)
                0x80000000                . = 0x80000000

.interp
 *(.interp)

.reset          0x80000000     0x2010
 *(.reset)
 .reset         0x80000000        0x8 src/asf/avr32/utils/startup/startup_uc3.o
                0x80000000                _start
 .reset         0x80000008     0x2008 src/asf/avr32/utils/startup/trampoline_uc3.o
                0x80000008                _trampoline

.hash
 *(.hash)

.dynsym
 *(.dynsym)

.dynstr
 *(.dynstr)

.gnu.version
 *(.gnu.version)

.gnu.version_d
 *(.gnu.version_d)

.gnu.version_r
 *(.gnu.version_r)

.rel.init
 *(.rel.init)

.rela.init
 *(.rela.init)

.rel.text
 *(.rel.text .rel.text.* .rel.gnu.linkonce.t.*)

.rela.text
 *(.rela.text .rela.text.* .rela.gnu.linkonce.t.*)

.rel.fini
 *(.rel.fini)

.rela.fini
 *(.rela.fini)

.rel.rodata
 *(.rel.rodata .rel.rodata.* .rel.gnu.linkonce.r.*)

.rela.rodata
 *(.rela.rodata .rela.rodata.* .rela.gnu.linkonce.r.*)

.rel.data.rel.ro
 *(.rel.data.rel.ro*)

.rela.data.rel.ro
 *(.rel.data.rel.ro*)

.rel.data
 *(.rel.data .rel.data.* .rel.gnu.linkonce.d.*)

.rela.data
 *(.rela.data .rela.data.* .rela.gnu.linkonce.d.*)

.rel.tdata
 *(.rel.tdata .rel.tdata.* .rel.gnu.linkonce.td.*)

.rela.tdata
 *(.rela.tdata .rela.tdata.* .rela.gnu.linkonce.td.*)

.rel.tbss
 *(.rel.tbss .rel.tbss.* .rel.gnu.linkonce.tb.*)

.rela.tbss
 *(.rela.tbss .rela.tbss.* .rela.gnu.linkonce.tb.*)

.rel.ctors
 *(.rel.ctors)

.rela.ctors
 *(.rela.ctors)

.rel.dtors
 *(.rel.dtors)

.rela.dtors
 *(.rela.dtors)

.rel.got
 *(.rel.got)

.rela.got       0x80002010        0x0
 *(.rela.got)
 .rela.got      0x80002010        0x0 Library/communication/console.o

.rel.bss
 *(.rel.bss .rel.bss.* .rel.gnu.linkonce.b.*)

.rela.bss
 *(.rela.bss .rela.bss.* .rela.gnu.linkonce.b.*)

.rel.plt
 *(.rel.plt)

.rela.plt
 *(.rela.plt)

.init
 *(.init)

.plt
 *(.plt)

.text           0x80002010    0x3e90c
 *(.text .stub .text.* .gnu.linkonce.t.*)
 .text          0x80002010      0x13c Library/communication/console.o
                0x80002010                console_get_in_stream
                0x8000202c                console_get_out_stream
                0x80002048                console_init
 .text          0x8000214c     0x19cc Library/communication/data_logging.o
                0x80002390                data_logging_add_parameter_double
                0x8000240c                data_logging_add_parameter_float
                0x80002488                data_logging_add_parameter_int64
                0x80002504                data_logging_add_parameter_uint64
                0x80002580                data_logging_add_parameter_int32
                0x800025fc                data_logging_add_parameter_uint32
                0x80002678                data_logging_add_parameter_int16
                0x800026f4                data_logging_add_parameter_uint16
                0x80002770                data_logging_add_parameter_int8
                0x800027ec                data_logging_add_parameter_uint8
                0x80002868                data_logging_init
                0x800029c0                data_logging_create_new_log_file
                0x80002c64                data_logging_update
 .text          0x80003b18       0xa4 Library/communication/data_logging_telemetry.o
                0x80003b18                data_logging_telemetry_init
 .text          0x80003bbc      0x318 Library/communication/hud_telemetry.o
                0x80003bbc                hud_telemetry_send_message
                0x80003ea8                hud_telemetry_init
 .text          0x80003ed4      0x3fc Library/communication/mavlink_communication.o
                0x80003ed4                mavlink_communication_send_message
                0x80003f0c                mavlink_communication_add_msg_send
                0x80003fa0                mavlink_communication_suspend_downstream
                0x80003fe8                mavlink_communication_update
                0x80004048                mavlink_communication_init
 .text          0x800042d0      0x8b4 Library/communication/mavlink_message_handler.o
                0x800042d0                mavlink_message_handler_add_cmd_callback
                0x80004334                mavlink_message_handler_add_msg_callback
                0x8000439c                mavlink_message_handler_cmd_default_dbg
                0x800044e8                mavlink_message_handler_msg_default_dbg
                0x80004588                mavlink_message_handler_receive
                0x80004ae4                mavlink_message_handler_init
 .text          0x80004b84     0x37b8 Library/communication/mavlink_waypoint_handler.o
                0x80004ce4                waypoint_handler_init_homing_waypoint
                0x80004d2c                waypoint_handler_control_time_out_waypoint_msg
                0x80004e14                waypoint_handler_init_waypoint_list
                0x80004f74                waypoint_handler_set_waypoint_from_frame
                0x8000554c                waypoint_handler_nav_plan_init
                0x80005750                waypoint_handler_init
 .text          0x8000833c      0xa34 Library/communication/remote.o
                0x8000833c                remote_calibrate
                0x8000835e                remote_get_throttle
                0x8000836c                remote_get_roll
                0x8000837a                remote_get_pitch
                0x80008388                remote_get_yaw
                0x80008396                remote_mode_init
                0x800083e4                remote_init
                0x800084cc                remote_mode_get
                0x800084da                remote_get_rate_command
                0x80008518                remote_get_thrust_command
                0x80008538                remote_get_velocity_command
                0x80008590                remote_get_attitude_command_integrate_yaw
                0x80008684                remote_get_attitude_command
                0x80008738                remote_update
                0x80008a28                remote_get_velocity_vector_from_remote
                0x80008a98                remote_get_command_from_remote
                0x80008af0                remote_mode_update
                0x80008d4c                remote_check
 .text          0x80008d70      0x644 Library/communication/remote_telemetry.o
                0x80008ddc                remote_telemetry_init
                0x80008e2c                remote_telemetry_send_raw
                0x800090dc                remote_telemetry_send_scaled
 .text          0x800093b4       0xa4 Library/communication/state.o
                0x800093b4                state_switch_to_active_mode
                0x800093e8                state_init
 .text          0x80009458      0x214 Library/communication/state_machine.o
                0x80009458                state_machine_init
                0x8000948c                state_machine_update
 .text          0x8000966c      0x81c Library/communication/state_telemetry.o
                0x8000966c                state_telemetry_send_status
                0x800098e0                state_telemetry_init
                0x80009bac                state_telemetry_send_heartbeat
 .text          0x80009e88      0x244 Library/control/adaptive_parameter.o
                0x80009e88                adaptive_parameter_get_param_set
                0x80009ea4                adaptive_parameter_init
                0x80009ec4                adaptive_parameter_add
                0x80009f6c                adaptive_parameter_update
                0x8000a038                adaptive_parameter_update_all
 .text          0x8000a0cc       0xdc Library/control/altitude_controller.o
                0x8000a0cc                altitude_controller_update
                0x8000a160                altitude_controller_init
 .text          0x8000a1a8      0x248 Library/control/attitude_controller.o
                0x8000a1a8                attitude_controller_init
                0x8000a24c                attitude_controller_update
 .text          0x8000a3f0       0xe8 Library/control/attitude_controller_p2.o
                0x8000a3f0                attitude_controller_p2_update
                0x8000a494                attitude_controller_p2_init
 .text          0x8000a4d8      0x2dc Library/control/attitude_error_estimator.o
                0x8000a4d8                attitude_error_estimator_init
                0x8000a4f8                attitude_error_estimator_set_quat_ref
                0x8000a516                attitude_error_estimator_set_quat_ref_from_rpy
                0x8000a574                attitude_error_estimator_set_quat_ref_from_aero
                0x8000a5c0                attitude_error_estimator_update
 .text          0x8000a7b4      0x56c Library/control/joystick_parsing.o
                0x8000a7b4                joystick_parsing_button
                0x8000a7d0                joystick_parsing_get_throttle
                0x8000a7dc                joystick_parsing_get_roll
                0x8000a7e8                joystick_parsing_get_pitch
                0x8000a7f4                joystick_parsing_get_yaw
                0x8000a800                joystick_parsing_get_velocity_vector_from_joystick
                0x8000a8c8                joystick_parsing_get_attitude_command_from_joystick
                0x8000a978                joystick_parsing_get_rate_command
                0x8000a9b8                joystick_parsing_get_thrust_command
                0x8000a9d8                joystick_parsing_get_velocity_command
                0x8000aa30                joystick_parsing_get_attitude_command_integrate_yaw
                0x8000ab24                joystick_parsing_get_attitude_command
                0x8000abd8                joystick_parsing_init
                0x8000ac10                joystick_parsing_button_1
                0x8000acac                joystick_parsing_button_mask
 .text          0x8000ad20      0x49c Library/control/joystick_parsing_telemetry.o
                0x8000ad20                joystick_parsing_telemetry_send_manual_ctrl_msg
                0x8000b098                joystick_parsing_telemetry_init
                0x8000b0e0                joystick_parsing_telemetry_parse_msg
 .text          0x8000b1bc      0x2f0 Library/control/pid_controller.o
                0x8000b1bc                pid_controller_reset_integrator
                0x8000b1ca                pid_controller_update_dt
                0x8000b2bc                pid_controller_init_pass_through
                0x8000b310                pid_controller_init
                0x8000b378                pid_controller_update
 .text          0x8000b4ac      0x184 Library/control/servos_mix_quadcopter_cross.o
                0x8000b4ac                servo_mix_quadcotper_cross_init
                0x8000b4e4                servos_mix_quadcopter_cross_update
 .text          0x8000b630      0x18c Library/control/servos_mix_quadcopter_diag.o
                0x8000b630                servo_mix_quadcotper_diag_init
                0x8000b668                servos_mix_quadcopter_diag_update
 .text          0x8000b7bc      0xa68 Library/control/stabilisation_copter.o
                0x8000b7bc                stabilisation_copter_mix_to_servos_cross_quad
                0x8000b8f8                stabilisation_copter_mix_to_servos_diag_quad
                0x8000ba48                stabilisation_copter_init
                0x8000badc                stabilisation_copter_position_hold
                0x8000bc88                stabilisation_copter_cascade_stabilise
 .text          0x8000c224      0x908 Library/control/stabilisation_telemetry.o
                0x8000c224                stabilisation_telemetry_send_rpy_rates_error
                0x8000c45c                stabilisation_telemetry_send_rpy_speed_thrust_setpoint
                0x8000c698                stabilisation_send_command
                0x8000c8f4                stabilisation_telemetry_send_rpy_thrust_setpoint
 .text          0x8000cb2c      0x5d8 Library/control/vector_field_waypoint.o
                0x8000cb2c                vector_field_waypoint_init
                0x8000cb3c                vector_field_waypoint_update
 .text          0x8000d104      0x2cc Library/control/velocity_controller_copter.o
                0x8000d104                velocity_controller_copter_init
                0x8000d16c                velocity_controller_copter_update
 .text          0x8000d3d0      0x200 Library/hal/analog_monitor_telemetry.o
                0x8000d3d0                analog_monitor_telemetry_send_sonar
 .text          0x8000d5d0      0x64c Library/hal/analog_monitor.o
                0x8000d5d0                analog_compute_avg
                0x8000d674                analog_monitor_init
                0x8000da04                trigger_analog_monitor
                0x8000da2c                analog_monitor_update
 .text          0x8000dc1c      0x410 Library/hal/bmp085_telemetry.o
                0x8000dc1c                bmp085_telemetry_send_pressure
 .text          0x8000e02c      0x290 Library/hal/fat_fs/diskio.o
                0x8000e02c                get_fattime
                0x8000e114                disk_ioctl
                0x8000e19c                disk_write
                0x8000e1f4                disk_read
                0x8000e240                disk_status
                0x8000e284                disk_initialize
 .text          0x8000e2bc     0x60f8 Library/hal/fat_fs/ff.o
                0x8000e2bc                clust2sect
                0x8000e76c                f_closedir
                0x8000f1bc                f_mount
                0x8000f2a8                f_sync
                0x8000f43c                f_close
                0x8000f49c                get_fat
                0x8000f7f4                f_getfree
                0x8000f9b8                f_read
                0x8000fcb8                f_gets
                0x8000fd38                put_fat
                0x80011254                f_readdir
                0x8001162c                f_lseek
                0x80011818                f_write
                0x80011b48                f_puts
                0x80011c00                f_putc
                0x80011c54                f_printf
                0x800123ac                f_truncate
                0x80012644                f_opendir
                0x8001272c                f_utime
                0x800127d4                f_chmod
                0x8001287c                f_unlink
                0x8001354c                f_rename
                0x8001382c                f_mkdir
                0x80013ba8                f_open
                0x80013ec8                f_stat
 .text          0x800143b4      0x588 Library/hal/fat_fs/option/ccsbcs.o
                0x800143b4                ff_convert
                0x8001442c                ff_wtoupper
 .text          0x8001493c       0x38 Library/hal/fat_fs/option/syscall.o
                0x8001493c                ff_memfree
                0x80014958                ff_memalloc
 .text          0x80014974        0x0 Library/hal/fat_fs/option/unicode.o
 .text          0x80014974     0x252c Library/hal/gps_ublox.o
                0x800149f8                gps_ublox_init
                0x80014ea0                gps_ublox_configure_gps
                0x80014fbc                gps_ublox_update
 .text          0x80016ea0      0x570 Library/hal/gps_ublox_telemetry.o
                0x80016ea0                gps_ublox_telemetry_send_raw
 .text          0x80017410       0xd4 Library/hal/hmc5883l.o
                0x80017410                hmc5883l_update
                0x80017478                hmc5883l_init_slow
 .text          0x800174e4      0x2fc Library/hal/i2c_driver_int.o
                0x800175c4                i2c_driver_trigger_request
                0x80017688                i2c_driver_reset
                0x800176f2                i2c_driver_init
 .text          0x800177e0      0x3c8 Library/hal/lsm330dlc.o
                0x800177e0                lsm330dlc_init
                0x80017904                lsm330dlc_acc_update
                0x80017a3c                lsm330dlc_gyro_update
 .text          0x80017ba8      0x63c Library/hal/piezo_speaker.o
                0x80017ba8                piezo_speaker_init_binary
                0x80017bf0                piezo_speaker_init
                0x80017c5c                piezo_speaker_beep
                0x80017d2c                piezo_speaker_mario_melody
                0x80017e00                piezo_speaker_star_wars
                0x80018034                piezo_speaker_critical_error_melody
                0x8001807c                piezo_speaker_startup_bb
                0x800180cc                piezo_speaker_quick_startup
                0x8001810c                piezo_speaker_startup_melody
 .text          0x800181e4      0x378 Library/hal/pwm_servos.o
                0x800181e4                write_channels
                0x8001822e                pwm_servos_write_to_hardware
                0x800183c0                pwm_servos_calibrate_esc
                0x8001843c                pwm_servos_init
                0x80018554                servo_timer_freq
                0x80018558                servo_center_pulse_us
                0x8001855a                servo_magnitude
 .text          0x8001855c     0x30ac Library/hal/sd_spi.o
                0x8001855c                sd_spi_get_sector_count
                0x80018584                sd_spi_get_sector_size
                0x80018594                sd_spi_get_block_size
                0x80018608                sd_spi_get_capacity
                0x80018ac8                sd_spi_reset_card
                0x80018ba8                sd_spi_wait_not_busy
                0x80018c48                sd_spi_write_given_sector_from_ram
                0x80018eec                sd_mmc_spi_read_open_PDCA
                0x80019020                sd_spi_read_sector_to_ram_pcda
                0x800191ac                sd_spi_status
                0x8001950c                sd_spi_read_given_sector_to_ram
                0x800196b4                sd_mmc_spi_read_sector_to_ram
                0x80019834                sd_spi_write_sector_from_ram
                0x80019a38                is_sd_spi_write_pwd_locked
                0x80019dcc                sd_spi_init
                0x8001abb8                sd_spi_mem_check
                0x8001af5c                sd_spi_test
                0x8001b204                dummy_data
 .text          0x8001b608       0xf4 Library/hal/servos.o
                0x8001b608                servos_set_value
                0x8001b664                servos_set_value_failsafe
                0x8001b690                servos_init
 .text          0x8001b6fc      0x2b8 Library/hal/servos_telemetry.o
                0x8001b6fc                servos_telemetry_mavlink_send
 .text          0x8001b9b4      0x164 Library/hal/sonar_i2cxl.o
                0x8001b9b4                sonar_i2cxl_init
                0x8001ba28                sonar_i2cxl_get_last_measure
                0x8001bab8                sonar_i2cxl_send_range_command
                0x8001bae8                sonar_i2cxl_update
                0x8001bb14                SONAR_I2CXL_DEFAULT_ADDRESS
                0x8001bb15                SONAR_I2CXL_RANGE_COMMAND
                0x8001bb16                SONAR_I2CXL_CHANGE_ADDRESS_COMMAND_1
                0x8001bb17                SONAR_I2CXL_CHANGE_ADDRESS_COMMAND_2
 .text          0x8001bb18      0x414 Library/hal/sonar_telemetry.o
                0x8001bb18                sonar_telemetry_send
 .text          0x8001bf2c      0x5c8 Library/hal/spektrum_satellite.o
                0x8001bf2c                spektrum_satellite_get_channel
                0x8001bf50                spektrum_satellite_get_neutral
                0x8001c1fc                spektrum_satellite_switch_off
                0x8001c228                spektrum_satellite_switch_on
                0x8001c254                spektrum_satellite_bind
                0x8001c3d0                spektrum_satellite_init
 .text          0x8001c4f4      0x15c Library/hal/time_keeper.o
                0x8001c4f4                time_keeper_ticks_to_seconds
                0x8001c530                time_keeper_get_time_ticks
                0x8001c550                time_keeper_get_micros
                0x8001c56c                time_keeper_delay_until
                0x8001c590                time_keeper_delay_micros
                0x8001c5c0                time_keeper_get_millis
                0x8001c5ec                time_keeper_get_time
                0x8001c61c                time_keeper_init
 .text          0x8001c650       0xec Library/hal/usb_int.o
                0x8001c650                usb_int_set_usb_conf
                0x8001c678                usb_int_get_usb_handle
                0x8001c694                usb_int_register_write_stream
                0x8001c6bc                usb_int_register_read_stream
                0x8001c6c8                usb_int_send_byte
                0x8001c714                usb_int_init
 .text          0x8001c73c       0xb8 Library/hal/xbee.o
                0x8001c73c                xbee_get_in_stream
                0x8001c758                xbee_get_out_stream
                0x8001c774                xbee_init
 .text          0x8001c7f4      0xb28 Library/runtime/scheduler_telemetry.o
                0x8001c7f4                scheduler_telemetry_send_rt_stats
 .text          0x8001d31c       0x62 Library/sensing/ahrs.o
                0x8001d31c                ahrs_init
 *fill*         0x8001d37e        0x2 d703d703
 .text          0x8001d380      0x580 Library/sensing/ahrs_telemetry.o
                0x8001d380                ahrs_telemetry_send_attitude_quaternion
                0x8001d648                ahrs_telemetry_send_attitude
 .text          0x8001d900      0x168 Library/sensing/altitude_estimation.o
                0x8001d900                altitude_estimation_init
                0x8001d914                altitude_estimation_update
 .text          0x8001da68      0x3fc Library/sensing/altitude_estimation_telemetry.o
                0x8001da68                altitude_estimation_telemetry_send
 .text          0x8001de64      0x7b8 Library/sensing/imu_telemetry.o
                0x8001de64                imu_telemetry_send_raw
                0x8001e134                imu_telemetry_init
                0x8001e33c                imu_telemetry_send_scaled
 .text          0x8001e61c      0xb44 Library/sensing/position_estimation.o
                0x8001e61c                position_estimation_reset_home_altitude
                0x8001e790                position_estimation_init
                0x8001ed00                position_estimation_update
 .text          0x8001f160      0x7f4 Library/sensing/position_estimation_telemetry.o
                0x8001f160                position_estimation_telemetry_init
                0x8001f360                position_estimation_telemetry_send_position
                0x8001f5f4                position_estimation_telemetry_send_global_position
 .text          0x8001f954      0xb28 Library/sensing/qfilter.o
                0x8001f954                qfilter_init
                0x8001f994                qfilter_update
 .text          0x8002047c      0xc9c Library/sensing/simulation_telemetry.o
                0x8002047c                simulation_telemetry_send_state
                0x80020954                simulation_telemetry_init
                0x80020b58                simulation_telemetry_send_quaternions
 .text          0x80021118      0x920 Library/util/linear_algebra.o
                0x80021118                inv4
                0x80021848                inv3
                0x800219a8                inv2
 .text          0x80021a38      0x470 Library/util/matrixlib_float.o
                0x80021a38                matf_zeros
                0x80021a64                matf_diag
                0x80021a9e                matf_copy
                0x80021ac0                matf_cross
                0x80021b14                matf_copy_part
                0x80021b72                matf_sum
                0x80021b98                matf_add
                0x80021bc8                matf_multiply_factor
                0x80021bee                matf_sub
                0x80021c1e                matf_tr
                0x80021c5e                matf_multiply
                0x80021d48                matf_multiply_Bt
                0x80021e24                matf_norm
                0x80021e5c                matf_std
 .text          0x80021ea8      0x7ec Library/util/quick_trig.o
                0x80021ea8                quick_trig_atan
                0x80021fe0                quick_trig_acos
                0x800220c0                quick_trig_asin
                0x800220e8                quick_trig_tan
                0x800221f0                quick_trig_sin
                0x8002231c                quick_trig_cos
                0x80022344                acos_x_min
                0x80022348                acos_x_max
                0x8002234c                acos_x_step
                0x80022350                acos_y
                0x80022418                sin_x_min
                0x8002241c                sin_x_max
                0x80022420                sin_x_step
                0x80022424                sin_y
                0x800224ec                tan_x_min
                0x800224f0                tan_x_max
                0x800224f4                tan_x_step
                0x800224f8                tan_y
                0x800225c0                atan_x_min
                0x800225c4                atan_x_max
                0x800225c8                atan_x_step
                0x800225cc                atan_y
 .text          0x80022694      0x46c src/central_data.o
                0x80022694                central_data_get_pointer_to_struct
                0x800226b0                central_data_init
 .text          0x80022b00      0xb38 src/mavlink_telemetry.o
                0x80022b00                mavlink_telemetry_add_data_logging_parameters
                0x80022be8                mavlink_telemetry_add_onboard_parameters
                0x800231b4                mavlink_telemetry_init_communication_module
                0x8002321c                mavlink_telemetry_init
 .text          0x80023638      0x56c src/tasks.o
                0x80023638                tasks_get_main_taskset
                0x80023664                tasks_create_tasks
                0x80023834                tasks_led_toggle
                0x80023854                tasks_run_sonar_update
                0x80023898                tasks_run_barometer_update
                0x800238dc                tasks_run_gps_update
                0x80023920                tasks_run_imu_update
                0x800239c0                tasks_run_stabilisation
 .text          0x80023ba4      0x508 Library/communication/mavlink_stream.o
                0x80023ba4                mavlink_stream_init
                0x80023bc8                mavlink_stream_flush
                0x80023bde                mavlink_stream_receive
                0x80023f44                mavlink_stream_send
 .text          0x800240ac      0xaf4 Library/communication/onboard_parameters.o
                0x800240e6                onboard_parameters_read_parameters_from_flashc
                0x800241bc                onboard_parameters_write_parameters_to_flashc
                0x80024298                onboard_parameters_preflight_storage
                0x8002430c                onboard_parameters_add_parameter_float
                0x800243b4                onboard_parameters_add_parameter_int32
                0x8002445c                onboard_parameters_add_parameter_uint32
                0x800244ec                onboard_parameters_init
 .text          0x80024ba0     0x1c50 Library/control/navigation.o
                0x80024c3c                navigation_waypoint_hold_init
                0x800253dc                navigation_init
                0x80025c64                navigation_update
 .text          0x800267f0       0xb0 Library/control/stabilisation.o
                0x800267f0                stabilisation_run
                0x8002685c                stabilisation_init
 .text          0x800268a0      0x484 Library/hal/adc_int.o
                0x800268a0                adc_int_clear_sequencer
                0x800268cc                adc_int_sequencer_add
                0x80026944                adc_int_sampling_complete
                0x80026970                adc_int_get_sample
                0x80026994                adc_int_get_buffer
                0x800269b0                adc_int_get_sampling_status
                0x800269cc                adc_int_get_period
                0x800269e8                adc_int_stop_sampling
                0x80026a10                adc_int_start_sampling
                0x80026ac4                adc_int_init
 .text          0x80026d24      0x388 Library/hal/ads1274.o
                0x80026d24                get_interrupt_counter
                0x80026d40                ads1274_set_DAC_generator_function
                0x80026d5c                get_sample
                0x80026d84                get_sampling_status
                0x80026da4                ads1274_ADC_start_oneshot
                0x80026dc4                eic_nmi_handler
                0x80026dfc                ads1274_ADC_switch_clock
                0x80026e54                ads1274_init_DAC
                0x80026f9c                process_data
 .text          0x800270ac      0x830 Library/hal/bmp085.o
                0x800270ac                bmp085_reset_origin_altitude
                0x800270c8                bmp085_update
                0x80027500                bmp085_init_slow
                0x800278ac                bmp085_init
 .text          0x800278dc      0x300 Library/hal/dac_dma.o
                0x800278dc                DAC_pause
                0x800278e6                DAC_resume
                0x800278f0                DAC_is_finished
                0x800278fa                dac_dma_set_value
                0x80027918                dac_dma_play
                0x800279d8                dac_dma_init
                0x80027ab8                init_gclk
                0x80027ae8                init_pevc
                0x80027b2c                dac_dma_load_buffer
 .text          0x80027bdc      0x34c Library/hal/led.o
                0x80027bdc                LED_Read_Display
                0x80027bf8                LED_Display
                0x80027ca4                LED_Read_Display_Mask
                0x80027cc4                LED_Test
                0x80027ce8                LED_Get_Intensity
                0x80027cf2                LED_Set_Intensity
                0x80027cfc                LED_Read_Display_Field
                0x80027d28                LED_Toggle
                0x80027d88                LED_Off
                0x80027de8                LED_On
                0x80027e4c                LED_Display_Mask
                0x80027ed0                LED_Display_Field
 .text          0x80027f28      0x71c Library/hal/spi_buffered.o
                0x80027f28                spi_buffered_get_spi_in_buffer
                0x80027f4c                spi_buffered_set_callback
                0x80027f70                spi_buffered_pause
                0x80027f98                spi_buffered_activate_receive
                0x80027fc0                spi_buffered_deactivate_receive
                0x80027fe8                spi_buffered_clear_read_buffer
                0x80028010                spi_buffered_get_traffic
                0x80028034                spi_buffered_read
                0x80028074                spi_buffered_is_transfered_finished
                0x800280a0                spi_buffered_bytes_available
                0x800280cc                spi_buffered_transmit
                0x80028140                spi_handler
                0x800281d4                spi1_int_handler
                0x800281f4                spi0_int_handler
                0x80028214                spi_buffered_start
                0x80028278                spi_buffered_write
                0x800282cc                spi_buffered_resume
                0x80028300                spi_buffered_flush_buffer
                0x8002833c                spi_buffered_disable
                0x8002836c                spi_buffered_enable
                0x8002839c                spi_buffered_trigger_DMA
                0x80028430                spi_buffered_init_DMA
                0x80028518                spi_buffered_init
 .text          0x80028644      0x6b0 Library/hal/uart_int.o
                0x80028644                uart_int_set_usart_conf
                0x800286d0                uart_int_get_uart_handle
                0x800286f4                uart_int_register_write_stream
                0x8002872c                uart_int_register_read_stream
                0x8002873a                uart_int_flush
                0x80028768                uart_out_buffer_empty
                0x80028788                uart_int_send_byte
                0x800287c4                uart_int_bytes_available
                0x800287e4                uart_int_get_byte
                0x80028808                register_UART_handler
                0x800288e0                uart_int_init
 .text          0x80028cf4      0x518 Library/runtime/scheduler.o
                0x80028cf4                scheduler_sort_tasks
                0x80028e38                scheduler_get_task_by_id
                0x80028e7c                scheduler_get_task_by_index
                0x80028e9e                scheduler_change_run_mode
                0x80028eaa                scheduler_run_task_now
                0x80028ed8                scheduler_change_task_period
                0x80028f08                scheduler_suspend_task
                0x80028f2c                scheduler_update
                0x800290d0                scheduler_add_task
                0x8002919c                scheduler_init
 .text          0x8002920c      0x4c4 Library/sensing/imu.o
                0x8002920c                imu_update
                0x800294d8                imu_init
 .text          0x800296d0     0x1de8 Library/sensing/simulation.o
                0x800296d0                simulation_calib_set
                0x80029830                simulation_switch_from_simulation_to_reality
                0x80029a64                simulation_switch_from_reality_to_simulation
                0x80029aa4                simulation_simulate_sonar
                0x80029b20                simulation_simulate_barometer
                0x80029b60                simulation_fake_gps_fix
                0x80029c44                simulation_simulate_gps
                0x80029ce4                simulation_init
                0x80029e70                forces_from_servos_diag_quad
                0x8002a650                simulation_update
 .text          0x8002b4b8      0x1bc Library/util/buffer.o
                0x8002b4b8                buffer_full
                0x8002b4d4                buffer_put_lossy
                0x8002b520                buffer_put
                0x8002b570                buffer_get
                0x8002b5a0                buffer_empty
                0x8002b5b8                buffer_bytes_available
                0x8002b5d4                buffer_init
                0x8002b5ec                buffer_clear
                0x8002b604                buffer_make_buffered_stream
                0x8002b63c                buffer_make_buffered_stream_lossy
 .text          0x8002b674      0x554 Library/util/coord_conventions.o
                0x8002b674                coord_conventions_get_yaw
                0x8002b6ec                coord_conventions_quaternion_from_aero
                0x8002b7d4                coord_conventions_quat_to_aero
                0x8002b924                coord_conventions_local_to_global_position
                0x8002ba2c                coord_conventions_global_to_local_position
 .text          0x8002bbc8      0x154 Library/util/generator.o
                0x8002bbc8                generator_init_dac_buffer_triangle
                0x8002bc2c                generator_ramp_generator
                0x8002bc3a                generator_arbitrary_generator
                0x8002bc60                generator_init_dac_buffer_sine
 .text          0x8002bd1c      0x6ec Library/util/print_util.o
                0x8002bd1c                print_util_get_debug_stream
                0x8002bd38                print_util_dbg_print_init
                0x8002bd54                print_util_putstring
                0x8002bd8c                print_util_putstring_length
                0x8002bdbe                print_util_putdigit
                0x8002bdf8                putnum_tight
                0x8002be7c                print_util_putnum
                0x8002bf08                print_util_putlong
                0x8002bfe4                print_util_putfloat
                0x8002c0ac                print_util_print_vector
                0x8002c140                print_util_print_quaternion
                0x8002c1b4                print_util_print_matrix
                0x8002c298                print_util_dbg_print
                0x8002c2c0                print_util_dbg_print_num
                0x8002c2ec                print_util_dbg_putfloat
                0x8002c318                print_util_dbg_print_vector
                0x8002c344                print_util_dbg_print_quaternion
                0x8002c370                print_util_dbg_log_value
                0x8002c3bc                print_util_dbg_print_long
 .text          0x8002c408        0x0 Library/util/sinus.o
 .text          0x8002c408      0x594 src/asf/avr32/drivers/adcifa/adcifa.o
                0x8002c408                adcifa_get_calibration_data
                0x8002c444                adcifa_configure
                0x8002c4f8                adcifa_configure_sequencer
                0x8002c7ac                adcifa_configure_window_monitor
                0x8002c82a                adcifa_start_sequencer
                0x8002c866                adcifa_check_eoc
                0x8002c898                adcifa_check_eos
                0x8002c8ca                adcifa_get_values_from_sequencer
                0x8002c954                adcifa_start_itimer
                0x8002c966                adcifa_stop_itimer
                0x8002c974                adcifa_enable_interrupt
                0x8002c982                adcifa_disable_interrupt
                0x8002c990                adcifa_clear_interrupt
 .text          0x8002c99c      0x21c src/asf/avr32/drivers/ast/ast.o
                0x8002c99c                ast_enable
                0x8002c9bc                ast_set_calendar_value
                0x8002c9da                ast_init_calendar
                0x8002ca18                ast_set_counter_value
                0x8002ca34                ast_init_counter
                0x8002ca60                ast_get_calendar_value
                0x8002ca6c                ast_get_counter_value
                0x8002ca78                ast_set_alarm0_value
                0x8002ca84                ast_set_alarm1_value
                0x8002ca90                ast_enable_alarm0
                0x8002cab2                ast_disable_alarm0
                0x8002cad4                ast_enable_alarm1
                0x8002caf6                ast_disable_alarm1
                0x8002cb18                ast_set_periodic0_value
                0x8002cb24                ast_set_periodic1_value
                0x8002cb30                ast_enable_periodic0
                0x8002cb52                ast_disable_periodic0
                0x8002cb74                ast_enable_periodic1
                0x8002cb96                ast_disable_periodic1
 .text          0x8002cbb8      0x444 src/asf/avr32/drivers/dacifb/dacifb.o
                0x8002cbb8                dacifb_get_calibration_data
                0x8002cbe6                dacifb_check_eoc
                0x8002cbf2                dacifb_set_value
                0x8002cc2e                dacifb_reload_timer
                0x8002cc86                dacifb_start_channel
                0x8002cd30                dacifb_configure_channel
                0x8002cf56                dacifb_configure
 .text          0x8002cffc      0x1c8 src/asf/avr32/drivers/eic/eic.o
                0x8002cffc                eic_init
                0x8002d0b6                eic_enable_lines
                0x8002d0c2                eic_enable_line
                0x8002d0d4                eic_disable_lines
                0x8002d0e0                eic_disable_line
                0x8002d0f2                eic_is_line_enabled
                0x8002d10a                eic_enable_interrupt_lines
                0x8002d116                eic_enable_interrupt_line
                0x8002d128                eic_is_interrupt_line_enabled
                0x8002d140                eic_is_interrupt_line_pending
                0x8002d158                eic_clear_interrupt_line
                0x8002d176                eic_clear_interrupt_lines
                0x8002d18e                eic_disable_interrupt_line
                0x8002d1ac                eic_disable_interrupt_lines
 .text          0x8002d1c4     0x18f4 src/asf/avr32/drivers/flashc/flashc.o
                0x8002d1c4                flashc_get_flash_size
                0x8002d1ec                flashc_get_page_count
                0x8002d20c                flashc_get_page_count_per_region
                0x8002d22c                flashc_get_region_first_page_number
                0x8002d24c                flashc_get_wait_state
                0x8002d260                flashc_set_wait_state
                0x8002d276                flashc_set_bus_freq
                0x8002d2b4                flashc_is_ready_int_enabled
                0x8002d2c8                flashc_enable_ready_int
                0x8002d2de                flashc_is_lock_error_int_enabled
                0x8002d2f2                flashc_enable_lock_error_int
                0x8002d308                flashc_is_prog_error_int_enabled
                0x8002d31c                flashc_enable_prog_error_int
                0x8002d332                flashc_is_ready
                0x8002d346                flashc_default_wait_until_ready
                0x8002d364                flashc_is_lock_error
                0x8002d384                flashc_is_programming_error
                0x8002d3a4                flashc_get_command
                0x8002d3b8                flashc_get_page_number
                0x8002d3cc                flashc_get_page_region
                0x8002d400                flashc_issue_command
                0x8002d454                flashc_no_operation
                0x8002d474                flashc_erase_all
                0x8002d494                flashc_is_security_bit_active
                0x8002d4a8                flashc_activate_security_bit
                0x8002d4c8                flashc_is_region_locked
                0x8002d4e8                flashc_is_page_region_locked
                0x8002d510                flashc_lock_page_region
                0x8002d53c                flashc_lock_region
                0x8002d570                flashc_lock_all_regions
                0x8002d714                flashc_read_all_gp_fuses
                0x8002d73a                flashc_read_gp_fuse_byte
                0x8002d784                flashc_read_gp_fuse_bitfield
                0x8002d804                flashc_get_bootloader_protected_size
                0x8002d838                flashc_read_gp_fuse_bit
                0x8002d880                flashc_is_external_privileged_fetch_locked
                0x8002d8a4                flashc_erase_gp_fuse_bit
                0x8002d8e0                flashc_erase_gp_fuse_bitfield
                0x8002d994                flashc_erase_all_gp_fuses
                0x8002d9d0                flashc_write_gp_fuse_bit
                0x8002d9f8                flashc_write_gp_fuse_bitfield
                0x8002da64                flashc_write_gp_fuse_byte
                0x8002da8c                flashc_erase_gp_fuse_byte
                0x8002dc88                flashc_write_all_gp_fuses
                0x8002dd94                flashc_set_gp_fuse_bit
                0x8002ddc4                flashc_lock_external_privileged_fetch
                0x8002ddec                flashc_set_gp_fuse_bitfield
                0x8002de58                flashc_set_gp_fuse_byte
                0x8002dec8                flashc_set_all_gp_fuses
                0x8002df3c                flashc_clear_page_buffer
                0x8002df5c                flashc_is_page_erased
                0x8002df70                flashc_quick_page_read
                0x8002df9c                flashc_erase_page
                0x8002dfe4                flashc_erase_all_pages
                0x8002e040                flashc_write_page
                0x8002e060                flashc_quick_user_page_read
                0x8002e08c                flashc_erase_user_page
                0x8002e0c0                flashc_write_user_page
                0x8002e0e0                flashc_memset64
                0x8002e40c                flashc_memset32
                0x8002e438                flashc_memset16
                0x8002e458                flashc_memset8
                0x8002e47c                flashc_memcpy
                0x8002e9a8                flashc_set_flash_waitstate_and_readmode
                0x8002ea14                flashc_set_bootloader_protected_size
 .text          0x8002eab8      0x64c src/asf/avr32/drivers/gpio/gpio.o
                0x8002eab8                gpio_enable_module_pin
                0x8002eb98                gpio_enable_module
                0x8002ebd8                gpio_enable_gpio_pin
                0x8002ebf6                gpio_enable_gpio
                0x8002ec28                gpio_enable_pin_pull_up
                0x8002ec48                gpio_disable_pin_pull_up
                0x8002ec64                gpio_enable_pin_pull_down
                0x8002ec84                gpio_disable_pin_pull_down
                0x8002eca0                gpio_enable_pin_buskeeper
                0x8002ecc0                gpio_disable_pin_buskeeper
                0x8002ece0                gpio_configure_pin
                0x8002edaa                gpio_configure_group
                0x8002ee62                gpio_get_pin_value
                0x8002ee80                gpio_get_gpio_pin_output_value
                0x8002ee9e                gpio_get_gpio_open_drain_pin_output_value
                0x8002eec0                gpio_set_gpio_pin
                0x8002eee2                gpio_set_pin_high
                0x8002eefe                gpio_set_group_high
                0x8002ef12                gpio_set_pin_low
                0x8002ef2e                gpio_clr_gpio_pin
                0x8002ef50                gpio_set_group_low
                0x8002ef64                gpio_tgl_gpio_pin
                0x8002ef86                gpio_toggle_pin
                0x8002efa2                gpio_toggle_group
                0x8002efb6                gpio_set_gpio_open_drain_pin
                0x8002efd4                gpio_clr_gpio_open_drain_pin
                0x8002eff6                gpio_tgl_gpio_open_drain_pin
                0x8002f018                gpio_enable_pin_glitch_filter
                0x8002f034                gpio_disable_pin_glitch_filter
                0x8002f050                gpio_enable_pin_interrupt
                0x8002f0aa                gpio_disable_pin_interrupt
                0x8002f0c6                gpio_get_pin_interrupt_flag
                0x8002f0e6                gpio_clear_pin_interrupt_flag
 .text          0x8002f104        0x0 src/asf/avr32/drivers/intc/exception.o
 .text          0x8002f104       0xf4 src/asf/avr32/drivers/intc/intc.o
                0x8002f10c                INTC_register_interrupt
                0x8002f150                INTC_init_interrupts
                0x8002f1b0                _get_interrupt_handler
 .text          0x8002f1f8      0x394 src/asf/avr32/drivers/pdca/pdca.o
                0x8002f1f8                pdca_get_handler
                0x8002f212                pdca_get_channel_status
                0x8002f234                pdca_disable
                0x8002f254                pdca_enable
                0x8002f274                pdca_get_load_size
                0x8002f294                pdca_get_reload_size
                0x8002f2b4                pdca_set_peripheral_select
                0x8002f2d4                pdca_set_transfer_size
                0x8002f2fc                pdca_disable_event_trigger
                0x8002f320                pdca_enable_event_trigger
                0x8002f344                pdca_enable_interrupt_transfer_error
                0x8002f364                pdca_enable_interrupt_transfer_complete
                0x8002f384                pdca_enable_interrupt_reload_counter_zero
                0x8002f3a4                pdca_get_transfer_status
                0x8002f3c4                pdca_disable_interrupt_reload_counter_zero
                0x8002f400                pdca_disable_interrupt_transfer_complete
                0x8002f43c                pdca_disable_interrupt_transfer_error
                0x8002f478                pdca_reload_channel
                0x8002f4c4                pdca_load_channel
                0x8002f510                pdca_init_channel
 .text          0x8002f58c      0x376 src/asf/avr32/drivers/pevc/pevc.o
                0x8002f58c                pevc_channel_configure
                0x8002f610                pevc_igfd_set
                0x8002f620                pevc_channels_enable
                0x8002f63e                pevc_channels_disable
                0x8002f65c                pevc_get_channel_status
                0x8002f69a                pevc_get_channel_state
                0x8002f6d8                pevc_channel_sev_enable
                0x8002f6f4                pevc_channels_trigger_sev
                0x8002f712                pevc_channel_sev_disable
                0x8002f72e                pevc_channels_enable_trigger_interrupt
                0x8002f74c                pevc_channels_disable_trigger_interrupt
                0x8002f76a                pevc_channel_is_trigger_interrupt_enabled
                0x8002f7ac                pevc_channel_is_trigger_interrupt_raised
                0x8002f7ea                pevc_channel_clear_trigger_interrupt
                0x8002f816                pevc_channels_enable_overrun_interrupt
                0x8002f834                pevc_channels_disable_overrun_interrupt
                0x8002f852                pevc_channel_is_overrun_interrupt_enabled
                0x8002f894                pevc_channel_is_overrun_interrupt_raised
                0x8002f8d6                pevc_channel_clear_overrun_interrupt
 .text          0x8002f902      0x1b6 src/asf/avr32/drivers/pm/pm_uc3c.o
                0x8002f902                pm_wait_for_clk_ready
                0x8002f92a                pm_disable_module
                0x8002f96a                pm_enable_module
                0x8002f9aa                pm_disable_clk_domain_div
                0x8002f9fc                pm_set_clk_domain_div
                0x8002fa4e                pm_config_mainclk_safety
                0x8002fa92                pm_set_mclk_source
 .text          0x8002fab8      0x370 src/asf/avr32/drivers/pm/power_clocks_lib.o
                0x8002fab8                pcl_read_gplp
                0x8002fad4                pcl_write_gplp
                0x8002faf0                pcl_configure_usb_clock
                0x8002fb68                pcl_switch_to_osc
                0x8002fbcc                pcl_configure_clocks
 .text          0x8002fe28      0x8ec src/asf/avr32/drivers/pwm/pwm4.o
                0x8002fe28                pwm_write_protect_hw_lock
                0x8002fef6                pwm_write_protect_sw_lock
                0x8002ffba                pwm_write_protect_sw_unlock
                0x8003007c                pwm_write_protect_status
                0x8003009a                pwm_channel_init
                0x800300e0                pwm_start_channels
                0x800300fe                pwm_stop_channels
                0x8003011c                pwm_update_channel
                0x80030166                pwm_interrupt_update_channel
                0x8003019c                pwm_output_override_setup
                0x80030200                pwm_output_override_write
                0x800302c4                pwm_update_period_value
                0x800302d4                pwm_synchronous_prepare_update
                0x80030312                pwm_update_manual_write_manual_update
                0x80030326                pwm_update_manual_write_auto_update
                0x8003033c                pwm_update_auto_write_auto_update_check_ready
                0x80030352                pwm_update_auto_write_auto_update_check_eot
                0x80030368                pwm_fault_lines_polarity_setup
                0x8003042c                pwm_fault_lines_level_setup
                0x800304b0                pwm_fault_lines_enable
                0x800304fc                pwm_get_fault_status
                0x8003050c                pwm_clr_fault_status
                0x80030522                pwm_compare_match_setup
                0x8003056a                pwm_compare_match_reload_setup
                0x800305b2                pwm_compare_event_enable
                0x800305d4                pwm_compare_event_disable
                0x800305fe                pwm_init
 .text          0x80030714      0x850 src/asf/avr32/drivers/scif/scif_uc3c.o
                0x80030714                scif_read_gplp
                0x80030728                scif_write_gplp
                0x80030746                scif_is_osc_ready
                0x8003076c                scif_wait_for_pll_locked
                0x80030796                scif_start_gclk
                0x800307dc                scif_stop_gclk
                0x80030814                scif_gc_setup
                0x800308b4                scif_gc_enable
                0x800308d8                scif_bod18_enable_irq
                0x800308ea                scif_bod18_clear_irq
                0x800308fc                scif_bod18_get_irq_status
                0x80030910                scif_bod18_get_irq_enable_bit
                0x80030924                scif_bod18_get_level
                0x80030938                scif_bod33_enable_irq
                0x8003094c                scif_bod33_clear_irq
                0x80030960                scif_bod33_get_irq_status
                0x80030974                scif_bod33_get_irq_enable_bit
                0x80030988                scif_bod33_get_level
                0x8003099c                scif_bod50_enable_irq
                0x800309b0                scif_bod50_clear_irq
                0x800309c4                scif_bod50_get_irq_status
                0x800309d8                scif_bod50_get_irq_enable_bit
                0x800309ec                scif_bod50_get_level
                0x80030a00                scif_bod50_disable_irq
                0x80030a34                scif_bod33_disable_irq
                0x80030a68                scif_bod18_disable_irq
                0x80030a98                scif_stop_rc120M
                0x80030ac4                scif_start_rc120M
                0x80030aee                scif_stop_rc8M
                0x80030b1a                scif_start_rc8M
                0x80030b4e                scif_stop_osc32
                0x80030b7a                scif_start_osc32
                0x80030bd8                scif_pll_disable
                0x80030c20                scif_pll_enable
                0x80030c68                scif_pll_setup
                0x80030cda                scif_enable_extosc
                0x80030d22                scif_enable_osc
                0x80030d94                scif_configure_osc_extmode
                0x80030ddc                scif_configure_osc_crystalmode
                0x80030ea0                scif_stop_osc
                0x80030ed2                scif_start_osc
 .text          0x80030f64      0x3c0 src/asf/avr32/drivers/spi/spi.o
                0x80030f64                getBaudDiv
                0x80030f88                spi_initSlave
                0x80030fec                spi_initTest
                0x80031008                spi_initMaster
                0x8003104a                spi_selectionMode
                0x8003108a                spi_selectChip
                0x800310e6                spi_unselectChip
                0x80031116                spi_setupChipReg
                0x800311e0                spi_enable
                0x800311ee                spi_disable
                0x800311fc                spi_is_enabled
                0x8003120c                spi_writeRegisterEmptyCheck
                0x8003121c                spi_write
                0x80031242                spi_variableSlaveWrite
                0x80031298                spi_writeEndCheck
                0x800312a8                spi_readRegisterFullCheck
                0x800312b8                spi_read
                0x800312e4                spi_getStatus
 .text          0x80031324      0x472 src/asf/avr32/drivers/tc/tc.o
                0x80031324                tc_get_interrupt_settings
                0x80031340                tc_select_external_clock
                0x80031388                tc_init_capture
                0x800313b0                tc_init_waveform
                0x80031456                tc_start
                0x8003147a                tc_stop
                0x8003149e                tc_software_trigger
                0x800314c2                tc_sync_trigger
                0x800314d2                tc_sync_start
                0x800314ec                tc_read_sr
                0x80031508                tc_read_tc
                0x80031528                tc_read_ra
                0x80031548                tc_read_rb
                0x80031568                tc_read_rc
                0x80031588                tc_write_ra
                0x800315cc                tc_write_rb
                0x80031610                tc_write_rc
                0x80031654                tc_configure_interrupts
 *fill*         0x80031796        0x2 d703d703
 .text          0x80031798      0x8cc src/asf/avr32/drivers/twim/twim.o
                0x80031910                twim_set_speed
                0x8003198e                twim_status
                0x800319b0                twim_disable_interrupt
                0x800319cc                twim_chained_transfer
                0x80031bc8                twim_write
                0x80031c94                twim_probe
                0x80031cc4                twim_write_packet
                0x80031dd0                twim_read
                0x80031e9c                twim_read_packet
                0x80031f84                twim_master_init
 .text          0x80032064      0x9c8 src/asf/avr32/drivers/usart/usart.o
                0x80032064                usart_spi_selectChip
                0x80032074                usart_spi_unselectChip
                0x8003209c                usart_write_char
                0x800320bc                usart_send_address
                0x800320fc                usart_putchar
                0x80032134                usart_read_char
                0x80032164                usart_getchar
                0x800321a0                usart_write_line
                0x800321d0                usart_get_echo_line
                0x80032238                usart_reset
                0x8003226c                usart_init_spi_slave
                0x8003230c                usart_init_spi_master
                0x800323cc                usart_init_iso7816
                0x80032480                usart_init_sync_slave
                0x8003254c                usart_init_sync_master
                0x8003263c                usart_init_rs232_tx_only
                0x80032728                usart_init_rs232
                0x80032844                usart_init_IrDA
                0x80032884                usart_init_rs485
                0x800328b4                usart_init_modem
                0x800328e4                usart_init_hw_handshaking
                0x80032914                usart_init_lin_master
                0x800329a0                usart_init_lin_slave
 .text          0x80032a2c     0x1210 src/asf/avr32/drivers/usbc/usbc_device.o
                0x80032a2c                udd_include_vbus_monitoring
                0x80032a36                udd_is_high_speed
                0x80032a40                udd_set_address
                0x80032a6a                udd_getaddress
                0x80032a7e                udd_get_frame_number
                0x80032a92                udd_get_micro_frame_number
                0x80032a9c                udd_set_setup_payload
                0x80032abc                udd_ep_is_halted
                0x80032ad6                udd_ep_clear_halt
                0x80032b44                udd_ep_wait_stall_clear
                0x80032bb4                udd_ep_alloc
                0x80032df4                udd_ep_abort
                0x80032e1c                udd_ep_set_halt
                0x80032e5c                udd_ep_free
                0x80032e8c                udd_ep_run
                0x80033294                udd_enable
                0x800339b8                udd_detach
                0x80033a1c                udd_attach
                0x80033b54                udd_disable
                0x80033be0                udd_send_wake_up
 .text          0x80033c3c       0x8c src/asf/avr32/services/delay/delay.o
                0x80033c3c                delay_init
                0x80033c58                delay_ms
 .text          0x80033cc8        0x0 src/asf/avr32/utils/startup/startup_uc3.o
 .text._stext   0x80033cc8       0x50 src/asf/avr32/utils/startup/startup_uc3.o
                0x80033cc8                _stext
 .text          0x80033d18        0x0 src/asf/avr32/utils/startup/trampoline_uc3.o
 .text          0x80033d18       0x30 src/asf/common/boards/user_board/init.o
                0x80033d18                board_init
 .text          0x80033d48      0x154 src/asf/common/services/clock/uc3c/osc.o
                0x80033d48                osc_priv_disable_rc120m
                0x80033d6e                osc_priv_enable_rc120m
                0x80033d94                osc_priv_disable_rc8m
                0x80033dc2                osc_priv_enable_rc8m
                0x80033e04                osc_priv_disable_osc32
                0x80033e2a                osc_priv_enable_osc32
                0x80033e52                osc_priv_disable_osc0
                0x80033e76                osc_priv_enable_osc0
 .text          0x80033e9c       0x80 src/asf/common/services/clock/uc3c/pll.o
                0x80033e9c                pll_disable
                0x80033ec6                pll_enable
                0x80033ef2                pll_config_write
 .text          0x80033f1c      0x220 src/asf/common/services/clock/uc3c/sysclk.o
                0x80033f1c                sysclk_disable_usb
                0x80033f30                sysclk_set_source
                0x80033f52                sysclk_set_prescalers
                0x80033fc2                sysclk_priv_disable_module
                0x80033ffc                sysclk_priv_enable_module
                0x80034034                sysclk_enable_usb
                0x80034090                sysclk_init
 .text          0x8003413c        0x0 src/asf/common/services/sleepmgr/uc3/sleepmgr.o
 .text          0x8003413c      0x284 src/asf/common/services/spi/uc3_spi/spi_master.o
                0x8003413c                spi_read_packet
                0x80034194                spi_write_packet
                0x800341c4                spi_master_setup_device
 .text          0x800343c0      0xab4 src/asf/common/services/usb/class/cdc/device/udi_cdc.o
                0x800343c0                udi_cdc_data_disable
                0x800343ca                udi_cdc_comm_setup
                0x80034460                udi_cdc_data_setup
                0x8003446a                udi_cdc_getsetting
                0x80034474                udi_cdc_line_coding_received
                0x8003447e                udi_cdc_is_rx_ready
                0x800344b0                udi_cdc_is_tx_ready
                0x80034524                udi_cdc_write_buf
                0x800345dc                udi_cdc_putc
                0x80034654                udi_cdc_data_recevied
                0x800346f4                udi_cdc_signal_parity_error
                0x80034768                udi_cdc_serial_state_msg_sent
                0x800348f0                udi_cdc_data_sent
                0x8003492c                udi_cdc_data_sof_notify
                0x80034940                udi_cdc_comm_disable
                0x8003496c                udi_cdc_comm_enable
                0x800349b4                udi_cdc_getc
                0x80034a9c                udi_cdc_read_buf
                0x80034ba8                udi_cdc_ctrl_signal_dcd
                0x80034c3c                udi_cdc_signal_framing_error
                0x80034cb0                udi_cdc_ctrl_signal_dsr
                0x80034d44                udi_cdc_signal_overrun
                0x80034db8                udi_cdc_data_enable
 .text          0x80034e74        0x0 src/asf/common/services/usb/class/cdc/device/udi_cdc_desc.o
 .text          0x80034e74      0x88c src/asf/common/services/usb/udc/udc.o
                0x80034e74                udc_get_interface_desc
                0x80034e90                udc_sof_notify
                0x80035144                udc_reset
                0x80035198                udc_process_setup
 .text          0x80035700       0x74 src/asf/common/utils/stdio/read.o
                0x80035700                _read
 .text          0x80035774      0x154 src/asf/common/utils/stdio/stdio_usb/stdio_usb.o
                0x80035774                stdio_usb_enable
                0x80035794                stdio_usb_disable
                0x800357b4                stdio_usb_vbus_event
                0x800357e4                stdio_usb_init
                0x80035848                stdio_usb_getchar
                0x80035890                stdio_usb_putchar
 .text          0x800358c8       0x50 src/asf/common/utils/stdio/write.o
                0x800358c8                _write
 .text          0x80035918      0xbb4 src/boardsupport.o
                0x80035918                boardsupport_init
 .text          0x800364cc       0xb0 src/main.o
                0x800364cc                initialisation()
                0x80036544                main
 .text          0x8003657c        0x0 d:/programmes/atmel/studio/7.0/toolchain/avr32/avr32-gnu-toolchain/bin/../lib/gcc/avr32/4.4.7/../../../../avr32/lib/ucr3fp\libm.a(lib_a-s_cos.o)
 .text.cos      0x8003657c       0x9c d:/programmes/atmel/studio/7.0/toolchain/avr32/avr32-gnu-toolchain/bin/../lib/gcc/avr32/4.4.7/../../../../avr32/lib/ucr3fp\libm.a(lib_a-s_cos.o)
                0x8003657c                cos
 .text          0x80036618        0x0 d:/programmes/atmel/studio/7.0/toolchain/avr32/avr32-gnu-toolchain/bin/../lib/gcc/avr32/4.4.7/../../../../avr32/lib/ucr3fp\libm.a(lib_a-s_floor.o)
 .text.floor    0x80036618      0x128 d:/programmes/atmel/studio/7.0/toolchain/avr32/avr32-gnu-toolchain/bin/../lib/gcc/avr32/4.4.7/../../../../avr32/lib/ucr3fp\libm.a(lib_a-s_floor.o)
                0x80036618                floor
 .text          0x80036740        0x0 d:/programmes/atmel/studio/7.0/toolchain/avr32/avr32-gnu-toolchain/bin/../lib/gcc/avr32/4.4.7/../../../../avr32/lib/ucr3fp\libm.a(lib_a-s_sin.o)
 .text.sin      0x80036740       0xa0 d:/programmes/atmel/studio/7.0/toolchain/avr32/avr32-gnu-toolchain/bin/../lib/gcc/avr32/4.4.7/../../../../avr32/lib/ucr3fp\libm.a(lib_a-s_sin.o)
                0x80036740                sin
 .text          0x800367e0        0x0 d:/programmes/atmel/studio/7.0/toolchain/avr32/avr32-gnu-toolchain/bin/../lib/gcc/avr32/4.4.7/../../../../avr32/lib/ucr3fp\libm.a(lib_a-w_asin.o)
 .text.asin     0x800367e0       0xb0 d:/programmes/atmel/studio/7.0/toolchain/avr32/avr32-gnu-toolchain/bin/../lib/gcc/avr32/4.4.7/../../../../avr32/lib/ucr3fp\libm.a(lib_a-w_asin.o)
                0x800367e0                asin
 .text          0x80036890        0x0 d:/programmes/atmel/studio/7.0/toolchain/avr32/avr32-gnu-toolchain/bin/../lib/gcc/avr32/4.4.7/../../../../avr32/lib/ucr3fp\libm.a(lib_a-w_atan2.o)
 .text.atan2    0x80036890        0xc d:/programmes/atmel/studio/7.0/toolchain/avr32/avr32-gnu-toolchain/bin/../lib/gcc/avr32/4.4.7/../../../../avr32/lib/ucr3fp\libm.a(lib_a-w_atan2.o)
                0x80036890                atan2
 .text          0x8003689c        0x0 d:/programmes/atmel/studio/7.0/toolchain/avr32/avr32-gnu-toolchain/bin/../lib/gcc/avr32/4.4.7/../../../../avr32/lib/ucr3fp\libm.a(lib_a-w_fmod.o)
 .text.fmod     0x8003689c       0xbc d:/programmes/atmel/studio/7.0/toolchain/avr32/avr32-gnu-toolchain/bin/../lib/gcc/avr32/4.4.7/../../../../avr32/lib/ucr3fp\libm.a(lib_a-w_fmod.o)
                0x8003689c                fmod
 .text          0x80036958        0x0 d:/programmes/atmel/studio/7.0/toolchain/avr32/avr32-gnu-toolchain/bin/../lib/gcc/avr32/4.4.7/../../../../avr32/lib/ucr3fp\libm.a(lib_a-w_pow.o)
 .text.pow      0x80036958      0x300 d:/programmes/atmel/studio/7.0/toolchain/avr32/avr32-gnu-toolchain/bin/../lib/gcc/avr32/4.4.7/../../../../avr32/lib/ucr3fp\libm.a(lib_a-w_pow.o)
                0x80036958                pow
 .text          0x80036c58        0x0 d:/programmes/atmel/studio/7.0/toolchain/avr32/avr32-gnu-toolchain/bin/../lib/gcc/avr32/4.4.7/../../../../avr32/lib/ucr3fp\libm.a(lib_a-w_sqrt.o)
 .text.sqrt     0x80036c58       0xb4 d:/programmes/atmel/studio/7.0/toolchain/avr32/avr32-gnu-toolchain/bin/../lib/gcc/avr32/4.4.7/../../../../avr32/lib/ucr3fp\libm.a(lib_a-w_sqrt.o)
                0x80036c58                sqrt
 .text          0x80036d0c        0x0 d:/programmes/atmel/studio/7.0/toolchain/avr32/avr32-gnu-toolchain/bin/../lib/gcc/avr32/4.4.7/../../../../avr32/lib/ucr3fp\libm.a(lib_a-wf_sqrt.o)
 .text.sqrtf    0x80036d0c       0xbc d:/programmes/atmel/studio/7.0/toolchain/avr32/avr32-gnu-toolchain/bin/../lib/gcc/avr32/4.4.7/../../../../avr32/lib/ucr3fp\libm.a(lib_a-wf_sqrt.o)
                0x80036d0c                sqrtf
 .text          0x80036dc8        0x0 d:/programmes/atmel/studio/7.0/toolchain/avr32/avr32-gnu-toolchain/bin/../lib/gcc/avr32/4.4.7/../../../../avr32/lib/ucr3fp\libm.a(lib_a-e_asin.o)
 .text.__ieee754_asin
                0x80036dc8      0x50c d:/programmes/atmel/studio/7.0/toolchain/avr32/avr32-gnu-toolchain/bin/../lib/gcc/avr32/4.4.7/../../../../avr32/lib/ucr3fp\libm.a(lib_a-e_asin.o)
                0x80036dc8                __ieee754_asin
 .text          0x800372d4        0x0 d:/programmes/atmel/studio/7.0/toolchain/avr32/avr32-gnu-toolchain/bin/../lib/gcc/avr32/4.4.7/../../../../avr32/lib/ucr3fp\libm.a(lib_a-e_atan2.o)
 .text.__ieee754_atan2
                0x800372d4      0x240 d:/programmes/atmel/studio/7.0/toolchain/avr32/avr32-gnu-toolchain/bin/../lib/gcc/avr32/4.4.7/../../../../avr32/lib/ucr3fp\libm.a(lib_a-e_atan2.o)
                0x800372d4                __ieee754_atan2
 .text          0x80037514        0x0 d:/programmes/atmel/studio/7.0/toolchain/avr32/avr32-gnu-toolchain/bin/../lib/gcc/avr32/4.4.7/../../../../avr32/lib/ucr3fp\libm.a(lib_a-e_fmod.o)
 .text.__ieee754_fmod
                0x80037514      0x240 d:/programmes/atmel/studio/7.0/toolchain/avr32/avr32-gnu-toolchain/bin/../lib/gcc/avr32/4.4.7/../../../../avr32/lib/ucr3fp\libm.a(lib_a-e_fmod.o)
                0x80037514                __ieee754_fmod
 .text          0x80037754        0x0 d:/programmes/atmel/studio/7.0/toolchain/avr32/avr32-gnu-toolchain/bin/../lib/gcc/avr32/4.4.7/../../../../avr32/lib/ucr3fp\libm.a(lib_a-e_pow.o)
 .text.__ieee754_pow
                0x80037754      0xaf0 d:/programmes/atmel/studio/7.0/toolchain/avr32/avr32-gnu-toolchain/bin/../lib/gcc/avr32/4.4.7/../../../../avr32/lib/ucr3fp\libm.a(lib_a-e_pow.o)
                0x80037754                __ieee754_pow
 .text          0x80038244        0x0 d:/programmes/atmel/studio/7.0/toolchain/avr32/avr32-gnu-toolchain/bin/../lib/gcc/avr32/4.4.7/../../../../avr32/lib/ucr3fp\libm.a(lib_a-e_rem_pio2.o)
 .text.__ieee754_rem_pio2
                0x80038244      0x4a0 d:/programmes/atmel/studio/7.0/toolchain/avr32/avr32-gnu-toolchain/bin/../lib/gcc/avr32/4.4.7/../../../../avr32/lib/ucr3fp\libm.a(lib_a-e_rem_pio2.o)
                0x80038244                __ieee754_rem_pio2
 .text          0x800386e4        0x0 d:/programmes/atmel/studio/7.0/toolchain/avr32/avr32-gnu-toolchain/bin/../lib/gcc/avr32/4.4.7/../../../../avr32/lib/ucr3fp\libm.a(lib_a-e_sqrt.o)
 .text.__ieee754_sqrt
                0x800386e4      0x19c d:/programmes/atmel/studio/7.0/toolchain/avr32/avr32-gnu-toolchain/bin/../lib/gcc/avr32/4.4.7/../../../../avr32/lib/ucr3fp\libm.a(lib_a-e_sqrt.o)
                0x800386e4                __ieee754_sqrt
 .text          0x80038880        0x0 d:/programmes/atmel/studio/7.0/toolchain/avr32/avr32-gnu-toolchain/bin/../lib/gcc/avr32/4.4.7/../../../../avr32/lib/ucr3fp\libm.a(lib_a-ef_sqrt.o)
 .text.__ieee754_sqrtf
                0x80038880       0xd4 d:/programmes/atmel/studio/7.0/toolchain/avr32/avr32-gnu-toolchain/bin/../lib/gcc/avr32/4.4.7/../../../../avr32/lib/ucr3fp\libm.a(lib_a-ef_sqrt.o)
                0x80038880                __ieee754_sqrtf
 .text          0x80038954        0x0 d:/programmes/atmel/studio/7.0/toolchain/avr32/avr32-gnu-toolchain/bin/../lib/gcc/avr32/4.4.7/../../../../avr32/lib/ucr3fp\libm.a(lib_a-k_cos.o)
 .text.__kernel_cos
                0x80038954      0x1f8 d:/programmes/atmel/studio/7.0/toolchain/avr32/avr32-gnu-toolchain/bin/../lib/gcc/avr32/4.4.7/../../../../avr32/lib/ucr3fp\libm.a(lib_a-k_cos.o)
                0x80038954                __kernel_cos
 .text          0x80038b4c        0x0 d:/programmes/atmel/studio/7.0/toolchain/avr32/avr32-gnu-toolchain/bin/../lib/gcc/avr32/4.4.7/../../../../avr32/lib/ucr3fp\libm.a(lib_a-k_rem_pio2.o)
 .text.__kernel_rem_pio2
                0x80038b4c      0x718 d:/programmes/atmel/studio/7.0/toolchain/avr32/avr32-gnu-toolchain/bin/../lib/gcc/avr32/4.4.7/../../../../avr32/lib/ucr3fp\libm.a(lib_a-k_rem_pio2.o)
                0x80038b4c                __kernel_rem_pio2
 .text          0x80039264        0x0 d:/programmes/atmel/studio/7.0/toolchain/avr32/avr32-gnu-toolchain/bin/../lib/gcc/avr32/4.4.7/../../../../avr32/lib/ucr3fp\libm.a(lib_a-k_sin.o)
 .text.__kernel_sin
                0x80039264      0x1a4 d:/programmes/atmel/studio/7.0/toolchain/avr32/avr32-gnu-toolchain/bin/../lib/gcc/avr32/4.4.7/../../../../avr32/lib/ucr3fp\libm.a(lib_a-k_sin.o)
                0x80039264                __kernel_sin
 .text          0x80039408        0x0 d:/programmes/atmel/studio/7.0/toolchain/avr32/avr32-gnu-toolchain/bin/../lib/gcc/avr32/4.4.7/../../../../avr32/lib/ucr3fp\libm.a(lib_a-s_atan.o)
 .text.atan     0x80039408      0x368 d:/programmes/atmel/studio/7.0/toolchain/avr32/avr32-gnu-toolchain/bin/../lib/gcc/avr32/4.4.7/../../../../avr32/lib/ucr3fp\libm.a(lib_a-s_atan.o)
                0x80039408                atan
 .text          0x80039770        0x0 d:/programmes/atmel/studio/7.0/toolchain/avr32/avr32-gnu-toolchain/bin/../lib/gcc/avr32/4.4.7/../../../../avr32/lib/ucr3fp\libm.a(lib_a-s_fabs.o)
 .text.fabs     0x80039770        0x8 d:/programmes/atmel/studio/7.0/toolchain/avr32/avr32-gnu-toolchain/bin/../lib/gcc/avr32/4.4.7/../../../../avr32/lib/ucr3fp\libm.a(lib_a-s_fabs.o)
                0x80039770                fabs
 .text          0x80039778        0x0 d:/programmes/atmel/studio/7.0/toolchain/avr32/avr32-gnu-toolchain/bin/../lib/gcc/avr32/4.4.7/../../../../avr32/lib/ucr3fp\libm.a(lib_a-s_finite.o)
 .text.finite   0x80039778       0x10 d:/programmes/atmel/studio/7.0/toolchain/avr32/avr32-gnu-toolchain/bin/../lib/gcc/avr32/4.4.7/../../../../avr32/lib/ucr3fp\libm.a(lib_a-s_finite.o)
                0x80039778                finite
 .text          0x80039788        0x0 d:/programmes/atmel/studio/7.0/toolchain/avr32/avr32-gnu-toolchain/bin/../lib/gcc/avr32/4.4.7/../../../../avr32/lib/ucr3fp\libm.a(lib_a-s_isnand.o)
 .text.__isnand
                0x80039788       0x1c d:/programmes/atmel/studio/7.0/toolchain/avr32/avr32-gnu-toolchain/bin/../lib/gcc/avr32/4.4.7/../../../../avr32/lib/ucr3fp\libm.a(lib_a-s_isnand.o)
                0x80039788                __isnand
 .text          0x800397a4        0x0 d:/programmes/atmel/studio/7.0/toolchain/avr32/avr32-gnu-toolchain/bin/../lib/gcc/avr32/4.4.7/../../../../avr32/lib/ucr3fp\libm.a(lib_a-s_lib_ver.o)
 .text          0x800397a4        0x0 d:/programmes/atmel/studio/7.0/toolchain/avr32/avr32-gnu-toolchain/bin/../lib/gcc/avr32/4.4.7/../../../../avr32/lib/ucr3fp\libm.a(lib_a-s_matherr.o)
 .text.matherr  0x800397a4        0x2 d:/programmes/atmel/studio/7.0/toolchain/avr32/avr32-gnu-toolchain/bin/../lib/gcc/avr32/4.4.7/../../../../avr32/lib/ucr3fp\libm.a(lib_a-s_matherr.o)
                0x800397a4                matherr
 .text          0x800397a6        0x0 d:/programmes/atmel/studio/7.0/toolchain/avr32/avr32-gnu-toolchain/bin/../lib/gcc/avr32/4.4.7/../../../../avr32/lib/ucr3fp\libm.a(lib_a-s_nan.o)
 .text.nan      0x800397a6        0x8 d:/programmes/atmel/studio/7.0/toolchain/avr32/avr32-gnu-toolchain/bin/../lib/gcc/avr32/4.4.7/../../../../avr32/lib/ucr3fp\libm.a(lib_a-s_nan.o)
                0x800397a6                nan
 .text          0x800397ae        0x0 d:/programmes/atmel/studio/7.0/toolchain/avr32/avr32-gnu-toolchain/bin/../lib/gcc/avr32/4.4.7/../../../../avr32/lib/ucr3fp\libm.a(lib_a-s_rint.o)
 *fill*         0x800397ae        0x2 d703d703
 .text.rint     0x800397b0      0x124 d:/programmes/atmel/studio/7.0/toolchain/avr32/avr32-gnu-toolchain/bin/../lib/gcc/avr32/4.4.7/../../../../avr32/lib/ucr3fp\libm.a(lib_a-s_rint.o)
                0x800397b0                rint
 .text          0x800398d4        0x0 d:/programmes/atmel/studio/7.0/toolchain/avr32/avr32-gnu-toolchain/bin/../lib/gcc/avr32/4.4.7/../../../../avr32/lib/ucr3fp\libm.a(lib_a-s_scalbn.o)
 .text.scalbn   0x800398d4       0xf0 d:/programmes/atmel/studio/7.0/toolchain/avr32/avr32-gnu-toolchain/bin/../lib/gcc/avr32/4.4.7/../../../../avr32/lib/ucr3fp\libm.a(lib_a-s_scalbn.o)
                0x800398d4                scalbn
 .text          0x800399c4        0x0 d:/programmes/atmel/studio/7.0/toolchain/avr32/avr32-gnu-toolchain/bin/../lib/gcc/avr32/4.4.7/../../../../avr32/lib/ucr3fp\libm.a(lib_a-sf_isnan.o)
 .text.isnanf   0x800399c4        0xe d:/programmes/atmel/studio/7.0/toolchain/avr32/avr32-gnu-toolchain/bin/../lib/gcc/avr32/4.4.7/../../../../avr32/lib/ucr3fp\libm.a(lib_a-sf_isnan.o)
                0x800399c4                isnanf
 .text          0x800399d2        0x0 d:/programmes/atmel/studio/7.0/toolchain/avr32/avr32-gnu-toolchain/bin/../lib/gcc/avr32/4.4.7/../../../../avr32/lib/ucr3fp\libm.a(lib_a-s_copysign.o)
 .text.copysign
                0x800399d2       0x18 d:/programmes/atmel/studio/7.0/toolchain/avr32/avr32-gnu-toolchain/bin/../lib/gcc/avr32/4.4.7/../../../../avr32/lib/ucr3fp\libm.a(lib_a-s_copysign.o)
                0x800399d2                copysign
 *fill*         0x800399ea        0x2 d703d703
 .text          0x800399ec      0x1d4 d:/programmes/atmel/studio/7.0/toolchain/avr32/avr32-gnu-toolchain/bin/../lib/gcc/avr32/4.4.7/ucr3fp\libgcc.a(_avr32_f64_mul.o)
                0x800399ec                __avr32_f64_mul
 .text          0x80039bc0      0x2b0 d:/programmes/atmel/studio/7.0/toolchain/avr32/avr32-gnu-toolchain/bin/../lib/gcc/avr32/4.4.7/ucr3fp\libgcc.a(_avr32_f64_addsub.o)
                0x80039bc4                __avr32_f64_sub
                0x80039d60                __avr32_f64_add
 .text          0x80039e70       0x2a d:/programmes/atmel/studio/7.0/toolchain/avr32/avr32-gnu-toolchain/bin/../lib/gcc/avr32/4.4.7/ucr3fp\libgcc.a(_avr32_f64_to_s32.o)
                0x80039e70                __avr32_f64_to_u32
                0x80039e74                __avr32_f64_to_s32
 .text          0x80039e9a       0x60 d:/programmes/atmel/studio/7.0/toolchain/avr32/avr32-gnu-toolchain/bin/../lib/gcc/avr32/4.4.7/ucr3fp\libgcc.a(_avr32_f64_to_s64.o)
                0x80039e9a                __avr32_f64_to_u64
                0x80039ea6                __avr32_f64_to_s64
 .text          0x80039efa       0xe8 d:/programmes/atmel/studio/7.0/toolchain/avr32/avr32-gnu-toolchain/bin/../lib/gcc/avr32/4.4.7/ucr3fp\libgcc.a(_avr32_s32_to_f64.o)
                0x80039efa                __avr32_u32_to_f64
                0x80039f02                __avr32_s32_to_f64
 .text          0x80039fe2       0x26 d:/programmes/atmel/studio/7.0/toolchain/avr32/avr32-gnu-toolchain/bin/../lib/gcc/avr32/4.4.7/ucr3fp\libgcc.a(_avr32_f64_cmp_eq.o)
                0x80039fe2                __avr32_f64_cmp_eq
 .text          0x8003a008       0x68 d:/programmes/atmel/studio/7.0/toolchain/avr32/avr32-gnu-toolchain/bin/../lib/gcc/avr32/4.4.7/ucr3fp\libgcc.a(_avr32_f64_cmp_ge.o)
                0x8003a008                __avr32_f64_cmp_ge
 .text          0x8003a070       0x68 d:/programmes/atmel/studio/7.0/toolchain/avr32/avr32-gnu-toolchain/bin/../lib/gcc/avr32/4.4.7/ucr3fp\libgcc.a(_avr32_f64_cmp_lt.o)
                0x8003a070                __avr32_f64_cmp_lt
 .text          0x8003a0d8       0x34 d:/programmes/atmel/studio/7.0/toolchain/avr32/avr32-gnu-toolchain/bin/../lib/gcc/avr32/4.4.7/ucr3fp\libgcc.a(_avr32_f32_cmp_lt.o)
                0x8003a0d8                __avr32_f32_cmp_lt
 .text          0x8003a10c      0x318 d:/programmes/atmel/studio/7.0/toolchain/avr32/avr32-gnu-toolchain/bin/../lib/gcc/avr32/4.4.7/ucr3fp\libgcc.a(_avr32_f64_div.o)
                0x8003a10c                __avr32_f64_div
 .text          0x8003a424      0x160 d:/programmes/atmel/studio/7.0/toolchain/avr32/avr32-gnu-toolchain/bin/../lib/gcc/avr32/4.4.7/ucr3fp\libgcc.a(_avr32_f32_div.o)
                0x8003a424                __avr32_f32_div
 .text          0x8003a584      0x180 d:/programmes/atmel/studio/7.0/toolchain/avr32/avr32-gnu-toolchain/bin/../lib/gcc/avr32/4.4.7/ucr3fp\libgcc.a(_avr32_f32_addsub.o)
                0x8003a588                __avr32_f32_sub
                0x8003a658                __avr32_f32_add
 .text          0x8003a704       0xe2 d:/programmes/atmel/studio/7.0/toolchain/avr32/avr32-gnu-toolchain/bin/../lib/gcc/avr32/4.4.7/ucr3fp\libgcc.a(_avr32_f32_mul.o)
                0x8003a704                __avr32_f32_mul
 .text          0x8003a7e6       0x60 d:/programmes/atmel/studio/7.0/toolchain/avr32/avr32-gnu-toolchain/bin/../lib/gcc/avr32/4.4.7/ucr3fp\libgcc.a(_avr32_f32_to_f64.o)
                0x8003a7e6                __avr32_f32_to_f64
 .text          0x8003a846       0x8a d:/programmes/atmel/studio/7.0/toolchain/avr32/avr32-gnu-toolchain/bin/../lib/gcc/avr32/4.4.7/ucr3fp\libgcc.a(_avr32_f64_to_f32.o)
                0x8003a846                __avr32_f64_to_f32
 .text          0x8003a8d0       0x3c d:/programmes/atmel/studio/7.0/toolchain/avr32/avr32-gnu-toolchain/bin/../lib/gcc/avr32/4.4.7/ucr3fp\libgcc.a(_floatdidf.o)
                0x8003a8d0                __avr32_s64_to_f64
                0x8003a8d0                __floatdidf
 .text          0x8003a90c      0x2b4 d:/programmes/atmel/studio/7.0/toolchain/avr32/avr32-gnu-toolchain/bin/../lib/gcc/avr32/4.4.7/ucr3fp\libgcc.a(_divdi3.o)
                0x8003a90c                __avr32_sdiv64
                0x8003a90c                __divdi3
 .text          0x8003abc0      0x280 d:/programmes/atmel/studio/7.0/toolchain/avr32/avr32-gnu-toolchain/bin/../lib/gcc/avr32/4.4.7/ucr3fp\libgcc.a(_moddi3.o)
                0x8003abc0                __moddi3
                0x8003abc0                __avr32_smod64
 .text          0x8003ae40      0x264 d:/programmes/atmel/studio/7.0/toolchain/avr32/avr32-gnu-toolchain/bin/../lib/gcc/avr32/4.4.7/ucr3fp\libgcc.a(_udivdi3.o)
                0x8003ae40                __avr32_udiv64
                0x8003ae40                __udivdi3
 .text          0x8003b0a4      0x20c d:/programmes/atmel/studio/7.0/toolchain/avr32/avr32-gnu-toolchain/bin/../lib/gcc/avr32/4.4.7/ucr3fp\libgcc.a(_umoddi3.o)
                0x8003b0a4                __avr32_umod64
                0x8003b0a4                __umoddi3
 .text          0x8003b2b0        0x0 d:/programmes/atmel/studio/7.0/toolchain/avr32/avr32-gnu-toolchain/bin/../lib/gcc/avr32/4.4.7/../../../../avr32/lib/ucr3fp\libc.a(lib_a-errno.o)
 .text.__errno  0x8003b2b0        0xc d:/programmes/atmel/studio/7.0/toolchain/avr32/avr32-gnu-toolchain/bin/../lib/gcc/avr32/4.4.7/../../../../avr32/lib/ucr3fp\libc.a(lib_a-errno.o)
                0x8003b2b0                __errno
 .text          0x8003b2bc        0x0 d:/programmes/atmel/studio/7.0/toolchain/avr32/avr32-gnu-toolchain/bin/../lib/gcc/avr32/4.4.7/../../../../avr32/lib/ucr3fp\libc.a(lib_a-impure.o)
 .text          0x8003b2bc        0x0 d:/programmes/atmel/studio/7.0/toolchain/avr32/avr32-gnu-toolchain/bin/../lib/gcc/avr32/4.4.7/../../../../avr32/lib/ucr3fp\libc.a(lib_a-malloc.o)
 .text.free     0x8003b2bc       0x18 d:/programmes/atmel/studio/7.0/toolchain/avr32/avr32-gnu-toolchain/bin/../lib/gcc/avr32/4.4.7/../../../../avr32/lib/ucr3fp\libc.a(lib_a-malloc.o)
                0x8003b2bc                free
 .text.malloc   0x8003b2d4       0x18 d:/programmes/atmel/studio/7.0/toolchain/avr32/avr32-gnu-toolchain/bin/../lib/gcc/avr32/4.4.7/../../../../avr32/lib/ucr3fp\libc.a(lib_a-malloc.o)