Archive member included because of file (symbol)

d:/programmes/atmel/studio/7.0/toolchain/avr32/avr32-gnu-toolchain/bin/../lib/gcc/avr32/4.4.7/../../../../avr32/lib/ucr3fp\libm.a(lib_a-s_cos.o)
                              Library/communication/mavlink_waypoint_handler.o (cos)
d:/programmes/atmel/studio/7.0/toolchain/avr32/avr32-gnu-toolchain/bin/../lib/gcc/avr32/4.4.7/../../../../avr32/lib/ucr3fp\libm.a(lib_a-s_floor.o)
                              Library/communication/data_logging.o (floor)
d:/programmes/atmel/studio/7.0/toolchain/avr32/avr32-gnu-toolchain/bin/../lib/gcc/avr32/4.4.7/../../../../avr32/lib/ucr3fp\libm.a(lib_a-s_sin.o)
                              Library/communication/mavlink_waypoint_handler.o (sin)
d:/programmes/atmel/studio/7.0/toolchain/avr32/avr32-gnu-toolchain/bin/../lib/gcc/avr32/4.4.7/../../../../avr32/lib/ucr3fp\libm.a(lib_a-w_asin.o)
                              Library/util/coord_conventions.o (asin)
d:/programmes/atmel/studio/7.0/toolchain/avr32/avr32-gnu-toolchain/bin/../lib/gcc/avr32/4.4.7/../../../../avr32/lib/ucr3fp\libm.a(lib_a-w_atan2.o)
                              Library/communication/mavlink_waypoint_handler.o (atan2)
d:/programmes/atmel/studio/7.0/toolchain/avr32/avr32-gnu-toolchain/bin/../lib/gcc/avr32/4.4.7/../../../../avr32/lib/ucr3fp\libm.a(lib_a-w_fmod.o)
                              Library/util/quick_trig.o (fmod)
d:/programmes/atmel/studio/7.0/toolchain/avr32/avr32-gnu-toolchain/bin/../lib/gcc/avr32/4.4.7/../../../../avr32/lib/ucr3fp\libm.a(lib_a-w_pow.o)
                              Library/hal/bmp085.o (pow)
d:/programmes/atmel/studio/7.0/toolchain/avr32/avr32-gnu-toolchain/bin/../lib/gcc/avr32/4.4.7/../../../../avr32/lib/ucr3fp\libm.a(lib_a-w_sqrt.o)
                              Library/communication/hud_telemetry.o (sqrt)
d:/programmes/atmel/studio/7.0/toolchain/avr32/avr32-gnu-toolchain/bin/../lib/gcc/avr32/4.4.7/../../../../avr32/lib/ucr3fp\libm.a(lib_a-wf_sqrt.o)
                              Library/util/matrixlib_float.o (sqrtf)
d:/programmes/atmel/studio/7.0/toolchain/avr32/avr32-gnu-toolchain/bin/../lib/gcc/avr32/4.4.7/../../../../avr32/lib/ucr3fp\libm.a(lib_a-e_asin.o)
                              d:/programmes/atmel/studio/7.0/toolchain/avr32/avr32-gnu-toolchain/bin/../lib/gcc/avr32/4.4.7/../../../../avr32/lib/ucr3fp\libm.a(lib_a-w_asin.o) (__ieee754_asin)
d:/programmes/atmel/studio/7.0/toolchain/avr32/avr32-gnu-toolchain/bin/../lib/gcc/avr32/4.4.7/../../../../avr32/lib/ucr3fp\libm.a(lib_a-e_atan2.o)
                              d:/programmes/atmel/studio/7.0/toolchain/avr32/avr32-gnu-toolchain/bin/../lib/gcc/avr32/4.4.7/../../../../avr32/lib/ucr3fp\libm.a(lib_a-w_atan2.o) (__ieee754_atan2)
d:/programmes/atmel/studio/7.0/toolchain/avr32/avr32-gnu-toolchain/bin/../lib/gcc/avr32/4.4.7/../../../../avr32/lib/ucr3fp\libm.a(lib_a-e_fmod.o)
                              d:/programmes/atmel/studio/7.0/toolchain/avr32/avr32-gnu-toolchain/bin/../lib/gcc/avr32/4.4.7/../../../../avr32/lib/ucr3fp\libm.a(lib_a-w_fmod.o) (__ieee754_fmod)
d:/programmes/atmel/studio/7.0/toolchain/avr32/avr32-gnu-toolchain/bin/../lib/gcc/avr32/4.4.7/../../../../avr32/lib/ucr3fp\libm.a(lib_a-e_pow.o)
                              d:/programmes/atmel/studio/7.0/toolchain/avr32/avr32-gnu-toolchain/bin/../lib/gcc/avr32/4.4.7/../../../../avr32/lib/ucr3fp\libm.a(lib_a-w_pow.o) (__ieee754_pow)
d:/programmes/atmel/studio/7.0/toolchain/avr32/avr32-gnu-toolchain/bin/../lib/gcc/avr32/4.4.7/../../../../avr32/lib/ucr3fp\libm.a(lib_a-e_rem_pio2.o)
                              d:/programmes/atmel/studio/7.0/toolchain/avr32/avr32-gnu-toolchain/bin/../lib/gcc/avr32/4.4.7/../../../../avr32/lib/ucr3fp\libm.a(lib_a-s_cos.o) (__ieee754_rem_pio2)
d:/programmes/atmel/studio/7.0/toolchain/avr32/avr32-gnu-toolchain/bin/../lib/gcc/avr32/4.4.7/../../../../avr32/lib/ucr3fp\libm.a(lib_a-e_sqrt.o)
                              d:/programmes/atmel/studio/7.0/toolchain/avr32/avr32-gnu-toolchain/bin/../lib/gcc/avr32/4.4.7/../../../../avr32/lib/ucr3fp\libm.a(lib_a-w_sqrt.o) (__ieee754_sqrt)
d:/programmes/atmel/studio/7.0/toolchain/avr32/avr32-gnu-toolchain/bin/../lib/gcc/avr32/4.4.7/../../../../avr32/lib/ucr3fp\libm.a(lib_a-ef_sqrt.o)
                              d:/programmes/atmel/studio/7.0/toolchain/avr32/avr32-gnu-toolchain/bin/../lib/gcc/avr32/4.4.7/../../../../avr32/lib/ucr3fp\libm.a(lib_a-wf_sqrt.o) (__ieee754_sqrtf)
d:/programmes/atmel/studio/7.0/toolchain/avr32/avr32-gnu-toolchain/bin/../lib/gcc/avr32/4.4.7/../../../../avr32/lib/ucr3fp\libm.a(lib_a-k_cos.o)
                              d:/programmes/atmel/studio/7.0/toolchain/avr32/avr32-gnu-toolchain/bin/../lib/gcc/avr32/4.4.7/../../../../avr32/lib/ucr3fp\libm.a(lib_a-s_cos.o) (__kernel_cos)
d:/programmes/atmel/studio/7.0/toolchain/avr32/avr32-gnu-toolchain/bin/../lib/gcc/avr32/4.4.7/../../../../avr32/lib/ucr3fp\libm.a(lib_a-k_rem_pio2.o)
[...]
Memory Configuration

Name             Origin             Length             Attributes
FLASH            0x80000000         0x00080000         axrl !w
CPUSRAM          0x00000004         0x0000fffc         axw !rl
USERPAGE         0x80800000         0x00000200
FACTORYPAGE      0x80800200         0x00000200
FLASHVAULT_FLASH_SIZE 0x80800400         0x00000008         r
FLASHVAULT_RAM_SIZE 0x80800408         0x00000008         r
*default*        0x00000000         0xffffffff

Linker script and memory map

                0x00001000                _stack_size = 0x1000
LOAD Library/communication/console.o
LOAD Library/communication/data_logging.o
LOAD Library/communication/data_logging_telemetry.o
LOAD Library/communication/hud_telemetry.o
LOAD Library/communication/mavlink_communication.o
LOAD Library/communication/mavlink_message_handler.o
LOAD Library/communication/mavlink_waypoint_handler.o
LOAD Library/communication/remote.o
LOAD Library/communication/remote_telemetry.o
LOAD Library/communication/state.o
LOAD Library/communication/state_machine.o
LOAD Library/communication/state_telemetry.o
LOAD Library/control/adaptive_parameter.o
LOAD Library/control/altitude_controller.o
LOAD Library/control/attitude_controller.o
LOAD Library/control/attitude_controller_p2.o
LOAD Library/control/attitude_error_estimator.o
LOAD Library/control/joystick_parsing.o
LOAD Library/control/joystick_parsing_telemetry.o
LOAD Library/control/pid_controller.o
LOAD Library/control/servos_mix_quadcopter_cross.o
LOAD Library/control/servos_mix_quadcopter_diag.o
LOAD Library/control/stabilisation_copter.o
LOAD Library/control/stabilisation_telemetry.o
LOAD Library/control/vector_field_waypoint.o
LOAD Library/control/velocity_controller_copter.o
LOAD Library/hal/analog_monitor_telemetry.o
LOAD Library/hal/analog_monitor.o
LOAD Library/hal/bmp085_telemetry.o
LOAD Library/hal/fat_fs/diskio.o
LOAD Library/hal/fat_fs/ff.o
LOAD Library/hal/fat_fs/option/ccsbcs.o
LOAD Library/hal/fat_fs/option/syscall.o
LOAD Library/hal/fat_fs/option/unicode.o
LOAD Library/hal/gps_ublox.o
LOAD Library/hal/gps_ublox_telemetry.o
LOAD Library/hal/hmc5883l.o
LOAD Library/hal/i2c_driver_int.o
LOAD Library/hal/lsm330dlc.o
LOAD Library/hal/piezo_speaker.o
LOAD Library/hal/pwm_servos.o
LOAD Library/hal/sd_spi.o
LOAD Library/hal/servos.o
LOAD Library/hal/servos_telemetry.o
LOAD Library/hal/sonar_i2cxl.o
LOAD Library/hal/sonar_telemetry.o
LOAD Library/hal/spektrum_satellite.o
LOAD Library/hal/time_keeper.o
LOAD Library/hal/usb_int.o
LOAD Library/hal/xbee.o
LOAD Library/runtime/scheduler_telemetry.o
LOAD Library/sensing/ahrs.o
LOAD Library/sensing/ahrs_telemetry.o
LOAD Library/sensing/altitude_estimation.o
LOAD Library/sensing/altitude_estimation_telemetry.o
LOAD Library/sensing/imu_telemetry.o
LOAD Library/sensing/position_estimation.o
LOAD Library/sensing/position_estimation_telemetry.o
LOAD Library/sensing/qfilter.o
LOAD Library/sensing/simulation_telemetry.o
LOAD Library/util/linear_algebra.o
LOAD Library/util/matrixlib_float.o
LOAD Library/util/quick_trig.o
LOAD src/central_data.o
LOAD src/mavlink_telemetry.o
LOAD src/tasks.o
LOAD Library/communication/mavlink_stream.o
LOAD Library/communication/onboard_parameters.o
LOAD Library/control/navigation.o
LOAD Library/control/stabilisation.o
LOAD Library/hal/adc_int.o
LOAD Library/hal/ads1274.o
LOAD Library/hal/bmp085.o
LOAD Library/hal/dac_dma.o
LOAD Library/hal/led.o
LOAD Library/hal/spi_buffered.o
LOAD Library/hal/uart_int.o
LOAD Library/runtime/scheduler.o
LOAD Library/sensing/imu.o
LOAD Library/sensing/simulation.o
LOAD Library/util/buffer.o
LOAD Library/util/coord_conventions.o
LOAD Library/util/generator.o
LOAD Library/util/print_util.o
LOAD Library/util/sinus.o
LOAD src/asf/avr32/drivers/adcifa/adcifa.o
LOAD src/asf/avr32/drivers/ast/ast.o
LOAD src/asf/avr32/drivers/dacifb/dacifb.o
LOAD src/asf/avr32/drivers/eic/eic.o
LOAD src/asf/avr32/drivers/flashc/flashc.o
LOAD src/asf/avr32/drivers/gpio/gpio.o
LOAD src/asf/avr32/drivers/intc/exception.o
LOAD src/asf/avr32/drivers/intc/intc.o
LOAD src/asf/avr32/drivers/pdca/pdca.o
LOAD src/asf/avr32/drivers/pevc/pevc.o
LOAD src/asf/avr32/drivers/pm/pm_uc3c.o
LOAD src/asf/avr32/drivers/pm/power_clocks_lib.o
LOAD src/asf/avr32/drivers/pwm/pwm4.o
LOAD src/asf/avr32/drivers/scif/scif_uc3c.o
LOAD src/asf/avr32/drivers/spi/spi.o
LOAD src/asf/avr32/drivers/tc/tc.o
LOAD src/asf/avr32/drivers/twim/twim.o
LOAD src/asf/avr32/drivers/usart/usart.o
LOAD src/asf/avr32/drivers/usbc/usbc_device.o
LOAD src/asf/avr32/services/delay/delay.o
LOAD src/asf/avr32/utils/startup/startup_uc3.o
LOAD src/asf/avr32/utils/startup/trampoline_uc3.o
LOAD src/asf/common/boards/user_board/init.o
LOAD src/asf/common/services/clock/uc3c/osc.o
LOAD src/asf/common/services/clock/uc3c/pll.o
LOAD src/asf/common/services/clock/uc3c/sysclk.o
LOAD src/asf/common/services/sleepmgr/uc3/sleepmgr.o
LOAD src/asf/common/services/spi/uc3_spi/spi_master.o
LOAD src/asf/common/services/usb/class/cdc/device/udi_cdc.o
LOAD src/asf/common/services/usb/class/cdc/device/udi_cdc_desc.o
LOAD src/asf/common/services/usb/udc/udc.o
LOAD src/asf/common/utils/stdio/read.o
LOAD src/asf/common/utils/stdio/stdio_usb/stdio_usb.o
LOAD src/asf/common/utils/stdio/write.o
LOAD src/boardsupport.o
LOAD src/main.o
START GROUP
END GROUP
LOAD d:/programmes/atmel/studio/7.0/toolchain/avr32/avr32-gnu-toolchain/bin/../lib/gcc/avr32/4.4.7/ucr3fp\libstdc++.a
LOAD d:/programmes/atmel/studio/7.0/toolchain/avr32/avr32-gnu-toolchain/bin/../lib/gcc/avr32/4.4.7/../../../../avr32/lib/ucr3fp\libm.a
LOAD d:/programmes/atmel/studio/7.0/toolchain/avr32/avr32-gnu-toolchain/bin/../lib/gcc/avr32/4.4.7/ucr3fp\libgcc.a
LOAD d:/programmes/atmel/studio/7.0/toolchain/avr32/avr32-gnu-toolchain/bin/../lib/gcc/avr32/4.4.7/../../../../avr32/lib/ucr3fp\libc.a
LOAD d:/programmes/atmel/studio/7.0/toolchain/avr32/avr32-gnu-toolchain/bin/../lib/gcc/avr32/4.4.7/ucr3fp\libgcc.a
                0x80000000                PROVIDE (__executable_start, 0x80000000)
                0x80000000                . = 0x80000000

.interp
 *(.interp)

.reset          0x80000000     0x2010
 *(.reset)
 .reset         0x80000000        0x8 src/asf/avr32/utils/startup/startup_uc3.o
                0x80000000                _start
 .reset         0x80000008     0x2008 src/asf/avr32/utils/startup/trampoline_uc3.o
                0x80000008                _trampoline

.hash
 *(.hash)

.dynsym
 *(.dynsym)

.dynstr
 *(.dynstr)

.gnu.version
 *(.gnu.version)

.gnu.version_d
 *(.gnu.version_d)

.gnu.version_r
 *(.gnu.version_r)

.rel.init
 *(.rel.init)

.rela.init
 *(.rela.init)

.rel.text
 *(.rel.text .rel.text.* .rel.gnu.linkonce.t.*)

.rela.text
 *(.rela.text .rela.text.* .rela.gnu.linkonce.t.*)

.rel.fini
 *(.rel.fini)

.rela.fini
 *(.rela.fini)

.rel.rodata
 *(.rel.rodata .rel.rodata.* .rel.gnu.linkonce.r.*)

.rela.rodata
 *(.rela.rodata .rela.rodata.* .rela.gnu.linkonce.r.*)

.rel.data.rel.ro
 *(.rel.data.rel.ro*)

.rela.data.rel.ro
 *(.rel.data.rel.ro*)

.rel.data
 *(.rel.data .rel.data.* .rel.gnu.linkonce.d.*)

.rela.data
 *(.rela.data .rela.data.* .rela.gnu.linkonce.d.*)

.rel.tdata
 *(.rel.tdata .rel.tdata.* .rel.gnu.linkonce.td.*)

.rela.tdata
 *(.rela.tdata .rela.tdata.* .rela.gnu.linkonce.td.*)

.rel.tbss
 *(.rel.tbss .rel.tbss.* .rel.gnu.linkonce.tb.*)

.rela.tbss
 *(.rela.tbss .rela.tbss.* .rela.gnu.linkonce.tb.*)

.rel.ctors
 *(.rel.ctors)

.rela.ctors
 *(.rela.ctors)

.rel.dtors
 *(.rel.dtors)

.rela.dtors
 *(.rela.dtors)

.rel.got
 *(.rel.got)

.rela.got       0x80002010        0x0
 *(.rela.got)
 .rela.got      0x80002010        0x0 Library/communication/console.o

.rel.bss
 *(.rel.bss .rel.bss.* .rel.gnu.linkonce.b.*)

.rela.bss
 *(.rela.bss .rela.bss.* .rela.gnu.linkonce.b.*)

.rel.plt
 *(.rel.plt)

.rela.plt
 *(.rela.plt)

.init
 *(.init)

.plt
 *(.plt)

.text           0x80002010    0x3e6d8
 *(.text .stub .text.* .gnu.linkonce.t.*)
 .text          0x80002010      0x13c Library/communication/console.o
                0x80002010                console_get_in_stream
                0x8000202c                console_get_out_stream
                0x80002048                console_init
 .text          0x8000214c     0x19cc Library/communication/data_logging.o
                0x80002390                data_logging_add_parameter_double
                0x8000240c                data_logging_add_parameter_float
                0x80002488                data_logging_add_parameter_int64
                0x80002504                data_logging_add_parameter_uint64
                0x80002580                data_logging_add_parameter_int32
                0x800025fc                data_logging_add_parameter_uint32
                0x80002678                data_logging_add_parameter_int16
                0x800026f4                data_logging_add_parameter_uint16
                0x80002770                data_logging_add_parameter_int8
                0x800027ec                data_logging_add_parameter_uint8
                0x80002868                data_logging_init
                0x800029c0                data_logging_create_new_log_file
                0x80002c64                data_logging_update
 .text          0x80003b18       0xa4 Library/communication/data_logging_telemetry.o
                0x80003b18                data_logging_telemetry_init
 .text          0x80003bbc      0x318 Library/communication/hud_telemetry.o
                0x80003bbc                hud_telemetry_send_message
                0x80003ea8                hud_telemetry_init
 .text          0x80003ed4      0x3fc Library/communication/mavlink_communication.o
                0x80003ed4                mavlink_communication_send_message
                0x80003f0c                mavlink_communication_add_msg_send
                0x80003fa0                mavlink_communication_suspend_downstream
                0x80003fe8                mavlink_communication_update
                0x80004048                mavlink_communication_init
 .text          0x800042d0      0x8b4 Library/communication/mavlink_message_handler.o
                0x800042d0                mavlink_message_handler_add_cmd_callback
                0x80004334                mavlink_message_handler_add_msg_callback
                0x8000439c                mavlink_message_handler_cmd_default_dbg
                0x800044e8                mavlink_message_handler_msg_default_dbg
                0x80004588                mavlink_message_handler_receive
                0x80004ae4                mavlink_message_handler_init
 .text          0x80004b84     0x37b8 Library/communication/mavlink_waypoint_handler.o
                0x80004ce4                waypoint_handler_init_homing_waypoint
                0x80004d2c                waypoint_handler_control_time_out_waypoint_msg
                0x80004e14                waypoint_handler_init_waypoint_list
                0x80004f74                waypoint_handler_set_waypoint_from_frame
                0x8000554c                waypoint_handler_nav_plan_init
                0x80005750                waypoint_handler_init
 .text          0x8000833c      0xa34 Library/communication/remote.o
                0x8000833c                remote_calibrate
                0x8000835e                remote_get_throttle
                0x8000836c                remote_get_roll
                0x8000837a                remote_get_pitch
                0x80008388                remote_get_yaw
                0x80008396                remote_mode_init
                0x800083e4                remote_init
                0x800084cc                remote_mode_get
                0x800084da                remote_get_rate_command
                0x80008518                remote_get_thrust_command
                0x80008538                remote_get_velocity_command
                0x80008590                remote_get_attitude_command_integrate_yaw
                0x80008684                remote_get_attitude_command
                0x80008738                remote_update
                0x80008a28                remote_get_velocity_vector_from_remote
                0x80008a98                remote_get_command_from_remote
                0x80008af0                remote_mode_update
                0x80008d4c                remote_check
 .text          0x80008d70      0x644 Library/communication/remote_telemetry.o
                0x80008ddc                remote_telemetry_init
                0x80008e2c                remote_telemetry_send_raw
                0x800090dc                remote_telemetry_send_scaled
 .text          0x800093b4       0xa4 Library/communication/state.o
                0x800093b4                state_switch_to_active_mode
                0x800093e8                state_init
 .text          0x80009458      0x214 Library/communication/state_machine.o
                0x80009458                state_machine_init
                0x8000948c                state_machine_update
 .text          0x8000966c      0x81c Library/communication/state_telemetry.o
                0x8000966c                state_telemetry_send_status
                0x800098e0                state_telemetry_init
                0x80009bac                state_telemetry_send_heartbeat
 .text          0x80009e88      0x244 Library/control/adaptive_parameter.o
                0x80009e88                adaptive_parameter_get_param_set
                0x80009ea4                adaptive_parameter_init
                0x80009ec4                adaptive_parameter_add
                0x80009f6c                adaptive_parameter_update
                0x8000a038                adaptive_parameter_update_all
 .text          0x8000a0cc       0x88 Library/control/altitude_controller.o
                0x8000a0cc                altitude_controller_update
                0x8000a120                altitude_controller_init
 .text          0x8000a154      0x248 Library/control/attitude_controller.o
                0x8000a154                attitude_controller_init
                0x8000a1f8                attitude_controller_update
 .text          0x8000a39c       0xe8 Library/control/attitude_controller_p2.o
                0x8000a39c                attitude_controller_p2_update
                0x8000a440                attitude_controller_p2_init
 .text          0x8000a484      0x2dc Library/control/attitude_error_estimator.o
                0x8000a484                attitude_error_estimator_init
                0x8000a4a4                attitude_error_estimator_set_quat_ref
                0x8000a4c2                attitude_error_estimator_set_quat_ref_from_rpy
                0x8000a520                attitude_error_estimator_set_quat_ref_from_aero
                0x8000a56c                attitude_error_estimator_update
 .text          0x8000a760      0x56c Library/control/joystick_parsing.o
                0x8000a760                joystick_parsing_button
                0x8000a77c                joystick_parsing_get_throttle
                0x8000a788                joystick_parsing_get_roll
                0x8000a794                joystick_parsing_get_pitch
                0x8000a7a0                joystick_parsing_get_yaw
                0x8000a7ac                joystick_parsing_get_velocity_vector_from_joystick
                0x8000a874                joystick_parsing_get_attitude_command_from_joystick
                0x8000a924                joystick_parsing_get_rate_command
                0x8000a964                joystick_parsing_get_thrust_command
                0x8000a984                joystick_parsing_get_velocity_command
                0x8000a9dc                joystick_parsing_get_attitude_command_integrate_yaw
                0x8000aad0                joystick_parsing_get_attitude_command
                0x8000ab84                joystick_parsing_init
                0x8000abbc                joystick_parsing_button_1
                0x8000ac58                joystick_parsing_button_mask
 .text          0x8000accc      0x49c Library/control/joystick_parsing_telemetry.o
                0x8000accc                joystick_parsing_telemetry_send_manual_ctrl_msg
                0x8000b044                joystick_parsing_telemetry_init
                0x8000b08c                joystick_parsing_telemetry_parse_msg
 .text          0x8000b168      0x2f0 Library/control/pid_controller.o
                0x8000b168                pid_controller_reset_integrator
                0x8000b176                pid_controller_update_dt
                0x8000b268                pid_controller_init_pass_through
                0x8000b2bc                pid_controller_init
                0x8000b324                pid_controller_update
 .text          0x8000b458      0x184 Library/control/servos_mix_quadcopter_cross.o
                0x8000b458                servo_mix_quadcotper_cross_init
                0x8000b490                servos_mix_quadcopter_cross_update
 .text          0x8000b5dc      0x18c Library/control/servos_mix_quadcopter_diag.o
                0x8000b5dc                servo_mix_quadcotper_diag_init
                0x8000b614                servos_mix_quadcopter_diag_update
 .text          0x8000b768      0xa68 Library/control/stabilisation_copter.o
                0x8000b768                stabilisation_copter_mix_to_servos_cross_quad
                0x8000b8a4                stabilisation_copter_mix_to_servos_diag_quad
                0x8000b9f4                stabilisation_copter_init
                0x8000ba88                stabilisation_copter_position_hold
                0x8000bc34                stabilisation_copter_cascade_stabilise
 .text          0x8000c1d0      0x908 Library/control/stabilisation_telemetry.o
                0x8000c1d0                stabilisation_telemetry_send_rpy_rates_error
                0x8000c408                stabilisation_telemetry_send_rpy_speed_thrust_setpoint
                0x8000c644                stabilisation_send_command
                0x8000c8a0                stabilisation_telemetry_send_rpy_thrust_setpoint
 .text          0x8000cad8      0x5d8 Library/control/vector_field_waypoint.o
                0x8000cad8                vector_field_waypoint_init
                0x8000cae8                vector_field_waypoint_update
 .text          0x8000d0b0      0x2cc Library/control/velocity_controller_copter.o
                0x8000d0b0                velocity_controller_copter_init
                0x8000d118                velocity_controller_copter_update
 .text          0x8000d37c      0x200 Library/hal/analog_monitor_telemetry.o
                0x8000d37c                analog_monitor_telemetry_send_sonar
 .text          0x8000d57c      0x64c Library/hal/analog_monitor.o
                0x8000d57c                analog_compute_avg
                0x8000d620                analog_monitor_init
                0x8000d9b0                trigger_analog_monitor
                0x8000d9d8                analog_monitor_update
 .text          0x8000dbc8      0x410 Library/hal/bmp085_telemetry.o
                0x8000dbc8                bmp085_telemetry_send_pressure
 .text          0x8000dfd8      0x290 Library/hal/fat_fs/diskio.o
                0x8000dfd8                get_fattime
                0x8000e0c0                disk_ioctl
                0x8000e148                disk_write
                0x8000e1a0                disk_read
                0x8000e1ec                disk_status
                0x8000e230                disk_initialize
 .text          0x8000e268     0x60f8 Library/hal/fat_fs/ff.o
                0x8000e268                clust2sect
                0x8000e718                f_closedir
                0x8000f168                f_mount
                0x8000f254                f_sync
                0x8000f3e8                f_close
                0x8000f448                get_fat
                0x8000f7a0                f_getfree
                0x8000f964                f_read
                0x8000fc64                f_gets
                0x8000fce4                put_fat
                0x80011200                f_readdir
                0x800115d8                f_lseek
                0x800117c4                f_write
                0x80011af4                f_puts
                0x80011bac                f_putc
                0x80011c00                f_printf
                0x80012358                f_truncate
                0x800125f0                f_opendir
                0x800126d8                f_utime
                0x80012780                f_chmod
                0x80012828                f_unlink
                0x800134f8                f_rename
                0x800137d8                f_mkdir
                0x80013b54                f_open
                0x80013e74                f_stat
 .text          0x80014360      0x588 Library/hal/fat_fs/option/ccsbcs.o
                0x80014360                ff_convert
                0x800143d8                ff_wtoupper
 .text          0x800148e8       0x38 Library/hal/fat_fs/option/syscall.o
                0x800148e8                ff_memfree
                0x80014904                ff_memalloc
 .text          0x80014920        0x0 Library/hal/fat_fs/option/unicode.o
 .text          0x80014920     0x252c Library/hal/gps_ublox.o
                0x800149a4                gps_ublox_init
                0x80014e4c                gps_ublox_configure_gps
                0x80014f68                gps_ublox_update
 .text          0x80016e4c      0x570 Library/hal/gps_ublox_telemetry.o
                0x80016e4c                gps_ublox_telemetry_send_raw
 .text          0x800173bc       0xd4 Library/hal/hmc5883l.o
                0x800173bc                hmc5883l_update
                0x80017424                hmc5883l_init_slow
 .text          0x80017490      0x2fc Library/hal/i2c_driver_int.o
                0x80017570                i2c_driver_trigger_request
                0x80017634                i2c_driver_reset
                0x8001769e                i2c_driver_init
 .text          0x8001778c      0x3c8 Library/hal/lsm330dlc.o
                0x8001778c                lsm330dlc_init
                0x800178b0                lsm330dlc_acc_update
                0x800179e8                lsm330dlc_gyro_update
 .text          0x80017b54      0x63c Library/hal/piezo_speaker.o
                0x80017b54                piezo_speaker_init_binary
                0x80017b9c                piezo_speaker_init
                0x80017c08                piezo_speaker_beep
                0x80017cd8                piezo_speaker_mario_melody
                0x80017dac                piezo_speaker_star_wars
                0x80017fe0                piezo_speaker_critical_error_melody
                0x80018028                piezo_speaker_startup_bb
                0x80018078                piezo_speaker_quick_startup
                0x800180b8                piezo_speaker_startup_melody
 .text          0x80018190      0x378 Library/hal/pwm_servos.o
                0x80018190                write_channels
                0x800181da                pwm_servos_write_to_hardware
                0x8001836c                pwm_servos_calibrate_esc
                0x800183e8                pwm_servos_init
                0x80018500                servo_timer_freq
                0x80018504                servo_center_pulse_us
                0x80018506                servo_magnitude
 .text          0x80018508     0x30ac Library/hal/sd_spi.o
                0x80018508                sd_spi_get_sector_count
                0x80018530                sd_spi_get_sector_size
                0x80018540                sd_spi_get_block_size
                0x800185b4                sd_spi_get_capacity
                0x80018a74                sd_spi_reset_card
                0x80018b54                sd_spi_wait_not_busy
                0x80018bf4                sd_spi_write_given_sector_from_ram
                0x80018e98                sd_mmc_spi_read_open_PDCA
                0x80018fcc                sd_spi_read_sector_to_ram_pcda
                0x80019158                sd_spi_status
                0x800194b8                sd_spi_read_given_sector_to_ram
                0x80019660                sd_mmc_spi_read_sector_to_ram
                0x800197e0                sd_spi_write_sector_from_ram
                0x800199e4                is_sd_spi_write_pwd_locked
                0x80019d78                sd_spi_init
                0x8001ab64                sd_spi_mem_check
                0x8001af08                sd_spi_test
                0x8001b1b0                dummy_data
 .text          0x8001b5b4       0xf4 Library/hal/servos.o
                0x8001b5b4                servos_set_value
                0x8001b610                servos_set_value_failsafe
                0x8001b63c                servos_init
 .text          0x8001b6a8      0x2b8 Library/hal/servos_telemetry.o
                0x8001b6a8                servos_telemetry_mavlink_send
 .text          0x8001b960      0x164 Library/hal/sonar_i2cxl.o
                0x8001b960                sonar_i2cxl_init
                0x8001b9d4                sonar_i2cxl_get_last_measure
                0x8001ba64                sonar_i2cxl_send_range_command
                0x8001ba94                sonar_i2cxl_update
                0x8001bac0                SONAR_I2CXL_DEFAULT_ADDRESS
                0x8001bac1                SONAR_I2CXL_RANGE_COMMAND
                0x8001bac2                SONAR_I2CXL_CHANGE_ADDRESS_COMMAND_1
                0x8001bac3                SONAR_I2CXL_CHANGE_ADDRESS_COMMAND_2
 .text          0x8001bac4      0x414 Library/hal/sonar_telemetry.o
                0x8001bac4                sonar_telemetry_send
 .text          0x8001bed8      0x5c8 Library/hal/spektrum_satellite.o
                0x8001bed8                spektrum_satellite_get_channel
                0x8001befc                spektrum_satellite_get_neutral
                0x8001c1a8                spektrum_satellite_switch_off
                0x8001c1d4                spektrum_satellite_switch_on
                0x8001c200                spektrum_satellite_bind
                0x8001c37c                spektrum_satellite_init
 .text          0x8001c4a0      0x15c Library/hal/time_keeper.o
                0x8001c4a0                time_keeper_ticks_to_seconds
                0x8001c4dc                time_keeper_get_time_ticks
                0x8001c4fc                time_keeper_get_micros
                0x8001c518                time_keeper_delay_until
                0x8001c53c                time_keeper_delay_micros
                0x8001c56c                time_keeper_get_millis
                0x8001c598                time_keeper_get_time
                0x8001c5c8                time_keeper_init
 .text          0x8001c5fc       0xec Library/hal/usb_int.o
                0x8001c5fc                usb_int_set_usb_conf
                0x8001c624                usb_int_get_usb_handle
                0x8001c640                usb_int_register_write_stream
                0x8001c668                usb_int_register_read_stream
                0x8001c674                usb_int_send_byte
                0x8001c6c0                usb_int_init
 .text          0x8001c6e8       0xb8 Library/hal/xbee.o
                0x8001c6e8                xbee_get_in_stream
                0x8001c704                xbee_get_out_stream
                0x8001c720                xbee_init
 .text          0x8001c7a0      0xb28 Library/runtime/scheduler_telemetry.o
                0x8001c7a0                scheduler_telemetry_send_rt_stats
 .text          0x8001d2c8       0x62 Library/sensing/ahrs.o
                0x8001d2c8                ahrs_init
 *fill*         0x8001d32a        0x2 d703d703
 .text          0x8001d32c      0x580 Library/sensing/ahrs_telemetry.o
                0x8001d32c                ahrs_telemetry_send_attitude_quaternion
                0x8001d5f4                ahrs_telemetry_send_attitude
 .text          0x8001d8ac       0x30 Library/sensing/altitude_estimation.o
                0x8001d8ac                altitude_estimation_init
                0x8001d8c0                altitude_estimation_update
 .text          0x8001d8dc      0x3a4 Library/sensing/altitude_estimation_telemetry.o
                0x8001d8dc                altitude_estimation_telemetry_send
 .text          0x8001dc80      0x7b8 Library/sensing/imu_telemetry.o
                0x8001dc80                imu_telemetry_send_raw
                0x8001df50                imu_telemetry_init
                0x8001e158                imu_telemetry_send_scaled
 .text          0x8001e438      0xb44 Library/sensing/position_estimation.o
                0x8001e438                position_estimation_reset_home_altitude
                0x8001e5ac                position_estimation_init
                0x8001eb1c                position_estimation_update
 .text          0x8001ef7c      0x7f4 Library/sensing/position_estimation_telemetry.o
                0x8001ef7c                position_estimation_telemetry_init
                0x8001f17c                position_estimation_telemetry_send_position
                0x8001f410                position_estimation_telemetry_send_global_position
 .text          0x8001f770      0xb28 Library/sensing/qfilter.o
                0x8001f770                qfilter_init
                0x8001f7b0                qfilter_update
 .text          0x80020298      0xc9c Library/sensing/simulation_telemetry.o
                0x80020298                simulation_telemetry_send_state
                0x80020770                simulation_telemetry_init
                0x80020974                simulation_telemetry_send_quaternions
 .text          0x80020f34      0x920 Library/util/linear_algebra.o
                0x80020f34                inv4
                0x80021664                inv3
                0x800217c4                inv2
 .text          0x80021854      0x470 Library/util/matrixlib_float.o
                0x80021854                matf_zeros
                0x80021880                matf_diag
                0x800218ba                matf_copy
                0x800218dc                matf_cross
                0x80021930                matf_copy_part
                0x8002198e                matf_sum
                0x800219b4                matf_add
                0x800219e4                matf_multiply_factor
                0x80021a0a                matf_sub
                0x80021a3a                matf_tr
                0x80021a7a                matf_multiply
                0x80021b64                matf_multiply_Bt
                0x80021c40                matf_norm
                0x80021c78                matf_std
 .text          0x80021cc4      0x7ec Library/util/quick_trig.o
                0x80021cc4                quick_trig_atan
                0x80021dfc                quick_trig_acos
                0x80021edc                quick_trig_asin
                0x80021f04                quick_trig_tan
                0x8002200c                quick_trig_sin
                0x80022138                quick_trig_cos
                0x80022160                acos_x_min
                0x80022164                acos_x_max
                0x80022168                acos_x_step
                0x8002216c                acos_y
                0x80022234                sin_x_min
                0x80022238                sin_x_max
                0x8002223c                sin_x_step
                0x80022240                sin_y
                0x80022308                tan_x_min
                0x8002230c                tan_x_max
                0x80022310                tan_x_step
                0x80022314                tan_y
                0x800223dc                atan_x_min
                0x800223e0                atan_x_max
                0x800223e4                atan_x_step
                0x800223e8                atan_y
 .text          0x800224b0      0x46c src/central_data.o
                0x800224b0                central_data_get_pointer_to_struct
                0x800224cc                central_data_init
 .text          0x8002291c      0xae8 src/mavlink_telemetry.o
                0x8002291c                mavlink_telemetry_add_data_logging_parameters
                0x80022a04                mavlink_telemetry_add_onboard_parameters
                0x80022f80                mavlink_telemetry_init_communication_module
                0x80022fe8                mavlink_telemetry_init
 .text          0x80023404      0x56c src/tasks.o
                0x80023404                tasks_get_main_taskset
                0x80023430                tasks_create_tasks
                0x80023600                tasks_led_toggle
                0x80023620                tasks_run_sonar_update
                0x80023664                tasks_run_barometer_update
                0x800236a8                tasks_run_gps_update
                0x800236ec                tasks_run_imu_update
                0x8002378c                tasks_run_stabilisation
 .text          0x80023970      0x508 Library/communication/mavlink_stream.o
                0x80023970                mavlink_stream_init
                0x80023994                mavlink_stream_flush
                0x800239aa                mavlink_stream_receive
                0x80023d10                mavlink_stream_send
 .text          0x80023e78      0xaf4 Library/communication/onboard_parameters.o
                0x80023eb2                onboard_parameters_read_parameters_from_flashc
                0x80023f88                onboard_parameters_write_parameters_to_flashc
                0x80024064                onboard_parameters_preflight_storage
                0x800240d8                onboard_parameters_add_parameter_float
                0x80024180                onboard_parameters_add_parameter_int32
                0x80024228                onboard_parameters_add_parameter_uint32
                0x800242b8                onboard_parameters_init
 .text          0x8002496c     0x1c50 Library/control/navigation.o
                0x80024a08                navigation_waypoint_hold_init
                0x800251a8                navigation_init
                0x80025a30                navigation_update
 .text          0x800265bc       0xb0 Library/control/stabilisation.o
                0x800265bc                stabilisation_run
                0x80026628                stabilisation_init
 .text          0x8002666c      0x484 Library/hal/adc_int.o
                0x8002666c                adc_int_clear_sequencer
                0x80026698                adc_int_sequencer_add
                0x80026710                adc_int_sampling_complete
                0x8002673c                adc_int_get_sample
                0x80026760                adc_int_get_buffer
                0x8002677c                adc_int_get_sampling_status
                0x80026798                adc_int_get_period
                0x800267b4                adc_int_stop_sampling
                0x800267dc                adc_int_start_sampling
                0x80026890                adc_int_init
 .text          0x80026af0      0x388 Library/hal/ads1274.o
                0x80026af0                get_interrupt_counter
                0x80026b0c                ads1274_set_DAC_generator_function
                0x80026b28                get_sample
                0x80026b50                get_sampling_status
                0x80026b70                ads1274_ADC_start_oneshot
                0x80026b90                eic_nmi_handler
                0x80026bc8                ads1274_ADC_switch_clock
                0x80026c20                ads1274_init_DAC
                0x80026d68                process_data
 .text          0x80026e78      0x830 Library/hal/bmp085.o
                0x80026e78                bmp085_reset_origin_altitude
                0x80026e94                bmp085_update
                0x800272cc                bmp085_init_slow
                0x80027678                bmp085_init
 .text          0x800276a8      0x300 Library/hal/dac_dma.o
                0x800276a8                DAC_pause
                0x800276b2                DAC_resume
                0x800276bc                DAC_is_finished
                0x800276c6                dac_dma_set_value
                0x800276e4                dac_dma_play
                0x800277a4                dac_dma_init
                0x80027884                init_gclk
                0x800278b4                init_pevc
                0x800278f8                dac_dma_load_buffer
 .text          0x800279a8      0x34c Library/hal/led.o
                0x800279a8                LED_Read_Display
                0x800279c4                LED_Display
                0x80027a70                LED_Read_Display_Mask
                0x80027a90                LED_Test
                0x80027ab4                LED_Get_Intensity
                0x80027abe                LED_Set_Intensity
                0x80027ac8                LED_Read_Display_Field
                0x80027af4                LED_Toggle
                0x80027b54                LED_Off
                0x80027bb4                LED_On
                0x80027c18                LED_Display_Mask
                0x80027c9c                LED_Display_Field
 .text          0x80027cf4      0x71c Library/hal/spi_buffered.o
                0x80027cf4                spi_buffered_get_spi_in_buffer
                0x80027d18                spi_buffered_set_callback
                0x80027d3c                spi_buffered_pause
                0x80027d64                spi_buffered_activate_receive
                0x80027d8c                spi_buffered_deactivate_receive
                0x80027db4                spi_buffered_clear_read_buffer
                0x80027ddc                spi_buffered_get_traffic
                0x80027e00                spi_buffered_read
                0x80027e40                spi_buffered_is_transfered_finished
                0x80027e6c                spi_buffered_bytes_available
                0x80027e98                spi_buffered_transmit
                0x80027f0c                spi_handler
                0x80027fa0                spi1_int_handler
                0x80027fc0                spi0_int_handler
                0x80027fe0                spi_buffered_start
                0x80028044                spi_buffered_write
                0x80028098                spi_buffered_resume
                0x800280cc                spi_buffered_flush_buffer
                0x80028108                spi_buffered_disable
                0x80028138                spi_buffered_enable
                0x80028168                spi_buffered_trigger_DMA
                0x800281fc                spi_buffered_init_DMA
                0x800282e4                spi_buffered_init
 .text          0x80028410      0x6b0 Library/hal/uart_int.o
                0x80028410                uart_int_set_usart_conf
                0x8002849c                uart_int_get_uart_handle
                0x800284c0                uart_int_register_write_stream
                0x800284f8                uart_int_register_read_stream
                0x80028506                uart_int_flush
                0x80028534                uart_out_buffer_empty
                0x80028554                uart_int_send_byte
                0x80028590                uart_int_bytes_available
                0x800285b0                uart_int_get_byte
                0x800285d4                register_UART_handler
                0x800286ac                uart_int_init
 .text          0x80028ac0      0x518 Library/runtime/scheduler.o
                0x80028ac0                scheduler_sort_tasks
                0x80028c04                scheduler_get_task_by_id
                0x80028c48                scheduler_get_task_by_index
                0x80028c6a                scheduler_change_run_mode
                0x80028c76                scheduler_run_task_now
                0x80028ca4                scheduler_change_task_period
                0x80028cd4                scheduler_suspend_task
                0x80028cf8                scheduler_update
                0x80028e9c                scheduler_add_task
                0x80028f68                scheduler_init
 .text          0x80028fd8      0x4c4 Library/sensing/imu.o
                0x80028fd8                imu_update
                0x800292a4                imu_init
 .text          0x8002949c     0x1de8 Library/sensing/simulation.o
                0x8002949c                simulation_calib_set
                0x800295fc                simulation_switch_from_simulation_to_reality
                0x80029830                simulation_switch_from_reality_to_simulation
                0x80029870                simulation_simulate_sonar
                0x800298ec                simulation_simulate_barometer
                0x8002992c                simulation_fake_gps_fix
                0x80029a10                simulation_simulate_gps
                0x80029ab0                simulation_init
                0x80029c3c                forces_from_servos_diag_quad
                0x8002a41c                simulation_update
 .text          0x8002b284      0x1bc Library/util/buffer.o
                0x8002b284                buffer_full
                0x8002b2a0                buffer_put_lossy
                0x8002b2ec                buffer_put
                0x8002b33c                buffer_get
                0x8002b36c                buffer_empty
                0x8002b384                buffer_bytes_available
                0x8002b3a0                buffer_init
                0x8002b3b8                buffer_clear
                0x8002b3d0                buffer_make_buffered_stream
                0x8002b408                buffer_make_buffered_stream_lossy
 .text          0x8002b440      0x554 Library/util/coord_conventions.o
                0x8002b440                coord_conventions_get_yaw
                0x8002b4b8                coord_conventions_quaternion_from_aero
                0x8002b5a0                coord_conventions_quat_to_aero
                0x8002b6f0                coord_conventions_local_to_global_position
                0x8002b7f8                coord_conventions_global_to_local_position
 .text          0x8002b994      0x154 Library/util/generator.o
                0x8002b994                generator_init_dac_buffer_triangle
                0x8002b9f8                generator_ramp_generator
                0x8002ba06                generator_arbitrary_generator
                0x8002ba2c                generator_init_dac_buffer_sine
 .text          0x8002bae8      0x6ec Library/util/print_util.o
                0x8002bae8                print_util_get_debug_stream
                0x8002bb04                print_util_dbg_print_init
                0x8002bb20                print_util_putstring
                0x8002bb58                print_util_putstring_length
                0x8002bb8a                print_util_putdigit
                0x8002bbc4                putnum_tight
                0x8002bc48                print_util_putnum
                0x8002bcd4                print_util_putlong
                0x8002bdb0                print_util_putfloat
                0x8002be78                print_util_print_vector
                0x8002bf0c                print_util_print_quaternion
                0x8002bf80                print_util_print_matrix
                0x8002c064                print_util_dbg_print
                0x8002c08c                print_util_dbg_print_num
                0x8002c0b8                print_util_dbg_putfloat
                0x8002c0e4                print_util_dbg_print_vector
                0x8002c110                print_util_dbg_print_quaternion
                0x8002c13c                print_util_dbg_log_value
                0x8002c188                print_util_dbg_print_long
 .text          0x8002c1d4        0x0 Library/util/sinus.o
 .text          0x8002c1d4      0x594 src/asf/avr32/drivers/adcifa/adcifa.o
                0x8002c1d4                adcifa_get_calibration_data
                0x8002c210                adcifa_configure
                0x8002c2c4                adcifa_configure_sequencer
                0x8002c578                adcifa_configure_window_monitor
                0x8002c5f6                adcifa_start_sequencer
                0x8002c632                adcifa_check_eoc
                0x8002c664                adcifa_check_eos
                0x8002c696                adcifa_get_values_from_sequencer
                0x8002c720                adcifa_start_itimer
                0x8002c732                adcifa_stop_itimer
                0x8002c740                adcifa_enable_interrupt
                0x8002c74e                adcifa_disable_interrupt
                0x8002c75c                adcifa_clear_interrupt
 .text          0x8002c768      0x21c src/asf/avr32/drivers/ast/ast.o
                0x8002c768                ast_enable
                0x8002c788                ast_set_calendar_value
                0x8002c7a6                ast_init_calendar
                0x8002c7e4                ast_set_counter_value
                0x8002c800                ast_init_counter
                0x8002c82c                ast_get_calendar_value
                0x8002c838                ast_get_counter_value
                0x8002c844                ast_set_alarm0_value
                0x8002c850                ast_set_alarm1_value
                0x8002c85c                ast_enable_alarm0
                0x8002c87e                ast_disable_alarm0
                0x8002c8a0                ast_enable_alarm1
                0x8002c8c2                ast_disable_alarm1
                0x8002c8e4                ast_set_periodic0_value
                0x8002c8f0                ast_set_periodic1_value
                0x8002c8fc                ast_enable_periodic0
                0x8002c91e                ast_disable_periodic0
                0x8002c940                ast_enable_periodic1
                0x8002c962                ast_disable_periodic1
 .text          0x8002c984      0x444 src/asf/avr32/drivers/dacifb/dacifb.o
                0x8002c984                dacifb_get_calibration_data
                0x8002c9b2                dacifb_check_eoc
                0x8002c9be                dacifb_set_value
                0x8002c9fa                dacifb_reload_timer
                0x8002ca52                dacifb_start_channel
                0x8002cafc                dacifb_configure_channel
                0x8002cd22                dacifb_configure
 .text          0x8002cdc8      0x1c8 src/asf/avr32/drivers/eic/eic.o
                0x8002cdc8                eic_init
                0x8002ce82                eic_enable_lines
                0x8002ce8e                eic_enable_line
                0x8002cea0                eic_disable_lines
                0x8002ceac                eic_disable_line
                0x8002cebe                eic_is_line_enabled
                0x8002ced6                eic_enable_interrupt_lines
                0x8002cee2                eic_enable_interrupt_line
                0x8002cef4                eic_is_interrupt_line_enabled
                0x8002cf0c                eic_is_interrupt_line_pending
                0x8002cf24                eic_clear_interrupt_line
                0x8002cf42                eic_clear_interrupt_lines
                0x8002cf5a                eic_disable_interrupt_line
                0x8002cf78                eic_disable_interrupt_lines
 .text          0x8002cf90     0x18f4 src/asf/avr32/drivers/flashc/flashc.o
                0x8002cf90                flashc_get_flash_size
                0x8002cfb8                flashc_get_page_count
                0x8002cfd8                flashc_get_page_count_per_region
                0x8002cff8                flashc_get_region_first_page_number
                0x8002d018                flashc_get_wait_state
                0x8002d02c                flashc_set_wait_state
                0x8002d042                flashc_set_bus_freq
                0x8002d080                flashc_is_ready_int_enabled
                0x8002d094                flashc_enable_ready_int
                0x8002d0aa                flashc_is_lock_error_int_enabled
                0x8002d0be                flashc_enable_lock_error_int
                0x8002d0d4                flashc_is_prog_error_int_enabled
                0x8002d0e8                flashc_enable_prog_error_int
                0x8002d0fe                flashc_is_ready
                0x8002d112                flashc_default_wait_until_ready
                0x8002d130                flashc_is_lock_error
                0x8002d150                flashc_is_programming_error
                0x8002d170                flashc_get_command
                0x8002d184                flashc_get_page_number
                0x8002d198                flashc_get_page_region
                0x8002d1cc                flashc_issue_command
                0x8002d220                flashc_no_operation
                0x8002d240                flashc_erase_all
                0x8002d260                flashc_is_security_bit_active
                0x8002d274                flashc_activate_security_bit
                0x8002d294                flashc_is_region_locked
                0x8002d2b4                flashc_is_page_region_locked
                0x8002d2dc                flashc_lock_page_region
                0x8002d308                flashc_lock_region
                0x8002d33c                flashc_lock_all_regions
                0x8002d4e0                flashc_read_all_gp_fuses
                0x8002d506                flashc_read_gp_fuse_byte
                0x8002d550                flashc_read_gp_fuse_bitfield
                0x8002d5d0                flashc_get_bootloader_protected_size
                0x8002d604                flashc_read_gp_fuse_bit
                0x8002d64c                flashc_is_external_privileged_fetch_locked
                0x8002d670                flashc_erase_gp_fuse_bit
                0x8002d6ac                flashc_erase_gp_fuse_bitfield
                0x8002d760                flashc_erase_all_gp_fuses
                0x8002d79c                flashc_write_gp_fuse_bit
                0x8002d7c4                flashc_write_gp_fuse_bitfield
                0x8002d830                flashc_write_gp_fuse_byte
                0x8002d858                flashc_erase_gp_fuse_byte
                0x8002da54                flashc_write_all_gp_fuses
                0x8002db60                flashc_set_gp_fuse_bit
                0x8002db90                flashc_lock_external_privileged_fetch
                0x8002dbb8                flashc_set_gp_fuse_bitfield
                0x8002dc24                flashc_set_gp_fuse_byte
                0x8002dc94                flashc_set_all_gp_fuses
                0x8002dd08                flashc_clear_page_buffer
                0x8002dd28                flashc_is_page_erased
                0x8002dd3c                flashc_quick_page_read
                0x8002dd68                flashc_erase_page
                0x8002ddb0                flashc_erase_all_pages
                0x8002de0c                flashc_write_page
                0x8002de2c                flashc_quick_user_page_read
                0x8002de58                flashc_erase_user_page
                0x8002de8c                flashc_write_user_page
                0x8002deac                flashc_memset64
                0x8002e1d8                flashc_memset32
                0x8002e204                flashc_memset16
                0x8002e224                flashc_memset8
                0x8002e248                flashc_memcpy
                0x8002e774                flashc_set_flash_waitstate_and_readmode
                0x8002e7e0                flashc_set_bootloader_protected_size
 .text          0x8002e884      0x64c src/asf/avr32/drivers/gpio/gpio.o
                0x8002e884                gpio_enable_module_pin
                0x8002e964                gpio_enable_module
                0x8002e9a4                gpio_enable_gpio_pin
                0x8002e9c2                gpio_enable_gpio
                0x8002e9f4                gpio_enable_pin_pull_up
                0x8002ea14                gpio_disable_pin_pull_up
                0x8002ea30                gpio_enable_pin_pull_down
                0x8002ea50                gpio_disable_pin_pull_down
                0x8002ea6c                gpio_enable_pin_buskeeper
                0x8002ea8c                gpio_disable_pin_buskeeper
                0x8002eaac                gpio_configure_pin
                0x8002eb76                gpio_configure_group
                0x8002ec2e                gpio_get_pin_value
                0x8002ec4c                gpio_get_gpio_pin_output_value
                0x8002ec6a                gpio_get_gpio_open_drain_pin_output_value
                0x8002ec8c                gpio_set_gpio_pin
                0x8002ecae                gpio_set_pin_high
                0x8002ecca                gpio_set_group_high
                0x8002ecde                gpio_set_pin_low
                0x8002ecfa                gpio_clr_gpio_pin
                0x8002ed1c                gpio_set_group_low
                0x8002ed30                gpio_tgl_gpio_pin
                0x8002ed52                gpio_toggle_pin
                0x8002ed6e                gpio_toggle_group
                0x8002ed82                gpio_set_gpio_open_drain_pin
                0x8002eda0                gpio_clr_gpio_open_drain_pin
                0x8002edc2                gpio_tgl_gpio_open_drain_pin
                0x8002ede4                gpio_enable_pin_glitch_filter
                0x8002ee00                gpio_disable_pin_glitch_filter
                0x8002ee1c                gpio_enable_pin_interrupt
                0x8002ee76                gpio_disable_pin_interrupt
                0x8002ee92                gpio_get_pin_interrupt_flag
                0x8002eeb2                gpio_clear_pin_interrupt_flag
 .text          0x8002eed0        0x0 src/asf/avr32/drivers/intc/exception.o
 .text          0x8002eed0       0xf4 src/asf/avr32/drivers/intc/intc.o
                0x8002eed8                INTC_register_interrupt
                0x8002ef1c                INTC_init_interrupts
                0x8002ef7c                _get_interrupt_handler
 .text          0x8002efc4      0x394 src/asf/avr32/drivers/pdca/pdca.o
                0x8002efc4                pdca_get_handler
                0x8002efde                pdca_get_channel_status
                0x8002f000                pdca_disable
                0x8002f020                pdca_enable
                0x8002f040                pdca_get_load_size
                0x8002f060                pdca_get_reload_size
                0x8002f080                pdca_set_peripheral_select
                0x8002f0a0                pdca_set_transfer_size
                0x8002f0c8                pdca_disable_event_trigger
                0x8002f0ec                pdca_enable_event_trigger
                0x8002f110                pdca_enable_interrupt_transfer_error
                0x8002f130                pdca_enable_interrupt_transfer_complete
                0x8002f150                pdca_enable_interrupt_reload_counter_zero
                0x8002f170                pdca_get_transfer_status
                0x8002f190                pdca_disable_interrupt_reload_counter_zero
                0x8002f1cc                pdca_disable_interrupt_transfer_complete
                0x8002f208                pdca_disable_interrupt_transfer_error
                0x8002f244                pdca_reload_channel
                0x8002f290                pdca_load_channel
                0x8002f2dc                pdca_init_channel
 .text          0x8002f358      0x376 src/asf/avr32/drivers/pevc/pevc.o
                0x8002f358                pevc_channel_configure
                0x8002f3dc                pevc_igfd_set
                0x8002f3ec                pevc_channels_enable
                0x8002f40a                pevc_channels_disable
                0x8002f428                pevc_get_channel_status
                0x8002f466                pevc_get_channel_state
                0x8002f4a4                pevc_channel_sev_enable
                0x8002f4c0                pevc_channels_trigger_sev
                0x8002f4de                pevc_channel_sev_disable
                0x8002f4fa                pevc_channels_enable_trigger_interrupt
                0x8002f518                pevc_channels_disable_trigger_interrupt
                0x8002f536                pevc_channel_is_trigger_interrupt_enabled
                0x8002f578                pevc_channel_is_trigger_interrupt_raised
                0x8002f5b6                pevc_channel_clear_trigger_interrupt
                0x8002f5e2                pevc_channels_enable_overrun_interrupt
                0x8002f600                pevc_channels_disable_overrun_interrupt
                0x8002f61e                pevc_channel_is_overrun_interrupt_enabled
                0x8002f660                pevc_channel_is_overrun_interrupt_raised
                0x8002f6a2                pevc_channel_clear_overrun_interrupt
 .text          0x8002f6ce      0x1b6 src/asf/avr32/drivers/pm/pm_uc3c.o
                0x8002f6ce                pm_wait_for_clk_ready
                0x8002f6f6                pm_disable_module
                0x8002f736                pm_enable_module
                0x8002f776                pm_disable_clk_domain_div
                0x8002f7c8                pm_set_clk_domain_div
                0x8002f81a                pm_config_mainclk_safety
                0x8002f85e                pm_set_mclk_source
 .text          0x8002f884      0x370 src/asf/avr32/drivers/pm/power_clocks_lib.o
                0x8002f884                pcl_read_gplp
                0x8002f8a0                pcl_write_gplp
                0x8002f8bc                pcl_configure_usb_clock
                0x8002f934                pcl_switch_to_osc
                0x8002f998                pcl_configure_clocks
 .text          0x8002fbf4      0x8ec src/asf/avr32/drivers/pwm/pwm4.o
                0x8002fbf4                pwm_write_protect_hw_lock
                0x8002fcc2                pwm_write_protect_sw_lock
                0x8002fd86                pwm_write_protect_sw_unlock
                0x8002fe48                pwm_write_protect_status
                0x8002fe66                pwm_channel_init
                0x8002feac                pwm_start_channels
                0x8002feca                pwm_stop_channels
                0x8002fee8                pwm_update_channel
                0x8002ff32                pwm_interrupt_update_channel
                0x8002ff68                pwm_output_override_setup
                0x8002ffcc                pwm_output_override_write
                0x80030090                pwm_update_period_value
                0x800300a0                pwm_synchronous_prepare_update
                0x800300de                pwm_update_manual_write_manual_update
                0x800300f2                pwm_update_manual_write_auto_update
                0x80030108                pwm_update_auto_write_auto_update_check_ready
                0x8003011e                pwm_update_auto_write_auto_update_check_eot
                0x80030134                pwm_fault_lines_polarity_setup
                0x800301f8                pwm_fault_lines_level_setup
                0x8003027c                pwm_fault_lines_enable
                0x800302c8                pwm_get_fault_status
                0x800302d8                pwm_clr_fault_status
                0x800302ee                pwm_compare_match_setup
                0x80030336                pwm_compare_match_reload_setup
                0x8003037e                pwm_compare_event_enable
                0x800303a0                pwm_compare_event_disable
                0x800303ca                pwm_init
 .text          0x800304e0      0x850 src/asf/avr32/drivers/scif/scif_uc3c.o
                0x800304e0                scif_read_gplp
                0x800304f4                scif_write_gplp
                0x80030512                scif_is_osc_ready
                0x80030538                scif_wait_for_pll_locked
                0x80030562                scif_start_gclk
                0x800305a8                scif_stop_gclk
                0x800305e0                scif_gc_setup
                0x80030680                scif_gc_enable
                0x800306a4                scif_bod18_enable_irq
                0x800306b6                scif_bod18_clear_irq
                0x800306c8                scif_bod18_get_irq_status
                0x800306dc                scif_bod18_get_irq_enable_bit
                0x800306f0                scif_bod18_get_level
                0x80030704                scif_bod33_enable_irq
                0x80030718                scif_bod33_clear_irq
                0x8003072c                scif_bod33_get_irq_status
                0x80030740                scif_bod33_get_irq_enable_bit
                0x80030754                scif_bod33_get_level
                0x80030768                scif_bod50_enable_irq
                0x8003077c                scif_bod50_clear_irq
                0x80030790                scif_bod50_get_irq_status
                0x800307a4                scif_bod50_get_irq_enable_bit
                0x800307b8                scif_bod50_get_level
                0x800307cc                scif_bod50_disable_irq
                0x80030800                scif_bod33_disable_irq
                0x80030834                scif_bod18_disable_irq
                0x80030864                scif_stop_rc120M
                0x80030890                scif_start_rc120M
                0x800308ba                scif_stop_rc8M
                0x800308e6                scif_start_rc8M
                0x8003091a                scif_stop_osc32
                0x80030946                scif_start_osc32
                0x800309a4                scif_pll_disable
                0x800309ec                scif_pll_enable
                0x80030a34                scif_pll_setup
                0x80030aa6                scif_enable_extosc
                0x80030aee                scif_enable_osc
                0x80030b60                scif_configure_osc_extmode
                0x80030ba8                scif_configure_osc_crystalmode
                0x80030c6c                scif_stop_osc
                0x80030c9e                scif_start_osc
 .text          0x80030d30      0x3c0 src/asf/avr32/drivers/spi/spi.o
                0x80030d30                getBaudDiv
                0x80030d54                spi_initSlave
                0x80030db8                spi_initTest
                0x80030dd4                spi_initMaster
                0x80030e16                spi_selectionMode
                0x80030e56                spi_selectChip
                0x80030eb2                spi_unselectChip
                0x80030ee2                spi_setupChipReg
                0x80030fac                spi_enable
                0x80030fba                spi_disable
                0x80030fc8                spi_is_enabled
                0x80030fd8                spi_writeRegisterEmptyCheck
                0x80030fe8                spi_write
                0x8003100e                spi_variableSlaveWrite
                0x80031064                spi_writeEndCheck
                0x80031074                spi_readRegisterFullCheck
                0x80031084                spi_read
                0x800310b0                spi_getStatus
 .text          0x800310f0      0x472 src/asf/avr32/drivers/tc/tc.o
                0x800310f0                tc_get_interrupt_settings
                0x8003110c                tc_select_external_clock
                0x80031154                tc_init_capture
                0x8003117c                tc_init_waveform
                0x80031222                tc_start
                0x80031246                tc_stop
                0x8003126a                tc_software_trigger
                0x8003128e                tc_sync_trigger
                0x8003129e                tc_sync_start
                0x800312b8                tc_read_sr
                0x800312d4                tc_read_tc
                0x800312f4                tc_read_ra
                0x80031314                tc_read_rb
                0x80031334                tc_read_rc
                0x80031354                tc_write_ra
                0x80031398                tc_write_rb
                0x800313dc                tc_write_rc
                0x80031420                tc_configure_interrupts
 *fill*         0x80031562        0x2 d703d703
 .text          0x80031564      0x8cc src/asf/avr32/drivers/twim/twim.o
                0x800316dc                twim_set_speed
                0x8003175a                twim_status
                0x8003177c                twim_disable_interrupt
                0x80031798                twim_chained_transfer
                0x80031994                twim_write
                0x80031a60                twim_probe
                0x80031a90                twim_write_packet
                0x80031b9c                twim_read
                0x80031c68                twim_read_packet
                0x80031d50                twim_master_init
 .text          0x80031e30      0x9c8 src/asf/avr32/drivers/usart/usart.o
                0x80031e30                usart_spi_selectChip
                0x80031e40                usart_spi_unselectChip
                0x80031e68                usart_write_char
                0x80031e88                usart_send_address
                0x80031ec8                usart_putchar
                0x80031f00                usart_read_char
                0x80031f30                usart_getchar
                0x80031f6c                usart_write_line
                0x80031f9c                usart_get_echo_line
                0x80032004                usart_reset
                0x80032038                usart_init_spi_slave
                0x800320d8                usart_init_spi_master
                0x80032198                usart_init_iso7816
                0x8003224c                usart_init_sync_slave
                0x80032318                usart_init_sync_master
                0x80032408                usart_init_rs232_tx_only
                0x800324f4                usart_init_rs232
                0x80032610                usart_init_IrDA
                0x80032650                usart_init_rs485
                0x80032680                usart_init_modem
                0x800326b0                usart_init_hw_handshaking
                0x800326e0                usart_init_lin_master
                0x8003276c                usart_init_lin_slave
 .text          0x800327f8     0x1210 src/asf/avr32/drivers/usbc/usbc_device.o
                0x800327f8                udd_include_vbus_monitoring
                0x80032802                udd_is_high_speed
                0x8003280c                udd_set_address
                0x80032836                udd_getaddress
                0x8003284a                udd_get_frame_number
                0x8003285e                udd_get_micro_frame_number
                0x80032868                udd_set_setup_payload
                0x80032888                udd_ep_is_halted
                0x800328a2                udd_ep_clear_halt
                0x80032910                udd_ep_wait_stall_clear
                0x80032980                udd_ep_alloc
                0x80032bc0                udd_ep_abort
                0x80032be8                udd_ep_set_halt
                0x80032c28                udd_ep_free
                0x80032c58                udd_ep_run
                0x80033060                udd_enable
                0x80033784                udd_detach
                0x800337e8                udd_attach
                0x80033920                udd_disable
                0x800339ac                udd_send_wake_up
 .text          0x80033a08       0x8c src/asf/avr32/services/delay/delay.o
                0x80033a08                delay_init
                0x80033a24                delay_ms
 .text          0x80033a94        0x0 src/asf/avr32/utils/startup/startup_uc3.o
 .text._stext   0x80033a94       0x50 src/asf/avr32/utils/startup/startup_uc3.o
                0x80033a94                _stext
 .text          0x80033ae4        0x0 src/asf/avr32/utils/startup/trampoline_uc3.o
 .text          0x80033ae4       0x30 src/asf/common/boards/user_board/init.o
                0x80033ae4                board_init
 .text          0x80033b14      0x154 src/asf/common/services/clock/uc3c/osc.o
                0x80033b14                osc_priv_disable_rc120m
                0x80033b3a                osc_priv_enable_rc120m
                0x80033b60                osc_priv_disable_rc8m
                0x80033b8e                osc_priv_enable_rc8m
                0x80033bd0                osc_priv_disable_osc32
                0x80033bf6                osc_priv_enable_osc32
                0x80033c1e                osc_priv_disable_osc0
                0x80033c42                osc_priv_enable_osc0
 .text          0x80033c68       0x80 src/asf/common/services/clock/uc3c/pll.o
                0x80033c68                pll_disable
                0x80033c92                pll_enable
                0x80033cbe                pll_config_write
 .text          0x80033ce8      0x220 src/asf/common/services/clock/uc3c/sysclk.o
                0x80033ce8                sysclk_disable_usb
                0x80033cfc                sysclk_set_source
                0x80033d1e                sysclk_set_prescalers
                0x80033d8e                sysclk_priv_disable_module
                0x80033dc8                sysclk_priv_enable_module
                0x80033e00                sysclk_enable_usb
                0x80033e5c                sysclk_init
 .text          0x80033f08        0x0 src/asf/common/services/sleepmgr/uc3/sleepmgr.o
 .text          0x80033f08      0x284 src/asf/common/services/spi/uc3_spi/spi_master.o
                0x80033f08                spi_read_packet
                0x80033f60                spi_write_packet
                0x80033f90                spi_master_setup_device
 .text          0x8003418c      0xab4 src/asf/common/services/usb/class/cdc/device/udi_cdc.o
                0x8003418c                udi_cdc_data_disable
                0x80034196                udi_cdc_comm_setup
                0x8003422c                udi_cdc_data_setup
                0x80034236                udi_cdc_getsetting
                0x80034240                udi_cdc_line_coding_received
                0x8003424a                udi_cdc_is_rx_ready
                0x8003427c                udi_cdc_is_tx_ready
                0x800342f0                udi_cdc_write_buf
                0x800343a8                udi_cdc_putc
                0x80034420                udi_cdc_data_recevied
                0x800344c0                udi_cdc_signal_parity_error
                0x80034534                udi_cdc_serial_state_msg_sent
                0x800346bc                udi_cdc_data_sent
                0x800346f8                udi_cdc_data_sof_notify
                0x8003470c                udi_cdc_comm_disable
                0x80034738                udi_cdc_comm_enable
                0x80034780                udi_cdc_getc
                0x80034868                udi_cdc_read_buf
                0x80034974                udi_cdc_ctrl_signal_dcd
                0x80034a08                udi_cdc_signal_framing_error
                0x80034a7c                udi_cdc_ctrl_signal_dsr
                0x80034b10                udi_cdc_signal_overrun
                0x80034b84                udi_cdc_data_enable
 .text          0x80034c40        0x0 src/asf/common/services/usb/class/cdc/device/udi_cdc_desc.o
 .text          0x80034c40      0x88c src/asf/common/services/usb/udc/udc.o
                0x80034c40                udc_get_interface_desc
                0x80034c5c                udc_sof_notify
                0x80034f10                udc_reset
                0x80034f64                udc_process_setup
 .text          0x800354cc       0x74 src/asf/common/utils/stdio/read.o
                0x800354cc                _read
 .text          0x80035540      0x154 src/asf/common/utils/stdio/stdio_usb/stdio_usb.o
                0x80035540                stdio_usb_enable
                0x80035560                stdio_usb_disable
                0x80035580                stdio_usb_vbus_event
                0x800355b0                stdio_usb_init
                0x80035614                stdio_usb_getchar
                0x8003565c                stdio_usb_putchar
 .text          0x80035694       0x50 src/asf/common/utils/stdio/write.o
                0x80035694                _write
 .text          0x800356e4      0xbb4 src/boardsupport.o
                0x800356e4                boardsupport_init
 .text          0x80036298       0xb0 src/main.o
                0x80036298                initialisation()
                0x80036310                main
 .text          0x80036348        0x0 d:/programmes/atmel/studio/7.0/toolchain/avr32/avr32-gnu-toolchain/bin/../lib/gcc/avr32/4.4.7/../../../../avr32/lib/ucr3fp\libm.a(lib_a-s_cos.o)
 .text.cos      0x80036348       0x9c d:/programmes/atmel/studio/7.0/toolchain/avr32/avr32-gnu-toolchain/bin/../lib/gcc/avr32/4.4.7/../../../../avr32/lib/ucr3fp\libm.a(lib_a-s_cos.o)
                0x80036348                cos
 .text          0x800363e4        0x0 d:/programmes/atmel/studio/7.0/toolchain/avr32/avr32-gnu-toolchain/bin/../lib/gcc/avr32/4.4.7/../../../../avr32/lib/ucr3fp\libm.a(lib_a-s_floor.o)
 .text.floor    0x800363e4      0x128 d:/programmes/atmel/studio/7.0/toolchain/avr32/avr32-gnu-toolchain/bin/../lib/gcc/avr32/4.4.7/../../../../avr32/lib/ucr3fp\libm.a(lib_a-s_floor.o)
                0x800363e4                floor
 .text          0x8003650c        0x0 d:/programmes/atmel/studio/7.0/toolchain/avr32/avr32-gnu-toolchain/bin/../lib/gcc/avr32/4.4.7/../../../../avr32/lib/ucr3fp\libm.a(lib_a-s_sin.o)
 .text.sin      0x8003650c       0xa0 d:/programmes/atmel/studio/7.0/toolchain/avr32/avr32-gnu-toolchain/bin/../lib/gcc/avr32/4.4.7/../../../../avr32/lib/ucr3fp\libm.a(lib_a-s_sin.o)
                0x8003650c                sin
 .text          0x800365ac        0x0 d:/programmes/atmel/studio/7.0/toolchain/avr32/avr32-gnu-toolchain/bin/../lib/gcc/avr32/4.4.7/../../../../avr32/lib/ucr3fp\libm.a(lib_a-w_asin.o)
 .text.asin     0x800365ac       0xb0 d:/programmes/atmel/studio/7.0/toolchain/avr32/avr32-gnu-toolchain/bin/../lib/gcc/avr32/4.4.7/../../../../avr32/lib/ucr3fp\libm.a(lib_a-w_asin.o)
                0x800365ac                asin
 .text          0x8003665c        0x0 d:/programmes/atmel/studio/7.0/toolchain/avr32/avr32-gnu-toolchain/bin/../lib/gcc/avr32/4.4.7/../../../../avr32/lib/ucr3fp\libm.a(lib_a-w_atan2.o)
 .text.atan2    0x8003665c        0xc d:/programmes/atmel/studio/7.0/toolchain/avr32/avr32-gnu-toolchain/bin/../lib/gcc/avr32/4.4.7/../../../../avr32/lib/ucr3fp\libm.a(lib_a-w_atan2.o)
                0x8003665c                atan2
 .text          0x80036668        0x0 d:/programmes/atmel/studio/7.0/toolchain/avr32/avr32-gnu-toolchain/bin/../lib/gcc/avr32/4.4.7/../../../../avr32/lib/ucr3fp\libm.a(lib_a-w_fmod.o)
 .text.fmod     0x80036668       0xbc d:/programmes/atmel/studio/7.0/toolchain/avr32/avr32-gnu-toolchain/bin/../lib/gcc/avr32/4.4.7/../../../../avr32/lib/ucr3fp\libm.a(lib_a-w_fmod.o)
                0x80036668                fmod
 .text          0x80036724        0x0 d:/programmes/atmel/studio/7.0/toolchain/avr32/avr32-gnu-toolchain/bin/../lib/gcc/avr32/4.4.7/../../../../avr32/lib/ucr3fp\libm.a(lib_a-w_pow.o)
 .text.pow      0x80036724      0x300 d:/programmes/atmel/studio/7.0/toolchain/avr32/avr32-gnu-toolchain/bin/../lib/gcc/avr32/4.4.7/../../../../avr32/lib/ucr3fp\libm.a(lib_a-w_pow.o)
                0x80036724                pow
 .text          0x80036a24        0x0 d:/programmes/atmel/studio/7.0/toolchain/avr32/avr32-gnu-toolchain/bin/../lib/gcc/avr32/4.4.7/../../../../avr32/lib/ucr3fp\libm.a(lib_a-w_sqrt.o)
 .text.sqrt     0x80036a24       0xb4 d:/programmes/atmel/studio/7.0/toolchain/avr32/avr32-gnu-toolchain/bin/../lib/gcc/avr32/4.4.7/../../../../avr32/lib/ucr3fp\libm.a(lib_a-w_sqrt.o)
                0x80036a24                sqrt
 .text          0x80036ad8        0x0 d:/programmes/atmel/studio/7.0/toolchain/avr32/avr32-gnu-toolchain/bin/../lib/gcc/avr32/4.4.7/../../../../avr32/lib/ucr3fp\libm.a(lib_a-wf_sqrt.o)
 .text.sqrtf    0x80036ad8       0xbc d:/programmes/atmel/studio/7.0/toolchain/avr32/avr32-gnu-toolchain/bin/../lib/gcc/avr32/4.4.7/../../../../avr32/lib/ucr3fp\libm.a(lib_a-wf_sqrt.o)
                0x80036ad8                sqrtf
 .text          0x80036b94        0x0 d:/programmes/atmel/studio/7.0/toolchain/avr32/avr32-gnu-toolchain/bin/../lib/gcc/avr32/4.4.7/../../../../avr32/lib/ucr3fp\libm.a(lib_a-e_asin.o)
 .text.__ieee754_asin
                0x80036b94      0x50c d:/programmes/atmel/studio/7.0/toolchain/avr32/avr32-gnu-toolchain/bin/../lib/gcc/avr32/4.4.7/../../../../avr32/lib/ucr3fp\libm.a(lib_a-e_asin.o)
                0x80036b94                __ieee754_asin
 .text          0x800370a0        0x0 d:/programmes/atmel/studio/7.0/toolchain/avr32/avr32-gnu-toolchain/bin/../lib/gcc/avr32/4.4.7/../../../../avr32/lib/ucr3fp\libm.a(lib_a-e_atan2.o)
 .text.__ieee754_atan2
                0x800370a0      0x240 d:/programmes/atmel/studio/7.0/toolchain/avr32/avr32-gnu-toolchain/bin/../lib/gcc/avr32/4.4.7/../../../../avr32/lib/ucr3fp\libm.a(lib_a-e_atan2.o)
                0x800370a0                __ieee754_atan2
 .text          0x800372e0        0x0 d:/programmes/atmel/studio/7.0/toolchain/avr32/avr32-gnu-toolchain/bin/../lib/gcc/avr32/4.4.7/../../../../avr32/lib/ucr3fp\libm.a(lib_a-e_fmod.o)
 .text.__ieee754_fmod
                0x800372e0      0x240 d:/programmes/atmel/studio/7.0/toolchain/avr32/avr32-gnu-toolchain/bin/../lib/gcc/avr32/4.4.7/../../../../avr32/lib/ucr3fp\libm.a(lib_a-e_fmod.o)
                0x800372e0                __ieee754_fmod
 .text          0x80037520        0x0 d:/programmes/atmel/studio/7.0/toolchain/avr32/avr32-gnu-toolchain/bin/../lib/gcc/avr32/4.4.7/../../../../avr32/lib/ucr3fp\libm.a(lib_a-e_pow.o)
 .text.__ieee754_pow
                0x80037520      0xaf0 d:/programmes/atmel/studio/7.0/toolchain/avr32/avr32-gnu-toolchain/bin/../lib/gcc/avr32/4.4.7/../../../../avr32/lib/ucr3fp\libm.a(lib_a-e_pow.o)
                0x80037520                __ieee754_pow
 .text          0x80038010        0x0 d:/programmes/atmel/studio/7.0/toolchain/avr32/avr32-gnu-toolchain/bin/../lib/gcc/avr32/4.4.7/../../../../avr32/lib/ucr3fp\libm.a(lib_a-e_rem_pio2.o)
 .text.__ieee754_rem_pio2
                0x80038010      0x4a0 d:/programmes/atmel/studio/7.0/toolchain/avr32/avr32-gnu-toolchain/bin/../lib/gcc/avr32/4.4.7/../../../../avr32/lib/ucr3fp\libm.a(lib_a-e_rem_pio2.o)
                0x80038010                __ieee754_rem_pio2
 .text          0x800384b0        0x0 d:/programmes/atmel/studio/7.0/toolchain/avr32/avr32-gnu-toolchain/bin/../lib/gcc/avr32/4.4.7/../../../../avr32/lib/ucr3fp\libm.a(lib_a-e_sqrt.o)
 .text.__ieee754_sqrt
                0x800384b0      0x19c d:/programmes/atmel/studio/7.0/toolchain/avr32/avr32-gnu-toolchain/bin/../lib/gcc/avr32/4.4.7/../../../../avr32/lib/ucr3fp\libm.a(lib_a-e_sqrt.o)
                0x800384b0                __ieee754_sqrt
 .text          0x8003864c        0x0 d:/programmes/atmel/studio/7.0/toolchain/avr32/avr32-gnu-toolchain/bin/../lib/gcc/avr32/4.4.7/../../../../avr32/lib/ucr3fp\libm.a(lib_a-ef_sqrt.o)
 .text.__ieee754_sqrtf
                0x8003864c       0xd4 d:/programmes/atmel/studio/7.0/toolchain/avr32/avr32-gnu-toolchain/bin/../lib/gcc/avr32/4.4.7/../../../../avr32/lib/ucr3fp\libm.a(lib_a-ef_sqrt.o)
                0x8003864c                __ieee754_sqrtf
 .text          0x80038720        0x0 d:/programmes/atmel/studio/7.0/toolchain/avr32/avr32-gnu-toolchain/bin/../lib/gcc/avr32/4.4.7/../../../../avr32/lib/ucr3fp\libm.a(lib_a-k_cos.o)
 .text.__kernel_cos
                0x80038720      0x1f8 d:/programmes/atmel/studio/7.0/toolchain/avr32/avr32-gnu-toolchain/bin/../lib/gcc/avr32/4.4.7/../../../../avr32/lib/ucr3fp\libm.a(lib_a-k_cos.o)
                0x80038720                __kernel_cos
 .text          0x80038918        0x0 d:/programmes/atmel/studio/7.0/toolchain/avr32/avr32-gnu-toolchain/bin/../lib/gcc/avr32/4.4.7/../../../../avr32/lib/ucr3fp\libm.a(lib_a-k_rem_pio2.o)
 .text.__kernel_rem_pio2
                0x80038918      0x718 d:/programmes/atmel/studio/7.0/toolchain/avr32/avr32-gnu-toolchain/bin/../lib/gcc/avr32/4.4.7/../../../../avr32/lib/ucr3fp\libm.a(lib_a-k_rem_pio2.o)
                0x80038918                __kernel_rem_pio2
 .text          0x80039030        0x0 d:/programmes/atmel/studio/7.0/toolchain/avr32/avr32-gnu-toolchain/bin/../lib/gcc/avr32/4.4.7/../../../../avr32/lib/ucr3fp\libm.a(lib_a-k_sin.o)
 .text.__kernel_sin
                0x80039030      0x1a4 d:/programmes/atmel/studio/7.0/toolchain/avr32/avr32-gnu-toolchain/bin/../lib/gcc/avr32/4.4.7/../../../../avr32/lib/ucr3fp\libm.a(lib_a-k_sin.o)
                0x80039030                __kernel_sin
 .text          0x800391d4        0x0 d:/programmes/atmel/studio/7.0/toolchain/avr32/avr32-gnu-toolchain/bin/../lib/gcc/avr32/4.4.7/../../../../avr32/lib/ucr3fp\libm.a(lib_a-s_atan.o)
 .text.atan     0x800391d4      0x368 d:/programmes/atmel/studio/7.0/toolchain/avr32/avr32-gnu-toolchain/bin/../lib/gcc/avr32/4.4.7/../../../../avr32/lib/ucr3fp\libm.a(lib_a-s_atan.o)
                0x800391d4                atan
 .text          0x8003953c        0x0 d:/programmes/atmel/studio/7.0/toolchain/avr32/avr32-gnu-toolchain/bin/../lib/gcc/avr32/4.4.7/../../../../avr32/lib/ucr3fp\libm.a(lib_a-s_fabs.o)
 .text.fabs     0x8003953c        0x8 d:/programmes/atmel/studio/7.0/toolchain/avr32/avr32-gnu-toolchain/bin/../lib/gcc/avr32/4.4.7/../../../../avr32/lib/ucr3fp\libm.a(lib_a-s_fabs.o)
                0x8003953c                fabs
 .text          0x80039544        0x0 d:/programmes/atmel/studio/7.0/toolchain/avr32/avr32-gnu-toolchain/bin/../lib/gcc/avr32/4.4.7/../../../../avr32/lib/ucr3fp\libm.a(lib_a-s_finite.o)
 .text.finite   0x80039544       0x10 d:/programmes/atmel/studio/7.0/toolchain/avr32/avr32-gnu-toolchain/bin/../lib/gcc/avr32/4.4.7/../../../../avr32/lib/ucr3fp\libm.a(lib_a-s_finite.o)
                0x80039544                finite
 .text          0x80039554        0x0 d:/programmes/atmel/studio/7.0/toolchain/avr32/avr32-gnu-toolchain/bin/../lib/gcc/avr32/4.4.7/../../../../avr32/lib/ucr3fp\libm.a(lib_a-s_isnand.o)
 .text.__isnand
                0x80039554       0x1c d:/programmes/atmel/studio/7.0/toolchain/avr32/avr32-gnu-toolchain/bin/../lib/gcc/avr32/4.4.7/../../../../avr32/lib/ucr3fp\libm.a(lib_a-s_isnand.o)
                0x80039554                __isnand
 .text          0x80039570        0x0 d:/programmes/atmel/studio/7.0/toolchain/avr32/avr32-gnu-toolchain/bin/../lib/gcc/avr32/4.4.7/../../../../avr32/lib/ucr3fp\libm.a(lib_a-s_lib_ver.o)
 .text          0x80039570        0x0 d:/programmes/atmel/studio/7.0/toolchain/avr32/avr32-gnu-toolchain/bin/../lib/gcc/avr32/4.4.7/../../../../avr32/lib/ucr3fp\libm.a(lib_a-s_matherr.o)
 .text.matherr  0x80039570        0x2 d:/programmes/atmel/studio/7.0/toolchain/avr32/avr32-gnu-toolchain/bin/../lib/gcc/avr32/4.4.7/../../../../avr32/lib/ucr3fp\libm.a(lib_a-s_matherr.o)
                0x80039570                matherr
 .text          0x80039572        0x0 d:/programmes/atmel/studio/7.0/toolchain/avr32/avr32-gnu-toolchain/bin/../lib/gcc/avr32/4.4.7/../../../../avr32/lib/ucr3fp\libm.a(lib_a-s_nan.o)
 .text.nan      0x80039572        0x8 d:/programmes/atmel/studio/7.0/toolchain/avr32/avr32-gnu-toolchain/bin/../lib/gcc/avr32/4.4.7/../../../../avr32/lib/ucr3fp\libm.a(lib_a-s_nan.o)
                0x80039572                nan
 .text          0x8003957a        0x0 d:/programmes/atmel/studio/7.0/toolchain/avr32/avr32-gnu-toolchain/bin/../lib/gcc/avr32/4.4.7/../../../../avr32/lib/ucr3fp\libm.a(lib_a-s_rint.o)
 *fill*         0x8003957a        0x2 d703d703
 .text.rint     0x8003957c      0x124 d:/programmes/atmel/studio/7.0/toolchain/avr32/avr32-gnu-toolchain/bin/../lib/gcc/avr32/4.4.7/../../../../avr32/lib/ucr3fp\libm.a(lib_a-s_rint.o)
                0x8003957c                rint
 .text          0x800396a0        0x0 d:/programmes/atmel/studio/7.0/toolchain/avr32/avr32-gnu-toolchain/bin/../lib/gcc/avr32/4.4.7/../../../../avr32/lib/ucr3fp\libm.a(lib_a-s_scalbn.o)
 .text.scalbn   0x800396a0       0xf0 d:/programmes/atmel/studio/7.0/toolchain/avr32/avr32-gnu-toolchain/bin/../lib/gcc/avr32/4.4.7/../../../../avr32/lib/ucr3fp\libm.a(lib_a-s_scalbn.o)
                0x800396a0                scalbn
 .text          0x80039790        0x0 d:/programmes/atmel/studio/7.0/toolchain/avr32/avr32-gnu-toolchain/bin/../lib/gcc/avr32/4.4.7/../../../../avr32/lib/ucr3fp\libm.a(lib_a-sf_isnan.o)
 .text.isnanf   0x80039790        0xe d:/programmes/atmel/studio/7.0/toolchain/avr32/avr32-gnu-toolchain/bin/../lib/gcc/avr32/4.4.7/../../../../avr32/lib/ucr3fp\libm.a(lib_a-sf_isnan.o)
                0x80039790                isnanf
 .text          0x8003979e        0x0 d:/programmes/atmel/studio/7.0/toolchain/avr32/avr32-gnu-toolchain/bin/../lib/gcc/avr32/4.4.7/../../../../avr32/lib/ucr3fp\libm.a(lib_a-s_copysign.o)
 .text.copysign
                0x8003979e       0x18 d:/programmes/atmel/studio/7.0/toolchain/avr32/avr32-gnu-toolchain/bin/../lib/gcc/avr32/4.4.7/../../../../avr32/lib/ucr3fp\libm.a(lib_a-s_copysign.o)
                0x8003979e                copysign
 *fill*         0x800397b6        0x2 d703d703
 .text          0x800397b8      0x1d4 d:/programmes/atmel/studio/7.0/toolchain/avr32/avr32-gnu-toolchain/bin/../lib/gcc/avr32/4.4.7/ucr3fp\libgcc.a(_avr32_f64_mul.o)
                0x800397b8                __avr32_f64_mul
 .text          0x8003998c      0x2b0 d:/programmes/atmel/studio/7.0/toolchain/avr32/avr32-gnu-toolchain/bin/../lib/gcc/avr32/4.4.7/ucr3fp\libgcc.a(_avr32_f64_addsub.o)
                0x80039990                __avr32_f64_sub
                0x80039b2c                __avr32_f64_add
 .text          0x80039c3c       0x2a d:/programmes/atmel/studio/7.0/toolchain/avr32/avr32-gnu-toolchain/bin/../lib/gcc/avr32/4.4.7/ucr3fp\libgcc.a(_avr32_f64_to_s32.o)
                0x80039c3c                __avr32_f64_to_u32
                0x80039c40                __avr32_f64_to_s32
 .text          0x80039c66       0x60 d:/programmes/atmel/studio/7.0/toolchain/avr32/avr32-gnu-toolchain/bin/../lib/gcc/avr32/4.4.7/ucr3fp\libgcc.a(_avr32_f64_to_s64.o)
                0x80039c66                __avr32_f64_to_u64
                0x80039c72                __avr32_f64_to_s64
 .text          0x80039cc6       0xe8 d:/programmes/atmel/studio/7.0/toolchain/avr32/avr32-gnu-toolchain/bin/../lib/gcc/avr32/4.4.7/ucr3fp\libgcc.a(_avr32_s32_to_f64.o)
                0x80039cc6                __avr32_u32_to_f64
                0x80039cce                __avr32_s32_to_f64
 .text          0x80039dae       0x26 d:/programmes/atmel/studio/7.0/toolchain/avr32/avr32-gnu-toolchain/bin/../lib/gcc/avr32/4.4.7/ucr3fp\libgcc.a(_avr32_f64_cmp_eq.o)
                0x80039dae                __avr32_f64_cmp_eq
 .text          0x80039dd4       0x68 d:/programmes/atmel/studio/7.0/toolchain/avr32/avr32-gnu-toolchain/bin/../lib/gcc/avr32/4.4.7/ucr3fp\libgcc.a(_avr32_f64_cmp_ge.o)
                0x80039dd4                __avr32_f64_cmp_ge
 .text          0x80039e3c       0x68 d:/programmes/atmel/studio/7.0/toolchain/avr32/avr32-gnu-toolchain/bin/../lib/gcc/avr32/4.4.7/ucr3fp\libgcc.a(_avr32_f64_cmp_lt.o)
                0x80039e3c                __avr32_f64_cmp_lt
 .text          0x80039ea4       0x34 d:/programmes/atmel/studio/7.0/toolchain/avr32/avr32-gnu-toolchain/bin/../lib/gcc/avr32/4.4.7/ucr3fp\libgcc.a(_avr32_f32_cmp_lt.o)
                0x80039ea4                __avr32_f32_cmp_lt
 .text          0x80039ed8      0x318 d:/programmes/atmel/studio/7.0/toolchain/avr32/avr32-gnu-toolchain/bin/../lib/gcc/avr32/4.4.7/ucr3fp\libgcc.a(_avr32_f64_div.o)
                0x80039ed8                __avr32_f64_div
 .text          0x8003a1f0      0x160 d:/programmes/atmel/studio/7.0/toolchain/avr32/avr32-gnu-toolchain/bin/../lib/gcc/avr32/4.4.7/ucr3fp\libgcc.a(_avr32_f32_div.o)
                0x8003a1f0                __avr32_f32_div
 .text          0x8003a350      0x180 d:/programmes/atmel/studio/7.0/toolchain/avr32/avr32-gnu-toolchain/bin/../lib/gcc/avr32/4.4.7/ucr3fp\libgcc.a(_avr32_f32_addsub.o)
                0x8003a354                __avr32_f32_sub
                0x8003a424                __avr32_f32_add
 .text          0x8003a4d0       0xe2 d:/programmes/atmel/studio/7.0/toolchain/avr32/avr32-gnu-toolchain/bin/../lib/gcc/avr32/4.4.7/ucr3fp\libgcc.a(_avr32_f32_mul.o)
                0x8003a4d0                __avr32_f32_mul
 .text          0x8003a5b2       0x60 d:/programmes/atmel/studio/7.0/toolchain/avr32/avr32-gnu-toolchain/bin/../lib/gcc/avr32/4.4.7/ucr3fp\libgcc.a(_avr32_f32_to_f64.o)
                0x8003a5b2                __avr32_f32_to_f64
 .text          0x8003a612       0x8a d:/programmes/atmel/studio/7.0/toolchain/avr32/avr32-gnu-toolchain/bin/../lib/gcc/avr32/4.4.7/ucr3fp\libgcc.a(_avr32_f64_to_f32.o)
                0x8003a612                __avr32_f64_to_f32
 .text          0x8003a69c       0x3c d:/programmes/atmel/studio/7.0/toolchain/avr32/avr32-gnu-toolchain/bin/../lib/gcc/avr32/4.4.7/ucr3fp\libgcc.a(_floatdidf.o)
                0x8003a69c                __avr32_s64_to_f64
                0x8003a69c                __floatdidf
 .text          0x8003a6d8      0x2b4 d:/programmes/atmel/studio/7.0/toolchain/avr32/avr32-gnu-toolchain/bin/../lib/gcc/avr32/4.4.7/ucr3fp\libgcc.a(_divdi3.o)
                0x8003a6d8                __avr32_sdiv64
                0x8003a6d8                __divdi3
 .text          0x8003a98c      0x280 d:/programmes/atmel/studio/7.0/toolchain/avr32/avr32-gnu-toolchain/bin/../lib/gcc/avr32/4.4.7/ucr3fp\libgcc.a(_moddi3.o)
                0x8003a98c                __moddi3
                0x8003a98c                __avr32_smod64
 .text          0x8003ac0c      0x264 d:/programmes/atmel/studio/7.0/toolchain/avr32/avr32-gnu-toolchain/bin/../lib/gcc/avr32/4.4.7/ucr3fp\libgcc.a(_udivdi3.o)
                0x8003ac0c                __avr32_udiv64
                0x8003ac0c                __udivdi3
 .text          0x8003ae70      0x20c d:/programmes/atmel/studio/7.0/toolchain/avr32/avr32-gnu-toolchain/bin/../lib/gcc/avr32/4.4.7/ucr3fp\libgcc.a(_umoddi3.o)
                0x8003ae70                __avr32_umod64
                0x8003ae70                __umoddi3
 .text          0x8003b07c        0x0 d:/programmes/atmel/studio/7.0/toolchain/avr32/avr32-gnu-toolchain/bin/../lib/gcc/avr32/4.4.7/../../../../avr32/lib/ucr3fp\libc.a(lib_a-errno.o)
 .text.__errno  0x8003b07c        0xc d:/programmes/atmel/studio/7.0/toolchain/avr32/avr32-gnu-toolchain/bin/../lib/gcc/avr32/4.4.7/../../../../avr32/lib/ucr3fp\libc.a(lib_a-errno.o)
                0x8003b07c                __errno
 .text          0x8003b088        0x0 d:/programmes/atmel/studio/7.0/toolchain/avr32/avr32-gnu-toolchain/bin/../lib/gcc/avr32/4.4.7/../../../../avr32/lib/ucr3fp\libc.a(lib_a-impure.o)
 .text          0x8003b088        0x0 d:/programmes/atmel/studio/7.0/toolchain/avr32/avr32-gnu-toolchain/bin/../lib/gcc/avr32/4.4.7/../../../../avr32/lib/ucr3fp\libc.a(lib_a-malloc.o)
 .text.free     0x8003b088       0x18 d:/programmes/atmel/studio/7.0/toolchain/avr32/avr32-gnu-toolchain/bin/../lib/gcc/avr32/4.4.7/../../../../avr32/lib/ucr3fp\libc.a(lib_a-malloc.o)
                0x8003b088                free
 .text.malloc   0x8003b0a0       0x18 d:/programmes/atmel/studio/7.0/toolchain/avr32/avr32-gnu-toolchain/bin/../lib/gcc/avr32/4.4.7/../../../../avr32/lib/ucr3fp\libc.a(lib_a-malloc.o)